[INFO] Scanning for projects...
Downloading from central: https://repo.maven.apache.org/maven2/org/springframework/boot/spring-boot-dependencies/3.2.3/spring-boot-dependencies-3.2.3.pom
Progress (1): 4.1 kB
Progress (1): 8.2 kB
Progress (1): 12 kB 
Progress (1): 16 kB
Progress (1): 20 kB
Progress (1): 25 kB
Progress (1): 29 kB
Progress (1): 33 kB
Progress (1): 37 kB
Progress (1): 41 kB
Progress (1): 45 kB
Progress (1): 49 kB
Progress (1): 53 kB
Progress (1): 57 kB
Progress (1): 61 kB
Progress (1): 66 kB
Progress (1): 70 kB
Progress (1): 74 kB
Progress (1): 78 kB
Progress (1): 82 kB
Progress (1): 86 kB
Progress (1): 90 kB
Progress (1): 94 kB
Progress (1): 98 kB
Progress (1): 102 kB
Progress (1): 106 kB
Progress (1): 111 kB
Progress (1): 111 kB
                    
Downloaded from central: https://repo.maven.apache.org/maven2/org/springframework/boot/spring-boot-dependencies/3.2.3/spring-boot-dependencies-3.2.3.pom (111 kB at 43 kB/s)
Downloading from central: https://repo.maven.apache.org/maven2/org/assertj/assertj-bom/3.24.2/assertj-bom-3.24.2.pom
Progress (1): 3.7 kB
                    
Downloaded from central: https://repo.maven.apache.org/maven2/org/assertj/assertj-bom/3.24.2/assertj-bom-3.24.2.pom (3.7 kB at 14 kB/s)
Downloading from central: https://repo.maven.apache.org/maven2/io/zipkin/brave/brave-bom/5.16.0/brave-bom-5.16.0.pom
Progress (1): 4.1 kB
Progress (1): 8.2 kB
Progress (1): 12 kB 
                   
Downloaded from central: https://repo.maven.apache.org/maven2/io/zipkin/brave/brave-bom/5.16.0/brave-bom-5.16.0.pom (12 kB at 45 kB/s)
Downloading from central: https://repo.maven.apache.org/maven2/io/zipkin/reporter2/zipkin-reporter-bom/2.16.3/zipkin-reporter-bom-2.16.3.pom
Progress (1): 4.1 kB
Progress (1): 6.9 kB
                    
Downloaded from central: https://repo.maven.apache.org/maven2/io/zipkin/reporter2/zipkin-reporter-bom/2.16.3/zipkin-reporter-bom-2.16.3.pom (6.9 kB at 23 kB/s)
Downloading from central: https://repo.maven.apache.org/maven2/com/datastax/oss/java-driver-bom/4.17.0/java-driver-bom-4.17.0.pom
Progress (1): 4.1 kB
Progress (1): 4.1 kB
                    
Downloaded from central: https://repo.maven.apache.org/maven2/com/datastax/oss/java-driver-bom/4.17.0/java-driver-bom-4.17.0.pom (4.1 kB at 14 kB/s)
Downloading from central: https://repo.maven.apache.org/maven2/io/dropwizard/metrics/metrics-bom/4.2.25/metrics-bom-4.2.25.pom
Progress (1): 4.1 kB
Progress (1): 8.2 kB
Progress (1): 8.2 kB
                    
Downloaded from central: https://repo.maven.apache.org/maven2/io/dropwizard/metrics/metrics-bom/4.2.25/metrics-bom-4.2.25.pom (8.2 kB at 35 kB/s)
Downloading from central: https://repo.maven.apache.org/maven2/io/dropwizard/metrics/metrics-parent/4.2.25/metrics-parent-4.2.25.pom
Progress (1): 4.1 kB
Progress (1): 8.2 kB
Progress (1): 12 kB 
Progress (1): 16 kB
Progress (1): 20 kB
Progress (1): 21 kB
                   
Downloaded from central: https://repo.maven.apache.org/maven2/io/dropwizard/metrics/metrics-parent/4.2.25/metrics-parent-4.2.25.pom (21 kB at 73 kB/s)
Downloading from central: https://repo.maven.apache.org/maven2/org/glassfish/jaxb/jaxb-bom/4.0.4/jaxb-bom-4.0.4.pom
Progress (1): 4.1 kB
Progress (1): 8.2 kB
Progress (1): 12 kB 
                   
Downloaded from central: https://repo.maven.apache.org/maven2/org/glassfish/jaxb/jaxb-bom/4.0.4/jaxb-bom-4.0.4.pom (12 kB at 42 kB/s)
Downloading from central: https://repo.maven.apache.org/maven2/org/eclipse/ee4j/project/1.0.8/project-1.0.8.pom
Progress (1): 4.1 kB
Progress (1): 8.2 kB
Progress (1): 12 kB 
Progress (1): 15 kB
                   
Downloaded from central: https://repo.maven.apache.org/maven2/org/eclipse/ee4j/project/1.0.8/project-1.0.8.pom (15 kB at 35 kB/s)
Downloading from central: https://repo.maven.apache.org/maven2/org/apache/groovy/groovy-bom/4.0.18/groovy-bom-4.0.18.pom
Progress (1): 4.1 kB
Progress (1): 8.2 kB
Progress (1): 12 kB 
Progress (1): 16 kB
Progress (1): 20 kB
Progress (1): 25 kB
Progress (1): 27 kB
                   
Downloaded from central: https://repo.maven.apache.org/maven2/org/apache/groovy/groovy-bom/4.0.18/groovy-bom-4.0.18.pom (27 kB at 95 kB/s)
Downloading from central: https://repo.maven.apache.org/maven2/org/infinispan/infinispan-bom/14.0.24.Final/infinispan-bom-14.0.24.Final.pom
Progress (1): 4.1 kB
Progress (1): 8.2 kB
Progress (1): 12 kB 
Progress (1): 16 kB
Progress (1): 20 kB
Progress (1): 24 kB
                   
Downloaded from central: https://repo.maven.apache.org/maven2/org/infinispan/infinispan-bom/14.0.24.Final/infinispan-bom-14.0.24.Final.pom (24 kB at 78 kB/s)
Downloading from central: https://repo.maven.apache.org/maven2/org/infinispan/infinispan-build-configuration-parent/14.0.24.Final/infinispan-build-configuration-parent-14.0.24.Final.pom
Progress (1): 4.1 kB
Progress (1): 8.2 kB
Progress (1): 12 kB 
Progress (1): 16 kB
Progress (1): 20 kB
Progress (1): 24 kB
                   
Downloaded from central: https://repo.maven.apache.org/maven2/org/infinispan/infinispan-build-configuration-parent/14.0.24.Final/infinispan-build-configuration-parent-14.0.24.Final.pom (24 kB at 82 kB/s)
Downloading from central: https://repo.maven.apache.org/maven2/org/jboss/jboss-parent/39/jboss-parent-39.pom
Progress (1): 4.1 kB
Progress (1): 8.2 kB
Progress (1): 12 kB 
Progress (1): 16 kB
Progress (1): 20 kB
Progress (1): 25 kB
Progress (1): 29 kB
Progress (1): 33 kB
Progress (1): 37 kB
Progress (1): 41 kB
Progress (1): 45 kB
Progress (1): 49 kB
Progress (1): 53 kB
Progress (1): 57 kB
Progress (1): 61 kB
Progress (1): 66 kB
Progress (1): 68 kB
                   
Downloaded from central: https://repo.maven.apache.org/maven2/org/jboss/jboss-parent/39/jboss-parent-39.pom (68 kB at 228 kB/s)
Downloading from central: https://repo.maven.apache.org/maven2/com/fasterxml/jackson/jackson-bom/2.15.4/jackson-bom-2.15.4.pom
Progress (1): 4.1 kB
Progress (1): 8.2 kB
Progress (1): 12 kB 
Progress (1): 16 kB
Progress (1): 18 kB
                   
Downloaded from central: https://repo.maven.apache.org/maven2/com/fasterxml/jackson/jackson-bom/2.15.4/jackson-bom-2.15.4.pom (18 kB at 69 kB/s)
Downloading from central: https://repo.maven.apache.org/maven2/com/fasterxml/jackson/jackson-parent/2.15/jackson-parent-2.15.pom
Progress (1): 4.1 kB
Progress (1): 6.5 kB
                    
Downloaded from central: https://repo.maven.apache.org/maven2/com/fasterxml/jackson/jackson-parent/2.15/jackson-parent-2.15.pom (6.5 kB at 19 kB/s)
Downloading from central: https://repo.maven.apache.org/maven2/com/fasterxml/oss-parent/50/oss-parent-50.pom
Progress (1): 4.1 kB
Progress (1): 8.2 kB
Progress (1): 12 kB 
Progress (1): 16 kB
Progress (1): 20 kB
Progress (1): 24 kB
                   
Downloaded from central: https://repo.maven.apache.org/maven2/com/fasterxml/oss-parent/50/oss-parent-50.pom (24 kB at 87 kB/s)
Downloading from central: https://repo.maven.apache.org/maven2/org/glassfish/jersey/jersey-bom/3.1.5/jersey-bom-3.1.5.pom
Progress (1): 4.1 kB
Progress (1): 8.2 kB
Progress (1): 12 kB 
Progress (1): 16 kB
Progress (1): 20 kB
Progress (1): 21 kB
                   
Downloaded from central: https://repo.maven.apache.org/maven2/org/glassfish/jersey/jersey-bom/3.1.5/jersey-bom-3.1.5.pom (21 kB at 66 kB/s)
Downloading from central: https://repo.maven.apache.org/maven2/org/eclipse/jetty/ee10/jetty-ee10-bom/12.0.6/jetty-ee10-bom-12.0.6.pom
Progress (1): 4.1 kB
Progress (1): 8.2 kB
Progress (1): 9.2 kB
                    
Downloaded from central: https://repo.maven.apache.org/maven2/org/eclipse/jetty/ee10/jetty-ee10-bom/12.0.6/jetty-ee10-bom-12.0.6.pom (9.2 kB at 33 kB/s)
Downloading from central: https://repo.maven.apache.org/maven2/org/eclipse/jetty/jetty-bom/12.0.6/jetty-bom-12.0.6.pom
Progress (1): 4.1 kB
Progress (1): 8.2 kB
Progress (1): 12 kB 
Progress (1): 14 kB
                   
Downloaded from central: https://repo.maven.apache.org/maven2/org/eclipse/jetty/jetty-bom/12.0.6/jetty-bom-12.0.6.pom (14 kB at 48 kB/s)
Downloading from central: https://repo.maven.apache.org/maven2/org/junit/junit-bom/5.10.2/junit-bom-5.10.2.pom
Progress (1): 4.1 kB
Progress (1): 5.6 kB
                    
Downloaded from central: https://repo.maven.apache.org/maven2/org/junit/junit-bom/5.10.2/junit-bom-5.10.2.pom (5.6 kB at 19 kB/s)
Downloading from central: https://repo.maven.apache.org/maven2/org/jetbrains/kotlin/kotlin-bom/1.9.22/kotlin-bom-1.9.22.pom
Progress (1): 4.1 kB
Progress (1): 8.2 kB
Progress (1): 9.1 kB
                    
Downloaded from central: https://repo.maven.apache.org/maven2/org/jetbrains/kotlin/kotlin-bom/1.9.22/kotlin-bom-1.9.22.pom (9.1 kB at 30 kB/s)
Downloading from central: https://repo.maven.apache.org/maven2/org/jetbrains/kotlinx/kotlinx-coroutines-bom/1.7.3/kotlinx-coroutines-bom-1.7.3.pom
Progress (1): 4.1 kB
Progress (1): 4.3 kB
                    
Downloaded from central: https://repo.maven.apache.org/maven2/org/jetbrains/kotlinx/kotlinx-coroutines-bom/1.7.3/kotlinx-coroutines-bom-1.7.3.pom (4.3 kB at 15 kB/s)
Downloading from central: https://repo.maven.apache.org/maven2/org/jetbrains/kotlinx/kotlinx-serialization-bom/1.6.3/kotlinx-serialization-bom-1.6.3.pom
Progress (1): 3.7 kB
                    
Downloaded from central: https://repo.maven.apache.org/maven2/org/jetbrains/kotlinx/kotlinx-serialization-bom/1.6.3/kotlinx-serialization-bom-1.6.3.pom (3.7 kB at 18 kB/s)
Downloading from central: https://repo.maven.apache.org/maven2/org/apache/logging/log4j/log4j-bom/2.21.1/log4j-bom-2.21.1.pom
Progress (1): 4.1 kB
Progress (1): 8.2 kB
Progress (1): 12 kB 
Progress (1): 12 kB
                   
Downloaded from central: https://repo.maven.apache.org/maven2/org/apache/logging/log4j/log4j-bom/2.21.1/log4j-bom-2.21.1.pom (12 kB at 44 kB/s)
Downloading from central: https://repo.maven.apache.org/maven2/org/apache/logging/logging-parent/10.1.1/logging-parent-10.1.1.pom
Progress (1): 4.1 kB
Progress (1): 8.2 kB
Progress (1): 12 kB 
Progress (1): 16 kB
Progress (1): 20 kB
Progress (1): 25 kB
Progress (1): 29 kB
Progress (1): 33 kB
Progress (1): 37 kB
Progress (1): 39 kB
                   
Downloaded from central: https://repo.maven.apache.org/maven2/org/apache/logging/logging-parent/10.1.1/logging-parent-10.1.1.pom (39 kB at 135 kB/s)
Downloading from central: https://repo.maven.apache.org/maven2/org/apache/apache/30/apache-30.pom
Progress (1): 4.1 kB
Progress (1): 8.2 kB
Progress (1): 12 kB 
Progress (1): 16 kB
Progress (1): 20 kB
Progress (1): 23 kB
                   
Downloaded from central: https://repo.maven.apache.org/maven2/org/apache/apache/30/apache-30.pom (23 kB at 77 kB/s)
Downloading from central: https://repo.maven.apache.org/maven2/io/micrometer/micrometer-bom/1.12.3/micrometer-bom-1.12.3.pom
Progress (1): 4.1 kB
Progress (1): 7.9 kB
                    
Downloaded from central: https://repo.maven.apache.org/maven2/io/micrometer/micrometer-bom/1.12.3/micrometer-bom-1.12.3.pom (7.9 kB at 29 kB/s)
Downloading from central: https://repo.maven.apache.org/maven2/io/micrometer/micrometer-tracing-bom/1.2.3/micrometer-tracing-bom-1.2.3.pom
Progress (1): 4.1 kB
Progress (1): 4.7 kB
                    
Downloaded from central: https://repo.maven.apache.org/maven2/io/micrometer/micrometer-tracing-bom/1.2.3/micrometer-tracing-bom-1.2.3.pom (4.7 kB at 15 kB/s)
Downloading from central: https://repo.maven.apache.org/maven2/org/mockito/mockito-bom/5.7.0/mockito-bom-5.7.0.pom
Progress (1): 3.0 kB
                    
Downloaded from central: https://repo.maven.apache.org/maven2/org/mockito/mockito-bom/5.7.0/mockito-bom-5.7.0.pom (3.0 kB at 10 kB/s)
Downloading from central: https://repo.maven.apache.org/maven2/io/netty/netty-bom/4.1.107.Final/netty-bom-4.1.107.Final.pom
Progress (1): 4.1 kB
Progress (1): 8.2 kB
Progress (1): 12 kB 
Progress (1): 14 kB
                   
Downloaded from central: https://repo.maven.apache.org/maven2/io/netty/netty-bom/4.1.107.Final/netty-bom-4.1.107.Final.pom (14 kB at 41 kB/s)
Downloading from central: https://repo.maven.apache.org/maven2/org/sonatype/oss/oss-parent/7/oss-parent-7.pom
Progress (1): 4.1 kB
Progress (1): 4.8 kB
                    
Downloaded from central: https://repo.maven.apache.org/maven2/org/sonatype/oss/oss-parent/7/oss-parent-7.pom (4.8 kB at 20 kB/s)
Downloading from central: https://repo.maven.apache.org/maven2/com/squareup/okhttp3/okhttp-bom/4.12.0/okhttp-bom-4.12.0.pom
Progress (1): 3.1 kB
                    
Downloaded from central: https://repo.maven.apache.org/maven2/com/squareup/okhttp3/okhttp-bom/4.12.0/okhttp-bom-4.12.0.pom (3.1 kB at 11 kB/s)
Downloading from central: https://repo.maven.apache.org/maven2/io/opentelemetry/opentelemetry-bom/1.31.0/opentelemetry-bom-1.31.0.pom
Progress (1): 4.1 kB
Progress (1): 7.0 kB
                    
Downloaded from central: https://repo.maven.apache.org/maven2/io/opentelemetry/opentelemetry-bom/1.31.0/opentelemetry-bom-1.31.0.pom (7.0 kB at 26 kB/s)
Downloading from central: https://repo.maven.apache.org/maven2/com/oracle/database/jdbc/ojdbc-bom/21.9.0.0/ojdbc-bom-21.9.0.0.pom
Progress (1): 4.1 kB
Progress (1): 8.2 kB
Progress (1): 12 kB 
Progress (1): 13 kB
                   
Downloaded from central: https://repo.maven.apache.org/maven2/com/oracle/database/jdbc/ojdbc-bom/21.9.0.0/ojdbc-bom-21.9.0.0.pom (13 kB at 47 kB/s)
Downloading from central: https://repo.maven.apache.org/maven2/io/prometheus/simpleclient_bom/0.16.0/simpleclient_bom-0.16.0.pom
Progress (1): 4.1 kB
Progress (1): 6.0 kB
                    
Downloaded from central: https://repo.maven.apache.org/maven2/io/prometheus/simpleclient_bom/0.16.0/simpleclient_bom-0.16.0.pom (6.0 kB at 26 kB/s)
Downloading from central: https://repo.maven.apache.org/maven2/io/prometheus/parent/0.16.0/parent-0.16.0.pom
Progress (1): 4.1 kB
Progress (1): 8.2 kB
Progress (1): 12 kB 
Progress (1): 13 kB
                   
Downloaded from central: https://repo.maven.apache.org/maven2/io/prometheus/parent/0.16.0/parent-0.16.0.pom (13 kB at 44 kB/s)
Downloading from central: https://repo.maven.apache.org/maven2/com/querydsl/querydsl-bom/5.0.0/querydsl-bom-5.0.0.pom
Progress (1): 4.1 kB
Progress (1): 7.2 kB
                    
Downloaded from central: https://repo.maven.apache.org/maven2/com/querydsl/querydsl-bom/5.0.0/querydsl-bom-5.0.0.pom (7.2 kB at 27 kB/s)
Downloading from central: https://repo.maven.apache.org/maven2/io/projectreactor/reactor-bom/2023.0.3/reactor-bom-2023.0.3.pom
Progress (1): 4.1 kB
Progress (1): 4.8 kB
                    
Downloaded from central: https://repo.maven.apache.org/maven2/io/projectreactor/reactor-bom/2023.0.3/reactor-bom-2023.0.3.pom (4.8 kB at 15 kB/s)
Downloading from central: https://repo.maven.apache.org/maven2/io/rest-assured/rest-assured-bom/5.3.2/rest-assured-bom-5.3.2.pom
Progress (1): 4.1 kB
Progress (1): 4.3 kB
                    
Downloaded from central: https://repo.maven.apache.org/maven2/io/rest-assured/rest-assured-bom/5.3.2/rest-assured-bom-5.3.2.pom (4.3 kB at 16 kB/s)
Downloading from central: https://repo.maven.apache.org/maven2/io/rsocket/rsocket-bom/1.1.3/rsocket-bom-1.1.3.pom
Progress (1): 2.6 kB
                    
Downloaded from central: https://repo.maven.apache.org/maven2/io/rsocket/rsocket-bom/1.1.3/rsocket-bom-1.1.3.pom (2.6 kB at 10 kB/s)
Downloading from central: https://repo.maven.apache.org/maven2/org/seleniumhq/selenium/selenium-bom/4.14.1/selenium-bom-4.14.1.pom
Progress (1): 4.1 kB
Progress (1): 6.0 kB
                    
Downloaded from central: https://repo.maven.apache.org/maven2/org/seleniumhq/selenium/selenium-bom/4.14.1/selenium-bom-4.14.1.pom (6.0 kB at 22 kB/s)
Downloading from central: https://repo.maven.apache.org/maven2/org/springframework/amqp/spring-amqp-bom/3.1.2/spring-amqp-bom-3.1.2.pom
Progress (1): 3.9 kB
                    
Downloaded from central: https://repo.maven.apache.org/maven2/org/springframework/amqp/spring-amqp-bom/3.1.2/spring-amqp-bom-3.1.2.pom (3.9 kB at 13 kB/s)
Downloading from central: https://repo.maven.apache.org/maven2/org/springframework/batch/spring-batch-bom/5.1.1/spring-batch-bom-5.1.1.pom
Progress (1): 3.2 kB
                    
Downloaded from central: https://repo.maven.apache.org/maven2/org/springframework/batch/spring-batch-bom/5.1.1/spring-batch-bom-5.1.1.pom (3.2 kB at 13 kB/s)
Downloading from central: https://repo.maven.apache.org/maven2/org/springframework/data/spring-data-bom/2023.1.3/spring-data-bom-2023.1.3.pom
Progress (1): 4.1 kB
Progress (1): 5.5 kB
                    
Downloaded from central: https://repo.maven.apache.org/maven2/org/springframework/data/spring-data-bom/2023.1.3/spring-data-bom-2023.1.3.pom (5.5 kB at 20 kB/s)
Downloading from central: https://repo.maven.apache.org/maven2/org/springframework/spring-framework-bom/6.1.4/spring-framework-bom-6.1.4.pom
Progress (1): 4.1 kB
Progress (1): 5.8 kB
                    
Downloaded from central: https://repo.maven.apache.org/maven2/org/springframework/spring-framework-bom/6.1.4/spring-framework-bom-6.1.4.pom (5.8 kB at 25 kB/s)
Downloading from central: https://repo.maven.apache.org/maven2/org/springframework/integration/spring-integration-bom/6.2.2/spring-integration-bom-6.2.2.pom
Progress (1): 4.1 kB
Progress (1): 8.2 kB
Progress (1): 10 kB 
                   
Downloaded from central: https://repo.maven.apache.org/maven2/org/springframework/integration/spring-integration-bom/6.2.2/spring-integration-bom-6.2.2.pom (10 kB at 37 kB/s)
Downloading from central: https://repo.maven.apache.org/maven2/org/springframework/pulsar/spring-pulsar-bom/1.0.3/spring-pulsar-bom-1.0.3.pom
Progress (1): 2.7 kB
                    
Downloaded from central: https://repo.maven.apache.org/maven2/org/springframework/pulsar/spring-pulsar-bom/1.0.3/spring-pulsar-bom-1.0.3.pom (2.7 kB at 13 kB/s)
Downloading from central: https://repo.maven.apache.org/maven2/org/springframework/restdocs/spring-restdocs-bom/3.0.1/spring-restdocs-bom-3.0.1.pom
Progress (1): 2.6 kB
                    
Downloaded from central: https://repo.maven.apache.org/maven2/org/springframework/restdocs/spring-restdocs-bom/3.0.1/spring-restdocs-bom-3.0.1.pom (2.6 kB at 11 kB/s)
Downloading from central: https://repo.maven.apache.org/maven2/org/springframework/security/spring-security-bom/6.2.2/spring-security-bom-6.2.2.pom
Progress (1): 4.1 kB
Progress (1): 5.3 kB
                    
Downloaded from central: https://repo.maven.apache.org/maven2/org/springframework/security/spring-security-bom/6.2.2/spring-security-bom-6.2.2.pom (5.3 kB at 24 kB/s)
Downloading from central: https://repo.maven.apache.org/maven2/org/springframework/session/spring-session-bom/3.2.1/spring-session-bom-3.2.1.pom
Progress (1): 2.9 kB
                    
Downloaded from central: https://repo.maven.apache.org/maven2/org/springframework/session/spring-session-bom/3.2.1/spring-session-bom-3.2.1.pom (2.9 kB at 11 kB/s)
Downloading from central: https://repo.maven.apache.org/maven2/org/springframework/ws/spring-ws-bom/4.0.10/spring-ws-bom-4.0.10.pom
Progress (1): 3.5 kB
                    
Downloaded from central: https://repo.maven.apache.org/maven2/org/springframework/ws/spring-ws-bom/4.0.10/spring-ws-bom-4.0.10.pom (3.5 kB at 11 kB/s)
Downloading from central: https://repo.maven.apache.org/maven2/org/testcontainers/testcontainers-bom/1.19.5/testcontainers-bom-1.19.5.pom
Progress (1): 4.1 kB
Progress (1): 8.2 kB
Progress (1): 9.1 kB
                    
Downloaded from central: https://repo.maven.apache.org/maven2/org/testcontainers/testcontainers-bom/1.19.5/testcontainers-bom-1.19.5.pom (9.1 kB at 32 kB/s)
[INFO] ------------------------------------------------------------------------
[INFO] Reactor Build Order:
[INFO] 
[INFO] healthcare-platform                                                [pom]
[INFO] patient-service                                                    [jar]
[INFO] doctor-service                                                     [jar]
[INFO] appointment-service                                                [jar]
[INFO] integration-service                                                [jar]
[INFO] admin-service                                                      [jar]
[INFO] 
[INFO] -----------------< com.healthcare:healthcare-platform >-----------------
[INFO] Building healthcare-platform 1.0.0-SNAPSHOT                        [1/6]
[INFO] --------------------------------[ pom ]---------------------------------
Downloading from central: https://repo.maven.apache.org/maven2/org/springframework/boot/spring-boot-maven-plugin/3.2.3/spring-boot-maven-plugin-3.2.3.pom
Progress (1): 4.0 kB
                    
Downloaded from central: https://repo.maven.apache.org/maven2/org/springframework/boot/spring-boot-maven-plugin/3.2.3/spring-boot-maven-plugin-3.2.3.pom (4.0 kB at 14 kB/s)
Downloading from central: https://repo.maven.apache.org/maven2/org/springframework/boot/spring-boot-maven-plugin/3.2.3/spring-boot-maven-plugin-3.2.3.jar
Progress (1): 4.1/134 kB
Progress (1): 7.7/134 kB
Progress (1): 12/134 kB 
Progress (1): 16/134 kB
Progress (1): 20/134 kB
Progress (1): 24/134 kB
Progress (1): 28/134 kB
Progress (1): 32/134 kB
Progress (1): 36/134 kB
Progress (1): 40/134 kB
Progress (1): 45/134 kB
Progress (1): 49/134 kB
Progress (1): 53/134 kB
Progress (1): 57/134 kB
Progress (1): 61/134 kB
Progress (1): 65/134 kB
Progress (1): 69/134 kB
Progress (1): 73/134 kB
Progress (1): 77/134 kB
Progress (1): 81/134 kB
Progress (1): 86/134 kB
Progress (1): 90/134 kB
Progress (1): 94/134 kB
Progress (1): 98/134 kB
Progress (1): 102/134 kB
Progress (1): 106/134 kB
Progress (1): 110/134 kB
Progress (1): 114/134 kB
Progress (1): 118/134 kB
Progress (1): 122/134 kB
Progress (1): 126/134 kB
Progress (1): 131/134 kB
Progress (1): 134 kB    
                    
Downloaded from central: https://repo.maven.apache.org/maven2/org/springframework/boot/spring-boot-maven-plugin/3.2.3/spring-boot-maven-plugin-3.2.3.jar (134 kB at 284 kB/s)
Downloading from central: https://repo.maven.apache.org/maven2/org/apache/maven/plugins/maven-clean-plugin/2.5/maven-clean-plugin-2.5.pom
Progress (1): 3.9 kB
                    
Downloaded from central: https://repo.maven.apache.org/maven2/org/apache/maven/plugins/maven-clean-plugin/2.5/maven-clean-plugin-2.5.pom (3.9 kB at 16 kB/s)
Downloading from central: https://repo.maven.apache.org/maven2/org/apache/maven/plugins/maven-plugins/22/maven-plugins-22.pom
Progress (1): 4.1 kB
Progress (1): 8.2 kB
Progress (1): 12 kB 
Progress (1): 13 kB
                   
Downloaded from central: https://repo.maven.apache.org/maven2/org/apache/maven/plugins/maven-plugins/22/maven-plugins-22.pom (13 kB at 58 kB/s)
Downloading from central: https://repo.maven.apache.org/maven2/org/apache/maven/maven-parent/21/maven-parent-21.pom
Progress (1): 4.1 kB
Progress (1): 8.2 kB
Progress (1): 12 kB 
Progress (1): 16 kB
Progress (1): 20 kB
Progress (1): 25 kB
Progress (1): 26 kB
                   
Downloaded from central: https://repo.maven.apache.org/maven2/org/apache/maven/maven-parent/21/maven-parent-21.pom (26 kB at 71 kB/s)
Downloading from central: https://repo.maven.apache.org/maven2/org/apache/apache/10/apache-10.pom
Progress (1): 4.1 kB
Progress (1): 8.2 kB
Progress (1): 12 kB 
Progress (1): 15 kB
                   
Downloaded from central: https://repo.maven.apache.org/maven2/org/apache/apache/10/apache-10.pom (15 kB at 53 kB/s)
Downloading from central: https://repo.maven.apache.org/maven2/org/apache/maven/plugins/maven-clean-plugin/2.5/maven-clean-plugin-2.5.jar
Progress (1): 4.1/25 kB
Progress (1): 7.7/25 kB
Progress (1): 12/25 kB 
Progress (1): 16/25 kB
Progress (1): 20/25 kB
Progress (1): 24/25 kB
Progress (1): 25 kB   
                   
Downloaded from central: https://repo.maven.apache.org/maven2/org/apache/maven/plugins/maven-clean-plugin/2.5/maven-clean-plugin-2.5.jar (25 kB at 62 kB/s)
[INFO] 
[INFO] --- maven-clean-plugin:2.5:clean (default-clean) @ healthcare-platform ---
Downloading from central: https://repo.maven.apache.org/maven2/org/apache/maven/maven-plugin-api/2.0.6/maven-plugin-api-2.0.6.pom
Progress (1): 1.5 kB
                    
Downloaded from central: https://repo.maven.apache.org/maven2/org/apache/maven/maven-plugin-api/2.0.6/maven-plugin-api-2.0.6.pom (1.5 kB at 3.8 kB/s)
Downloading from central: https://repo.maven.apache.org/maven2/org/apache/maven/maven/2.0.6/maven-2.0.6.pom
Progress (1): 4.1 kB
Progress (1): 8.2 kB
Progress (1): 9.0 kB
                    
Downloaded from central: https://repo.maven.apache.org/maven2/org/apache/maven/maven/2.0.6/maven-2.0.6.pom (9.0 kB at 20 kB/s)
Downloading from central: https://repo.maven.apache.org/maven2/org/apache/maven/maven-parent/5/maven-parent-5.pom
Progress (1): 4.1 kB
Progress (1): 8.2 kB
Progress (1): 12 kB 
Progress (1): 15 kB
                   
Downloaded from central: https://repo.maven.apache.org/maven2/org/apache/maven/maven-parent/5/maven-parent-5.pom (15 kB at 52 kB/s)
Downloading from central: https://repo.maven.apache.org/maven2/org/apache/apache/3/apache-3.pom
Progress (1): 3.4 kB
                    
Downloaded from central: https://repo.maven.apache.org/maven2/org/apache/apache/3/apache-3.pom (3.4 kB at 7.6 kB/s)
Downloading from central: https://repo.maven.apache.org/maven2/org/codehaus/plexus/plexus-utils/3.0/plexus-utils-3.0.pom
Progress (1): 4.1 kB
                    
Downloaded from central: https://repo.maven.apache.org/maven2/org/codehaus/plexus/plexus-utils/3.0/plexus-utils-3.0.pom (4.1 kB at 9.3 kB/s)
Downloading from central: https://repo.maven.apache.org/maven2/org/sonatype/spice/spice-parent/16/spice-parent-16.pom
Progress (1): 4.1 kB
Progress (1): 8.2 kB
Progress (1): 8.4 kB
                    
Downloaded from central: https://repo.maven.apache.org/maven2/org/sonatype/spice/spice-parent/16/spice-parent-16.pom (8.4 kB at 18 kB/s)
Downloading from central: https://repo.maven.apache.org/maven2/org/sonatype/forge/forge-parent/5/forge-parent-5.pom
Progress (1): 4.1 kB
Progress (1): 8.2 kB
Progress (1): 8.4 kB
                    
Downloaded from central: https://repo.maven.apache.org/maven2/org/sonatype/forge/forge-parent/5/forge-parent-5.pom (8.4 kB at 24 kB/s)
Downloading from central: https://repo.maven.apache.org/maven2/org/apache/maven/maven-plugin-api/2.0.6/maven-plugin-api-2.0.6.jar
Downloading from central: https://repo.maven.apache.org/maven2/org/codehaus/plexus/plexus-utils/3.0/plexus-utils-3.0.jar
Progress (1): 3.4/13 kB
Progress (1): 7.4/13 kB
Progress (1): 12/13 kB 
Progress (1): 13 kB   
                   
Downloaded from central: https://repo.maven.apache.org/maven2/org/apache/maven/maven-plugin-api/2.0.6/maven-plugin-api-2.0.6.jar (13 kB at 35 kB/s)
Progress (1): 2.3/226 kB
Progress (1): 5.0/226 kB
Progress (1): 7.7/226 kB
Progress (1): 10/226 kB 
Progress (1): 14/226 kB
Progress (1): 16/226 kB
Progress (1): 19/226 kB
Progress (1): 22/226 kB
Progress (1): 25/226 kB
Progress (1): 27/226 kB
Progress (1): 30/226 kB
Progress (1): 33/226 kB
Progress (1): 36/226 kB
Progress (1): 38/226 kB
Progress (1): 41/226 kB
Progress (1): 44/226 kB
Progress (1): 47/226 kB
Progress (1): 49/226 kB
Progress (1): 52/226 kB
Progress (1): 55/226 kB
Progress (1): 59/226 kB
Progress (1): 63/226 kB
Progress (1): 67/226 kB
Progress (1): 71/226 kB
Progress (1): 75/226 kB
Progress (1): 79/226 kB
Progress (1): 83/226 kB
Progress (1): 87/226 kB
Progress (1): 92/226 kB
Progress (1): 96/226 kB
Progress (1): 100/226 kB
Progress (1): 104/226 kB
Progress (1): 108/226 kB
Progress (1): 112/226 kB
Progress (1): 116/226 kB
Progress (1): 120/226 kB
Progress (1): 122/226 kB
Progress (1): 126/226 kB
Progress (1): 131/226 kB
Progress (1): 135/226 kB
Progress (1): 139/226 kB
Progress (1): 143/226 kB
Progress (1): 147/226 kB
Progress (1): 151/226 kB
Progress (1): 155/226 kB
Progress (1): 159/226 kB
Progress (1): 163/226 kB
Progress (1): 167/226 kB
Progress (1): 172/226 kB
Progress (1): 176/226 kB
Progress (1): 180/226 kB
Progress (1): 184/226 kB
Progress (1): 188/226 kB
Progress (1): 192/226 kB
Progress (1): 194/226 kB
Progress (1): 198/226 kB
Progress (1): 202/226 kB
Progress (1): 206/226 kB
Progress (1): 210/226 kB
Progress (1): 215/226 kB
Progress (1): 219/226 kB
Progress (1): 223/226 kB
Progress (1): 226 kB    
                    
Downloaded from central: https://repo.maven.apache.org/maven2/org/codehaus/plexus/plexus-utils/3.0/plexus-utils-3.0.jar (226 kB at 184 kB/s)
[INFO] 
[INFO] --- spring-boot-maven-plugin:3.2.3:repackage (default) @ healthcare-platform ---
Downloading from central: https://repo.maven.apache.org/maven2/org/springframework/boot/spring-boot-buildpack-platform/3.2.3/spring-boot-buildpack-platform-3.2.3.pom
Progress (1): 3.2 kB
                    
Downloaded from central: https://repo.maven.apache.org/maven2/org/springframework/boot/spring-boot-buildpack-platform/3.2.3/spring-boot-buildpack-platform-3.2.3.pom (3.2 kB at 10 kB/s)
Downloading from central: https://repo.maven.apache.org/maven2/com/fasterxml/jackson/core/jackson-databind/2.14.2/jackson-databind-2.14.2.pom
Progress (1): 4.1 kB
Progress (1): 8.2 kB
Progress (1): 12 kB 
Progress (1): 16 kB
Progress (1): 19 kB
                   
Downloaded from central: https://repo.maven.apache.org/maven2/com/fasterxml/jackson/core/jackson-databind/2.14.2/jackson-databind-2.14.2.pom (19 kB at 60 kB/s)
Downloading from central: https://repo.maven.apache.org/maven2/com/fasterxml/jackson/jackson-base/2.14.2/jackson-base-2.14.2.pom
Progress (1): 4.1 kB
Progress (1): 8.2 kB
Progress (1): 10 kB 
                   
Downloaded from central: https://repo.maven.apache.org/maven2/com/fasterxml/jackson/jackson-base/2.14.2/jackson-base-2.14.2.pom (10 kB at 41 kB/s)
Downloading from central: https://repo.maven.apache.org/maven2/com/fasterxml/jackson/jackson-bom/2.14.2/jackson-bom-2.14.2.pom
Progress (1): 4.1 kB
Progress (1): 8.2 kB
Progress (1): 12 kB 
Progress (1): 16 kB
Progress (1): 17 kB
                   
Downloaded from central: https://repo.maven.apache.org/maven2/com/fasterxml/jackson/jackson-bom/2.14.2/jackson-bom-2.14.2.pom (17 kB at 56 kB/s)
Downloading from central: https://repo.maven.apache.org/maven2/com/fasterxml/jackson/jackson-parent/2.14/jackson-parent-2.14.pom
Progress (1): 4.1 kB
Progress (1): 7.7 kB
                    
Downloaded from central: https://repo.maven.apache.org/maven2/com/fasterxml/jackson/jackson-parent/2.14/jackson-parent-2.14.pom (7.7 kB at 23 kB/s)
Downloading from central: https://repo.maven.apache.org/maven2/com/fasterxml/oss-parent/48/oss-parent-48.pom
Progress (1): 4.1 kB
Progress (1): 8.2 kB
Progress (1): 12 kB 
Progress (1): 16 kB
Progress (1): 20 kB
Progress (1): 24 kB
                   
Downloaded from central: https://repo.maven.apache.org/maven2/com/fasterxml/oss-parent/48/oss-parent-48.pom (24 kB at 77 kB/s)
Downloading from central: https://repo.maven.apache.org/maven2/com/fasterxml/jackson/core/jackson-annotations/2.14.2/jackson-annotations-2.14.2.pom
Progress (1): 4.1 kB
Progress (1): 6.2 kB
                    
Downloaded from central: https://repo.maven.apache.org/maven2/com/fasterxml/jackson/core/jackson-annotations/2.14.2/jackson-annotations-2.14.2.pom (6.2 kB at 23 kB/s)
Downloading from central: https://repo.maven.apache.org/maven2/com/fasterxml/jackson/core/jackson-core/2.14.2/jackson-core-2.14.2.pom
Progress (1): 4.1 kB
Progress (1): 7.0 kB
                    
Downloaded from central: https://repo.maven.apache.org/maven2/com/fasterxml/jackson/core/jackson-core/2.14.2/jackson-core-2.14.2.pom (7.0 kB at 24 kB/s)
Downloading from central: https://repo.maven.apache.org/maven2/com/fasterxml/jackson/module/jackson-module-parameter-names/2.14.2/jackson-module-parameter-names-2.14.2.pom
Progress (1): 4.1 kB
Progress (1): 4.4 kB
                    
Downloaded from central: https://repo.maven.apache.org/maven2/com/fasterxml/jackson/module/jackson-module-parameter-names/2.14.2/jackson-module-parameter-names-2.14.2.pom (4.4 kB at 16 kB/s)
Downloading from central: https://repo.maven.apache.org/maven2/com/fasterxml/jackson/module/jackson-modules-java8/2.14.2/jackson-modules-java8-2.14.2.pom
Progress (1): 3.1 kB
                    
Downloaded from central: https://repo.maven.apache.org/maven2/com/fasterxml/jackson/module/jackson-modules-java8/2.14.2/jackson-modules-java8-2.14.2.pom (3.1 kB at 9.7 kB/s)
Downloading from central: https://repo.maven.apache.org/maven2/net/java/dev/jna/jna-platform/5.13.0/jna-platform-5.13.0.pom
Progress (1): 2.3 kB
                    
Downloaded from central: https://repo.maven.apache.org/maven2/net/java/dev/jna/jna-platform/5.13.0/jna-platform-5.13.0.pom (2.3 kB at 8.9 kB/s)
Downloading from central: https://repo.maven.apache.org/maven2/net/java/dev/jna/jna/5.13.0/jna-5.13.0.pom
Progress (1): 2.0 kB
                    
Downloaded from central: https://repo.maven.apache.org/maven2/net/java/dev/jna/jna/5.13.0/jna-5.13.0.pom (2.0 kB at 6.0 kB/s)
Downloading from central: https://repo.maven.apache.org/maven2/org/apache/commons/commons-compress/1.21/commons-compress-1.21.pom
Progress (1): 4.1 kB
Progress (1): 8.2 kB
Progress (1): 12 kB 
Progress (1): 16 kB
Progress (1): 20 kB
                   
Downloaded from central: https://repo.maven.apache.org/maven2/org/apache/commons/commons-compress/1.21/commons-compress-1.21.pom (20 kB at 51 kB/s)
Downloading from central: https://repo.maven.apache.org/maven2/org/apache/commons/commons-parent/52/commons-parent-52.pom
Progress (1): 4.1 kB
Progress (1): 8.2 kB
Progress (1): 12 kB 
Progress (1): 16 kB
Progress (1): 20 kB
Progress (1): 25 kB
Progress (1): 29 kB
Progress (1): 33 kB
Progress (1): 37 kB
Progress (1): 41 kB
Progress (1): 45 kB
Progress (1): 49 kB
Progress (1): 53 kB
Progress (1): 57 kB
Progress (1): 61 kB
Progress (1): 66 kB
Progress (1): 70 kB
Progress (1): 74 kB
Progress (1): 78 kB
Progress (1): 79 kB
                   
Downloaded from central: https://repo.maven.apache.org/maven2/org/apache/commons/commons-parent/52/commons-parent-52.pom (79 kB at 208 kB/s)
Downloading from central: https://repo.maven.apache.org/maven2/org/apache/apache/23/apache-23.pom
Progress (1): 4.1 kB
Progress (1): 8.2 kB
Progress (1): 12 kB 
Progress (1): 16 kB
Progress (1): 18 kB
                   
Downloaded from central: https://repo.maven.apache.org/maven2/org/apache/apache/23/apache-23.pom (18 kB at 59 kB/s)
Downloading from central: https://repo.maven.apache.org/maven2/org/apache/httpcomponents/client5/httpclient5/5.2.3/httpclient5-5.2.3.pom
Progress (1): 4.1 kB
Progress (1): 6.0 kB
                    
Downloaded from central: https://repo.maven.apache.org/maven2/org/apache/httpcomponents/client5/httpclient5/5.2.3/httpclient5-5.2.3.pom (6.0 kB at 13 kB/s)
Downloading from central: https://repo.maven.apache.org/maven2/org/apache/httpcomponents/client5/httpclient5-parent/5.2.3/httpclient5-parent-5.2.3.pom
Progress (1): 4.1 kB
Progress (1): 8.2 kB
Progress (1): 12 kB 
Progress (1): 16 kB
Progress (1): 17 kB
                   
Downloaded from central: https://repo.maven.apache.org/maven2/org/apache/httpcomponents/client5/httpclient5-parent/5.2.3/httpclient5-parent-5.2.3.pom (17 kB at 56 kB/s)
Downloading from central: https://repo.maven.apache.org/maven2/org/apache/httpcomponents/httpcomponents-parent/13/httpcomponents-parent-13.pom
Progress (1): 4.1 kB
Progress (1): 8.2 kB
Progress (1): 12 kB 
Progress (1): 16 kB
Progress (1): 20 kB
Progress (1): 25 kB
Progress (1): 29 kB
Progress (1): 30 kB
                   
Downloaded from central: https://repo.maven.apache.org/maven2/org/apache/httpcomponents/httpcomponents-parent/13/httpcomponents-parent-13.pom (30 kB at 66 kB/s)
Downloading from central: https://repo.maven.apache.org/maven2/org/apache/apache/27/apache-27.pom
Progress (1): 4.1 kB
Progress (1): 8.2 kB
Progress (1): 12 kB 
Progress (1): 16 kB
Progress (1): 20 kB
                   
Downloaded from central: https://repo.maven.apache.org/maven2/org/apache/apache/27/apache-27.pom (20 kB at 47 kB/s)
Downloading from central: https://repo.maven.apache.org/maven2/org/junit/junit-bom/5.9.3/junit-bom-5.9.3.pom
Progress (1): 4.1 kB
Progress (1): 5.6 kB
                    
Downloaded from central: https://repo.maven.apache.org/maven2/org/junit/junit-bom/5.9.3/junit-bom-5.9.3.pom (5.6 kB at 14 kB/s)
Downloading from central: https://repo.maven.apache.org/maven2/org/apache/httpcomponents/core5/httpcore5/5.2.4/httpcore5-5.2.4.pom
Progress (1): 3.9 kB
                    
Downloaded from central: https://repo.maven.apache.org/maven2/org/apache/httpcomponents/core5/httpcore5/5.2.4/httpcore5-5.2.4.pom (3.9 kB at 11 kB/s)
Downloading from central: https://repo.maven.apache.org/maven2/org/apache/httpcomponents/core5/httpcore5-parent/5.2.4/httpcore5-parent-5.2.4.pom
Progress (1): 4.1 kB
Progress (1): 8.2 kB
Progress (1): 12 kB 
Progress (1): 14 kB
                   
Downloaded from central: https://repo.maven.apache.org/maven2/org/apache/httpcomponents/core5/httpcore5-parent/5.2.4/httpcore5-parent-5.2.4.pom (14 kB at 53 kB/s)
Downloading from central: https://repo.maven.apache.org/maven2/org/apache/httpcomponents/core5/httpcore5-h2/5.2.4/httpcore5-h2-5.2.4.pom
Progress (1): 3.6 kB
                    
Downloaded from central: https://repo.maven.apache.org/maven2/org/apache/httpcomponents/core5/httpcore5-h2/5.2.4/httpcore5-h2-5.2.4.pom (3.6 kB at 8.2 kB/s)
Downloading from central: https://repo.maven.apache.org/maven2/org/slf4j/slf4j-api/1.7.36/slf4j-api-1.7.36.pom
Progress (1): 2.7 kB
                    
Downloaded from central: https://repo.maven.apache.org/maven2/org/slf4j/slf4j-api/1.7.36/slf4j-api-1.7.36.pom (2.7 kB at 12 kB/s)
Downloading from central: https://repo.maven.apache.org/maven2/org/slf4j/slf4j-parent/1.7.36/slf4j-parent-1.7.36.pom
Progress (1): 4.1 kB
Progress (1): 8.2 kB
Progress (1): 12 kB 
Progress (1): 14 kB
                   
Downloaded from central: https://repo.maven.apache.org/maven2/org/slf4j/slf4j-parent/1.7.36/slf4j-parent-1.7.36.pom (14 kB at 62 kB/s)
Downloading from central: https://repo.maven.apache.org/maven2/org/springframework/spring-core/6.0.10/spring-core-6.0.10.pom
Progress (1): 2.0 kB
                    
Downloaded from central: https://repo.maven.apache.org/maven2/org/springframework/spring-core/6.0.10/spring-core-6.0.10.pom (2.0 kB at 7.7 kB/s)
Downloading from central: https://repo.maven.apache.org/maven2/org/springframework/spring-jcl/6.0.10/spring-jcl-6.0.10.pom
Progress (1): 1.8 kB
                    
Downloaded from central: https://repo.maven.apache.org/maven2/org/springframework/spring-jcl/6.0.10/spring-jcl-6.0.10.pom (1.8 kB at 8.1 kB/s)
Downloading from central: https://repo.maven.apache.org/maven2/org/tomlj/tomlj/1.0.0/tomlj-1.0.0.pom
Progress (1): 2.8 kB
                    
Downloaded from central: https://repo.maven.apache.org/maven2/org/tomlj/tomlj/1.0.0/tomlj-1.0.0.pom (2.8 kB at 12 kB/s)
Downloading from central: https://repo.maven.apache.org/maven2/org/antlr/antlr4-runtime/4.7.2/antlr4-runtime-4.7.2.pom
Progress (1): 3.6 kB
                    
Downloaded from central: https://repo.maven.apache.org/maven2/org/antlr/antlr4-runtime/4.7.2/antlr4-runtime-4.7.2.pom (3.6 kB at 13 kB/s)
Downloading from central: https://repo.maven.apache.org/maven2/org/antlr/antlr4-master/4.7.2/antlr4-master-4.7.2.pom
Progress (1): 4.1 kB
Progress (1): 4.4 kB
                    
Downloaded from central: https://repo.maven.apache.org/maven2/org/antlr/antlr4-master/4.7.2/antlr4-master-4.7.2.pom (4.4 kB at 14 kB/s)
Downloading from central: https://repo.maven.apache.org/maven2/org/sonatype/oss/oss-parent/9/oss-parent-9.pom
Progress (1): 4.1 kB
Progress (1): 6.6 kB
                    
Downloaded from central: https://repo.maven.apache.org/maven2/org/sonatype/oss/oss-parent/9/oss-parent-9.pom (6.6 kB at 25 kB/s)
Downloading from central: https://repo.maven.apache.org/maven2/com/google/code/findbugs/jsr305/3.0.2/jsr305-3.0.2.pom
Progress (1): 4.1 kB
Progress (1): 4.3 kB
                    
Downloaded from central: https://repo.maven.apache.org/maven2/com/google/code/findbugs/jsr305/3.0.2/jsr305-3.0.2.pom (4.3 kB at 14 kB/s)
Downloading from central: https://repo.maven.apache.org/maven2/org/springframework/boot/spring-boot-loader-tools/3.2.3/spring-boot-loader-tools-3.2.3.pom
Progress (1): 2.2 kB
                    
Downloaded from central: https://repo.maven.apache.org/maven2/org/springframework/boot/spring-boot-loader-tools/3.2.3/spring-boot-loader-tools-3.2.3.pom (2.2 kB at 7.1 kB/s)
Downloading from central: https://repo.maven.apache.org/maven2/org/apache/maven/shared/maven-common-artifact-filters/3.3.2/maven-common-artifact-filters-3.3.2.pom
Progress (1): 4.1 kB
Progress (1): 5.3 kB
                    
Downloaded from central: https://repo.maven.apache.org/maven2/org/apache/maven/shared/maven-common-artifact-filters/3.3.2/maven-common-artifact-filters-3.3.2.pom (5.3 kB at 14 kB/s)
Downloading from central: https://repo.maven.apache.org/maven2/org/apache/maven/shared/maven-shared-components/37/maven-shared-components-37.pom
Progress (1): 4.1 kB
Progress (1): 4.9 kB
                    
Downloaded from central: https://repo.maven.apache.org/maven2/org/apache/maven/shared/maven-shared-components/37/maven-shared-components-37.pom (4.9 kB at 16 kB/s)
Downloading from central: https://repo.maven.apache.org/maven2/org/apache/maven/maven-parent/37/maven-parent-37.pom
Progress (1): 4.1 kB
Progress (1): 8.2 kB
Progress (1): 12 kB 
Progress (1): 16 kB
Progress (1): 20 kB
Progress (1): 25 kB
Progress (1): 29 kB
Progress (1): 33 kB
Progress (1): 37 kB
Progress (1): 41 kB
Progress (1): 45 kB
Progress (1): 46 kB
                   
Downloaded from central: https://repo.maven.apache.org/maven2/org/apache/maven/maven-parent/37/maven-parent-37.pom (46 kB at 179 kB/s)
Downloading from central: https://repo.maven.apache.org/maven2/org/springframework/spring-context/6.1.4/spring-context-6.1.4.pom
Progress (1): 2.8 kB
                    
Downloaded from central: https://repo.maven.apache.org/maven2/org/springframework/spring-context/6.1.4/spring-context-6.1.4.pom (2.8 kB at 7.3 kB/s)
Downloading from central: https://repo.maven.apache.org/maven2/org/springframework/spring-aop/6.1.4/spring-aop-6.1.4.pom
Progress (1): 2.2 kB
                    
Downloaded from central: https://repo.maven.apache.org/maven2/org/springframework/spring-aop/6.1.4/spring-aop-6.1.4.pom (2.2 kB at 9.7 kB/s)
Downloading from central: https://repo.maven.apache.org/maven2/org/springframework/spring-beans/6.1.4/spring-beans-6.1.4.pom
Progress (1): 2.0 kB
                    
Downloaded from central: https://repo.maven.apache.org/maven2/org/springframework/spring-beans/6.1.4/spring-beans-6.1.4.pom (2.0 kB at 8.4 kB/s)
Downloading from central: https://repo.maven.apache.org/maven2/org/springframework/spring-core/6.1.4/spring-core-6.1.4.pom
Progress (1): 2.0 kB
                    
Downloaded from central: https://repo.maven.apache.org/maven2/org/springframework/spring-core/6.1.4/spring-core-6.1.4.pom (2.0 kB at 8.8 kB/s)
Downloading from central: https://repo.maven.apache.org/maven2/org/springframework/spring-jcl/6.1.4/spring-jcl-6.1.4.pom
Progress (1): 1.8 kB
                    
Downloaded from central: https://repo.maven.apache.org/maven2/org/springframework/spring-jcl/6.1.4/spring-jcl-6.1.4.pom (1.8 kB at 7.2 kB/s)
Downloading from central: https://repo.maven.apache.org/maven2/org/springframework/spring-expression/6.1.4/spring-expression-6.1.4.pom
Progress (1): 2.1 kB
                    
Downloaded from central: https://repo.maven.apache.org/maven2/org/springframework/spring-expression/6.1.4/spring-expression-6.1.4.pom (2.1 kB at 8.2 kB/s)
Downloading from central: https://repo.maven.apache.org/maven2/io/micrometer/micrometer-observation/1.12.3/micrometer-observation-1.12.3.pom
Progress (1): 3.8 kB
                    
Downloaded from central: https://repo.maven.apache.org/maven2/io/micrometer/micrometer-observation/1.12.3/micrometer-observation-1.12.3.pom (3.8 kB at 13 kB/s)
Downloading from central: https://repo.maven.apache.org/maven2/io/micrometer/micrometer-commons/1.12.3/micrometer-commons-1.12.3.pom
Progress (1): 3.4 kB
                    
Downloaded from central: https://repo.maven.apache.org/maven2/io/micrometer/micrometer-commons/1.12.3/micrometer-commons-1.12.3.pom (3.4 kB at 11 kB/s)
Downloading from central: https://repo.maven.apache.org/maven2/org/sonatype/plexus/plexus-build-api/0.0.7/plexus-build-api-0.0.7.pom
Progress (1): 3.2 kB
                    
Downloaded from central: https://repo.maven.apache.org/maven2/org/sonatype/plexus/plexus-build-api/0.0.7/plexus-build-api-0.0.7.pom (3.2 kB at 12 kB/s)
Downloading from central: https://repo.maven.apache.org/maven2/org/sonatype/spice/spice-parent/15/spice-parent-15.pom
Progress (1): 4.1 kB
Progress (1): 8.2 kB
Progress (1): 8.4 kB
                    
Downloaded from central: https://repo.maven.apache.org/maven2/org/sonatype/spice/spice-parent/15/spice-parent-15.pom (8.4 kB at 26 kB/s)
Downloading from central: https://repo.maven.apache.org/maven2/org/codehaus/plexus/plexus-utils/1.5.8/plexus-utils-1.5.8.pom
Progress (1): 4.1 kB
Progress (1): 8.1 kB
                    
Downloaded from central: https://repo.maven.apache.org/maven2/org/codehaus/plexus/plexus-utils/1.5.8/plexus-utils-1.5.8.pom (8.1 kB at 28 kB/s)
Downloading from central: https://repo.maven.apache.org/maven2/org/codehaus/plexus/plexus/2.0.2/plexus-2.0.2.pom
Progress (1): 4.1 kB
Progress (1): 8.2 kB
Progress (1): 12 kB 
                   
Downloaded from central: https://repo.maven.apache.org/maven2/org/codehaus/plexus/plexus/2.0.2/plexus-2.0.2.pom (12 kB at 42 kB/s)
Downloading from central: https://repo.maven.apache.org/maven2/org/apache/maven/plugins/maven-shade-plugin/3.5.0/maven-shade-plugin-3.5.0.pom
Progress (1): 4.1 kB
Progress (1): 8.2 kB
Progress (1): 12 kB 
Progress (1): 12 kB
                   
Downloaded from central: https://repo.maven.apache.org/maven2/org/apache/maven/plugins/maven-shade-plugin/3.5.0/maven-shade-plugin-3.5.0.pom (12 kB at 44 kB/s)
Downloading from central: https://repo.maven.apache.org/maven2/org/apache/maven/plugins/maven-plugins/39/maven-plugins-39.pom
Progress (1): 4.1 kB
Progress (1): 8.1 kB
                    
Downloaded from central: https://repo.maven.apache.org/maven2/org/apache/maven/plugins/maven-plugins/39/maven-plugins-39.pom (8.1 kB at 25 kB/s)
Downloading from central: https://repo.maven.apache.org/maven2/org/apache/maven/maven-parent/39/maven-parent-39.pom
Progress (1): 4.1 kB
Progress (1): 8.2 kB
Progress (1): 12 kB 
Progress (1): 16 kB
Progress (1): 20 kB
Progress (1): 25 kB
Progress (1): 29 kB
Progress (1): 33 kB
Progress (1): 37 kB
Progress (1): 41 kB
Progress (1): 45 kB
Progress (1): 48 kB
                   
Downloaded from central: https://repo.maven.apache.org/maven2/org/apache/maven/maven-parent/39/maven-parent-39.pom (48 kB at 146 kB/s)
Downloading from central: https://repo.maven.apache.org/maven2/org/apache/apache/29/apache-29.pom
Progress (1): 4.1 kB
Progress (1): 8.2 kB
Progress (1): 12 kB 
Progress (1): 16 kB
Progress (1): 20 kB
Progress (1): 21 kB
                   
Downloaded from central: https://repo.maven.apache.org/maven2/org/apache/apache/29/apache-29.pom (21 kB at 64 kB/s)
Downloading from central: https://repo.maven.apache.org/maven2/org/codehaus/plexus/plexus-utils/3.5.1/plexus-utils-3.5.1.pom
Progress (1): 4.1 kB
Progress (1): 8.2 kB
Progress (1): 8.8 kB
                    
Downloaded from central: https://repo.maven.apache.org/maven2/org/codehaus/plexus/plexus-utils/3.5.1/plexus-utils-3.5.1.pom (8.8 kB at 28 kB/s)
Downloading from central: https://repo.maven.apache.org/maven2/org/codehaus/plexus/plexus/10/plexus-10.pom
Progress (1): 4.1 kB
Progress (1): 8.2 kB
Progress (1): 12 kB 
Progress (1): 16 kB
Progress (1): 20 kB
Progress (1): 25 kB
Progress (1): 25 kB
                   
Downloaded from central: https://repo.maven.apache.org/maven2/org/codehaus/plexus/plexus/10/plexus-10.pom (25 kB at 78 kB/s)
Downloading from central: https://repo.maven.apache.org/maven2/org/slf4j/slf4j-api/1.7.32/slf4j-api-1.7.32.pom
Progress (1): 3.8 kB
                    
Downloaded from central: https://repo.maven.apache.org/maven2/org/slf4j/slf4j-api/1.7.32/slf4j-api-1.7.32.pom (3.8 kB at 11 kB/s)
Downloading from central: https://repo.maven.apache.org/maven2/org/slf4j/slf4j-parent/1.7.32/slf4j-parent-1.7.32.pom
Progress (1): 4.1 kB
Progress (1): 8.2 kB
Progress (1): 12 kB 
Progress (1): 14 kB
                   
Downloaded from central: https://repo.maven.apache.org/maven2/org/slf4j/slf4j-parent/1.7.32/slf4j-parent-1.7.32.pom (14 kB at 53 kB/s)
Downloading from central: https://repo.maven.apache.org/maven2/org/ow2/asm/asm/9.5/asm-9.5.pom
Progress (1): 2.4 kB
                    
Downloaded from central: https://repo.maven.apache.org/maven2/org/ow2/asm/asm/9.5/asm-9.5.pom (2.4 kB at 8.6 kB/s)
Downloading from central: https://repo.maven.apache.org/maven2/org/ow2/ow2/1.5.1/ow2-1.5.1.pom
Progress (1): 4.1 kB
Progress (1): 8.2 kB
Progress (1): 11 kB 
                   
Downloaded from central: https://repo.maven.apache.org/maven2/org/ow2/ow2/1.5.1/ow2-1.5.1.pom (11 kB at 46 kB/s)
Downloading from central: https://repo.maven.apache.org/maven2/org/ow2/asm/asm-commons/9.5/asm-commons-9.5.pom
Progress (1): 2.8 kB
                    
Downloaded from central: https://repo.maven.apache.org/maven2/org/ow2/asm/asm-commons/9.5/asm-commons-9.5.pom (2.8 kB at 9.1 kB/s)
Downloading from central: https://repo.maven.apache.org/maven2/org/ow2/asm/asm-tree/9.5/asm-tree-9.5.pom
Progress (1): 2.6 kB
                    
Downloaded from central: https://repo.maven.apache.org/maven2/org/ow2/asm/asm-tree/9.5/asm-tree-9.5.pom (2.6 kB at 11 kB/s)
Downloading from central: https://repo.maven.apache.org/maven2/org/jdom/jdom2/2.0.6.1/jdom2-2.0.6.1.pom
Progress (1): 4.1 kB
Progress (1): 4.6 kB
                    
Downloaded from central: https://repo.maven.apache.org/maven2/org/jdom/jdom2/2.0.6.1/jdom2-2.0.6.1.pom (4.6 kB at 13 kB/s)
Downloading from central: https://repo.maven.apache.org/maven2/org/apache/maven/shared/maven-dependency-tree/3.2.1/maven-dependency-tree-3.2.1.pom
Progress (1): 4.1 kB
Progress (1): 6.2 kB
                    
Downloaded from central: https://repo.maven.apache.org/maven2/org/apache/maven/shared/maven-dependency-tree/3.2.1/maven-dependency-tree-3.2.1.pom (6.2 kB at 20 kB/s)
Downloading from central: https://repo.maven.apache.org/maven2/org/eclipse/aether/aether-util/1.0.0.v20140518/aether-util-1.0.0.v20140518.pom
Progress (1): 2.2 kB
                    
Downloaded from central: https://repo.maven.apache.org/maven2/org/eclipse/aether/aether-util/1.0.0.v20140518/aether-util-1.0.0.v20140518.pom (2.2 kB at 7.7 kB/s)
Downloading from central: https://repo.maven.apache.org/maven2/org/eclipse/aether/aether/1.0.0.v20140518/aether-1.0.0.v20140518.pom
Progress (1): 4.1 kB
Progress (1): 8.2 kB
Progress (1): 12 kB 
Progress (1): 16 kB
Progress (1): 20 kB
Progress (1): 25 kB
Progress (1): 29 kB
Progress (1): 30 kB
                   
Downloaded from central: https://repo.maven.apache.org/maven2/org/eclipse/aether/aether/1.0.0.v20140518/aether-1.0.0.v20140518.pom (30 kB at 108 kB/s)
Downloading from central: https://repo.maven.apache.org/maven2/org/eclipse/aether/aether-api/1.0.0.v20140518/aether-api-1.0.0.v20140518.pom
Progress (1): 1.9 kB
                    
Downloaded from central: https://repo.maven.apache.org/maven2/org/eclipse/aether/aether-api/1.0.0.v20140518/aether-api-1.0.0.v20140518.pom (1.9 kB at 7.6 kB/s)
Downloading from central: https://repo.maven.apache.org/maven2/commons-io/commons-io/2.13.0/commons-io-2.13.0.pom
Progress (1): 4.1 kB
Progress (1): 8.2 kB
Progress (1): 12 kB 
Progress (1): 16 kB
Progress (1): 20 kB
                   
Downloaded from central: https://repo.maven.apache.org/maven2/commons-io/commons-io/2.13.0/commons-io-2.13.0.pom (20 kB at 64 kB/s)
Downloading from central: https://repo.maven.apache.org/maven2/org/apache/commons/commons-parent/58/commons-parent-58.pom
Progress (1): 4.1 kB
Progress (1): 8.2 kB
Progress (1): 12 kB 
Progress (1): 16 kB
Progress (1): 20 kB
Progress (1): 25 kB
Progress (1): 29 kB
Progress (1): 33 kB
Progress (1): 37 kB
Progress (1): 41 kB
Progress (1): 45 kB
Progress (1): 49 kB
Progress (1): 53 kB
Progress (1): 57 kB
Progress (1): 61 kB
Progress (1): 66 kB
Progress (1): 70 kB
Progress (1): 74 kB
Progress (1): 78 kB
Progress (1): 82 kB
Progress (1): 83 kB
                   
Downloaded from central: https://repo.maven.apache.org/maven2/org/apache/commons/commons-parent/58/commons-parent-58.pom (83 kB at 283 kB/s)
Downloading from central: https://repo.maven.apache.org/maven2/org/vafer/jdependency/2.8.0/jdependency-2.8.0.pom
Progress (1): 4.1 kB
Progress (1): 8.2 kB
Progress (1): 12 kB 
Progress (1): 14 kB
                   
Downloaded from central: https://repo.maven.apache.org/maven2/org/vafer/jdependency/2.8.0/jdependency-2.8.0.pom (14 kB at 48 kB/s)
Downloading from central: https://repo.maven.apache.org/maven2/org/apache/commons/commons-collections4/4.4/commons-collections4-4.4.pom
Progress (1): 4.1 kB
Progress (1): 8.2 kB
Progress (1): 12 kB 
Progress (1): 16 kB
Progress (1): 20 kB
Progress (1): 24 kB
                   
Downloaded from central: https://repo.maven.apache.org/maven2/org/apache/commons/commons-collections4/4.4/commons-collections4-4.4.pom (24 kB at 73 kB/s)
Downloading from central: https://repo.maven.apache.org/maven2/org/apache/commons/commons-parent/48/commons-parent-48.pom
Progress (1): 4.1 kB
Progress (1): 8.2 kB
Progress (1): 12 kB 
Progress (1): 16 kB
Progress (1): 20 kB
Progress (1): 25 kB
Progress (1): 29 kB
Progress (1): 33 kB
Progress (1): 37 kB
Progress (1): 41 kB
Progress (1): 45 kB
Progress (1): 49 kB
Progress (1): 53 kB
Progress (1): 57 kB
Progress (1): 61 kB
Progress (1): 66 kB
Progress (1): 70 kB
Progress (1): 72 kB
                   
Downloaded from central: https://repo.maven.apache.org/maven2/org/apache/commons/commons-parent/48/commons-parent-48.pom (72 kB at 220 kB/s)
Downloading from central: https://repo.maven.apache.org/maven2/org/apache/apache/21/apache-21.pom
Progress (1): 4.1 kB
Progress (1): 8.2 kB
Progress (1): 12 kB 
Progress (1): 16 kB
Progress (1): 17 kB
                   
Downloaded from central: https://repo.maven.apache.org/maven2/org/apache/apache/21/apache-21.pom (17 kB at 68 kB/s)
Downloading from central: https://repo.maven.apache.org/maven2/org/springframework/boot/spring-boot-buildpack-platform/3.2.3/spring-boot-buildpack-platform-3.2.3.jar
Downloading from central: https://repo.maven.apache.org/maven2/com/fasterxml/jackson/core/jackson-databind/2.14.2/jackson-databind-2.14.2.jar
Downloading from central: https://repo.maven.apache.org/maven2/com/fasterxml/jackson/core/jackson-annotations/2.14.2/jackson-annotations-2.14.2.jar
Downloading from central: https://repo.maven.apache.org/maven2/com/fasterxml/jackson/core/jackson-core/2.14.2/jackson-core-2.14.2.jar
Downloading from central: https://repo.maven.apache.org/maven2/com/fasterxml/jackson/module/jackson-module-parameter-names/2.14.2/jackson-module-parameter-names-2.14.2.jar
Progress (1): 0/1.6 MB
Progress (1): 0/1.6 MB
Progress (1): 0/1.6 MB
Progress (1): 0/1.6 MB
Progress (1): 0/1.6 MB
Progress (1): 0.1/1.6 MB
Progress (1): 0.1/1.6 MB
Progress (1): 0.1/1.6 MB
Progress (1): 0.1/1.6 MB
Progress (2): 0.1/1.6 MB | 4.1/272 kB
Progress (2): 0.1/1.6 MB | 7.7/272 kB
Progress (2): 0.1/1.6 MB | 12/272 kB 
Progress (2): 0.1/1.6 MB | 16/272 kB
Progress (2): 0.1/1.6 MB | 20/272 kB
Progress (2): 0.1/1.6 MB | 24/272 kB
Progress (2): 0.1/1.6 MB | 24/272 kB
Progress (2): 0.1/1.6 MB | 24/272 kB
Progress (2): 0.1/1.6 MB | 24/272 kB
Progress (2): 0.1/1.6 MB | 24/272 kB
Progress (2): 0.1/1.6 MB | 24/272 kB
Progress (2): 0.1/1.6 MB | 24/272 kB
Progress (2): 0.1/1.6 MB | 24/272 kB
Progress (2): 0.1/1.6 MB | 24/272 kB
Progress (2): 0.2/1.6 MB | 24/272 kB
Progress (2): 0.2/1.6 MB | 24/272 kB
Progress (2): 0.2/1.6 MB | 24/272 kB
Progress (2): 0.2/1.6 MB | 24/272 kB
Progress (2): 0.2/1.6 MB | 28/272 kB
Progress (2): 0.2/1.6 MB | 32/272 kB
Progress (2): 0.2/1.6 MB | 36/272 kB
Progress (2): 0.2/1.6 MB | 40/272 kB
Progress (2): 0.2/1.6 MB | 45/272 kB
Progress (2): 0.2/1.6 MB | 49/272 kB
Progress (2): 0.2/1.6 MB | 53/272 kB
Progress (2): 0.2/1.6 MB | 57/272 kB
Progress (2): 0.2/1.6 MB | 61/272 kB
Progress (2): 0.2/1.6 MB | 65/272 kB
Progress (2): 0.2/1.6 MB | 65/272 kB
Progress (2): 0.2/1.6 MB | 65/272 kB
Progress (2): 0.2/1.6 MB | 65/272 kB
Progress (2): 0.2/1.6 MB | 65/272 kB
Progress (2): 0.2/1.6 MB | 65/272 kB
Progress (2): 0.2/1.6 MB | 65/272 kB
Progress (2): 0.2/1.6 MB | 65/272 kB
Progress (2): 0.2/1.6 MB | 65/272 kB
Progress (2): 0.2/1.6 MB | 65/272 kB
Progress (2): 0.3/1.6 MB | 65/272 kB
Progress (2): 0.3/1.6 MB | 65/272 kB
Progress (2): 0.3/1.6 MB | 65/272 kB
Progress (2): 0.3/1.6 MB | 65/272 kB
Progress (2): 0.3/1.6 MB | 65/272 kB
Progress (2): 0.3/1.6 MB | 69/272 kB
Progress (2): 0.3/1.6 MB | 73/272 kB
Progress (2): 0.3/1.6 MB | 77/272 kB
Progress (2): 0.3/1.6 MB | 81/272 kB
Progress (2): 0.3/1.6 MB | 86/272 kB
Progress (2): 0.3/1.6 MB | 90/272 kB
Progress (2): 0.3/1.6 MB | 94/272 kB
Progress (2): 0.3/1.6 MB | 98/272 kB
Progress (2): 0.3/1.6 MB | 102/272 kB
Progress (2): 0.3/1.6 MB | 106/272 kB
Progress (2): 0.3/1.6 MB | 110/272 kB
Progress (2): 0.3/1.6 MB | 114/272 kB
Progress (3): 0.3/1.6 MB | 114/272 kB | 2.3/9.5 kB
Progress (3): 0.3/1.6 MB | 114/272 kB | 5.0/9.5 kB
Progress (3): 0.3/1.6 MB | 114/272 kB | 7.4/9.5 kB
Progress (3): 0.3/1.6 MB | 114/272 kB | 9.5 kB    
Progress (4): 0.3/1.6 MB | 114/272 kB | 9.5 kB | 2.3/77 kB
Progress (4): 0.3/1.6 MB | 114/272 kB | 9.5 kB | 2.3/77 kB
Progress (4): 0.3/1.6 MB | 114/272 kB | 9.5 kB | 2.3/77 kB
Progress (4): 0.3/1.6 MB | 114/272 kB | 9.5 kB | 2.3/77 kB
Progress (4): 0.3/1.6 MB | 114/272 kB | 9.5 kB | 2.3/77 kB
Progress (4): 0.3/1.6 MB | 114/272 kB | 9.5 kB | 2.3/77 kB
Progress (4): 0.3/1.6 MB | 114/272 kB | 9.5 kB | 2.3/77 kB
Progress (4): 0.3/1.6 MB | 114/272 kB | 9.5 kB | 2.3/77 kB
Progress (4): 0.4/1.6 MB | 114/272 kB | 9.5 kB | 2.3/77 kB
Progress (4): 0.4/1.6 MB | 114/272 kB | 9.5 kB | 2.3/77 kB
Progress (4): 0.4/1.6 MB | 114/272 kB | 9.5 kB | 2.3/77 kB
Progress (4): 0.4/1.6 MB | 114/272 kB | 9.5 kB | 2.3/77 kB
Progress (4): 0.4/1.6 MB | 114/272 kB | 9.5 kB | 2.3/77 kB
Progress (4): 0.4/1.6 MB | 118/272 kB | 9.5 kB | 2.3/77 kB
Progress (4): 0.4/1.6 MB | 122/272 kB | 9.5 kB | 2.3/77 kB
Progress (4): 0.4/1.6 MB | 126/272 kB | 9.5 kB | 2.3/77 kB
Progress (4): 0.4/1.6 MB | 131/272 kB | 9.5 kB | 2.3/77 kB
Progress (4): 0.4/1.6 MB | 131/272 kB | 9.5 kB | 5.0/77 kB
Progress (4): 0.4/1.6 MB | 135/272 kB | 9.5 kB | 5.0/77 kB
Progress (4): 0.4/1.6 MB | 139/272 kB | 9.5 kB | 5.0/77 kB
Progress (4): 0.4/1.6 MB | 143/272 kB | 9.5 kB | 5.0/77 kB
Progress (4): 0.4/1.6 MB | 147/272 kB | 9.5 kB | 5.0/77 kB
Progress (4): 0.4/1.6 MB | 151/272 kB | 9.5 kB | 5.0/77 kB
Progress (4): 0.4/1.6 MB | 155/272 kB | 9.5 kB | 5.0/77 kB
Progress (4): 0.4/1.6 MB | 159/272 kB | 9.5 kB | 5.0/77 kB
Progress (4): 0.4/1.6 MB | 163/272 kB | 9.5 kB | 5.0/77 kB
Progress (5): 0.4/1.6 MB | 163/272 kB | 9.5 kB | 5.0/77 kB | 2.3/459 kB
Progress (5): 0.4/1.6 MB | 163/272 kB | 9.5 kB | 5.0/77 kB | 5.0/459 kB
Progress (5): 0.4/1.6 MB | 163/272 kB | 9.5 kB | 7.7/77 kB | 5.0/459 kB
Progress (5): 0.4/1.6 MB | 163/272 kB | 9.5 kB | 10/77 kB | 5.0/459 kB 
Progress (5): 0.4/1.6 MB | 163/272 kB | 9.5 kB | 13/77 kB | 5.0/459 kB
Progress (5): 0.4/1.6 MB | 163/272 kB | 9.5 kB | 16/77 kB | 5.0/459 kB
Progress (5): 0.4/1.6 MB | 163/272 kB | 9.5 kB | 19/77 kB | 5.0/459 kB
Progress (5): 0.4/1.6 MB | 163/272 kB | 9.5 kB | 21/77 kB | 5.0/459 kB
Progress (5): 0.4/1.6 MB | 163/272 kB | 9.5 kB | 24/77 kB | 5.0/459 kB
Progress (5): 0.4/1.6 MB | 163/272 kB | 9.5 kB | 27/77 kB | 5.0/459 kB
Progress (5): 0.4/1.6 MB | 163/272 kB | 9.5 kB | 30/77 kB | 5.0/459 kB
Progress (5): 0.4/1.6 MB | 163/272 kB | 9.5 kB | 30/77 kB | 5.0/459 kB
Progress (5): 0.4/1.6 MB | 163/272 kB | 9.5 kB | 30/77 kB | 5.0/459 kB
Progress (5): 0.4/1.6 MB | 163/272 kB | 9.5 kB | 30/77 kB | 5.0/459 kB
Progress (5): 0.4/1.6 MB | 163/272 kB | 9.5 kB | 30/77 kB | 5.0/459 kB
                                                                      
Downloaded from central: https://repo.maven.apache.org/maven2/com/fasterxml/jackson/module/jackson-module-parameter-names/2.14.2/jackson-module-parameter-names-2.14.2.jar (9.5 kB at 18 kB/s)
Downloading from central: https://repo.maven.apache.org/maven2/net/java/dev/jna/jna-platform/5.13.0/jna-platform-5.13.0.jar
Progress (4): 0.4/1.6 MB | 163/272 kB | 30/77 kB | 5.0/459 kB
Progress (4): 0.4/1.6 MB | 163/272 kB | 30/77 kB | 5.0/459 kB
Progress (4): 0.4/1.6 MB | 163/272 kB | 30/77 kB | 5.0/459 kB
Progress (4): 0.5/1.6 MB | 163/272 kB | 30/77 kB | 5.0/459 kB
Progress (4): 0.5/1.6 MB | 163/272 kB | 30/77 kB | 5.0/459 kB
Progress (4): 0.5/1.6 MB | 163/272 kB | 30/77 kB | 5.0/459 kB
Progress (4): 0.5/1.6 MB | 163/272 kB | 30/77 kB | 5.0/459 kB
Progress (4): 0.5/1.6 MB | 163/272 kB | 30/77 kB | 5.0/459 kB
Progress (4): 0.5/1.6 MB | 163/272 kB | 30/77 kB | 5.0/459 kB
Progress (4): 0.5/1.6 MB | 163/272 kB | 30/77 kB | 5.0/459 kB
Progress (4): 0.5/1.6 MB | 167/272 kB | 30/77 kB | 5.0/459 kB
Progress (4): 0.5/1.6 MB | 172/272 kB | 30/77 kB | 5.0/459 kB
Progress (4): 0.5/1.6 MB | 176/272 kB | 30/77 kB | 5.0/459 kB
Progress (4): 0.5/1.6 MB | 180/272 kB | 30/77 kB | 5.0/459 kB
Progress (4): 0.5/1.6 MB | 184/272 kB | 30/77 kB | 5.0/459 kB
Progress (4): 0.5/1.6 MB | 188/272 kB | 30/77 kB | 5.0/459 kB
Progress (4): 0.5/1.6 MB | 192/272 kB | 30/77 kB | 5.0/459 kB
Progress (4): 0.5/1.6 MB | 196/272 kB | 30/77 kB | 5.0/459 kB
Progress (4): 0.5/1.6 MB | 196/272 kB | 30/77 kB | 5.0/459 kB
Progress (4): 0.5/1.6 MB | 196/272 kB | 30/77 kB | 5.0/459 kB
Progress (4): 0.5/1.6 MB | 200/272 kB | 30/77 kB | 5.0/459 kB
Progress (4): 0.5/1.6 MB | 204/272 kB | 30/77 kB | 5.0/459 kB
Progress (4): 0.5/1.6 MB | 208/272 kB | 30/77 kB | 5.0/459 kB
Progress (4): 0.5/1.6 MB | 213/272 kB | 30/77 kB | 5.0/459 kB
Progress (4): 0.5/1.6 MB | 213/272 kB | 33/77 kB | 5.0/459 kB
Progress (4): 0.5/1.6 MB | 213/272 kB | 36/77 kB | 5.0/459 kB
Progress (4): 0.5/1.6 MB | 213/272 kB | 38/77 kB | 5.0/459 kB
Progress (4): 0.5/1.6 MB | 213/272 kB | 41/77 kB | 5.0/459 kB
Progress (4): 0.5/1.6 MB | 213/272 kB | 44/77 kB | 5.0/459 kB
Progress (4): 0.5/1.6 MB | 213/272 kB | 46/77 kB | 5.0/459 kB
Progress (4): 0.5/1.6 MB | 213/272 kB | 46/77 kB | 7.7/459 kB
Progress (4): 0.5/1.6 MB | 213/272 kB | 46/77 kB | 10/459 kB 
Progress (4): 0.5/1.6 MB | 213/272 kB | 46/77 kB | 13/459 kB
Progress (4): 0.5/1.6 MB | 213/272 kB | 49/77 kB | 13/459 kB
Progress (4): 0.5/1.6 MB | 213/272 kB | 52/77 kB | 13/459 kB
Progress (4): 0.5/1.6 MB | 213/272 kB | 55/77 kB | 13/459 kB
Progress (4): 0.5/1.6 MB | 213/272 kB | 59/77 kB | 13/459 kB
Progress (4): 0.5/1.6 MB | 213/272 kB | 63/77 kB | 13/459 kB
Progress (4): 0.5/1.6 MB | 213/272 kB | 67/77 kB | 13/459 kB
Progress (4): 0.5/1.6 MB | 213/272 kB | 67/77 kB | 16/459 kB
Progress (4): 0.5/1.6 MB | 213/272 kB | 67/77 kB | 19/459 kB
Progress (4): 0.5/1.6 MB | 213/272 kB | 67/77 kB | 21/459 kB
Progress (4): 0.5/1.6 MB | 213/272 kB | 67/77 kB | 24/459 kB
Progress (4): 0.5/1.6 MB | 213/272 kB | 71/77 kB | 24/459 kB
Progress (4): 0.5/1.6 MB | 213/272 kB | 75/77 kB | 24/459 kB
Progress (4): 0.5/1.6 MB | 213/272 kB | 75/77 kB | 27/459 kB
Progress (4): 0.5/1.6 MB | 213/272 kB | 75/77 kB | 30/459 kB
Progress (4): 0.5/1.6 MB | 213/272 kB | 75/77 kB | 30/459 kB
Progress (4): 0.5/1.6 MB | 213/272 kB | 75/77 kB | 30/459 kB
Progress (4): 0.5/1.6 MB | 213/272 kB | 75/77 kB | 30/459 kB
Progress (4): 0.6/1.6 MB | 213/272 kB | 75/77 kB | 30/459 kB
Progress (4): 0.6/1.6 MB | 213/272 kB | 75/77 kB | 30/459 kB
Progress (4): 0.6/1.6 MB | 213/272 kB | 75/77 kB | 30/459 kB
Progress (5): 0.6/1.6 MB | 213/272 kB | 75/77 kB | 30/459 kB | 0/1.4 MB
Progress (5): 0.6/1.6 MB | 213/272 kB | 75/77 kB | 30/459 kB | 0/1.4 MB
Progress (5): 0.6/1.6 MB | 213/272 kB | 75/77 kB | 30/459 kB | 0/1.4 MB
Progress (5): 0.6/1.6 MB | 213/272 kB | 75/77 kB | 30/459 kB | 0/1.4 MB
Progress (5): 0.6/1.6 MB | 213/272 kB | 75/77 kB | 30/459 kB | 0/1.4 MB
Progress (5): 0.6/1.6 MB | 213/272 kB | 75/77 kB | 30/459 kB | 0/1.4 MB
Progress (5): 0.6/1.6 MB | 213/272 kB | 77 kB | 30/459 kB | 0/1.4 MB   
Progress (5): 0.6/1.6 MB | 213/272 kB | 77 kB | 30/459 kB | 0/1.4 MB
Progress (5): 0.6/1.6 MB | 213/272 kB | 77 kB | 30/459 kB | 0/1.4 MB
Progress (5): 0.6/1.6 MB | 217/272 kB | 77 kB | 30/459 kB | 0/1.4 MB
Progress (5): 0.6/1.6 MB | 221/272 kB | 77 kB | 30/459 kB | 0/1.4 MB
Progress (5): 0.6/1.6 MB | 225/272 kB | 77 kB | 30/459 kB | 0/1.4 MB
Progress (5): 0.6/1.6 MB | 229/272 kB | 77 kB | 30/459 kB | 0/1.4 MB
Progress (5): 0.6/1.6 MB | 229/272 kB | 77 kB | 30/459 kB | 0/1.4 MB
Progress (5): 0.6/1.6 MB | 229/272 kB | 77 kB | 30/459 kB | 0/1.4 MB
Progress (5): 0.6/1.6 MB | 233/272 kB | 77 kB | 30/459 kB | 0/1.4 MB
Progress (5): 0.6/1.6 MB | 237/272 kB | 77 kB | 30/459 kB | 0/1.4 MB
Progress (5): 0.6/1.6 MB | 241/272 kB | 77 kB | 30/459 kB | 0/1.4 MB
Progress (5): 0.6/1.6 MB | 245/272 kB | 77 kB | 30/459 kB | 0/1.4 MB
Progress (5): 0.6/1.6 MB | 249/272 kB | 77 kB | 30/459 kB | 0/1.4 MB
Progress (5): 0.6/1.6 MB | 253/272 kB | 77 kB | 30/459 kB | 0/1.4 MB
Progress (5): 0.6/1.6 MB | 258/272 kB | 77 kB | 30/459 kB | 0/1.4 MB
Progress (5): 0.6/1.6 MB | 262/272 kB | 77 kB | 30/459 kB | 0/1.4 MB
Progress (5): 0.6/1.6 MB | 266/272 kB | 77 kB | 30/459 kB | 0/1.4 MB
Progress (5): 0.6/1.6 MB | 270/272 kB | 77 kB | 30/459 kB | 0/1.4 MB
Progress (5): 0.6/1.6 MB | 272 kB | 77 kB | 30/459 kB | 0/1.4 MB    
Progress (5): 0.6/1.6 MB | 272 kB | 77 kB | 32/459 kB | 0/1.4 MB
Progress (5): 0.6/1.6 MB | 272 kB | 77 kB | 35/459 kB | 0/1.4 MB
Progress (5): 0.6/1.6 MB | 272 kB | 77 kB | 38/459 kB | 0/1.4 MB
Progress (5): 0.6/1.6 MB | 272 kB | 77 kB | 41/459 kB | 0/1.4 MB
Progress (5): 0.6/1.6 MB | 272 kB | 77 kB | 43/459 kB | 0/1.4 MB
Progress (5): 0.6/1.6 MB | 272 kB | 77 kB | 46/459 kB | 0/1.4 MB
Progress (5): 0.6/1.6 MB | 272 kB | 77 kB | 49/459 kB | 0/1.4 MB
Progress (5): 0.6/1.6 MB | 272 kB | 77 kB | 52/459 kB | 0/1.4 MB
Progress (5): 0.6/1.6 MB | 272 kB | 77 kB | 54/459 kB | 0/1.4 MB
Progress (5): 0.6/1.6 MB | 272 kB | 77 kB | 54/459 kB | 0/1.4 MB
Progress (5): 0.6/1.6 MB | 272 kB | 77 kB | 54/459 kB | 0/1.4 MB
Progress (5): 0.6/1.6 MB | 272 kB | 77 kB | 54/459 kB | 0/1.4 MB
Progress (5): 0.6/1.6 MB | 272 kB | 77 kB | 54/459 kB | 0/1.4 MB
Progress (5): 0.6/1.6 MB | 272 kB | 77 kB | 54/459 kB | 0/1.4 MB
Progress (5): 0.6/1.6 MB | 272 kB | 77 kB | 54/459 kB | 0.1/1.4 MB
Progress (5): 0.6/1.6 MB | 272 kB | 77 kB | 58/459 kB | 0.1/1.4 MB
Progress (5): 0.6/1.6 MB | 272 kB | 77 kB | 62/459 kB | 0.1/1.4 MB
Progress (5): 0.6/1.6 MB | 272 kB | 77 kB | 67/459 kB | 0.1/1.4 MB
Progress (5): 0.6/1.6 MB | 272 kB | 77 kB | 71/459 kB | 0.1/1.4 MB
Progress (5): 0.6/1.6 MB | 272 kB | 77 kB | 71/459 kB | 0.1/1.4 MB
Progress (5): 0.7/1.6 MB | 272 kB | 77 kB | 71/459 kB | 0.1/1.4 MB
Progress (5): 0.7/1.6 MB | 272 kB | 77 kB | 71/459 kB | 0.1/1.4 MB
Progress (5): 0.7/1.6 MB | 272 kB | 77 kB | 71/459 kB | 0.1/1.4 MB
Progress (5): 0.7/1.6 MB | 272 kB | 77 kB | 71/459 kB | 0.1/1.4 MB
Progress (5): 0.7/1.6 MB | 272 kB | 77 kB | 71/459 kB | 0.1/1.4 MB
Progress (5): 0.7/1.6 MB | 272 kB | 77 kB | 71/459 kB | 0.1/1.4 MB
Progress (5): 0.7/1.6 MB | 272 kB | 77 kB | 71/459 kB | 0.1/1.4 MB
Progress (5): 0.7/1.6 MB | 272 kB | 77 kB | 71/459 kB | 0.1/1.4 MB
Progress (5): 0.7/1.6 MB | 272 kB | 77 kB | 71/459 kB | 0.1/1.4 MB
Progress (5): 0.7/1.6 MB | 272 kB | 77 kB | 71/459 kB | 0.1/1.4 MB
Progress (5): 0.7/1.6 MB | 272 kB | 77 kB | 71/459 kB | 0.1/1.4 MB
Progress (5): 0.7/1.6 MB | 272 kB | 77 kB | 71/459 kB | 0.1/1.4 MB
Progress (5): 0.7/1.6 MB | 272 kB | 77 kB | 71/459 kB | 0.1/1.4 MB
Progress (5): 0.8/1.6 MB | 272 kB | 77 kB | 71/459 kB | 0.1/1.4 MB
Progress (5): 0.8/1.6 MB | 272 kB | 77 kB | 71/459 kB | 0.1/1.4 MB
Progress (5): 0.8/1.6 MB | 272 kB | 77 kB | 71/459 kB | 0.1/1.4 MB
Progress (5): 0.8/1.6 MB | 272 kB | 77 kB | 75/459 kB | 0.1/1.4 MB
Progress (5): 0.8/1.6 MB | 272 kB | 77 kB | 79/459 kB | 0.1/1.4 MB
Progress (5): 0.8/1.6 MB | 272 kB | 77 kB | 81/459 kB | 0.1/1.4 MB
Progress (5): 0.8/1.6 MB | 272 kB | 77 kB | 81/459 kB | 0.1/1.4 MB
Progress (5): 0.8/1.6 MB | 272 kB | 77 kB | 81/459 kB | 0.1/1.4 MB
Progress (5): 0.8/1.6 MB | 272 kB | 77 kB | 81/459 kB | 0.1/1.4 MB
Progress (5): 0.8/1.6 MB | 272 kB | 77 kB | 81/459 kB | 0.1/1.4 MB
Progress (5): 0.8/1.6 MB | 272 kB | 77 kB | 85/459 kB | 0.1/1.4 MB
Progress (5): 0.8/1.6 MB | 272 kB | 77 kB | 89/459 kB | 0.1/1.4 MB
Progress (5): 0.8/1.6 MB | 272 kB | 77 kB | 93/459 kB | 0.1/1.4 MB
Progress (5): 0.8/1.6 MB | 272 kB | 77 kB | 97/459 kB | 0.1/1.4 MB
Progress (5): 0.8/1.6 MB | 272 kB | 77 kB | 97/459 kB | 0.1/1.4 MB
                                                                  
Downloaded from central: https://repo.maven.apache.org/maven2/org/springframework/boot/spring-boot-buildpack-platform/3.2.3/spring-boot-buildpack-platform-3.2.3.jar (272 kB at 314 kB/s)
Downloading from central: https://repo.maven.apache.org/maven2/net/java/dev/jna/jna/5.13.0/jna-5.13.0.jar
Progress (4): 0.8/1.6 MB | 77 kB | 97/459 kB | 0.1/1.4 MB
Progress (4): 0.8/1.6 MB | 77 kB | 102/459 kB | 0.1/1.4 MB
Progress (4): 0.8/1.6 MB | 77 kB | 106/459 kB | 0.1/1.4 MB
Progress (4): 0.8/1.6 MB | 77 kB | 106/459 kB | 0.1/1.4 MB
Progress (4): 0.8/1.6 MB | 77 kB | 110/459 kB | 0.1/1.4 MB
Progress (4): 0.8/1.6 MB | 77 kB | 114/459 kB | 0.1/1.4 MB
Progress (4): 0.8/1.6 MB | 77 kB | 114/459 kB | 0.1/1.4 MB
Progress (4): 0.8/1.6 MB | 77 kB | 114/459 kB | 0.1/1.4 MB
Progress (4): 0.8/1.6 MB | 77 kB | 118/459 kB | 0.1/1.4 MB
Progress (4): 0.8/1.6 MB | 77 kB | 118/459 kB | 0.1/1.4 MB
Progress (4): 0.8/1.6 MB | 77 kB | 122/459 kB | 0.1/1.4 MB
Progress (4): 0.8/1.6 MB | 77 kB | 122/459 kB | 0.1/1.4 MB
Progress (4): 0.8/1.6 MB | 77 kB | 122/459 kB | 0.1/1.4 MB
Progress (4): 0.8/1.6 MB | 77 kB | 122/459 kB | 0.1/1.4 MB
Progress (4): 0.8/1.6 MB | 77 kB | 122/459 kB | 0.1/1.4 MB
Progress (4): 0.8/1.6 MB | 77 kB | 122/459 kB | 0.1/1.4 MB
Progress (4): 0.8/1.6 MB | 77 kB | 122/459 kB | 0.1/1.4 MB
Progress (4): 0.8/1.6 MB | 77 kB | 122/459 kB | 0.1/1.4 MB
Progress (4): 0.8/1.6 MB | 77 kB | 122/459 kB | 0.1/1.4 MB
Progress (4): 0.8/1.6 MB | 77 kB | 122/459 kB | 0.1/1.4 MB
Progress (4): 0.8/1.6 MB | 77 kB | 122/459 kB | 0.1/1.4 MB
Progress (4): 0.8/1.6 MB | 77 kB | 122/459 kB | 0.2/1.4 MB
Progress (4): 0.8/1.6 MB | 77 kB | 122/459 kB | 0.2/1.4 MB
Progress (4): 0.8/1.6 MB | 77 kB | 122/459 kB | 0.2/1.4 MB
Progress (4): 0.8/1.6 MB | 77 kB | 122/459 kB | 0.2/1.4 MB
Progress (4): 0.8/1.6 MB | 77 kB | 122/459 kB | 0.2/1.4 MB
Progress (4): 0.8/1.6 MB | 77 kB | 122/459 kB | 0.2/1.4 MB
Progress (4): 0.9/1.6 MB | 77 kB | 122/459 kB | 0.2/1.4 MB
Progress (4): 0.9/1.6 MB | 77 kB | 122/459 kB | 0.2/1.4 MB
Progress (4): 0.9/1.6 MB | 77 kB | 122/459 kB | 0.2/1.4 MB
Progress (4): 0.9/1.6 MB | 77 kB | 122/459 kB | 0.2/1.4 MB
Progress (4): 0.9/1.6 MB | 77 kB | 122/459 kB | 0.2/1.4 MB
Progress (4): 0.9/1.6 MB | 77 kB | 122/459 kB | 0.2/1.4 MB
Progress (4): 0.9/1.6 MB | 77 kB | 122/459 kB | 0.2/1.4 MB
Progress (4): 0.9/1.6 MB | 77 kB | 122/459 kB | 0.2/1.4 MB
Progress (4): 0.9/1.6 MB | 77 kB | 122/459 kB | 0.2/1.4 MB
Progress (4): 0.9/1.6 MB | 77 kB | 126/459 kB | 0.2/1.4 MB
Progress (4): 0.9/1.6 MB | 77 kB | 130/459 kB | 0.2/1.4 MB
Progress (4): 0.9/1.6 MB | 77 kB | 134/459 kB | 0.2/1.4 MB
Progress (4): 0.9/1.6 MB | 77 kB | 138/459 kB | 0.2/1.4 MB
Progress (4): 0.9/1.6 MB | 77 kB | 138/459 kB | 0.2/1.4 MB
Progress (4): 0.9/1.6 MB | 77 kB | 138/459 kB | 0.2/1.4 MB
Progress (4): 0.9/1.6 MB | 77 kB | 142/459 kB | 0.2/1.4 MB
Progress (4): 0.9/1.6 MB | 77 kB | 147/459 kB | 0.2/1.4 MB
Progress (4): 0.9/1.6 MB | 77 kB | 147/459 kB | 0.2/1.4 MB
Progress (4): 0.9/1.6 MB | 77 kB | 147/459 kB | 0.2/1.4 MB
Progress (4): 0.9/1.6 MB | 77 kB | 151/459 kB | 0.2/1.4 MB
Progress (4): 0.9/1.6 MB | 77 kB | 155/459 kB | 0.2/1.4 MB
Progress (4): 0.9/1.6 MB | 77 kB | 159/459 kB | 0.2/1.4 MB
Progress (4): 0.9/1.6 MB | 77 kB | 163/459 kB | 0.2/1.4 MB
Progress (4): 0.9/1.6 MB | 77 kB | 167/459 kB | 0.2/1.4 MB
Progress (4): 0.9/1.6 MB | 77 kB | 171/459 kB | 0.2/1.4 MB
Progress (4): 0.9/1.6 MB | 77 kB | 171/459 kB | 0.2/1.4 MB
Progress (4): 0.9/1.6 MB | 77 kB | 171/459 kB | 0.2/1.4 MB
Progress (4): 0.9/1.6 MB | 77 kB | 171/459 kB | 0.2/1.4 MB
Progress (4): 0.9/1.6 MB | 77 kB | 171/459 kB | 0.2/1.4 MB
Progress (5): 0.9/1.6 MB | 77 kB | 171/459 kB | 0.2/1.4 MB | 0/1.9 MB
Progress (5): 0.9/1.6 MB | 77 kB | 171/459 kB | 0.2/1.4 MB | 0/1.9 MB
Progress (5): 0.9/1.6 MB | 77 kB | 171/459 kB | 0.2/1.4 MB | 0/1.9 MB
                                                                     
Downloaded from central: https://repo.maven.apache.org/maven2/com/fasterxml/jackson/core/jackson-annotations/2.14.2/jackson-annotations-2.14.2.jar (77 kB at 69 kB/s)
Downloading from central: https://repo.maven.apache.org/maven2/org/apache/commons/commons-compress/1.21/commons-compress-1.21.jar
Progress (4): 1.0/1.6 MB | 171/459 kB | 0.2/1.4 MB | 0/1.9 MB
Progress (4): 1.0/1.6 MB | 171/459 kB | 0.2/1.4 MB | 0/1.9 MB
Progress (4): 1.0/1.6 MB | 171/459 kB | 0.3/1.4 MB | 0/1.9 MB
Progress (4): 1.0/1.6 MB | 171/459 kB | 0.3/1.4 MB | 0/1.9 MB
Progress (4): 1.0/1.6 MB | 171/459 kB | 0.3/1.4 MB | 0/1.9 MB
Progress (4): 1.0/1.6 MB | 171/459 kB | 0.3/1.4 MB | 0/1.9 MB
Progress (4): 1.0/1.6 MB | 171/459 kB | 0.3/1.4 MB | 0/1.9 MB
Progress (4): 1.0/1.6 MB | 171/459 kB | 0.3/1.4 MB | 0/1.9 MB
Progress (4): 1.0/1.6 MB | 171/459 kB | 0.3/1.4 MB | 0/1.9 MB
Progress (4): 1.0/1.6 MB | 171/459 kB | 0.3/1.4 MB | 0/1.9 MB
Progress (4): 1.0/1.6 MB | 171/459 kB | 0.3/1.4 MB | 0/1.9 MB
Progress (4): 1.0/1.6 MB | 171/459 kB | 0.3/1.4 MB | 0/1.9 MB
Progress (4): 1.0/1.6 MB | 171/459 kB | 0.3/1.4 MB | 0/1.9 MB
Progress (4): 1.0/1.6 MB | 171/459 kB | 0.3/1.4 MB | 0/1.9 MB
Progress (4): 1.0/1.6 MB | 171/459 kB | 0.3/1.4 MB | 0/1.9 MB
Progress (4): 1.0/1.6 MB | 171/459 kB | 0.3/1.4 MB | 0/1.9 MB
Progress (4): 1.0/1.6 MB | 171/459 kB | 0.3/1.4 MB | 0/1.9 MB
Progress (4): 1.0/1.6 MB | 171/459 kB | 0.3/1.4 MB | 0/1.9 MB
Progress (4): 1.0/1.6 MB | 171/459 kB | 0.3/1.4 MB | 0/1.9 MB
Progress (4): 1.0/1.6 MB | 171/459 kB | 0.3/1.4 MB | 0/1.9 MB
Progress (4): 1.0/1.6 MB | 171/459 kB | 0.3/1.4 MB | 0/1.9 MB
Progress (4): 1.0/1.6 MB | 171/459 kB | 0.3/1.4 MB | 0/1.9 MB
Progress (4): 1.0/1.6 MB | 171/459 kB | 0.3/1.4 MB | 0/1.9 MB
Progress (4): 1.0/1.6 MB | 171/459 kB | 0.3/1.4 MB | 0/1.9 MB
Progress (4): 1.0/1.6 MB | 171/459 kB | 0.4/1.4 MB | 0/1.9 MB
Progress (4): 1.0/1.6 MB | 171/459 kB | 0.4/1.4 MB | 0/1.9 MB
Progress (4): 1.0/1.6 MB | 175/459 kB | 0.4/1.4 MB | 0/1.9 MB
Progress (4): 1.0/1.6 MB | 179/459 kB | 0.4/1.4 MB | 0/1.9 MB
Progress (4): 1.0/1.6 MB | 183/459 kB | 0.4/1.4 MB | 0/1.9 MB
Progress (4): 1.0/1.6 MB | 186/459 kB | 0.4/1.4 MB | 0/1.9 MB
Progress (4): 1.0/1.6 MB | 190/459 kB | 0.4/1.4 MB | 0/1.9 MB
Progress (4): 1.0/1.6 MB | 194/459 kB | 0.4/1.4 MB | 0/1.9 MB
Progress (4): 1.0/1.6 MB | 198/459 kB | 0.4/1.4 MB | 0/1.9 MB
Progress (4): 1.0/1.6 MB | 202/459 kB | 0.4/1.4 MB | 0/1.9 MB
Progress (4): 1.0/1.6 MB | 206/459 kB | 0.4/1.4 MB | 0/1.9 MB
Progress (4): 1.0/1.6 MB | 210/459 kB | 0.4/1.4 MB | 0/1.9 MB
Progress (4): 1.0/1.6 MB | 214/459 kB | 0.4/1.4 MB | 0/1.9 MB
Progress (4): 1.0/1.6 MB | 218/459 kB | 0.4/1.4 MB | 0/1.9 MB
Progress (4): 1.1/1.6 MB | 218/459 kB | 0.4/1.4 MB | 0/1.9 MB
Progress (4): 1.1/1.6 MB | 218/459 kB | 0.4/1.4 MB | 0/1.9 MB
Progress (4): 1.1/1.6 MB | 218/459 kB | 0.4/1.4 MB | 0/1.9 MB
Progress (4): 1.1/1.6 MB | 218/459 kB | 0.4/1.4 MB | 0/1.9 MB
Progress (4): 1.1/1.6 MB | 218/459 kB | 0.4/1.4 MB | 0/1.9 MB
Progress (4): 1.1/1.6 MB | 218/459 kB | 0.4/1.4 MB | 0/1.9 MB
Progress (4): 1.1/1.6 MB | 218/459 kB | 0.4/1.4 MB | 0/1.9 MB
Progress (4): 1.1/1.6 MB | 218/459 kB | 0.4/1.4 MB | 0/1.9 MB
Progress (4): 1.1/1.6 MB | 218/459 kB | 0.4/1.4 MB | 0/1.9 MB
Progress (4): 1.1/1.6 MB | 218/459 kB | 0.4/1.4 MB | 0/1.9 MB
Progress (4): 1.1/1.6 MB | 218/459 kB | 0.4/1.4 MB | 0/1.9 MB
Progress (4): 1.1/1.6 MB | 218/459 kB | 0.4/1.4 MB | 0/1.9 MB
Progress (4): 1.1/1.6 MB | 218/459 kB | 0.4/1.4 MB | 0.1/1.9 MB
Progress (4): 1.1/1.6 MB | 218/459 kB | 0.4/1.4 MB | 0.1/1.9 MB
Progress (4): 1.1/1.6 MB | 218/459 kB | 0.4/1.4 MB | 0.1/1.9 MB
Progress (4): 1.1/1.6 MB | 218/459 kB | 0.4/1.4 MB | 0.1/1.9 MB
Progress (4): 1.1/1.6 MB | 218/459 kB | 0.4/1.4 MB | 0.1/1.9 MB
Progress (4): 1.1/1.6 MB | 218/459 kB | 0.4/1.4 MB | 0.1/1.9 MB
Progress (4): 1.1/1.6 MB | 218/459 kB | 0.4/1.4 MB | 0.1/1.9 MB
Progress (4): 1.1/1.6 MB | 218/459 kB | 0.4/1.4 MB | 0.1/1.9 MB
Progress (4): 1.1/1.6 MB | 218/459 kB | 0.4/1.4 MB | 0.1/1.9 MB
Progress (5): 1.1/1.6 MB | 218/459 kB | 0.4/1.4 MB | 0.1/1.9 MB | 0/1.0 MB
Progress (5): 1.1/1.6 MB | 218/459 kB | 0.4/1.4 MB | 0.1/1.9 MB | 0/1.0 MB
Progress (5): 1.1/1.6 MB | 218/459 kB | 0.4/1.4 MB | 0.1/1.9 MB | 0/1.0 MB
Progress (5): 1.1/1.6 MB | 218/459 kB | 0.4/1.4 MB | 0.1/1.9 MB | 0/1.0 MB
Progress (5): 1.1/1.6 MB | 218/459 kB | 0.4/1.4 MB | 0.1/1.9 MB | 0/1.0 MB
Progress (5): 1.1/1.6 MB | 218/459 kB | 0.4/1.4 MB | 0.1/1.9 MB | 0/1.0 MB
Progress (5): 1.1/1.6 MB | 218/459 kB | 0.4/1.4 MB | 0.1/1.9 MB | 0/1.0 MB
Progress (5): 1.1/1.6 MB | 218/459 kB | 0.4/1.4 MB | 0.1/1.9 MB | 0/1.0 MB
Progress (5): 1.1/1.6 MB | 218/459 kB | 0.4/1.4 MB | 0.1/1.9 MB | 0/1.0 MB
Progress (5): 1.1/1.6 MB | 218/459 kB | 0.5/1.4 MB | 0.1/1.9 MB | 0/1.0 MB
Progress (5): 1.1/1.6 MB | 218/459 kB | 0.5/1.4 MB | 0.1/1.9 MB | 0/1.0 MB
Progress (5): 1.1/1.6 MB | 218/459 kB | 0.5/1.4 MB | 0.1/1.9 MB | 0/1.0 MB
Progress (5): 1.2/1.6 MB | 218/459 kB | 0.5/1.4 MB | 0.1/1.9 MB | 0/1.0 MB
Progress (5): 1.2/1.6 MB | 218/459 kB | 0.5/1.4 MB | 0.1/1.9 MB | 0/1.0 MB
Progress (5): 1.2/1.6 MB | 218/459 kB | 0.5/1.4 MB | 0.1/1.9 MB | 0/1.0 MB
Progress (5): 1.2/1.6 MB | 218/459 kB | 0.5/1.4 MB | 0.1/1.9 MB | 0/1.0 MB
Progress (5): 1.2/1.6 MB | 218/459 kB | 0.5/1.4 MB | 0.1/1.9 MB | 0/1.0 MB
Progress (5): 1.2/1.6 MB | 218/459 kB | 0.5/1.4 MB | 0.1/1.9 MB | 0/1.0 MB
Progress (5): 1.2/1.6 MB | 218/459 kB | 0.5/1.4 MB | 0.1/1.9 MB | 0/1.0 MB
Progress (5): 1.2/1.6 MB | 218/459 kB | 0.5/1.4 MB | 0.1/1.9 MB | 0/1.0 MB
Progress (5): 1.2/1.6 MB | 218/459 kB | 0.5/1.4 MB | 0.1/1.9 MB | 0/1.0 MB
Progress (5): 1.2/1.6 MB | 218/459 kB | 0.5/1.4 MB | 0.1/1.9 MB | 0/1.0 MB
Progress (5): 1.2/1.6 MB | 222/459 kB | 0.5/1.4 MB | 0.1/1.9 MB | 0/1.0 MB
Progress (5): 1.2/1.6 MB | 226/459 kB | 0.5/1.4 MB | 0.1/1.9 MB | 0/1.0 MB
Progress (5): 1.2/1.6 MB | 231/459 kB | 0.5/1.4 MB | 0.1/1.9 MB | 0/1.0 MB
Progress (5): 1.2/1.6 MB | 235/459 kB | 0.5/1.4 MB | 0.1/1.9 MB | 0/1.0 MB
Progress (5): 1.2/1.6 MB | 239/459 kB | 0.5/1.4 MB | 0.1/1.9 MB | 0/1.0 MB
Progress (5): 1.2/1.6 MB | 243/459 kB | 0.5/1.4 MB | 0.1/1.9 MB | 0/1.0 MB
Progress (5): 1.2/1.6 MB | 247/459 kB | 0.5/1.4 MB | 0.1/1.9 MB | 0/1.0 MB
Progress (5): 1.2/1.6 MB | 251/459 kB | 0.5/1.4 MB | 0.1/1.9 MB | 0/1.0 MB
Progress (5): 1.2/1.6 MB | 255/459 kB | 0.5/1.4 MB | 0.1/1.9 MB | 0/1.0 MB
Progress (5): 1.2/1.6 MB | 259/459 kB | 0.5/1.4 MB | 0.1/1.9 MB | 0/1.0 MB
Progress (5): 1.2/1.6 MB | 262/459 kB | 0.5/1.4 MB | 0.1/1.9 MB | 0/1.0 MB
Progress (5): 1.2/1.6 MB | 262/459 kB | 0.5/1.4 MB | 0.1/1.9 MB | 0/1.0 MB
Progress (5): 1.2/1.6 MB | 262/459 kB | 0.5/1.4 MB | 0.1/1.9 MB | 0/1.0 MB
Progress (5): 1.2/1.6 MB | 262/459 kB | 0.5/1.4 MB | 0.1/1.9 MB | 0/1.0 MB
Progress (5): 1.2/1.6 MB | 262/459 kB | 0.5/1.4 MB | 0.1/1.9 MB | 0/1.0 MB
Progress (5): 1.2/1.6 MB | 262/459 kB | 0.5/1.4 MB | 0.1/1.9 MB | 0/1.0 MB
Progress (5): 1.2/1.6 MB | 262/459 kB | 0.5/1.4 MB | 0.1/1.9 MB | 0/1.0 MB
Progress (5): 1.2/1.6 MB | 262/459 kB | 0.5/1.4 MB | 0.1/1.9 MB | 0/1.0 MB
Progress (5): 1.2/1.6 MB | 262/459 kB | 0.5/1.4 MB | 0.1/1.9 MB | 0/1.0 MB
Progress (5): 1.2/1.6 MB | 262/459 kB | 0.5/1.4 MB | 0.1/1.9 MB | 0/1.0 MB
Progress (5): 1.2/1.6 MB | 262/459 kB | 0.5/1.4 MB | 0.1/1.9 MB | 0/1.0 MB
Progress (5): 1.2/1.6 MB | 262/459 kB | 0.5/1.4 MB | 0.1/1.9 MB | 0/1.0 MB
Progress (5): 1.2/1.6 MB | 262/459 kB | 0.5/1.4 MB | 0.1/1.9 MB | 0/1.0 MB
Progress (5): 1.2/1.6 MB | 262/459 kB | 0.5/1.4 MB | 0.1/1.9 MB | 0/1.0 MB
Progress (5): 1.2/1.6 MB | 262/459 kB | 0.5/1.4 MB | 0.1/1.9 MB | 0/1.0 MB
Progress (5): 1.2/1.6 MB | 262/459 kB | 0.5/1.4 MB | 0.1/1.9 MB | 0/1.0 MB
Progress (5): 1.2/1.6 MB | 262/459 kB | 0.5/1.4 MB | 0.1/1.9 MB | 0/1.0 MB
Progress (5): 1.2/1.6 MB | 262/459 kB | 0.5/1.4 MB | 0.1/1.9 MB | 0/1.0 MB
Progress (5): 1.2/1.6 MB | 262/459 kB | 0.5/1.4 MB | 0.2/1.9 MB | 0/1.0 MB
Progress (5): 1.2/1.6 MB | 262/459 kB | 0.5/1.4 MB | 0.2/1.9 MB | 0/1.0 MB
Progress (5): 1.2/1.6 MB | 262/459 kB | 0.5/1.4 MB | 0.2/1.9 MB | 0/1.0 MB
Progress (5): 1.3/1.6 MB | 262/459 kB | 0.5/1.4 MB | 0.2/1.9 MB | 0/1.0 MB
Progress (5): 1.3/1.6 MB | 262/459 kB | 0.5/1.4 MB | 0.2/1.9 MB | 0/1.0 MB
Progress (5): 1.3/1.6 MB | 262/459 kB | 0.6/1.4 MB | 0.2/1.9 MB | 0/1.0 MB
Progress (5): 1.3/1.6 MB | 262/459 kB | 0.6/1.4 MB | 0.2/1.9 MB | 0/1.0 MB
Progress (5): 1.3/1.6 MB | 262/459 kB | 0.6/1.4 MB | 0.2/1.9 MB | 0/1.0 MB
Progress (5): 1.3/1.6 MB | 262/459 kB | 0.6/1.4 MB | 0.2/1.9 MB | 0/1.0 MB
Progress (5): 1.3/1.6 MB | 262/459 kB | 0.6/1.4 MB | 0.2/1.9 MB | 0/1.0 MB
Progress (5): 1.3/1.6 MB | 262/459 kB | 0.6/1.4 MB | 0.2/1.9 MB | 0/1.0 MB
Progress (5): 1.3/1.6 MB | 262/459 kB | 0.6/1.4 MB | 0.2/1.9 MB | 0/1.0 MB
Progress (5): 1.3/1.6 MB | 262/459 kB | 0.6/1.4 MB | 0.2/1.9 MB | 0/1.0 MB
Progress (5): 1.3/1.6 MB | 262/459 kB | 0.6/1.4 MB | 0.2/1.9 MB | 0/1.0 MB
Progress (5): 1.3/1.6 MB | 262/459 kB | 0.6/1.4 MB | 0.2/1.9 MB | 0.1/1.0 MB
Progress (5): 1.3/1.6 MB | 262/459 kB | 0.6/1.4 MB | 0.2/1.9 MB | 0.1/1.0 MB
Progress (5): 1.3/1.6 MB | 262/459 kB | 0.6/1.4 MB | 0.2/1.9 MB | 0.1/1.0 MB
Progress (5): 1.3/1.6 MB | 262/459 kB | 0.6/1.4 MB | 0.2/1.9 MB | 0.1/1.0 MB
Progress (5): 1.3/1.6 MB | 262/459 kB | 0.6/1.4 MB | 0.2/1.9 MB | 0.1/1.0 MB
Progress (5): 1.3/1.6 MB | 262/459 kB | 0.6/1.4 MB | 0.2/1.9 MB | 0.1/1.0 MB
Progress (5): 1.3/1.6 MB | 262/459 kB | 0.6/1.4 MB | 0.2/1.9 MB | 0.1/1.0 MB
Progress (5): 1.3/1.6 MB | 262/459 kB | 0.6/1.4 MB | 0.2/1.9 MB | 0.1/1.0 MB
Progress (5): 1.3/1.6 MB | 262/459 kB | 0.6/1.4 MB | 0.2/1.9 MB | 0.1/1.0 MB
Progress (5): 1.3/1.6 MB | 262/459 kB | 0.6/1.4 MB | 0.2/1.9 MB | 0.1/1.0 MB
Progress (5): 1.3/1.6 MB | 262/459 kB | 0.6/1.4 MB | 0.2/1.9 MB | 0.1/1.0 MB
Progress (5): 1.3/1.6 MB | 262/459 kB | 0.6/1.4 MB | 0.2/1.9 MB | 0.1/1.0 MB
Progress (5): 1.3/1.6 MB | 262/459 kB | 0.6/1.4 MB | 0.2/1.9 MB | 0.1/1.0 MB
Progress (5): 1.3/1.6 MB | 262/459 kB | 0.6/1.4 MB | 0.2/1.9 MB | 0.1/1.0 MB
Progress (5): 1.3/1.6 MB | 262/459 kB | 0.6/1.4 MB | 0.2/1.9 MB | 0.1/1.0 MB
Progress (5): 1.3/1.6 MB | 262/459 kB | 0.6/1.4 MB | 0.2/1.9 MB | 0.1/1.0 MB
Progress (5): 1.3/1.6 MB | 266/459 kB | 0.6/1.4 MB | 0.2/1.9 MB | 0.1/1.0 MB
Progress (5): 1.3/1.6 MB | 270/459 kB | 0.6/1.4 MB | 0.2/1.9 MB | 0.1/1.0 MB
Progress (5): 1.3/1.6 MB | 274/459 kB | 0.6/1.4 MB | 0.2/1.9 MB | 0.1/1.0 MB
Progress (5): 1.3/1.6 MB | 278/459 kB | 0.6/1.4 MB | 0.2/1.9 MB | 0.1/1.0 MB
Progress (5): 1.3/1.6 MB | 278/459 kB | 0.6/1.4 MB | 0.2/1.9 MB | 0.1/1.0 MB
Progress (5): 1.3/1.6 MB | 278/459 kB | 0.6/1.4 MB | 0.2/1.9 MB | 0.1/1.0 MB
Progress (5): 1.3/1.6 MB | 278/459 kB | 0.6/1.4 MB | 0.2/1.9 MB | 0.1/1.0 MB
Progress (5): 1.3/1.6 MB | 278/459 kB | 0.6/1.4 MB | 0.2/1.9 MB | 0.1/1.0 MB
Progress (5): 1.3/1.6 MB | 278/459 kB | 0.6/1.4 MB | 0.2/1.9 MB | 0.1/1.0 MB
Progress (5): 1.3/1.6 MB | 278/459 kB | 0.6/1.4 MB | 0.2/1.9 MB | 0.1/1.0 MB
Progress (5): 1.3/1.6 MB | 278/459 kB | 0.6/1.4 MB | 0.2/1.9 MB | 0.1/1.0 MB
Progress (5): 1.4/1.6 MB | 278/459 kB | 0.6/1.4 MB | 0.2/1.9 MB | 0.1/1.0 MB
Progress (5): 1.4/1.6 MB | 282/459 kB | 0.6/1.4 MB | 0.2/1.9 MB | 0.1/1.0 MB
Progress (5): 1.4/1.6 MB | 286/459 kB | 0.6/1.4 MB | 0.2/1.9 MB | 0.1/1.0 MB
Progress (5): 1.4/1.6 MB | 290/459 kB | 0.6/1.4 MB | 0.2/1.9 MB | 0.1/1.0 MB
Progress (5): 1.4/1.6 MB | 294/459 kB | 0.6/1.4 MB | 0.2/1.9 MB | 0.1/1.0 MB
Progress (5): 1.4/1.6 MB | 298/459 kB | 0.6/1.4 MB | 0.2/1.9 MB | 0.1/1.0 MB
Progress (5): 1.4/1.6 MB | 303/459 kB | 0.6/1.4 MB | 0.2/1.9 MB | 0.1/1.0 MB
Progress (5): 1.4/1.6 MB | 307/459 kB | 0.6/1.4 MB | 0.2/1.9 MB | 0.1/1.0 MB
Progress (5): 1.4/1.6 MB | 311/459 kB | 0.6/1.4 MB | 0.2/1.9 MB | 0.1/1.0 MB
Progress (5): 1.4/1.6 MB | 311/459 kB | 0.6/1.4 MB | 0.2/1.9 MB | 0.1/1.0 MB
Progress (5): 1.4/1.6 MB | 315/459 kB | 0.6/1.4 MB | 0.2/1.9 MB | 0.1/1.0 MB
Progress (5): 1.4/1.6 MB | 315/459 kB | 0.6/1.4 MB | 0.2/1.9 MB | 0.1/1.0 MB
Progress (5): 1.4/1.6 MB | 319/459 kB | 0.6/1.4 MB | 0.2/1.9 MB | 0.1/1.0 MB
Progress (5): 1.4/1.6 MB | 323/459 kB | 0.6/1.4 MB | 0.2/1.9 MB | 0.1/1.0 MB
Progress (5): 1.4/1.6 MB | 327/459 kB | 0.6/1.4 MB | 0.2/1.9 MB | 0.1/1.0 MB
Progress (5): 1.4/1.6 MB | 327/459 kB | 0.6/1.4 MB | 0.2/1.9 MB | 0.1/1.0 MB
Progress (5): 1.4/1.6 MB | 327/459 kB | 0.6/1.4 MB | 0.2/1.9 MB | 0.1/1.0 MB
Progress (5): 1.4/1.6 MB | 327/459 kB | 0.6/1.4 MB | 0.2/1.9 MB | 0.1/1.0 MB
Progress (5): 1.4/1.6 MB | 327/459 kB | 0.7/1.4 MB | 0.2/1.9 MB | 0.1/1.0 MB
Progress (5): 1.4/1.6 MB | 327/459 kB | 0.7/1.4 MB | 0.2/1.9 MB | 0.1/1.0 MB
Progress (5): 1.4/1.6 MB | 327/459 kB | 0.7/1.4 MB | 0.2/1.9 MB | 0.1/1.0 MB
Progress (5): 1.4/1.6 MB | 327/459 kB | 0.7/1.4 MB | 0.2/1.9 MB | 0.1/1.0 MB
Progress (5): 1.4/1.6 MB | 327/459 kB | 0.7/1.4 MB | 0.2/1.9 MB | 0.1/1.0 MB
Progress (5): 1.4/1.6 MB | 327/459 kB | 0.7/1.4 MB | 0.2/1.9 MB | 0.1/1.0 MB
Progress (5): 1.4/1.6 MB | 327/459 kB | 0.7/1.4 MB | 0.2/1.9 MB | 0.1/1.0 MB
Progress (5): 1.4/1.6 MB | 327/459 kB | 0.7/1.4 MB | 0.2/1.9 MB | 0.1/1.0 MB
Progress (5): 1.4/1.6 MB | 327/459 kB | 0.7/1.4 MB | 0.2/1.9 MB | 0.1/1.0 MB
Progress (5): 1.4/1.6 MB | 327/459 kB | 0.7/1.4 MB | 0.2/1.9 MB | 0.1/1.0 MB
Progress (5): 1.4/1.6 MB | 327/459 kB | 0.7/1.4 MB | 0.2/1.9 MB | 0.1/1.0 MB
Progress (5): 1.4/1.6 MB | 327/459 kB | 0.7/1.4 MB | 0.2/1.9 MB | 0.1/1.0 MB
Progress (5): 1.4/1.6 MB | 327/459 kB | 0.7/1.4 MB | 0.2/1.9 MB | 0.1/1.0 MB
Progress (5): 1.4/1.6 MB | 327/459 kB | 0.7/1.4 MB | 0.2/1.9 MB | 0.1/1.0 MB
Progress (5): 1.4/1.6 MB | 327/459 kB | 0.7/1.4 MB | 0.2/1.9 MB | 0.1/1.0 MB
Progress (5): 1.4/1.6 MB | 327/459 kB | 0.7/1.4 MB | 0.2/1.9 MB | 0.1/1.0 MB
Progress (5): 1.4/1.6 MB | 327/459 kB | 0.7/1.4 MB | 0.2/1.9 MB | 0.1/1.0 MB
Progress (5): 1.4/1.6 MB | 327/459 kB | 0.7/1.4 MB | 0.2/1.9 MB | 0.1/1.0 MB
Progress (5): 1.4/1.6 MB | 327/459 kB | 0.7/1.4 MB | 0.2/1.9 MB | 0.1/1.0 MB
Progress (5): 1.4/1.6 MB | 327/459 kB | 0.7/1.4 MB | 0.2/1.9 MB | 0.1/1.0 MB
Progress (5): 1.4/1.6 MB | 327/459 kB | 0.7/1.4 MB | 0.2/1.9 MB | 0.1/1.0 MB
Progress (5): 1.4/1.6 MB | 327/459 kB | 0.7/1.4 MB | 0.2/1.9 MB | 0.1/1.0 MB
Progress (5): 1.4/1.6 MB | 327/459 kB | 0.7/1.4 MB | 0.2/1.9 MB | 0.1/1.0 MB
Progress (5): 1.4/1.6 MB | 327/459 kB | 0.7/1.4 MB | 0.2/1.9 MB | 0.1/1.0 MB
Progress (5): 1.4/1.6 MB | 327/459 kB | 0.7/1.4 MB | 0.2/1.9 MB | 0.1/1.0 MB
Progress (5): 1.4/1.6 MB | 327/459 kB | 0.7/1.4 MB | 0.2/1.9 MB | 0.1/1.0 MB
Progress (5): 1.4/1.6 MB | 327/459 kB | 0.7/1.4 MB | 0.2/1.9 MB | 0.1/1.0 MB
Progress (5): 1.4/1.6 MB | 327/459 kB | 0.7/1.4 MB | 0.2/1.9 MB | 0.1/1.0 MB
Progress (5): 1.4/1.6 MB | 327/459 kB | 0.7/1.4 MB | 0.2/1.9 MB | 0.1/1.0 MB
Progress (5): 1.4/1.6 MB | 327/459 kB | 0.7/1.4 MB | 0.2/1.9 MB | 0.1/1.0 MB
Progress (5): 1.4/1.6 MB | 327/459 kB | 0.7/1.4 MB | 0.2/1.9 MB | 0.1/1.0 MB
Progress (5): 1.4/1.6 MB | 327/459 kB | 0.7/1.4 MB | 0.2/1.9 MB | 0.1/1.0 MB
Progress (5): 1.4/1.6 MB | 327/459 kB | 0.7/1.4 MB | 0.2/1.9 MB | 0.1/1.0 MB
Progress (5): 1.4/1.6 MB | 327/459 kB | 0.7/1.4 MB | 0.2/1.9 MB | 0.1/1.0 MB
Progress (5): 1.4/1.6 MB | 327/459 kB | 0.7/1.4 MB | 0.2/1.9 MB | 0.1/1.0 MB
Progress (5): 1.4/1.6 MB | 327/459 kB | 0.7/1.4 MB | 0.2/1.9 MB | 0.1/1.0 MB
Progress (5): 1.4/1.6 MB | 327/459 kB | 0.7/1.4 MB | 0.2/1.9 MB | 0.1/1.0 MB
Progress (5): 1.5/1.6 MB | 327/459 kB | 0.7/1.4 MB | 0.2/1.9 MB | 0.1/1.0 MB
Progress (5): 1.5/1.6 MB | 327/459 kB | 0.7/1.4 MB | 0.2/1.9 MB | 0.1/1.0 MB
Progress (5): 1.5/1.6 MB | 327/459 kB | 0.7/1.4 MB | 0.2/1.9 MB | 0.1/1.0 MB
Progress (5): 1.5/1.6 MB | 327/459 kB | 0.7/1.4 MB | 0.2/1.9 MB | 0.1/1.0 MB
Progress (5): 1.5/1.6 MB | 327/459 kB | 0.7/1.4 MB | 0.2/1.9 MB | 0.1/1.0 MB
Progress (5): 1.5/1.6 MB | 327/459 kB | 0.7/1.4 MB | 0.2/1.9 MB | 0.1/1.0 MB
Progress (5): 1.5/1.6 MB | 327/459 kB | 0.7/1.4 MB | 0.2/1.9 MB | 0.1/1.0 MB
Progress (5): 1.5/1.6 MB | 327/459 kB | 0.8/1.4 MB | 0.2/1.9 MB | 0.1/1.0 MB
Progress (5): 1.5/1.6 MB | 327/459 kB | 0.8/1.4 MB | 0.2/1.9 MB | 0.1/1.0 MB
Progress (5): 1.5/1.6 MB | 331/459 kB | 0.8/1.4 MB | 0.2/1.9 MB | 0.1/1.0 MB
Progress (5): 1.5/1.6 MB | 335/459 kB | 0.8/1.4 MB | 0.2/1.9 MB | 0.1/1.0 MB
Progress (5): 1.5/1.6 MB | 339/459 kB | 0.8/1.4 MB | 0.2/1.9 MB | 0.1/1.0 MB
Progress (5): 1.5/1.6 MB | 344/459 kB | 0.8/1.4 MB | 0.2/1.9 MB | 0.1/1.0 MB
Progress (5): 1.5/1.6 MB | 344/459 kB | 0.8/1.4 MB | 0.2/1.9 MB | 0.1/1.0 MB
Progress (5): 1.5/1.6 MB | 344/459 kB | 0.8/1.4 MB | 0.2/1.9 MB | 0.1/1.0 MB
Progress (5): 1.5/1.6 MB | 348/459 kB | 0.8/1.4 MB | 0.2/1.9 MB | 0.1/1.0 MB
Progress (5): 1.5/1.6 MB | 352/459 kB | 0.8/1.4 MB | 0.2/1.9 MB | 0.1/1.0 MB
Progress (5): 1.5/1.6 MB | 356/459 kB | 0.8/1.4 MB | 0.2/1.9 MB | 0.1/1.0 MB
Progress (5): 1.5/1.6 MB | 360/459 kB | 0.8/1.4 MB | 0.2/1.9 MB | 0.1/1.0 MB
Progress (5): 1.5/1.6 MB | 360/459 kB | 0.8/1.4 MB | 0.2/1.9 MB | 0.1/1.0 MB
Progress (5): 1.5/1.6 MB | 360/459 kB | 0.8/1.4 MB | 0.2/1.9 MB | 0.1/1.0 MB
Progress (5): 1.5/1.6 MB | 360/459 kB | 0.8/1.4 MB | 0.2/1.9 MB | 0.1/1.0 MB
Progress (5): 1.5/1.6 MB | 360/459 kB | 0.8/1.4 MB | 0.2/1.9 MB | 0.1/1.0 MB
Progress (5): 1.5/1.6 MB | 364/459 kB | 0.8/1.4 MB | 0.2/1.9 MB | 0.1/1.0 MB
Progress (5): 1.5/1.6 MB | 368/459 kB | 0.8/1.4 MB | 0.2/1.9 MB | 0.1/1.0 MB
Progress (5): 1.5/1.6 MB | 372/459 kB | 0.8/1.4 MB | 0.2/1.9 MB | 0.1/1.0 MB
Progress (5): 1.5/1.6 MB | 376/459 kB | 0.8/1.4 MB | 0.2/1.9 MB | 0.1/1.0 MB
Progress (5): 1.5/1.6 MB | 376/459 kB | 0.8/1.4 MB | 0.2/1.9 MB | 0.1/1.0 MB
Progress (5): 1.5/1.6 MB | 376/459 kB | 0.8/1.4 MB | 0.2/1.9 MB | 0.1/1.0 MB
Progress (5): 1.5/1.6 MB | 376/459 kB | 0.8/1.4 MB | 0.2/1.9 MB | 0.1/1.0 MB
Progress (5): 1.5/1.6 MB | 376/459 kB | 0.8/1.4 MB | 0.2/1.9 MB | 0.1/1.0 MB
Progress (5): 1.5/1.6 MB | 376/459 kB | 0.8/1.4 MB | 0.2/1.9 MB | 0.1/1.0 MB
Progress (5): 1.5/1.6 MB | 376/459 kB | 0.8/1.4 MB | 0.2/1.9 MB | 0.1/1.0 MB
Progress (5): 1.5/1.6 MB | 376/459 kB | 0.8/1.4 MB | 0.2/1.9 MB | 0.1/1.0 MB
Progress (5): 1.5/1.6 MB | 376/459 kB | 0.8/1.4 MB | 0.2/1.9 MB | 0.1/1.0 MB
Progress (5): 1.5/1.6 MB | 376/459 kB | 0.8/1.4 MB | 0.2/1.9 MB | 0.1/1.0 MB
Progress (5): 1.5/1.6 MB | 376/459 kB | 0.8/1.4 MB | 0.2/1.9 MB | 0.1/1.0 MB
Progress (5): 1.5/1.6 MB | 376/459 kB | 0.8/1.4 MB | 0.2/1.9 MB | 0.1/1.0 MB
Progress (5): 1.6/1.6 MB | 376/459 kB | 0.8/1.4 MB | 0.2/1.9 MB | 0.1/1.0 MB
Progress (5): 1.6/1.6 MB | 376/459 kB | 0.8/1.4 MB | 0.2/1.9 MB | 0.1/1.0 MB
Progress (5): 1.6/1.6 MB | 376/459 kB | 0.8/1.4 MB | 0.2/1.9 MB | 0.1/1.0 MB
Progress (5): 1.6/1.6 MB | 376/459 kB | 0.8/1.4 MB | 0.3/1.9 MB | 0.1/1.0 MB
Progress (5): 1.6/1.6 MB | 376/459 kB | 0.8/1.4 MB | 0.3/1.9 MB | 0.1/1.0 MB
Progress (5): 1.6/1.6 MB | 380/459 kB | 0.8/1.4 MB | 0.3/1.9 MB | 0.1/1.0 MB
Progress (5): 1.6/1.6 MB | 384/459 kB | 0.8/1.4 MB | 0.3/1.9 MB | 0.1/1.0 MB
Progress (5): 1.6/1.6 MB | 389/459 kB | 0.8/1.4 MB | 0.3/1.9 MB | 0.1/1.0 MB
Progress (5): 1.6/1.6 MB | 393/459 kB | 0.8/1.4 MB | 0.3/1.9 MB | 0.1/1.0 MB
Progress (5): 1.6/1.6 MB | 393/459 kB | 0.8/1.4 MB | 0.3/1.9 MB | 0.1/1.0 MB
Progress (5): 1.6/1.6 MB | 393/459 kB | 0.8/1.4 MB | 0.3/1.9 MB | 0.1/1.0 MB
Progress (5): 1.6/1.6 MB | 393/459 kB | 0.8/1.4 MB | 0.3/1.9 MB | 0.1/1.0 MB
Progress (5): 1.6/1.6 MB | 393/459 kB | 0.8/1.4 MB | 0.3/1.9 MB | 0.1/1.0 MB
Progress (5): 1.6/1.6 MB | 393/459 kB | 0.8/1.4 MB | 0.3/1.9 MB | 0.1/1.0 MB
Progress (5): 1.6/1.6 MB | 393/459 kB | 0.8/1.4 MB | 0.3/1.9 MB | 0.1/1.0 MB
Progress (5): 1.6/1.6 MB | 393/459 kB | 0.8/1.4 MB | 0.3/1.9 MB | 0.1/1.0 MB
Progress (5): 1.6/1.6 MB | 393/459 kB | 0.8/1.4 MB | 0.3/1.9 MB | 0.1/1.0 MB
Progress (5): 1.6/1.6 MB | 393/459 kB | 0.8/1.4 MB | 0.3/1.9 MB | 0.1/1.0 MB
Progress (5): 1.6/1.6 MB | 393/459 kB | 0.8/1.4 MB | 0.3/1.9 MB | 0.1/1.0 MB
Progress (5): 1.6/1.6 MB | 393/459 kB | 0.8/1.4 MB | 0.3/1.9 MB | 0.1/1.0 MB
Progress (5): 1.6/1.6 MB | 393/459 kB | 0.8/1.4 MB | 0.3/1.9 MB | 0.1/1.0 MB
Progress (5): 1.6/1.6 MB | 393/459 kB | 0.8/1.4 MB | 0.3/1.9 MB | 0.1/1.0 MB
Progress (5): 1.6/1.6 MB | 393/459 kB | 0.8/1.4 MB | 0.3/1.9 MB | 0.1/1.0 MB
Progress (5): 1.6/1.6 MB | 393/459 kB | 0.8/1.4 MB | 0.3/1.9 MB | 0.1/1.0 MB
Progress (5): 1.6/1.6 MB | 393/459 kB | 0.8/1.4 MB | 0.3/1.9 MB | 0.1/1.0 MB
Progress (5): 1.6/1.6 MB | 393/459 kB | 0.9/1.4 MB | 0.3/1.9 MB | 0.1/1.0 MB
Progress (5): 1.6/1.6 MB | 393/459 kB | 0.9/1.4 MB | 0.3/1.9 MB | 0.1/1.0 MB
Progress (5): 1.6 MB | 393/459 kB | 0.9/1.4 MB | 0.3/1.9 MB | 0.1/1.0 MB    
Progress (5): 1.6 MB | 393/459 kB | 0.9/1.4 MB | 0.3/1.9 MB | 0.1/1.0 MB
Progress (5): 1.6 MB | 393/459 kB | 0.9/1.4 MB | 0.3/1.9 MB | 0.1/1.0 MB
Progress (5): 1.6 MB | 393/459 kB | 0.9/1.4 MB | 0.3/1.9 MB | 0.1/1.0 MB
Progress (5): 1.6 MB | 393/459 kB | 0.9/1.4 MB | 0.3/1.9 MB | 0.1/1.0 MB
Progress (5): 1.6 MB | 393/459 kB | 0.9/1.4 MB | 0.3/1.9 MB | 0.1/1.0 MB
Progress (5): 1.6 MB | 393/459 kB | 0.9/1.4 MB | 0.3/1.9 MB | 0.1/1.0 MB
Progress (5): 1.6 MB | 397/459 kB | 0.9/1.4 MB | 0.3/1.9 MB | 0.1/1.0 MB
Progress (5): 1.6 MB | 401/459 kB | 0.9/1.4 MB | 0.3/1.9 MB | 0.1/1.0 MB
Progress (5): 1.6 MB | 405/459 kB | 0.9/1.4 MB | 0.3/1.9 MB | 0.1/1.0 MB
Progress (5): 1.6 MB | 409/459 kB | 0.9/1.4 MB | 0.3/1.9 MB | 0.1/1.0 MB
Progress (5): 1.6 MB | 413/459 kB | 0.9/1.4 MB | 0.3/1.9 MB | 0.1/1.0 MB
Progress (5): 1.6 MB | 417/459 kB | 0.9/1.4 MB | 0.3/1.9 MB | 0.1/1.0 MB
Progress (5): 1.6 MB | 421/459 kB | 0.9/1.4 MB | 0.3/1.9 MB | 0.1/1.0 MB
Progress (5): 1.6 MB | 425/459 kB | 0.9/1.4 MB | 0.3/1.9 MB | 0.1/1.0 MB
Progress (5): 1.6 MB | 425/459 kB | 0.9/1.4 MB | 0.3/1.9 MB | 0.1/1.0 MB
Progress (5): 1.6 MB | 425/459 kB | 0.9/1.4 MB | 0.3/1.9 MB | 0.1/1.0 MB
Progress (5): 1.6 MB | 425/459 kB | 0.9/1.4 MB | 0.3/1.9 MB | 0.1/1.0 MB
Progress (5): 1.6 MB | 425/459 kB | 0.9/1.4 MB | 0.3/1.9 MB | 0.1/1.0 MB
Progress (5): 1.6 MB | 425/459 kB | 0.9/1.4 MB | 0.3/1.9 MB | 0.1/1.0 MB
Progress (5): 1.6 MB | 425/459 kB | 1.0/1.4 MB | 0.3/1.9 MB | 0.1/1.0 MB
Progress (5): 1.6 MB | 430/459 kB | 1.0/1.4 MB | 0.3/1.9 MB | 0.1/1.0 MB
Progress (5): 1.6 MB | 434/459 kB | 1.0/1.4 MB | 0.3/1.9 MB | 0.1/1.0 MB
Progress (5): 1.6 MB | 438/459 kB | 1.0/1.4 MB | 0.3/1.9 MB | 0.1/1.0 MB
Progress (5): 1.6 MB | 442/459 kB | 1.0/1.4 MB | 0.3/1.9 MB | 0.1/1.0 MB
Progress (5): 1.6 MB | 442/459 kB | 1.0/1.4 MB | 0.3/1.9 MB | 0.1/1.0 MB
Progress (5): 1.6 MB | 442/459 kB | 1.0/1.4 MB | 0.3/1.9 MB | 0.1/1.0 MB
Progress (5): 1.6 MB | 442/459 kB | 1.0/1.4 MB | 0.3/1.9 MB | 0.1/1.0 MB
Progress (5): 1.6 MB | 442/459 kB | 1.0/1.4 MB | 0.3/1.9 MB | 0.1/1.0 MB
Progress (5): 1.6 MB | 442/459 kB | 1.0/1.4 MB | 0.3/1.9 MB | 0.1/1.0 MB
Progress (5): 1.6 MB | 442/459 kB | 1.0/1.4 MB | 0.3/1.9 MB | 0.1/1.0 MB
Progress (5): 1.6 MB | 442/459 kB | 1.0/1.4 MB | 0.3/1.9 MB | 0.1/1.0 MB
Progress (5): 1.6 MB | 442/459 kB | 1.0/1.4 MB | 0.3/1.9 MB | 0.1/1.0 MB
Progress (5): 1.6 MB | 442/459 kB | 1.0/1.4 MB | 0.3/1.9 MB | 0.1/1.0 MB
Progress (5): 1.6 MB | 442/459 kB | 1.0/1.4 MB | 0.3/1.9 MB | 0.1/1.0 MB
Progress (5): 1.6 MB | 442/459 kB | 1.0/1.4 MB | 0.3/1.9 MB | 0.2/1.0 MB
Progress (5): 1.6 MB | 442/459 kB | 1.0/1.4 MB | 0.3/1.9 MB | 0.2/1.0 MB
Progress (5): 1.6 MB | 442/459 kB | 1.0/1.4 MB | 0.3/1.9 MB | 0.2/1.0 MB
Progress (5): 1.6 MB | 442/459 kB | 1.0/1.4 MB | 0.3/1.9 MB | 0.2/1.0 MB
Progress (5): 1.6 MB | 442/459 kB | 1.0/1.4 MB | 0.3/1.9 MB | 0.2/1.0 MB
Progress (5): 1.6 MB | 442/459 kB | 1.0/1.4 MB | 0.3/1.9 MB | 0.2/1.0 MB
Progress (5): 1.6 MB | 442/459 kB | 1.0/1.4 MB | 0.3/1.9 MB | 0.2/1.0 MB
Progress (5): 1.6 MB | 442/459 kB | 1.0/1.4 MB | 0.3/1.9 MB | 0.2/1.0 MB
Progress (5): 1.6 MB | 442/459 kB | 1.0/1.4 MB | 0.4/1.9 MB | 0.2/1.0 MB
Progress (5): 1.6 MB | 442/459 kB | 1.0/1.4 MB | 0.4/1.9 MB | 0.2/1.0 MB
Progress (5): 1.6 MB | 442/459 kB | 1.0/1.4 MB | 0.4/1.9 MB | 0.2/1.0 MB
Progress (5): 1.6 MB | 442/459 kB | 1.0/1.4 MB | 0.4/1.9 MB | 0.2/1.0 MB
Progress (5): 1.6 MB | 442/459 kB | 1.0/1.4 MB | 0.4/1.9 MB | 0.2/1.0 MB
Progress (5): 1.6 MB | 442/459 kB | 1.0/1.4 MB | 0.4/1.9 MB | 0.2/1.0 MB
Progress (5): 1.6 MB | 442/459 kB | 1.0/1.4 MB | 0.4/1.9 MB | 0.2/1.0 MB
Progress (5): 1.6 MB | 442/459 kB | 1.0/1.4 MB | 0.4/1.9 MB | 0.2/1.0 MB
Progress (5): 1.6 MB | 442/459 kB | 1.0/1.4 MB | 0.4/1.9 MB | 0.2/1.0 MB
Progress (5): 1.6 MB | 442/459 kB | 1.1/1.4 MB | 0.4/1.9 MB | 0.2/1.0 MB
Progress (5): 1.6 MB | 442/459 kB | 1.1/1.4 MB | 0.4/1.9 MB | 0.2/1.0 MB
Progress (5): 1.6 MB | 442/459 kB | 1.1/1.4 MB | 0.4/1.9 MB | 0.2/1.0 MB
                                                                        
Downloaded from central: https://repo.maven.apache.org/maven2/com/fasterxml/jackson/core/jackson-databind/2.14.2/jackson-databind-2.14.2.jar (1.6 MB at 659 kB/s)
Downloading from central: https://repo.maven.apache.org/maven2/org/apache/httpcomponents/client5/httpclient5/5.2.3/httpclient5-5.2.3.jar
Progress (4): 442/459 kB | 1.1/1.4 MB | 0.4/1.9 MB | 0.2/1.0 MB
Progress (4): 442/459 kB | 1.1/1.4 MB | 0.4/1.9 MB | 0.2/1.0 MB
Progress (4): 442/459 kB | 1.1/1.4 MB | 0.4/1.9 MB | 0.2/1.0 MB
Progress (4): 442/459 kB | 1.1/1.4 MB | 0.4/1.9 MB | 0.2/1.0 MB
Progress (4): 442/459 kB | 1.1/1.4 MB | 0.4/1.9 MB | 0.2/1.0 MB
Progress (4): 442/459 kB | 1.1/1.4 MB | 0.4/1.9 MB | 0.2/1.0 MB
Progress (4): 442/459 kB | 1.1/1.4 MB | 0.4/1.9 MB | 0.2/1.0 MB
Progress (4): 442/459 kB | 1.1/1.4 MB | 0.4/1.9 MB | 0.2/1.0 MB
Progress (4): 442/459 kB | 1.1/1.4 MB | 0.4/1.9 MB | 0.2/1.0 MB
Progress (4): 442/459 kB | 1.1/1.4 MB | 0.4/1.9 MB | 0.2/1.0 MB
Progress (4): 442/459 kB | 1.1/1.4 MB | 0.4/1.9 MB | 0.2/1.0 MB
Progress (4): 442/459 kB | 1.1/1.4 MB | 0.4/1.9 MB | 0.2/1.0 MB
Progress (4): 442/459 kB | 1.1/1.4 MB | 0.4/1.9 MB | 0.2/1.0 MB
Progress (4): 442/459 kB | 1.1/1.4 MB | 0.4/1.9 MB | 0.2/1.0 MB
Progress (4): 442/459 kB | 1.1/1.4 MB | 0.4/1.9 MB | 0.2/1.0 MB
Progress (4): 442/459 kB | 1.1/1.4 MB | 0.4/1.9 MB | 0.2/1.0 MB
Progress (4): 442/459 kB | 1.1/1.4 MB | 0.4/1.9 MB | 0.2/1.0 MB
Progress (4): 442/459 kB | 1.1/1.4 MB | 0.4/1.9 MB | 0.2/1.0 MB
Progress (4): 442/459 kB | 1.2/1.4 MB | 0.4/1.9 MB | 0.2/1.0 MB
Progress (4): 446/459 kB | 1.2/1.4 MB | 0.4/1.9 MB | 0.2/1.0 MB
Progress (4): 450/459 kB | 1.2/1.4 MB | 0.4/1.9 MB | 0.2/1.0 MB
Progress (4): 454/459 kB | 1.2/1.4 MB | 0.4/1.9 MB | 0.2/1.0 MB
Progress (4): 458/459 kB | 1.2/1.4 MB | 0.4/1.9 MB | 0.2/1.0 MB
Progress (4): 458/459 kB | 1.2/1.4 MB | 0.4/1.9 MB | 0.2/1.0 MB
Progress (4): 458/459 kB | 1.2/1.4 MB | 0.4/1.9 MB | 0.2/1.0 MB
Progress (4): 459 kB | 1.2/1.4 MB | 0.4/1.9 MB | 0.2/1.0 MB    
Progress (4): 459 kB | 1.2/1.4 MB | 0.4/1.9 MB | 0.2/1.0 MB
Progress (4): 459 kB | 1.2/1.4 MB | 0.4/1.9 MB | 0.2/1.0 MB
Progress (4): 459 kB | 1.2/1.4 MB | 0.4/1.9 MB | 0.3/1.0 MB
Progress (4): 459 kB | 1.2/1.4 MB | 0.4/1.9 MB | 0.3/1.0 MB
Progress (4): 459 kB | 1.2/1.4 MB | 0.4/1.9 MB | 0.3/1.0 MB
Progress (4): 459 kB | 1.2/1.4 MB | 0.4/1.9 MB | 0.3/1.0 MB
Progress (4): 459 kB | 1.2/1.4 MB | 0.4/1.9 MB | 0.3/1.0 MB
Progress (4): 459 kB | 1.2/1.4 MB | 0.4/1.9 MB | 0.3/1.0 MB
Progress (4): 459 kB | 1.2/1.4 MB | 0.4/1.9 MB | 0.3/1.0 MB
Progress (4): 459 kB | 1.2/1.4 MB | 0.4/1.9 MB | 0.3/1.0 MB
Progress (4): 459 kB | 1.2/1.4 MB | 0.4/1.9 MB | 0.3/1.0 MB
Progress (4): 459 kB | 1.2/1.4 MB | 0.4/1.9 MB | 0.3/1.0 MB
Progress (4): 459 kB | 1.2/1.4 MB | 0.4/1.9 MB | 0.3/1.0 MB
Progress (4): 459 kB | 1.2/1.4 MB | 0.4/1.9 MB | 0.3/1.0 MB
Progress (4): 459 kB | 1.2/1.4 MB | 0.4/1.9 MB | 0.3/1.0 MB
Progress (4): 459 kB | 1.2/1.4 MB | 0.4/1.9 MB | 0.3/1.0 MB
Progress (4): 459 kB | 1.2/1.4 MB | 0.4/1.9 MB | 0.3/1.0 MB
Progress (4): 459 kB | 1.3/1.4 MB | 0.4/1.9 MB | 0.3/1.0 MB
Progress (4): 459 kB | 1.3/1.4 MB | 0.4/1.9 MB | 0.3/1.0 MB
Progress (4): 459 kB | 1.3/1.4 MB | 0.4/1.9 MB | 0.3/1.0 MB
Progress (4): 459 kB | 1.3/1.4 MB | 0.4/1.9 MB | 0.3/1.0 MB
Progress (4): 459 kB | 1.3/1.4 MB | 0.4/1.9 MB | 0.3/1.0 MB
Progress (5): 459 kB | 1.3/1.4 MB | 0.4/1.9 MB | 0.3/1.0 MB | 7.7/843 kB
Progress (5): 459 kB | 1.3/1.4 MB | 0.4/1.9 MB | 0.3/1.0 MB | 16/843 kB 
Progress (5): 459 kB | 1.3/1.4 MB | 0.4/1.9 MB | 0.3/1.0 MB | 24/843 kB
Progress (5): 459 kB | 1.3/1.4 MB | 0.4/1.9 MB | 0.3/1.0 MB | 32/843 kB
Progress (5): 459 kB | 1.3/1.4 MB | 0.4/1.9 MB | 0.3/1.0 MB | 40/843 kB
Progress (5): 459 kB | 1.3/1.4 MB | 0.4/1.9 MB | 0.3/1.0 MB | 48/843 kB
Progress (5): 459 kB | 1.3/1.4 MB | 0.4/1.9 MB | 0.3/1.0 MB | 57/843 kB
Progress (5): 459 kB | 1.3/1.4 MB | 0.4/1.9 MB | 0.3/1.0 MB | 65/843 kB
Progress (5): 459 kB | 1.3/1.4 MB | 0.4/1.9 MB | 0.3/1.0 MB | 73/843 kB
Progress (5): 459 kB | 1.3/1.4 MB | 0.4/1.9 MB | 0.3/1.0 MB | 81/843 kB
Progress (5): 459 kB | 1.3/1.4 MB | 0.4/1.9 MB | 0.3/1.0 MB | 89/843 kB
Progress (5): 459 kB | 1.3/1.4 MB | 0.4/1.9 MB | 0.3/1.0 MB | 98/843 kB
Progress (5): 459 kB | 1.3/1.4 MB | 0.4/1.9 MB | 0.3/1.0 MB | 106/843 kB
Progress (5): 459 kB | 1.3/1.4 MB | 0.4/1.9 MB | 0.3/1.0 MB | 114/843 kB
Progress (5): 459 kB | 1.3/1.4 MB | 0.4/1.9 MB | 0.3/1.0 MB | 122/843 kB
Progress (5): 459 kB | 1.3/1.4 MB | 0.4/1.9 MB | 0.3/1.0 MB | 130/843 kB
Progress (5): 459 kB | 1.3/1.4 MB | 0.4/1.9 MB | 0.3/1.0 MB | 139/843 kB
Progress (5): 459 kB | 1.3/1.4 MB | 0.4/1.9 MB | 0.3/1.0 MB | 147/843 kB
Progress (5): 459 kB | 1.3/1.4 MB | 0.4/1.9 MB | 0.3/1.0 MB | 155/843 kB
Progress (5): 459 kB | 1.3/1.4 MB | 0.4/1.9 MB | 0.3/1.0 MB | 163/843 kB
Progress (5): 459 kB | 1.3/1.4 MB | 0.4/1.9 MB | 0.3/1.0 MB | 163/843 kB
Progress (5): 459 kB | 1.3/1.4 MB | 0.4/1.9 MB | 0.3/1.0 MB | 163/843 kB
Progress (5): 459 kB | 1.3/1.4 MB | 0.4/1.9 MB | 0.3/1.0 MB | 163/843 kB
Progress (5): 459 kB | 1.3/1.4 MB | 0.4/1.9 MB | 0.3/1.0 MB | 163/843 kB
Progress (5): 459 kB | 1.3/1.4 MB | 0.4/1.9 MB | 0.3/1.0 MB | 163/843 kB
Progress (5): 459 kB | 1.3/1.4 MB | 0.4/1.9 MB | 0.3/1.0 MB | 163/843 kB
Progress (5): 459 kB | 1.3/1.4 MB | 0.4/1.9 MB | 0.3/1.0 MB | 163/843 kB
Progress (5): 459 kB | 1.3/1.4 MB | 0.4/1.9 MB | 0.3/1.0 MB | 163/843 kB
Progress (5): 459 kB | 1.3/1.4 MB | 0.4/1.9 MB | 0.3/1.0 MB | 163/843 kB
Progress (5): 459 kB | 1.3/1.4 MB | 0.4/1.9 MB | 0.3/1.0 MB | 163/843 kB
Progress (5): 459 kB | 1.3/1.4 MB | 0.5/1.9 MB | 0.3/1.0 MB | 163/843 kB
Progress (5): 459 kB | 1.3/1.4 MB | 0.5/1.9 MB | 0.3/1.0 MB | 163/843 kB
Progress (5): 459 kB | 1.3/1.4 MB | 0.5/1.9 MB | 0.3/1.0 MB | 163/843 kB
Progress (5): 459 kB | 1.3/1.4 MB | 0.5/1.9 MB | 0.3/1.0 MB | 163/843 kB
Progress (5): 459 kB | 1.3/1.4 MB | 0.5/1.9 MB | 0.3/1.0 MB | 163/843 kB
Progress (5): 459 kB | 1.3/1.4 MB | 0.5/1.9 MB | 0.3/1.0 MB | 163/843 kB
Progress (5): 459 kB | 1.3/1.4 MB | 0.5/1.9 MB | 0.3/1.0 MB | 163/843 kB
Progress (5): 459 kB | 1.3/1.4 MB | 0.5/1.9 MB | 0.3/1.0 MB | 163/843 kB
Progress (5): 459 kB | 1.3/1.4 MB | 0.5/1.9 MB | 0.3/1.0 MB | 163/843 kB
Progress (5): 459 kB | 1.4/1.4 MB | 0.5/1.9 MB | 0.3/1.0 MB | 163/843 kB
Progress (5): 459 kB | 1.4/1.4 MB | 0.5/1.9 MB | 0.3/1.0 MB | 163/843 kB
Progress (5): 459 kB | 1.4/1.4 MB | 0.5/1.9 MB | 0.3/1.0 MB | 163/843 kB
                                                                        
Downloaded from central: https://repo.maven.apache.org/maven2/com/fasterxml/jackson/core/jackson-core/2.14.2/jackson-core-2.14.2.jar (459 kB at 160 kB/s)
Downloading from central: https://repo.maven.apache.org/maven2/org/apache/httpcomponents/core5/httpcore5/5.2.4/httpcore5-5.2.4.jar
Progress (4): 1.4/1.4 MB | 0.5/1.9 MB | 0.3/1.0 MB | 171/843 kB
Progress (4): 1.4/1.4 MB | 0.5/1.9 MB | 0.3/1.0 MB | 179/843 kB
Progress (4): 1.4/1.4 MB | 0.5/1.9 MB | 0.3/1.0 MB | 188/843 kB
Progress (4): 1.4/1.4 MB | 0.5/1.9 MB | 0.3/1.0 MB | 196/843 kB
Progress (4): 1.4/1.4 MB | 0.5/1.9 MB | 0.3/1.0 MB | 204/843 kB
Progress (4): 1.4/1.4 MB | 0.5/1.9 MB | 0.3/1.0 MB | 212/843 kB
Progress (4): 1.4/1.4 MB | 0.5/1.9 MB | 0.3/1.0 MB | 220/843 kB
Progress (4): 1.4/1.4 MB | 0.5/1.9 MB | 0.3/1.0 MB | 229/843 kB
Progress (4): 1.4/1.4 MB | 0.5/1.9 MB | 0.3/1.0 MB | 237/843 kB
Progress (4): 1.4/1.4 MB | 0.5/1.9 MB | 0.3/1.0 MB | 245/843 kB
Progress (4): 1.4/1.4 MB | 0.5/1.9 MB | 0.3/1.0 MB | 253/843 kB
Progress (4): 1.4/1.4 MB | 0.5/1.9 MB | 0.3/1.0 MB | 253/843 kB
Progress (4): 1.4 MB | 0.5/1.9 MB | 0.3/1.0 MB | 253/843 kB    
Progress (4): 1.4 MB | 0.5/1.9 MB | 0.3/1.0 MB | 261/843 kB
Progress (4): 1.4 MB | 0.5/1.9 MB | 0.3/1.0 MB | 270/843 kB
Progress (4): 1.4 MB | 0.5/1.9 MB | 0.3/1.0 MB | 278/843 kB
Progress (4): 1.4 MB | 0.5/1.9 MB | 0.3/1.0 MB | 286/843 kB
Progress (4): 1.4 MB | 0.5/1.9 MB | 0.3/1.0 MB | 294/843 kB
Progress (4): 1.4 MB | 0.5/1.9 MB | 0.3/1.0 MB | 302/843 kB
Progress (4): 1.4 MB | 0.5/1.9 MB | 0.3/1.0 MB | 311/843 kB
Progress (4): 1.4 MB | 0.5/1.9 MB | 0.3/1.0 MB | 319/843 kB
Progress (4): 1.4 MB | 0.5/1.9 MB | 0.3/1.0 MB | 327/843 kB
Progress (4): 1.4 MB | 0.5/1.9 MB | 0.3/1.0 MB | 335/843 kB
Progress (4): 1.4 MB | 0.5/1.9 MB | 0.3/1.0 MB | 343/843 kB
Progress (4): 1.4 MB | 0.5/1.9 MB | 0.3/1.0 MB | 352/843 kB
Progress (4): 1.4 MB | 0.5/1.9 MB | 0.3/1.0 MB | 352/843 kB
Progress (4): 1.4 MB | 0.5/1.9 MB | 0.3/1.0 MB | 352/843 kB
Progress (4): 1.4 MB | 0.5/1.9 MB | 0.3/1.0 MB | 352/843 kB
Progress (4): 1.4 MB | 0.5/1.9 MB | 0.3/1.0 MB | 352/843 kB
Progress (4): 1.4 MB | 0.5/1.9 MB | 0.3/1.0 MB | 352/843 kB
Progress (4): 1.4 MB | 0.5/1.9 MB | 0.3/1.0 MB | 352/843 kB
Progress (4): 1.4 MB | 0.5/1.9 MB | 0.3/1.0 MB | 352/843 kB
Progress (4): 1.4 MB | 0.5/1.9 MB | 0.3/1.0 MB | 352/843 kB
Progress (4): 1.4 MB | 0.5/1.9 MB | 0.4/1.0 MB | 352/843 kB
Progress (4): 1.4 MB | 0.5/1.9 MB | 0.4/1.0 MB | 352/843 kB
Progress (4): 1.4 MB | 0.5/1.9 MB | 0.4/1.0 MB | 352/843 kB
Progress (4): 1.4 MB | 0.5/1.9 MB | 0.4/1.0 MB | 352/843 kB
Progress (4): 1.4 MB | 0.6/1.9 MB | 0.4/1.0 MB | 352/843 kB
Progress (4): 1.4 MB | 0.6/1.9 MB | 0.4/1.0 MB | 352/843 kB
Progress (4): 1.4 MB | 0.6/1.9 MB | 0.4/1.0 MB | 352/843 kB
Progress (4): 1.4 MB | 0.6/1.9 MB | 0.4/1.0 MB | 352/843 kB
Progress (4): 1.4 MB | 0.6/1.9 MB | 0.4/1.0 MB | 352/843 kB
Progress (4): 1.4 MB | 0.6/1.9 MB | 0.4/1.0 MB | 352/843 kB
Progress (4): 1.4 MB | 0.6/1.9 MB | 0.4/1.0 MB | 360/843 kB
Progress (4): 1.4 MB | 0.6/1.9 MB | 0.4/1.0 MB | 368/843 kB
Progress (4): 1.4 MB | 0.6/1.9 MB | 0.4/1.0 MB | 376/843 kB
Progress (4): 1.4 MB | 0.6/1.9 MB | 0.4/1.0 MB | 384/843 kB
Progress (5): 1.4 MB | 0.6/1.9 MB | 0.4/1.0 MB | 384/843 kB | 7.7/855 kB
Progress (5): 1.4 MB | 0.6/1.9 MB | 0.4/1.0 MB | 384/843 kB | 16/855 kB 
Progress (5): 1.4 MB | 0.6/1.9 MB | 0.4/1.0 MB | 384/843 kB | 24/855 kB
Progress (5): 1.4 MB | 0.6/1.9 MB | 0.4/1.0 MB | 384/843 kB | 32/855 kB
Progress (5): 1.4 MB | 0.6/1.9 MB | 0.4/1.0 MB | 384/843 kB | 40/855 kB
Progress (5): 1.4 MB | 0.6/1.9 MB | 0.4/1.0 MB | 384/843 kB | 48/855 kB
Progress (5): 1.4 MB | 0.6/1.9 MB | 0.4/1.0 MB | 392/843 kB | 48/855 kB
Progress (5): 1.4 MB | 0.6/1.9 MB | 0.4/1.0 MB | 401/843 kB | 48/855 kB
Progress (5): 1.4 MB | 0.6/1.9 MB | 0.4/1.0 MB | 409/843 kB | 48/855 kB
Progress (5): 1.4 MB | 0.6/1.9 MB | 0.4/1.0 MB | 417/843 kB | 48/855 kB
Progress (5): 1.4 MB | 0.6/1.9 MB | 0.4/1.0 MB | 425/843 kB | 48/855 kB
Progress (5): 1.4 MB | 0.6/1.9 MB | 0.4/1.0 MB | 433/843 kB | 48/855 kB
Progress (5): 1.4 MB | 0.6/1.9 MB | 0.4/1.0 MB | 442/843 kB | 48/855 kB
Progress (5): 1.4 MB | 0.6/1.9 MB | 0.4/1.0 MB | 450/843 kB | 48/855 kB
Progress (5): 1.4 MB | 0.6/1.9 MB | 0.4/1.0 MB | 458/843 kB | 48/855 kB
Progress (5): 1.4 MB | 0.6/1.9 MB | 0.4/1.0 MB | 466/843 kB | 48/855 kB
Progress (5): 1.4 MB | 0.6/1.9 MB | 0.4/1.0 MB | 474/843 kB | 48/855 kB
Progress (5): 1.4 MB | 0.6/1.9 MB | 0.4/1.0 MB | 483/843 kB | 48/855 kB
Progress (5): 1.4 MB | 0.6/1.9 MB | 0.4/1.0 MB | 491/843 kB | 48/855 kB
Progress (5): 1.4 MB | 0.6/1.9 MB | 0.4/1.0 MB | 499/843 kB | 48/855 kB
                                                                       
Downloaded from central: https://repo.maven.apache.org/maven2/net/java/dev/jna/jna-platform/5.13.0/jna-platform-5.13.0.jar (1.4 MB at 418 kB/s)
Downloading from central: https://repo.maven.apache.org/maven2/org/apache/httpcomponents/core5/httpcore5-h2/5.2.4/httpcore5-h2-5.2.4.jar
Progress (4): 0.6/1.9 MB | 0.4/1.0 MB | 507/843 kB | 48/855 kB
Progress (4): 0.6/1.9 MB | 0.4/1.0 MB | 515/843 kB | 48/855 kB
Progress (4): 0.6/1.9 MB | 0.4/1.0 MB | 524/843 kB | 48/855 kB
Progress (4): 0.6/1.9 MB | 0.4/1.0 MB | 532/843 kB | 48/855 kB
Progress (4): 0.6/1.9 MB | 0.4/1.0 MB | 532/843 kB | 48/855 kB
Progress (4): 0.6/1.9 MB | 0.4/1.0 MB | 532/843 kB | 48/855 kB
Progress (4): 0.6/1.9 MB | 0.4/1.0 MB | 532/843 kB | 48/855 kB
Progress (4): 0.6/1.9 MB | 0.4/1.0 MB | 532/843 kB | 48/855 kB
Progress (4): 0.6/1.9 MB | 0.4/1.0 MB | 532/843 kB | 48/855 kB
Progress (4): 0.6/1.9 MB | 0.4/1.0 MB | 532/843 kB | 48/855 kB
Progress (4): 0.6/1.9 MB | 0.4/1.0 MB | 532/843 kB | 48/855 kB
Progress (4): 0.6/1.9 MB | 0.4/1.0 MB | 532/843 kB | 48/855 kB
Progress (4): 0.6/1.9 MB | 0.4/1.0 MB | 532/843 kB | 48/855 kB
Progress (4): 0.6/1.9 MB | 0.4/1.0 MB | 532/843 kB | 48/855 kB
Progress (4): 0.6/1.9 MB | 0.4/1.0 MB | 532/843 kB | 48/855 kB
Progress (4): 0.6/1.9 MB | 0.4/1.0 MB | 532/843 kB | 48/855 kB
Progress (4): 0.6/1.9 MB | 0.4/1.0 MB | 532/843 kB | 48/855 kB
Progress (4): 0.6/1.9 MB | 0.4/1.0 MB | 532/843 kB | 48/855 kB
Progress (4): 0.6/1.9 MB | 0.4/1.0 MB | 532/843 kB | 48/855 kB
Progress (4): 0.7/1.9 MB | 0.4/1.0 MB | 532/843 kB | 48/855 kB
Progress (4): 0.7/1.9 MB | 0.4/1.0 MB | 532/843 kB | 48/855 kB
Progress (4): 0.7/1.9 MB | 0.4/1.0 MB | 540/843 kB | 48/855 kB
Progress (4): 0.7/1.9 MB | 0.4/1.0 MB | 548/843 kB | 48/855 kB
Progress (4): 0.7/1.9 MB | 0.4/1.0 MB | 556/843 kB | 48/855 kB
Progress (4): 0.7/1.9 MB | 0.4/1.0 MB | 565/843 kB | 48/855 kB
Progress (4): 0.7/1.9 MB | 0.4/1.0 MB | 573/843 kB | 48/855 kB
Progress (4): 0.7/1.9 MB | 0.4/1.0 MB | 581/843 kB | 48/855 kB
Progress (4): 0.7/1.9 MB | 0.4/1.0 MB | 581/843 kB | 57/855 kB
Progress (4): 0.7/1.9 MB | 0.4/1.0 MB | 581/843 kB | 65/855 kB
Progress (4): 0.7/1.9 MB | 0.4/1.0 MB | 581/843 kB | 73/855 kB
Progress (4): 0.7/1.9 MB | 0.4/1.0 MB | 581/843 kB | 81/855 kB
Progress (4): 0.7/1.9 MB | 0.4/1.0 MB | 581/843 kB | 89/855 kB
Progress (4): 0.7/1.9 MB | 0.4/1.0 MB | 581/843 kB | 98/855 kB
Progress (4): 0.7/1.9 MB | 0.4/1.0 MB | 581/843 kB | 106/855 kB
Progress (4): 0.7/1.9 MB | 0.4/1.0 MB | 581/843 kB | 114/855 kB
Progress (4): 0.7/1.9 MB | 0.4/1.0 MB | 589/843 kB | 114/855 kB
Progress (4): 0.7/1.9 MB | 0.4/1.0 MB | 597/843 kB | 114/855 kB
Progress (4): 0.7/1.9 MB | 0.4/1.0 MB | 605/843 kB | 114/855 kB
Progress (4): 0.7/1.9 MB | 0.4/1.0 MB | 614/843 kB | 114/855 kB
Progress (4): 0.7/1.9 MB | 0.4/1.0 MB | 622/843 kB | 114/855 kB
Progress (4): 0.7/1.9 MB | 0.4/1.0 MB | 630/843 kB | 114/855 kB
Progress (4): 0.7/1.9 MB | 0.4/1.0 MB | 638/843 kB | 114/855 kB
Progress (4): 0.7/1.9 MB | 0.4/1.0 MB | 646/843 kB | 114/855 kB
Progress (4): 0.7/1.9 MB | 0.4/1.0 MB | 655/843 kB | 114/855 kB
Progress (4): 0.7/1.9 MB | 0.4/1.0 MB | 663/843 kB | 114/855 kB
Progress (4): 0.7/1.9 MB | 0.4/1.0 MB | 671/843 kB | 114/855 kB
Progress (4): 0.7/1.9 MB | 0.4/1.0 MB | 679/843 kB | 114/855 kB
Progress (4): 0.7/1.9 MB | 0.4/1.0 MB | 679/843 kB | 114/855 kB
Progress (4): 0.7/1.9 MB | 0.4/1.0 MB | 679/843 kB | 114/855 kB
Progress (4): 0.7/1.9 MB | 0.4/1.0 MB | 687/843 kB | 114/855 kB
Progress (4): 0.7/1.9 MB | 0.4/1.0 MB | 696/843 kB | 114/855 kB
Progress (4): 0.7/1.9 MB | 0.4/1.0 MB | 696/843 kB | 114/855 kB
Progress (4): 0.7/1.9 MB | 0.5/1.0 MB | 696/843 kB | 114/855 kB
Progress (4): 0.7/1.9 MB | 0.5/1.0 MB | 704/843 kB | 114/855 kB
Progress (4): 0.7/1.9 MB | 0.5/1.0 MB | 712/843 kB | 114/855 kB
Progress (4): 0.7/1.9 MB | 0.5/1.0 MB | 720/843 kB | 114/855 kB
Progress (4): 0.7/1.9 MB | 0.5/1.0 MB | 728/843 kB | 114/855 kB
Progress (4): 0.7/1.9 MB | 0.5/1.0 MB | 737/843 kB | 114/855 kB
Progress (4): 0.7/1.9 MB | 0.5/1.0 MB | 745/843 kB | 114/855 kB
Progress (4): 0.7/1.9 MB | 0.5/1.0 MB | 745/843 kB | 114/855 kB
Progress (4): 0.7/1.9 MB | 0.5/1.0 MB | 745/843 kB | 114/855 kB
Progress (5): 0.7/1.9 MB | 0.5/1.0 MB | 745/843 kB | 114/855 kB | 4.1/237 kB
Progress (5): 0.7/1.9 MB | 0.5/1.0 MB | 745/843 kB | 114/855 kB | 7.7/237 kB
Progress (5): 0.7/1.9 MB | 0.5/1.0 MB | 745/843 kB | 114/855 kB | 12/237 kB 
Progress (5): 0.7/1.9 MB | 0.5/1.0 MB | 745/843 kB | 114/855 kB | 16/237 kB
Progress (5): 0.7/1.9 MB | 0.5/1.0 MB | 745/843 kB | 114/855 kB | 20/237 kB
Progress (5): 0.7/1.9 MB | 0.5/1.0 MB | 745/843 kB | 114/855 kB | 24/237 kB
Progress (5): 0.7/1.9 MB | 0.5/1.0 MB | 745/843 kB | 114/855 kB | 28/237 kB
Progress (5): 0.7/1.9 MB | 0.5/1.0 MB | 745/843 kB | 114/855 kB | 32/237 kB
Progress (5): 0.7/1.9 MB | 0.5/1.0 MB | 745/843 kB | 114/855 kB | 36/237 kB
Progress (5): 0.7/1.9 MB | 0.5/1.0 MB | 745/843 kB | 114/855 kB | 40/237 kB
Progress (5): 0.7/1.9 MB | 0.5/1.0 MB | 745/843 kB | 114/855 kB | 45/237 kB
Progress (5): 0.7/1.9 MB | 0.5/1.0 MB | 745/843 kB | 114/855 kB | 49/237 kB
Progress (5): 0.7/1.9 MB | 0.5/1.0 MB | 745/843 kB | 114/855 kB | 53/237 kB
Progress (5): 0.7/1.9 MB | 0.5/1.0 MB | 745/843 kB | 114/855 kB | 57/237 kB
Progress (5): 0.7/1.9 MB | 0.5/1.0 MB | 745/843 kB | 114/855 kB | 61/237 kB
Progress (5): 0.7/1.9 MB | 0.5/1.0 MB | 745/843 kB | 114/855 kB | 65/237 kB
Progress (5): 0.7/1.9 MB | 0.5/1.0 MB | 745/843 kB | 114/855 kB | 69/237 kB
Progress (5): 0.7/1.9 MB | 0.5/1.0 MB | 745/843 kB | 114/855 kB | 73/237 kB
Progress (5): 0.7/1.9 MB | 0.5/1.0 MB | 745/843 kB | 114/855 kB | 77/237 kB
Progress (5): 0.7/1.9 MB | 0.5/1.0 MB | 745/843 kB | 114/855 kB | 81/237 kB
Progress (5): 0.7/1.9 MB | 0.5/1.0 MB | 745/843 kB | 114/855 kB | 86/237 kB
Progress (5): 0.7/1.9 MB | 0.5/1.0 MB | 745/843 kB | 114/855 kB | 90/237 kB
Progress (5): 0.7/1.9 MB | 0.5/1.0 MB | 745/843 kB | 114/855 kB | 94/237 kB
Progress (5): 0.7/1.9 MB | 0.5/1.0 MB | 745/843 kB | 114/855 kB | 98/237 kB
Progress (5): 0.7/1.9 MB | 0.5/1.0 MB | 745/843 kB | 114/855 kB | 102/237 kB
Progress (5): 0.7/1.9 MB | 0.5/1.0 MB | 745/843 kB | 114/855 kB | 106/237 kB
Progress (5): 0.7/1.9 MB | 0.5/1.0 MB | 745/843 kB | 114/855 kB | 110/237 kB
Progress (5): 0.7/1.9 MB | 0.5/1.0 MB | 745/843 kB | 114/855 kB | 114/237 kB
Progress (5): 0.7/1.9 MB | 0.5/1.0 MB | 745/843 kB | 114/855 kB | 118/237 kB
Progress (5): 0.7/1.9 MB | 0.5/1.0 MB | 745/843 kB | 114/855 kB | 122/237 kB
Progress (5): 0.7/1.9 MB | 0.5/1.0 MB | 745/843 kB | 114/855 kB | 126/237 kB
Progress (5): 0.7/1.9 MB | 0.5/1.0 MB | 745/843 kB | 114/855 kB | 131/237 kB
Progress (5): 0.7/1.9 MB | 0.5/1.0 MB | 745/843 kB | 114/855 kB | 135/237 kB
Progress (5): 0.7/1.9 MB | 0.5/1.0 MB | 745/843 kB | 114/855 kB | 139/237 kB
Progress (5): 0.7/1.9 MB | 0.5/1.0 MB | 745/843 kB | 114/855 kB | 143/237 kB
Progress (5): 0.7/1.9 MB | 0.5/1.0 MB | 745/843 kB | 114/855 kB | 147/237 kB
Progress (5): 0.7/1.9 MB | 0.5/1.0 MB | 745/843 kB | 114/855 kB | 147/237 kB
Progress (5): 0.7/1.9 MB | 0.5/1.0 MB | 745/843 kB | 114/855 kB | 147/237 kB
Progress (5): 0.7/1.9 MB | 0.5/1.0 MB | 745/843 kB | 114/855 kB | 147/237 kB
Progress (5): 0.7/1.9 MB | 0.5/1.0 MB | 745/843 kB | 114/855 kB | 147/237 kB
Progress (5): 0.7/1.9 MB | 0.5/1.0 MB | 745/843 kB | 114/855 kB | 147/237 kB
Progress (5): 0.7/1.9 MB | 0.5/1.0 MB | 745/843 kB | 114/855 kB | 147/237 kB
Progress (5): 0.7/1.9 MB | 0.5/1.0 MB | 745/843 kB | 114/855 kB | 147/237 kB
Progress (5): 0.7/1.9 MB | 0.5/1.0 MB | 745/843 kB | 114/855 kB | 147/237 kB
Progress (5): 0.7/1.9 MB | 0.5/1.0 MB | 745/843 kB | 114/855 kB | 147/237 kB
Progress (5): 0.7/1.9 MB | 0.5/1.0 MB | 745/843 kB | 114/855 kB | 147/237 kB
Progress (5): 0.7/1.9 MB | 0.5/1.0 MB | 745/843 kB | 114/855 kB | 147/237 kB
Progress (5): 0.7/1.9 MB | 0.5/1.0 MB | 745/843 kB | 114/855 kB | 147/237 kB
Progress (5): 0.8/1.9 MB | 0.5/1.0 MB | 745/843 kB | 114/855 kB | 147/237 kB
Progress (5): 0.8/1.9 MB | 0.5/1.0 MB | 753/843 kB | 114/855 kB | 147/237 kB
Progress (5): 0.8/1.9 MB | 0.5/1.0 MB | 761/843 kB | 114/855 kB | 147/237 kB
Progress (5): 0.8/1.9 MB | 0.5/1.0 MB | 769/843 kB | 114/855 kB | 147/237 kB
Progress (5): 0.8/1.9 MB | 0.5/1.0 MB | 778/843 kB | 114/855 kB | 147/237 kB
Progress (5): 0.8/1.9 MB | 0.5/1.0 MB | 786/843 kB | 114/855 kB | 147/237 kB
Progress (5): 0.8/1.9 MB | 0.5/1.0 MB | 794/843 kB | 114/855 kB | 147/237 kB
Progress (5): 0.8/1.9 MB | 0.5/1.0 MB | 794/843 kB | 114/855 kB | 147/237 kB
Progress (5): 0.8/1.9 MB | 0.5/1.0 MB | 794/843 kB | 114/855 kB | 147/237 kB
Progress (5): 0.8/1.9 MB | 0.5/1.0 MB | 794/843 kB | 122/855 kB | 147/237 kB
Progress (5): 0.8/1.9 MB | 0.5/1.0 MB | 794/843 kB | 130/855 kB | 147/237 kB
Progress (5): 0.8/1.9 MB | 0.5/1.0 MB | 794/843 kB | 139/855 kB | 147/237 kB
Progress (5): 0.8/1.9 MB | 0.5/1.0 MB | 794/843 kB | 147/855 kB | 147/237 kB
Progress (5): 0.8/1.9 MB | 0.5/1.0 MB | 794/843 kB | 155/855 kB | 147/237 kB
Progress (5): 0.8/1.9 MB | 0.5/1.0 MB | 794/843 kB | 163/855 kB | 147/237 kB
Progress (5): 0.8/1.9 MB | 0.5/1.0 MB | 794/843 kB | 171/855 kB | 147/237 kB
Progress (5): 0.8/1.9 MB | 0.5/1.0 MB | 794/843 kB | 179/855 kB | 147/237 kB
Progress (5): 0.8/1.9 MB | 0.5/1.0 MB | 802/843 kB | 179/855 kB | 147/237 kB
Progress (5): 0.8/1.9 MB | 0.5/1.0 MB | 802/843 kB | 188/855 kB | 147/237 kB
Progress (5): 0.8/1.9 MB | 0.5/1.0 MB | 810/843 kB | 188/855 kB | 147/237 kB
Progress (5): 0.8/1.9 MB | 0.5/1.0 MB | 810/843 kB | 196/855 kB | 147/237 kB
Progress (5): 0.8/1.9 MB | 0.5/1.0 MB | 818/843 kB | 196/855 kB | 147/237 kB
Progress (5): 0.8/1.9 MB | 0.5/1.0 MB | 827/843 kB | 196/855 kB | 147/237 kB
Progress (5): 0.8/1.9 MB | 0.5/1.0 MB | 827/843 kB | 196/855 kB | 147/237 kB
Progress (5): 0.8/1.9 MB | 0.5/1.0 MB | 827/843 kB | 196/855 kB | 147/237 kB
Progress (5): 0.8/1.9 MB | 0.5/1.0 MB | 827/843 kB | 196/855 kB | 151/237 kB
Progress (5): 0.8/1.9 MB | 0.5/1.0 MB | 827/843 kB | 196/855 kB | 155/237 kB
Progress (5): 0.8/1.9 MB | 0.5/1.0 MB | 827/843 kB | 196/855 kB | 159/237 kB
Progress (5): 0.8/1.9 MB | 0.5/1.0 MB | 827/843 kB | 196/855 kB | 163/237 kB
Progress (5): 0.8/1.9 MB | 0.5/1.0 MB | 827/843 kB | 196/855 kB | 163/237 kB
Progress (5): 0.8/1.9 MB | 0.5/1.0 MB | 827/843 kB | 196/855 kB | 163/237 kB
Progress (5): 0.8/1.9 MB | 0.5/1.0 MB | 827/843 kB | 196/855 kB | 167/237 kB
Progress (5): 0.8/1.9 MB | 0.5/1.0 MB | 827/843 kB | 196/855 kB | 172/237 kB
Progress (5): 0.8/1.9 MB | 0.5/1.0 MB | 827/843 kB | 196/855 kB | 176/237 kB
Progress (5): 0.8/1.9 MB | 0.5/1.0 MB | 827/843 kB | 196/855 kB | 180/237 kB
Progress (5): 0.8/1.9 MB | 0.5/1.0 MB | 835/843 kB | 196/855 kB | 180/237 kB
Progress (5): 0.8/1.9 MB | 0.5/1.0 MB | 843/843 kB | 196/855 kB | 180/237 kB
Progress (5): 0.8/1.9 MB | 0.5/1.0 MB | 843 kB | 196/855 kB | 180/237 kB    
Progress (5): 0.8/1.9 MB | 0.5/1.0 MB | 843 kB | 196/855 kB | 184/237 kB
Progress (5): 0.8/1.9 MB | 0.5/1.0 MB | 843 kB | 196/855 kB | 188/237 kB
Progress (5): 0.8/1.9 MB | 0.5/1.0 MB | 843 kB | 196/855 kB | 192/237 kB
Progress (5): 0.8/1.9 MB | 0.5/1.0 MB | 843 kB | 196/855 kB | 196/237 kB
Progress (5): 0.8/1.9 MB | 0.5/1.0 MB | 843 kB | 196/855 kB | 200/237 kB
Progress (5): 0.8/1.9 MB | 0.5/1.0 MB | 843 kB | 196/855 kB | 204/237 kB
Progress (5): 0.8/1.9 MB | 0.5/1.0 MB | 843 kB | 196/855 kB | 208/237 kB
Progress (5): 0.8/1.9 MB | 0.5/1.0 MB | 843 kB | 196/855 kB | 213/237 kB
Progress (5): 0.8/1.9 MB | 0.5/1.0 MB | 843 kB | 196/855 kB | 217/237 kB
Progress (5): 0.8/1.9 MB | 0.5/1.0 MB | 843 kB | 196/855 kB | 217/237 kB
Progress (5): 0.8/1.9 MB | 0.5/1.0 MB | 843 kB | 196/855 kB | 217/237 kB
Progress (5): 0.8/1.9 MB | 0.5/1.0 MB | 843 kB | 196/855 kB | 221/237 kB
Progress (5): 0.8/1.9 MB | 0.5/1.0 MB | 843 kB | 196/855 kB | 225/237 kB
Progress (5): 0.8/1.9 MB | 0.5/1.0 MB | 843 kB | 196/855 kB | 229/237 kB
Progress (5): 0.8/1.9 MB | 0.5/1.0 MB | 843 kB | 196/855 kB | 233/237 kB
Progress (5): 0.8/1.9 MB | 0.5/1.0 MB | 843 kB | 196/855 kB | 237/237 kB
Progress (5): 0.8/1.9 MB | 0.5/1.0 MB | 843 kB | 196/855 kB | 237 kB    
Progress (5): 0.8/1.9 MB | 0.5/1.0 MB | 843 kB | 196/855 kB | 237 kB
Progress (5): 0.8/1.9 MB | 0.5/1.0 MB | 843 kB | 196/855 kB | 237 kB
Progress (5): 0.8/1.9 MB | 0.6/1.0 MB | 843 kB | 196/855 kB | 237 kB
Progress (5): 0.8/1.9 MB | 0.6/1.0 MB | 843 kB | 196/855 kB | 237 kB
Progress (5): 0.8/1.9 MB | 0.6/1.0 MB | 843 kB | 196/855 kB | 237 kB
Progress (5): 0.8/1.9 MB | 0.6/1.0 MB | 843 kB | 196/855 kB | 237 kB
Progress (5): 0.8/1.9 MB | 0.6/1.0 MB | 843 kB | 196/855 kB | 237 kB
Progress (5): 0.8/1.9 MB | 0.6/1.0 MB | 843 kB | 196/855 kB | 237 kB
Progress (5): 0.8/1.9 MB | 0.6/1.0 MB | 843 kB | 196/855 kB | 237 kB
Progress (5): 0.8/1.9 MB | 0.6/1.0 MB | 843 kB | 196/855 kB | 237 kB
Progress (5): 0.8/1.9 MB | 0.6/1.0 MB | 843 kB | 196/855 kB | 237 kB
Progress (5): 0.9/1.9 MB | 0.6/1.0 MB | 843 kB | 196/855 kB | 237 kB
Progress (5): 0.9/1.9 MB | 0.6/1.0 MB | 843 kB | 204/855 kB | 237 kB
Progress (5): 0.9/1.9 MB | 0.6/1.0 MB | 843 kB | 212/855 kB | 237 kB
Progress (5): 0.9/1.9 MB | 0.6/1.0 MB | 843 kB | 220/855 kB | 237 kB
Progress (5): 0.9/1.9 MB | 0.6/1.0 MB | 843 kB | 229/855 kB | 237 kB
Progress (5): 0.9/1.9 MB | 0.6/1.0 MB | 843 kB | 237/855 kB | 237 kB
Progress (5): 0.9/1.9 MB | 0.6/1.0 MB | 843 kB | 245/855 kB | 237 kB
Progress (5): 0.9/1.9 MB | 0.6/1.0 MB | 843 kB | 245/855 kB | 237 kB
Progress (5): 0.9/1.9 MB | 0.6/1.0 MB | 843 kB | 245/855 kB | 237 kB
Progress (5): 0.9/1.9 MB | 0.6/1.0 MB | 843 kB | 245/855 kB | 237 kB
Progress (5): 0.9/1.9 MB | 0.6/1.0 MB | 843 kB | 245/855 kB | 237 kB
Progress (5): 0.9/1.9 MB | 0.6/1.0 MB | 843 kB | 253/855 kB | 237 kB
Progress (5): 0.9/1.9 MB | 0.6/1.0 MB | 843 kB | 261/855 kB | 237 kB
Progress (5): 0.9/1.9 MB | 0.6/1.0 MB | 843 kB | 261/855 kB | 237 kB
Progress (5): 0.9/1.9 MB | 0.6/1.0 MB | 843 kB | 261/855 kB | 237 kB
Progress (5): 0.9/1.9 MB | 0.6/1.0 MB | 843 kB | 261/855 kB | 237 kB
Progress (5): 0.9/1.9 MB | 0.6/1.0 MB | 843 kB | 261/855 kB | 237 kB
                                                                    
Downloaded from central: https://repo.maven.apache.org/maven2/org/apache/httpcomponents/client5/httpclient5/5.2.3/httpclient5-5.2.3.jar (843 kB at 204 kB/s)
Downloading from central: https://repo.maven.apache.org/maven2/org/springframework/spring-core/6.0.10/spring-core-6.0.10.jar
Progress (4): 0.9/1.9 MB | 0.6/1.0 MB | 261/855 kB | 237 kB
Progress (4): 0.9/1.9 MB | 0.6/1.0 MB | 261/855 kB | 237 kB
Progress (4): 0.9/1.9 MB | 0.6/1.0 MB | 261/855 kB | 237 kB
Progress (4): 0.9/1.9 MB | 0.6/1.0 MB | 261/855 kB | 237 kB
Progress (4): 0.9/1.9 MB | 0.6/1.0 MB | 261/855 kB | 237 kB
Progress (4): 0.9/1.9 MB | 0.6/1.0 MB | 261/855 kB | 237 kB
Progress (4): 0.9/1.9 MB | 0.6/1.0 MB | 261/855 kB | 237 kB
Progress (4): 0.9/1.9 MB | 0.6/1.0 MB | 261/855 kB | 237 kB
Progress (4): 0.9/1.9 MB | 0.6/1.0 MB | 261/855 kB | 237 kB
Progress (4): 0.9/1.9 MB | 0.6/1.0 MB | 261/855 kB | 237 kB
Progress (4): 0.9/1.9 MB | 0.6/1.0 MB | 261/855 kB | 237 kB
Progress (4): 0.9/1.9 MB | 0.6/1.0 MB | 261/855 kB | 237 kB
                                                           
Downloaded from central: https://repo.maven.apache.org/maven2/org/apache/httpcomponents/core5/httpcore5-h2/5.2.4/httpcore5-h2-5.2.4.jar (237 kB at 57 kB/s)
Downloading from central: https://repo.maven.apache.org/maven2/org/springframework/spring-jcl/6.0.10/spring-jcl-6.0.10.jar
Progress (3): 0.9/1.9 MB | 0.6/1.0 MB | 261/855 kB
Progress (3): 1.0/1.9 MB | 0.6/1.0 MB | 261/855 kB
Progress (3): 1.0/1.9 MB | 0.6/1.0 MB | 270/855 kB
Progress (3): 1.0/1.9 MB | 0.6/1.0 MB | 278/855 kB
Progress (3): 1.0/1.9 MB | 0.6/1.0 MB | 286/855 kB
Progress (3): 1.0/1.9 MB | 0.6/1.0 MB | 294/855 kB
Progress (3): 1.0/1.9 MB | 0.6/1.0 MB | 302/855 kB
Progress (3): 1.0/1.9 MB | 0.6/1.0 MB | 311/855 kB
Progress (3): 1.0/1.9 MB | 0.6/1.0 MB | 319/855 kB
Progress (3): 1.0/1.9 MB | 0.6/1.0 MB | 327/855 kB
Progress (3): 1.0/1.9 MB | 0.7/1.0 MB | 327/855 kB
Progress (3): 1.0/1.9 MB | 0.7/1.0 MB | 327/855 kB
Progress (3): 1.0/1.9 MB | 0.7/1.0 MB | 335/855 kB
Progress (3): 1.0/1.9 MB | 0.7/1.0 MB | 335/855 kB
Progress (3): 1.0/1.9 MB | 0.7/1.0 MB | 343/855 kB
Progress (3): 1.0/1.9 MB | 0.7/1.0 MB | 343/855 kB
Progress (3): 1.0/1.9 MB | 0.7/1.0 MB | 343/855 kB
Progress (3): 1.0/1.9 MB | 0.7/1.0 MB | 343/855 kB
Progress (3): 1.0/1.9 MB | 0.7/1.0 MB | 343/855 kB
Progress (3): 1.0/1.9 MB | 0.7/1.0 MB | 343/855 kB
Progress (3): 1.0/1.9 MB | 0.7/1.0 MB | 343/855 kB
Progress (3): 1.0/1.9 MB | 0.7/1.0 MB | 343/855 kB
Progress (3): 1.0/1.9 MB | 0.7/1.0 MB | 343/855 kB
Progress (3): 1.0/1.9 MB | 0.7/1.0 MB | 343/855 kB
Progress (3): 1.0/1.9 MB | 0.7/1.0 MB | 343/855 kB
Progress (3): 1.0/1.9 MB | 0.7/1.0 MB | 343/855 kB
Progress (3): 1.0/1.9 MB | 0.7/1.0 MB | 343/855 kB
Progress (3): 1.0/1.9 MB | 0.7/1.0 MB | 343/855 kB
Progress (4): 1.0/1.9 MB | 0.7/1.0 MB | 343/855 kB | 0/1.8 MB
Progress (4): 1.0/1.9 MB | 0.7/1.0 MB | 343/855 kB | 0/1.8 MB
Progress (4): 1.0/1.9 MB | 0.7/1.0 MB | 343/855 kB | 0/1.8 MB
Progress (4): 1.0/1.9 MB | 0.7/1.0 MB | 343/855 kB | 0/1.8 MB
Progress (4): 1.0/1.9 MB | 0.7/1.0 MB | 343/855 kB | 0.1/1.8 MB
Progress (4): 1.0/1.9 MB | 0.7/1.0 MB | 343/855 kB | 0.1/1.8 MB
Progress (4): 1.0/1.9 MB | 0.7/1.0 MB | 343/855 kB | 0.1/1.8 MB
Progress (4): 1.0/1.9 MB | 0.7/1.0 MB | 343/855 kB | 0.1/1.8 MB
Progress (4): 1.0/1.9 MB | 0.7/1.0 MB | 343/855 kB | 0.1/1.8 MB
Progress (4): 1.0/1.9 MB | 0.7/1.0 MB | 343/855 kB | 0.1/1.8 MB
Progress (4): 1.0/1.9 MB | 0.7/1.0 MB | 343/855 kB | 0.1/1.8 MB
Progress (4): 1.0/1.9 MB | 0.7/1.0 MB | 343/855 kB | 0.1/1.8 MB
Progress (4): 1.0/1.9 MB | 0.7/1.0 MB | 343/855 kB | 0.1/1.8 MB
Progress (4): 1.0/1.9 MB | 0.7/1.0 MB | 343/855 kB | 0.1/1.8 MB
Progress (4): 1.0/1.9 MB | 0.7/1.0 MB | 343/855 kB | 0.1/1.8 MB
Progress (4): 1.0/1.9 MB | 0.7/1.0 MB | 343/855 kB | 0.1/1.8 MB
Progress (4): 1.0/1.9 MB | 0.7/1.0 MB | 343/855 kB | 0.2/1.8 MB
Progress (4): 1.0/1.9 MB | 0.7/1.0 MB | 343/855 kB | 0.2/1.8 MB
Progress (4): 1.0/1.9 MB | 0.7/1.0 MB | 343/855 kB | 0.2/1.8 MB
Progress (4): 1.0/1.9 MB | 0.7/1.0 MB | 343/855 kB | 0.2/1.8 MB
Progress (4): 1.0/1.9 MB | 0.7/1.0 MB | 343/855 kB | 0.2/1.8 MB
Progress (4): 1.0/1.9 MB | 0.7/1.0 MB | 343/855 kB | 0.2/1.8 MB
Progress (4): 1.0/1.9 MB | 0.7/1.0 MB | 343/855 kB | 0.2/1.8 MB
Progress (4): 1.0/1.9 MB | 0.7/1.0 MB | 343/855 kB | 0.2/1.8 MB
Progress (4): 1.0/1.9 MB | 0.7/1.0 MB | 343/855 kB | 0.2/1.8 MB
Progress (4): 1.0/1.9 MB | 0.7/1.0 MB | 343/855 kB | 0.2/1.8 MB
Progress (4): 1.0/1.9 MB | 0.7/1.0 MB | 343/855 kB | 0.2/1.8 MB
Progress (4): 1.0/1.9 MB | 0.7/1.0 MB | 343/855 kB | 0.2/1.8 MB
Progress (4): 1.0/1.9 MB | 0.7/1.0 MB | 351/855 kB | 0.2/1.8 MB
Progress (4): 1.0/1.9 MB | 0.7/1.0 MB | 360/855 kB | 0.2/1.8 MB
Progress (4): 1.0/1.9 MB | 0.7/1.0 MB | 368/855 kB | 0.2/1.8 MB
Progress (4): 1.0/1.9 MB | 0.7/1.0 MB | 376/855 kB | 0.2/1.8 MB
Progress (4): 1.0/1.9 MB | 0.7/1.0 MB | 384/855 kB | 0.2/1.8 MB
Progress (4): 1.0/1.9 MB | 0.7/1.0 MB | 392/855 kB | 0.2/1.8 MB
Progress (5): 1.0/1.9 MB | 0.7/1.0 MB | 392/855 kB | 0.2/1.8 MB | 4.1/24 kB
Progress (5): 1.0/1.9 MB | 0.7/1.0 MB | 392/855 kB | 0.2/1.8 MB | 7.7/24 kB
Progress (5): 1.0/1.9 MB | 0.7/1.0 MB | 392/855 kB | 0.2/1.8 MB | 12/24 kB 
Progress (5): 1.0/1.9 MB | 0.7/1.0 MB | 392/855 kB | 0.2/1.8 MB | 16/24 kB
Progress (5): 1.0/1.9 MB | 0.7/1.0 MB | 392/855 kB | 0.2/1.8 MB | 20/24 kB
Progress (5): 1.0/1.9 MB | 0.7/1.0 MB | 392/855 kB | 0.2/1.8 MB | 24 kB   
Progress (5): 1.0/1.9 MB | 0.7/1.0 MB | 401/855 kB | 0.2/1.8 MB | 24 kB
Progress (5): 1.0/1.9 MB | 0.7/1.0 MB | 409/855 kB | 0.2/1.8 MB | 24 kB
Progress (5): 1.0/1.9 MB | 0.7/1.0 MB | 409/855 kB | 0.2/1.8 MB | 24 kB
Progress (5): 1.0/1.9 MB | 0.7/1.0 MB | 409/855 kB | 0.2/1.8 MB | 24 kB
Progress (5): 1.0/1.9 MB | 0.8/1.0 MB | 409/855 kB | 0.2/1.8 MB | 24 kB
Progress (5): 1.0/1.9 MB | 0.8/1.0 MB | 409/855 kB | 0.2/1.8 MB | 24 kB
Progress (5): 1.0/1.9 MB | 0.8/1.0 MB | 417/855 kB | 0.2/1.8 MB | 24 kB
Progress (5): 1.0/1.9 MB | 0.8/1.0 MB | 425/855 kB | 0.2/1.8 MB | 24 kB
Progress (5): 1.0/1.9 MB | 0.8/1.0 MB | 425/855 kB | 0.2/1.8 MB | 24 kB
Progress (5): 1.0/1.9 MB | 0.8/1.0 MB | 425/855 kB | 0.2/1.8 MB | 24 kB
Progress (5): 1.1/1.9 MB | 0.8/1.0 MB | 425/855 kB | 0.2/1.8 MB | 24 kB
Progress (5): 1.1/1.9 MB | 0.8/1.0 MB | 425/855 kB | 0.2/1.8 MB | 24 kB
Progress (5): 1.1/1.9 MB | 0.8/1.0 MB | 425/855 kB | 0.2/1.8 MB | 24 kB
Progress (5): 1.1/1.9 MB | 0.8/1.0 MB | 425/855 kB | 0.2/1.8 MB | 24 kB
Progress (5): 1.1/1.9 MB | 0.8/1.0 MB | 425/855 kB | 0.2/1.8 MB | 24 kB
Progress (5): 1.1/1.9 MB | 0.8/1.0 MB | 425/855 kB | 0.2/1.8 MB | 24 kB
Progress (5): 1.1/1.9 MB | 0.8/1.0 MB | 425/855 kB | 0.2/1.8 MB | 24 kB
Progress (5): 1.1/1.9 MB | 0.8/1.0 MB | 425/855 kB | 0.2/1.8 MB | 24 kB
Progress (5): 1.1/1.9 MB | 0.8/1.0 MB | 425/855 kB | 0.2/1.8 MB | 24 kB
Progress (5): 1.1/1.9 MB | 0.8/1.0 MB | 425/855 kB | 0.2/1.8 MB | 24 kB
Progress (5): 1.1/1.9 MB | 0.8/1.0 MB | 425/855 kB | 0.2/1.8 MB | 24 kB
Progress (5): 1.1/1.9 MB | 0.8/1.0 MB | 425/855 kB | 0.2/1.8 MB | 24 kB
Progress (5): 1.1/1.9 MB | 0.8/1.0 MB | 425/855 kB | 0.2/1.8 MB | 24 kB
Progress (5): 1.1/1.9 MB | 0.8/1.0 MB | 425/855 kB | 0.2/1.8 MB | 24 kB
Progress (5): 1.1/1.9 MB | 0.8/1.0 MB | 425/855 kB | 0.3/1.8 MB | 24 kB
Progress (5): 1.1/1.9 MB | 0.8/1.0 MB | 425/855 kB | 0.3/1.8 MB | 24 kB
Progress (5): 1.1/1.9 MB | 0.8/1.0 MB | 425/855 kB | 0.3/1.8 MB | 24 kB
Progress (5): 1.1/1.9 MB | 0.8/1.0 MB | 425/855 kB | 0.3/1.8 MB | 24 kB
Progress (5): 1.1/1.9 MB | 0.8/1.0 MB | 425/855 kB | 0.3/1.8 MB | 24 kB
Progress (5): 1.1/1.9 MB | 0.8/1.0 MB | 425/855 kB | 0.3/1.8 MB | 24 kB
Progress (5): 1.1/1.9 MB | 0.8/1.0 MB | 425/855 kB | 0.3/1.8 MB | 24 kB
Progress (5): 1.1/1.9 MB | 0.8/1.0 MB | 425/855 kB | 0.3/1.8 MB | 24 kB
Progress (5): 1.1/1.9 MB | 0.8/1.0 MB | 425/855 kB | 0.3/1.8 MB | 24 kB
Progress (5): 1.1/1.9 MB | 0.8/1.0 MB | 425/855 kB | 0.3/1.8 MB | 24 kB
Progress (5): 1.1/1.9 MB | 0.8/1.0 MB | 425/855 kB | 0.3/1.8 MB | 24 kB
Progress (5): 1.1/1.9 MB | 0.8/1.0 MB | 425/855 kB | 0.3/1.8 MB | 24 kB
Progress (5): 1.1/1.9 MB | 0.8/1.0 MB | 425/855 kB | 0.4/1.8 MB | 24 kB
Progress (5): 1.1/1.9 MB | 0.8/1.0 MB | 425/855 kB | 0.4/1.8 MB | 24 kB
Progress (5): 1.1/1.9 MB | 0.8/1.0 MB | 425/855 kB | 0.4/1.8 MB | 24 kB
Progress (5): 1.1/1.9 MB | 0.8/1.0 MB | 425/855 kB | 0.4/1.8 MB | 24 kB
Progress (5): 1.1/1.9 MB | 0.8/1.0 MB | 425/855 kB | 0.4/1.8 MB | 24 kB
Progress (5): 1.1/1.9 MB | 0.8/1.0 MB | 425/855 kB | 0.4/1.8 MB | 24 kB
Progress (5): 1.1/1.9 MB | 0.8/1.0 MB | 425/855 kB | 0.4/1.8 MB | 24 kB
Progress (5): 1.1/1.9 MB | 0.8/1.0 MB | 425/855 kB | 0.4/1.8 MB | 24 kB
Progress (5): 1.1/1.9 MB | 0.8/1.0 MB | 425/855 kB | 0.4/1.8 MB | 24 kB
Progress (5): 1.1/1.9 MB | 0.8/1.0 MB | 425/855 kB | 0.4/1.8 MB | 24 kB
Progress (5): 1.1/1.9 MB | 0.8/1.0 MB | 425/855 kB | 0.4/1.8 MB | 24 kB
Progress (5): 1.1/1.9 MB | 0.8/1.0 MB | 425/855 kB | 0.4/1.8 MB | 24 kB
Progress (5): 1.1/1.9 MB | 0.8/1.0 MB | 425/855 kB | 0.4/1.8 MB | 24 kB
Progress (5): 1.1/1.9 MB | 0.8/1.0 MB | 425/855 kB | 0.4/1.8 MB | 24 kB
Progress (5): 1.1/1.9 MB | 0.8/1.0 MB | 425/855 kB | 0.4/1.8 MB | 24 kB
Progress (5): 1.2/1.9 MB | 0.8/1.0 MB | 425/855 kB | 0.4/1.8 MB | 24 kB
Progress (5): 1.2/1.9 MB | 0.8/1.0 MB | 433/855 kB | 0.4/1.8 MB | 24 kB
Progress (5): 1.2/1.9 MB | 0.8/1.0 MB | 442/855 kB | 0.4/1.8 MB | 24 kB
Progress (5): 1.2/1.9 MB | 0.8/1.0 MB | 442/855 kB | 0.4/1.8 MB | 24 kB
Progress (5): 1.2/1.9 MB | 0.8/1.0 MB | 442/855 kB | 0.4/1.8 MB | 24 kB
Progress (5): 1.2/1.9 MB | 0.8/1.0 MB | 442/855 kB | 0.4/1.8 MB | 24 kB
Progress (5): 1.2/1.9 MB | 0.8/1.0 MB | 442/855 kB | 0.4/1.8 MB | 24 kB
Progress (5): 1.2/1.9 MB | 0.8/1.0 MB | 450/855 kB | 0.4/1.8 MB | 24 kB
Progress (5): 1.2/1.9 MB | 0.8/1.0 MB | 458/855 kB | 0.4/1.8 MB | 24 kB
Progress (5): 1.2/1.9 MB | 0.8/1.0 MB | 466/855 kB | 0.4/1.8 MB | 24 kB
Progress (5): 1.2/1.9 MB | 0.8/1.0 MB | 474/855 kB | 0.4/1.8 MB | 24 kB
Progress (5): 1.2/1.9 MB | 0.8/1.0 MB | 474/855 kB | 0.4/1.8 MB | 24 kB
Progress (5): 1.2/1.9 MB | 0.8/1.0 MB | 474/855 kB | 0.4/1.8 MB | 24 kB
Progress (5): 1.2/1.9 MB | 0.8/1.0 MB | 474/855 kB | 0.4/1.8 MB | 24 kB
Progress (5): 1.2/1.9 MB | 0.8/1.0 MB | 474/855 kB | 0.4/1.8 MB | 24 kB
Progress (5): 1.2/1.9 MB | 0.9/1.0 MB | 474/855 kB | 0.4/1.8 MB | 24 kB
Progress (5): 1.2/1.9 MB | 0.9/1.0 MB | 474/855 kB | 0.4/1.8 MB | 24 kB
Progress (5): 1.2/1.9 MB | 0.9/1.0 MB | 474/855 kB | 0.4/1.8 MB | 24 kB
Progress (5): 1.2/1.9 MB | 0.9/1.0 MB | 474/855 kB | 0.4/1.8 MB | 24 kB
Progress (5): 1.2/1.9 MB | 0.9/1.0 MB | 483/855 kB | 0.4/1.8 MB | 24 kB
Progress (5): 1.2/1.9 MB | 0.9/1.0 MB | 491/855 kB | 0.4/1.8 MB | 24 kB
Progress (5): 1.2/1.9 MB | 0.9/1.0 MB | 491/855 kB | 0.4/1.8 MB | 24 kB
Progress (5): 1.2/1.9 MB | 0.9/1.0 MB | 491/855 kB | 0.4/1.8 MB | 24 kB
Progress (5): 1.2/1.9 MB | 0.9/1.0 MB | 499/855 kB | 0.4/1.8 MB | 24 kB
Progress (5): 1.2/1.9 MB | 0.9/1.0 MB | 507/855 kB | 0.4/1.8 MB | 24 kB
Progress (5): 1.2/1.9 MB | 0.9/1.0 MB | 515/855 kB | 0.4/1.8 MB | 24 kB
Progress (5): 1.2/1.9 MB | 0.9/1.0 MB | 524/855 kB | 0.4/1.8 MB | 24 kB
Progress (5): 1.2/1.9 MB | 0.9/1.0 MB | 524/855 kB | 0.4/1.8 MB | 24 kB
Progress (5): 1.2/1.9 MB | 0.9/1.0 MB | 524/855 kB | 0.4/1.8 MB | 24 kB
Progress (5): 1.2/1.9 MB | 0.9/1.0 MB | 524/855 kB | 0.4/1.8 MB | 24 kB
Progress (5): 1.2/1.9 MB | 0.9/1.0 MB | 524/855 kB | 0.4/1.8 MB | 24 kB
                                                                       
Downloaded from central: https://repo.maven.apache.org/maven2/org/springframework/spring-jcl/6.0.10/spring-jcl-6.0.10.jar (24 kB at 5.1 kB/s)
Downloading from central: https://repo.maven.apache.org/maven2/org/tomlj/tomlj/1.0.0/tomlj-1.0.0.jar
Progress (4): 1.2/1.9 MB | 0.9/1.0 MB | 524/855 kB | 0.4/1.8 MB
Progress (4): 1.2/1.9 MB | 0.9/1.0 MB | 524/855 kB | 0.4/1.8 MB
Progress (4): 1.2/1.9 MB | 0.9/1.0 MB | 524/855 kB | 0.5/1.8 MB
Progress (4): 1.2/1.9 MB | 0.9/1.0 MB | 524/855 kB | 0.5/1.8 MB
Progress (4): 1.2/1.9 MB | 0.9/1.0 MB | 524/855 kB | 0.5/1.8 MB
Progress (4): 1.2/1.9 MB | 0.9/1.0 MB | 524/855 kB | 0.5/1.8 MB
Progress (4): 1.2/1.9 MB | 0.9/1.0 MB | 524/855 kB | 0.5/1.8 MB
Progress (4): 1.2/1.9 MB | 0.9/1.0 MB | 524/855 kB | 0.5/1.8 MB
Progress (4): 1.2/1.9 MB | 0.9/1.0 MB | 524/855 kB | 0.5/1.8 MB
Progress (4): 1.2/1.9 MB | 0.9/1.0 MB | 524/855 kB | 0.5/1.8 MB
Progress (4): 1.2/1.9 MB | 0.9/1.0 MB | 524/855 kB | 0.5/1.8 MB
Progress (4): 1.2/1.9 MB | 0.9/1.0 MB | 524/855 kB | 0.5/1.8 MB
Progress (4): 1.2/1.9 MB | 0.9/1.0 MB | 524/855 kB | 0.5/1.8 MB
Progress (4): 1.2/1.9 MB | 0.9/1.0 MB | 524/855 kB | 0.5/1.8 MB
Progress (4): 1.2/1.9 MB | 0.9/1.0 MB | 524/855 kB | 0.5/1.8 MB
Progress (4): 1.2/1.9 MB | 0.9/1.0 MB | 524/855 kB | 0.5/1.8 MB
Progress (4): 1.2/1.9 MB | 0.9/1.0 MB | 524/855 kB | 0.5/1.8 MB
Progress (4): 1.2/1.9 MB | 0.9/1.0 MB | 524/855 kB | 0.6/1.8 MB
Progress (4): 1.2/1.9 MB | 0.9/1.0 MB | 524/855 kB | 0.6/1.8 MB
Progress (4): 1.2/1.9 MB | 0.9/1.0 MB | 524/855 kB | 0.6/1.8 MB
Progress (4): 1.2/1.9 MB | 0.9/1.0 MB | 524/855 kB | 0.6/1.8 MB
Progress (4): 1.2/1.9 MB | 0.9/1.0 MB | 524/855 kB | 0.6/1.8 MB
Progress (4): 1.2/1.9 MB | 0.9/1.0 MB | 524/855 kB | 0.6/1.8 MB
Progress (4): 1.2/1.9 MB | 0.9/1.0 MB | 524/855 kB | 0.6/1.8 MB
Progress (4): 1.2/1.9 MB | 0.9/1.0 MB | 524/855 kB | 0.6/1.8 MB
Progress (4): 1.2/1.9 MB | 0.9/1.0 MB | 524/855 kB | 0.6/1.8 MB
Progress (4): 1.2/1.9 MB | 0.9/1.0 MB | 524/855 kB | 0.6/1.8 MB
Progress (4): 1.2/1.9 MB | 0.9/1.0 MB | 524/855 kB | 0.6/1.8 MB
Progress (4): 1.2/1.9 MB | 0.9/1.0 MB | 524/855 kB | 0.6/1.8 MB
Progress (4): 1.2/1.9 MB | 0.9/1.0 MB | 524/855 kB | 0.6/1.8 MB
Progress (4): 1.2/1.9 MB | 0.9/1.0 MB | 524/855 kB | 0.6/1.8 MB
Progress (4): 1.2/1.9 MB | 0.9/1.0 MB | 524/855 kB | 0.7/1.8 MB
Progress (4): 1.2/1.9 MB | 0.9/1.0 MB | 524/855 kB | 0.7/1.8 MB
Progress (4): 1.2/1.9 MB | 0.9/1.0 MB | 524/855 kB | 0.7/1.8 MB
Progress (4): 1.2/1.9 MB | 0.9/1.0 MB | 524/855 kB | 0.7/1.8 MB
Progress (4): 1.2/1.9 MB | 0.9/1.0 MB | 524/855 kB | 0.7/1.8 MB
Progress (4): 1.2/1.9 MB | 0.9/1.0 MB | 524/855 kB | 0.7/1.8 MB
Progress (4): 1.2/1.9 MB | 0.9/1.0 MB | 524/855 kB | 0.7/1.8 MB
Progress (4): 1.3/1.9 MB | 0.9/1.0 MB | 524/855 kB | 0.7/1.8 MB
Progress (4): 1.3/1.9 MB | 0.9/1.0 MB | 524/855 kB | 0.7/1.8 MB
Progress (4): 1.3/1.9 MB | 0.9/1.0 MB | 532/855 kB | 0.7/1.8 MB
Progress (4): 1.3/1.9 MB | 0.9/1.0 MB | 540/855 kB | 0.7/1.8 MB
Progress (4): 1.3/1.9 MB | 0.9/1.0 MB | 548/855 kB | 0.7/1.8 MB
Progress (4): 1.3/1.9 MB | 0.9/1.0 MB | 556/855 kB | 0.7/1.8 MB
Progress (4): 1.3/1.9 MB | 0.9/1.0 MB | 556/855 kB | 0.7/1.8 MB
Progress (4): 1.3/1.9 MB | 0.9/1.0 MB | 556/855 kB | 0.7/1.8 MB
Progress (4): 1.3/1.9 MB | 0.9/1.0 MB | 556/855 kB | 0.7/1.8 MB
Progress (4): 1.3/1.9 MB | 0.9/1.0 MB | 556/855 kB | 0.7/1.8 MB
Progress (4): 1.3/1.9 MB | 1.0/1.0 MB | 556/855 kB | 0.7/1.8 MB
Progress (4): 1.3/1.9 MB | 1.0/1.0 MB | 556/855 kB | 0.7/1.8 MB
Progress (4): 1.3/1.9 MB | 1.0/1.0 MB | 564/855 kB | 0.7/1.8 MB
Progress (4): 1.3/1.9 MB | 1.0/1.0 MB | 573/855 kB | 0.7/1.8 MB
Progress (4): 1.3/1.9 MB | 1.0/1.0 MB | 573/855 kB | 0.7/1.8 MB
Progress (4): 1.3/1.9 MB | 1.0/1.0 MB | 573/855 kB | 0.7/1.8 MB
Progress (4): 1.3/1.9 MB | 1.0/1.0 MB | 581/855 kB | 0.7/1.8 MB
Progress (4): 1.3/1.9 MB | 1.0/1.0 MB | 589/855 kB | 0.7/1.8 MB
Progress (4): 1.3/1.9 MB | 1.0/1.0 MB | 589/855 kB | 0.7/1.8 MB
Progress (4): 1.3/1.9 MB | 1.0/1.0 MB | 589/855 kB | 0.7/1.8 MB
Progress (4): 1.3/1.9 MB | 1.0/1.0 MB | 589/855 kB | 0.7/1.8 MB
Progress (4): 1.3/1.9 MB | 1.0/1.0 MB | 589/855 kB | 0.7/1.8 MB
Progress (4): 1.3/1.9 MB | 1.0/1.0 MB | 589/855 kB | 0.7/1.8 MB
Progress (4): 1.3/1.9 MB | 1.0/1.0 MB | 597/855 kB | 0.7/1.8 MB
Progress (4): 1.3/1.9 MB | 1.0/1.0 MB | 605/855 kB | 0.7/1.8 MB
Progress (4): 1.3/1.9 MB | 1.0/1.0 MB | 605/855 kB | 0.7/1.8 MB
Progress (4): 1.3/1.9 MB | 1.0/1.0 MB | 605/855 kB | 0.7/1.8 MB
Progress (4): 1.3/1.9 MB | 1.0/1.0 MB | 605/855 kB | 0.7/1.8 MB
Progress (4): 1.3/1.9 MB | 1.0/1.0 MB | 605/855 kB | 0.7/1.8 MB
Progress (4): 1.3/1.9 MB | 1.0/1.0 MB | 605/855 kB | 0.7/1.8 MB
Progress (4): 1.3/1.9 MB | 1.0/1.0 MB | 605/855 kB | 0.7/1.8 MB
Progress (4): 1.3/1.9 MB | 1.0/1.0 MB | 605/855 kB | 0.7/1.8 MB
Progress (4): 1.3/1.9 MB | 1.0/1.0 MB | 605/855 kB | 0.7/1.8 MB
Progress (4): 1.3/1.9 MB | 1.0/1.0 MB | 605/855 kB | 0.7/1.8 MB
Progress (4): 1.3/1.9 MB | 1.0/1.0 MB | 605/855 kB | 0.7/1.8 MB
Progress (5): 1.3/1.9 MB | 1.0/1.0 MB | 605/855 kB | 0.7/1.8 MB | 4.1/157 kB
Progress (5): 1.3/1.9 MB | 1.0/1.0 MB | 605/855 kB | 0.7/1.8 MB | 7.7/157 kB
Progress (5): 1.3/1.9 MB | 1.0/1.0 MB | 605/855 kB | 0.7/1.8 MB | 12/157 kB 
Progress (5): 1.3/1.9 MB | 1.0/1.0 MB | 605/855 kB | 0.7/1.8 MB | 16/157 kB
Progress (5): 1.3/1.9 MB | 1.0/1.0 MB | 605/855 kB | 0.7/1.8 MB | 20/157 kB
Progress (5): 1.3/1.9 MB | 1.0/1.0 MB | 605/855 kB | 0.7/1.8 MB | 24/157 kB
Progress (5): 1.3/1.9 MB | 1.0/1.0 MB | 605/855 kB | 0.7/1.8 MB | 28/157 kB
Progress (5): 1.3/1.9 MB | 1.0/1.0 MB | 605/855 kB | 0.7/1.8 MB | 32/157 kB
Progress (5): 1.3/1.9 MB | 1.0/1.0 MB | 605/855 kB | 0.7/1.8 MB | 36/157 kB
Progress (5): 1.3/1.9 MB | 1.0/1.0 MB | 605/855 kB | 0.7/1.8 MB | 40/157 kB
Progress (5): 1.3/1.9 MB | 1.0/1.0 MB | 605/855 kB | 0.7/1.8 MB | 45/157 kB
Progress (5): 1.3/1.9 MB | 1.0/1.0 MB | 605/855 kB | 0.7/1.8 MB | 49/157 kB
Progress (5): 1.3/1.9 MB | 1.0/1.0 MB | 605/855 kB | 0.7/1.8 MB | 53/157 kB
Progress (5): 1.3/1.9 MB | 1.0/1.0 MB | 605/855 kB | 0.7/1.8 MB | 57/157 kB
Progress (5): 1.3/1.9 MB | 1.0/1.0 MB | 605/855 kB | 0.7/1.8 MB | 61/157 kB
Progress (5): 1.3/1.9 MB | 1.0/1.0 MB | 605/855 kB | 0.7/1.8 MB | 65/157 kB
Progress (5): 1.3/1.9 MB | 1.0/1.0 MB | 605/855 kB | 0.7/1.8 MB | 69/157 kB
Progress (5): 1.3/1.9 MB | 1.0/1.0 MB | 605/855 kB | 0.7/1.8 MB | 73/157 kB
Progress (5): 1.3/1.9 MB | 1.0/1.0 MB | 605/855 kB | 0.7/1.8 MB | 77/157 kB
Progress (5): 1.3/1.9 MB | 1.0/1.0 MB | 605/855 kB | 0.7/1.8 MB | 81/157 kB
Progress (5): 1.3/1.9 MB | 1.0/1.0 MB | 605/855 kB | 0.7/1.8 MB | 86/157 kB
Progress (5): 1.3/1.9 MB | 1.0/1.0 MB | 605/855 kB | 0.7/1.8 MB | 90/157 kB
Progress (5): 1.3/1.9 MB | 1.0/1.0 MB | 605/855 kB | 0.7/1.8 MB | 94/157 kB
Progress (5): 1.3/1.9 MB | 1.0/1.0 MB | 605/855 kB | 0.7/1.8 MB | 98/157 kB
Progress (5): 1.3/1.9 MB | 1.0/1.0 MB | 605/855 kB | 0.7/1.8 MB | 102/157 kB
Progress (5): 1.3/1.9 MB | 1.0/1.0 MB | 605/855 kB | 0.7/1.8 MB | 106/157 kB
Progress (5): 1.3/1.9 MB | 1.0/1.0 MB | 605/855 kB | 0.7/1.8 MB | 110/157 kB
Progress (5): 1.3/1.9 MB | 1.0/1.0 MB | 605/855 kB | 0.7/1.8 MB | 114/157 kB
Progress (5): 1.3/1.9 MB | 1.0/1.0 MB | 605/855 kB | 0.7/1.8 MB | 118/157 kB
Progress (5): 1.3/1.9 MB | 1.0/1.0 MB | 605/855 kB | 0.7/1.8 MB | 122/157 kB
Progress (5): 1.3/1.9 MB | 1.0/1.0 MB | 605/855 kB | 0.7/1.8 MB | 126/157 kB
Progress (5): 1.3/1.9 MB | 1.0/1.0 MB | 605/855 kB | 0.7/1.8 MB | 131/157 kB
Progress (5): 1.3/1.9 MB | 1.0/1.0 MB | 605/855 kB | 0.7/1.8 MB | 135/157 kB
Progress (5): 1.3/1.9 MB | 1.0/1.0 MB | 605/855 kB | 0.7/1.8 MB | 139/157 kB
Progress (5): 1.3/1.9 MB | 1.0/1.0 MB | 605/855 kB | 0.7/1.8 MB | 143/157 kB
Progress (5): 1.3/1.9 MB | 1.0/1.0 MB | 605/855 kB | 0.7/1.8 MB | 147/157 kB
Progress (5): 1.3/1.9 MB | 1.0/1.0 MB | 605/855 kB | 0.7/1.8 MB | 151/157 kB
Progress (5): 1.3/1.9 MB | 1.0/1.0 MB | 605/855 kB | 0.7/1.8 MB | 155/157 kB
Progress (5): 1.3/1.9 MB | 1.0/1.0 MB | 605/855 kB | 0.7/1.8 MB | 157 kB    
Progress (5): 1.3/1.9 MB | 1.0/1.0 MB | 605/855 kB | 0.7/1.8 MB | 157 kB
Progress (5): 1.3/1.9 MB | 1.0/1.0 MB | 605/855 kB | 0.8/1.8 MB | 157 kB
Progress (5): 1.3/1.9 MB | 1.0/1.0 MB | 605/855 kB | 0.8/1.8 MB | 157 kB
Progress (5): 1.3/1.9 MB | 1.0/1.0 MB | 605/855 kB | 0.8/1.8 MB | 157 kB
Progress (5): 1.3/1.9 MB | 1.0/1.0 MB | 605/855 kB | 0.8/1.8 MB | 157 kB
Progress (5): 1.3/1.9 MB | 1.0/1.0 MB | 605/855 kB | 0.8/1.8 MB | 157 kB
Progress (5): 1.3/1.9 MB | 1.0/1.0 MB | 605/855 kB | 0.8/1.8 MB | 157 kB
Progress (5): 1.3/1.9 MB | 1.0/1.0 MB | 605/855 kB | 0.8/1.8 MB | 157 kB
Progress (5): 1.3/1.9 MB | 1.0/1.0 MB | 605/855 kB | 0.8/1.8 MB | 157 kB
Progress (5): 1.3/1.9 MB | 1.0/1.0 MB | 605/855 kB | 0.8/1.8 MB | 157 kB
Progress (5): 1.3/1.9 MB | 1.0/1.0 MB | 605/855 kB | 0.8/1.8 MB | 157 kB
Progress (5): 1.3/1.9 MB | 1.0/1.0 MB | 605/855 kB | 0.8/1.8 MB | 157 kB
Progress (5): 1.3/1.9 MB | 1.0/1.0 MB | 605/855 kB | 0.8/1.8 MB | 157 kB
Progress (5): 1.3/1.9 MB | 1.0/1.0 MB | 605/855 kB | 0.9/1.8 MB | 157 kB
Progress (5): 1.3/1.9 MB | 1.0/1.0 MB | 605/855 kB | 0.9/1.8 MB | 157 kB
Progress (5): 1.3/1.9 MB | 1.0/1.0 MB | 605/855 kB | 0.9/1.8 MB | 157 kB
Progress (5): 1.3/1.9 MB | 1.0/1.0 MB | 605/855 kB | 0.9/1.8 MB | 157 kB
Progress (5): 1.3/1.9 MB | 1.0/1.0 MB | 605/855 kB | 0.9/1.8 MB | 157 kB
Progress (5): 1.3/1.9 MB | 1.0/1.0 MB | 605/855 kB | 0.9/1.8 MB | 157 kB
Progress (5): 1.3/1.9 MB | 1.0/1.0 MB | 605/855 kB | 0.9/1.8 MB | 157 kB
Progress (5): 1.3/1.9 MB | 1.0/1.0 MB | 605/855 kB | 0.9/1.8 MB | 157 kB
Progress (5): 1.3/1.9 MB | 1.0/1.0 MB | 605/855 kB | 0.9/1.8 MB | 157 kB
Progress (5): 1.3/1.9 MB | 1.0/1.0 MB | 605/855 kB | 0.9/1.8 MB | 157 kB
Progress (5): 1.3/1.9 MB | 1.0/1.0 MB | 605/855 kB | 0.9/1.8 MB | 157 kB
Progress (5): 1.3/1.9 MB | 1.0/1.0 MB | 605/855 kB | 0.9/1.8 MB | 157 kB
Progress (5): 1.3/1.9 MB | 1.0/1.0 MB | 605/855 kB | 0.9/1.8 MB | 157 kB
Progress (5): 1.4/1.9 MB | 1.0/1.0 MB | 605/855 kB | 0.9/1.8 MB | 157 kB
Progress (5): 1.4/1.9 MB | 1.0/1.0 MB | 605/855 kB | 0.9/1.8 MB | 157 kB
Progress (5): 1.4/1.9 MB | 1.0/1.0 MB | 605/855 kB | 0.9/1.8 MB | 157 kB
Progress (5): 1.4/1.9 MB | 1.0/1.0 MB | 605/855 kB | 0.9/1.8 MB | 157 kB
Progress (5): 1.4/1.9 MB | 1.0/1.0 MB | 614/855 kB | 0.9/1.8 MB | 157 kB
Progress (5): 1.4/1.9 MB | 1.0/1.0 MB | 614/855 kB | 0.9/1.8 MB | 157 kB
Progress (5): 1.4/1.9 MB | 1.0/1.0 MB | 622/855 kB | 0.9/1.8 MB | 157 kB
Progress (5): 1.4/1.9 MB | 1.0/1.0 MB | 622/855 kB | 0.9/1.8 MB | 157 kB
Progress (5): 1.4/1.9 MB | 1.0/1.0 MB | 630/855 kB | 0.9/1.8 MB | 157 kB
Progress (5): 1.4/1.9 MB | 1.0/1.0 MB | 638/855 kB | 0.9/1.8 MB | 157 kB
Progress (5): 1.4/1.9 MB | 1.0/1.0 MB | 638/855 kB | 0.9/1.8 MB | 157 kB
Progress (5): 1.4/1.9 MB | 1.0/1.0 MB | 638/855 kB | 0.9/1.8 MB | 157 kB
Progress (5): 1.4/1.9 MB | 1.0/1.0 MB | 646/855 kB | 0.9/1.8 MB | 157 kB
Progress (5): 1.4/1.9 MB | 1.0/1.0 MB | 655/855 kB | 0.9/1.8 MB | 157 kB
Progress (5): 1.4/1.9 MB | 1.0/1.0 MB | 663/855 kB | 0.9/1.8 MB | 157 kB
Progress (5): 1.4/1.9 MB | 1.0/1.0 MB | 671/855 kB | 0.9/1.8 MB | 157 kB
Progress (5): 1.4/1.9 MB | 1.0/1.0 MB | 671/855 kB | 0.9/1.8 MB | 157 kB
Progress (5): 1.4/1.9 MB | 1.0 MB | 671/855 kB | 0.9/1.8 MB | 157 kB    
Progress (5): 1.4/1.9 MB | 1.0 MB | 679/855 kB | 0.9/1.8 MB | 157 kB
Progress (5): 1.4/1.9 MB | 1.0 MB | 687/855 kB | 0.9/1.8 MB | 157 kB
Progress (5): 1.4/1.9 MB | 1.0 MB | 687/855 kB | 0.9/1.8 MB | 157 kB
Progress (5): 1.4/1.9 MB | 1.0 MB | 687/855 kB | 1.0/1.8 MB | 157 kB
Progress (5): 1.4/1.9 MB | 1.0 MB | 687/855 kB | 1.0/1.8 MB | 157 kB
Progress (5): 1.4/1.9 MB | 1.0 MB | 696/855 kB | 1.0/1.8 MB | 157 kB
Progress (5): 1.4/1.9 MB | 1.0 MB | 704/855 kB | 1.0/1.8 MB | 157 kB
Progress (5): 1.4/1.9 MB | 1.0 MB | 704/855 kB | 1.0/1.8 MB | 157 kB
Progress (5): 1.4/1.9 MB | 1.0 MB | 704/855 kB | 1.0/1.8 MB | 157 kB
Progress (5): 1.4/1.9 MB | 1.0 MB | 704/855 kB | 1.0/1.8 MB | 157 kB
Progress (5): 1.4/1.9 MB | 1.0 MB | 704/855 kB | 1.0/1.8 MB | 157 kB
Progress (5): 1.4/1.9 MB | 1.0 MB | 704/855 kB | 1.0/1.8 MB | 157 kB
Progress (5): 1.4/1.9 MB | 1.0 MB | 704/855 kB | 1.0/1.8 MB | 157 kB
Progress (5): 1.4/1.9 MB | 1.0 MB | 704/855 kB | 1.0/1.8 MB | 157 kB
Progress (5): 1.4/1.9 MB | 1.0 MB | 704/855 kB | 1.0/1.8 MB | 157 kB
Progress (5): 1.4/1.9 MB | 1.0 MB | 704/855 kB | 1.0/1.8 MB | 157 kB
Progress (5): 1.4/1.9 MB | 1.0 MB | 704/855 kB | 1.0/1.8 MB | 157 kB
Progress (5): 1.4/1.9 MB | 1.0 MB | 704/855 kB | 1.0/1.8 MB | 157 kB
Progress (5): 1.5/1.9 MB | 1.0 MB | 704/855 kB | 1.0/1.8 MB | 157 kB
Progress (5): 1.5/1.9 MB | 1.0 MB | 704/855 kB | 1.0/1.8 MB | 157 kB
                                                                    
Downloaded from central: https://repo.maven.apache.org/maven2/org/tomlj/tomlj/1.0.0/tomlj-1.0.0.jar (157 kB at 29 kB/s)
Progress (4): 1.5/1.9 MB | 1.0 MB | 704/855 kB | 1.0/1.8 MB
                                                           
Downloading from central: https://repo.maven.apache.org/maven2/org/antlr/antlr4-runtime/4.7.2/antlr4-runtime-4.7.2.jar
Progress (4): 1.5/1.9 MB | 1.0 MB | 704/855 kB | 1.0/1.8 MB
Progress (4): 1.5/1.9 MB | 1.0 MB | 704/855 kB | 1.0/1.8 MB
Progress (4): 1.5/1.9 MB | 1.0 MB | 704/855 kB | 1.0/1.8 MB
Progress (4): 1.5/1.9 MB | 1.0 MB | 704/855 kB | 1.0/1.8 MB
Progress (4): 1.5/1.9 MB | 1.0 MB | 704/855 kB | 1.1/1.8 MB
Progress (4): 1.5/1.9 MB | 1.0 MB | 704/855 kB | 1.1/1.8 MB
Progress (4): 1.5/1.9 MB | 1.0 MB | 704/855 kB | 1.1/1.8 MB
Progress (4): 1.5/1.9 MB | 1.0 MB | 704/855 kB | 1.1/1.8 MB
Progress (4): 1.5/1.9 MB | 1.0 MB | 704/855 kB | 1.1/1.8 MB
Progress (4): 1.5/1.9 MB | 1.0 MB | 704/855 kB | 1.1/1.8 MB
Progress (4): 1.5/1.9 MB | 1.0 MB | 704/855 kB | 1.1/1.8 MB
Progress (4): 1.5/1.9 MB | 1.0 MB | 704/855 kB | 1.1/1.8 MB
Progress (4): 1.5/1.9 MB | 1.0 MB | 704/855 kB | 1.1/1.8 MB
Progress (4): 1.5/1.9 MB | 1.0 MB | 704/855 kB | 1.1/1.8 MB
Progress (4): 1.5/1.9 MB | 1.0 MB | 704/855 kB | 1.1/1.8 MB
Progress (4): 1.5/1.9 MB | 1.0 MB | 704/855 kB | 1.2/1.8 MB
Progress (4): 1.5/1.9 MB | 1.0 MB | 704/855 kB | 1.2/1.8 MB
Progress (4): 1.5/1.9 MB | 1.0 MB | 704/855 kB | 1.2/1.8 MB
Progress (4): 1.5/1.9 MB | 1.0 MB | 704/855 kB | 1.2/1.8 MB
Progress (4): 1.5/1.9 MB | 1.0 MB | 704/855 kB | 1.2/1.8 MB
Progress (4): 1.5/1.9 MB | 1.0 MB | 704/855 kB | 1.2/1.8 MB
Progress (4): 1.5/1.9 MB | 1.0 MB | 704/855 kB | 1.2/1.8 MB
Progress (4): 1.5/1.9 MB | 1.0 MB | 704/855 kB | 1.2/1.8 MB
Progress (4): 1.5/1.9 MB | 1.0 MB | 704/855 kB | 1.2/1.8 MB
Progress (4): 1.5/1.9 MB | 1.0 MB | 704/855 kB | 1.2/1.8 MB
Progress (4): 1.5/1.9 MB | 1.0 MB | 712/855 kB | 1.2/1.8 MB
Progress (4): 1.5/1.9 MB | 1.0 MB | 720/855 kB | 1.2/1.8 MB
Progress (4): 1.5/1.9 MB | 1.0 MB | 728/855 kB | 1.2/1.8 MB
Progress (4): 1.5/1.9 MB | 1.0 MB | 737/855 kB | 1.2/1.8 MB
Progress (4): 1.5/1.9 MB | 1.0 MB | 745/855 kB | 1.2/1.8 MB
Progress (4): 1.5/1.9 MB | 1.0 MB | 753/855 kB | 1.2/1.8 MB
Progress (4): 1.5/1.9 MB | 1.0 MB | 753/855 kB | 1.2/1.8 MB
Progress (4): 1.5/1.9 MB | 1.0 MB | 753/855 kB | 1.2/1.8 MB
Progress (4): 1.5/1.9 MB | 1.0 MB | 761/855 kB | 1.2/1.8 MB
Progress (4): 1.5/1.9 MB | 1.0 MB | 769/855 kB | 1.2/1.8 MB
Progress (4): 1.5/1.9 MB | 1.0 MB | 777/855 kB | 1.2/1.8 MB
Progress (4): 1.5/1.9 MB | 1.0 MB | 786/855 kB | 1.2/1.8 MB
                                                           
Downloaded from central: https://repo.maven.apache.org/maven2/org/apache/commons/commons-compress/1.21/commons-compress-1.21.jar (1.0 MB at 182 kB/s)
Downloading from central: https://repo.maven.apache.org/maven2/com/google/code/findbugs/jsr305/3.0.2/jsr305-3.0.2.jar
Progress (3): 1.5/1.9 MB | 786/855 kB | 1.2/1.8 MB
Progress (3): 1.5/1.9 MB | 786/855 kB | 1.2/1.8 MB
Progress (3): 1.5/1.9 MB | 786/855 kB | 1.2/1.8 MB
Progress (3): 1.5/1.9 MB | 786/855 kB | 1.2/1.8 MB
Progress (3): 1.5/1.9 MB | 786/855 kB | 1.2/1.8 MB
Progress (3): 1.5/1.9 MB | 786/855 kB | 1.2/1.8 MB
Progress (3): 1.5/1.9 MB | 786/855 kB | 1.2/1.8 MB
Progress (3): 1.5/1.9 MB | 786/855 kB | 1.2/1.8 MB
Progress (3): 1.5/1.9 MB | 786/855 kB | 1.2/1.8 MB
Progress (3): 1.5/1.9 MB | 786/855 kB | 1.2/1.8 MB
Progress (3): 1.5/1.9 MB | 786/855 kB | 1.2/1.8 MB
Progress (3): 1.6/1.9 MB | 786/855 kB | 1.2/1.8 MB
Progress (3): 1.6/1.9 MB | 786/855 kB | 1.3/1.8 MB
Progress (3): 1.6/1.9 MB | 786/855 kB | 1.3/1.8 MB
Progress (3): 1.6/1.9 MB | 786/855 kB | 1.3/1.8 MB
Progress (3): 1.6/1.9 MB | 786/855 kB | 1.3/1.8 MB
Progress (3): 1.6/1.9 MB | 794/855 kB | 1.3/1.8 MB
Progress (3): 1.6/1.9 MB | 802/855 kB | 1.3/1.8 MB
Progress (3): 1.6/1.9 MB | 802/855 kB | 1.3/1.8 MB
Progress (3): 1.6/1.9 MB | 802/855 kB | 1.3/1.8 MB
Progress (3): 1.6/1.9 MB | 802/855 kB | 1.3/1.8 MB
Progress (3): 1.6/1.9 MB | 802/855 kB | 1.3/1.8 MB
Progress (3): 1.6/1.9 MB | 802/855 kB | 1.3/1.8 MB
Progress (3): 1.6/1.9 MB | 802/855 kB | 1.3/1.8 MB
Progress (4): 1.6/1.9 MB | 802/855 kB | 1.3/1.8 MB | 4.1/338 kB
Progress (4): 1.6/1.9 MB | 802/855 kB | 1.3/1.8 MB | 7.7/338 kB
Progress (4): 1.6/1.9 MB | 802/855 kB | 1.3/1.8 MB | 12/338 kB 
Progress (4): 1.6/1.9 MB | 802/855 kB | 1.3/1.8 MB | 16/338 kB
Progress (4): 1.6/1.9 MB | 802/855 kB | 1.3/1.8 MB | 20/338 kB
Progress (4): 1.6/1.9 MB | 802/855 kB | 1.3/1.8 MB | 24/338 kB
Progress (4): 1.6/1.9 MB | 802/855 kB | 1.3/1.8 MB | 28/338 kB
Progress (4): 1.6/1.9 MB | 802/855 kB | 1.3/1.8 MB | 32/338 kB
Progress (4): 1.6/1.9 MB | 802/855 kB | 1.3/1.8 MB | 36/338 kB
Progress (4): 1.6/1.9 MB | 802/855 kB | 1.3/1.8 MB | 40/338 kB
Progress (4): 1.6/1.9 MB | 802/855 kB | 1.3/1.8 MB | 45/338 kB
Progress (4): 1.6/1.9 MB | 802/855 kB | 1.3/1.8 MB | 49/338 kB
Progress (4): 1.6/1.9 MB | 802/855 kB | 1.3/1.8 MB | 53/338 kB
Progress (4): 1.6/1.9 MB | 802/855 kB | 1.3/1.8 MB | 57/338 kB
Progress (4): 1.6/1.9 MB | 802/855 kB | 1.3/1.8 MB | 61/338 kB
Progress (4): 1.6/1.9 MB | 802/855 kB | 1.3/1.8 MB | 65/338 kB
Progress (4): 1.6/1.9 MB | 802/855 kB | 1.3/1.8 MB | 69/338 kB
Progress (4): 1.6/1.9 MB | 802/855 kB | 1.3/1.8 MB | 73/338 kB
Progress (4): 1.6/1.9 MB | 802/855 kB | 1.3/1.8 MB | 77/338 kB
Progress (4): 1.6/1.9 MB | 802/855 kB | 1.3/1.8 MB | 81/338 kB
Progress (4): 1.6/1.9 MB | 802/855 kB | 1.3/1.8 MB | 86/338 kB
Progress (4): 1.6/1.9 MB | 802/855 kB | 1.3/1.8 MB | 90/338 kB
Progress (4): 1.6/1.9 MB | 802/855 kB | 1.3/1.8 MB | 94/338 kB
Progress (4): 1.6/1.9 MB | 802/855 kB | 1.3/1.8 MB | 98/338 kB
Progress (4): 1.6/1.9 MB | 802/855 kB | 1.3/1.8 MB | 102/338 kB
Progress (4): 1.6/1.9 MB | 802/855 kB | 1.3/1.8 MB | 106/338 kB
Progress (4): 1.6/1.9 MB | 802/855 kB | 1.3/1.8 MB | 110/338 kB
Progress (4): 1.6/1.9 MB | 802/855 kB | 1.3/1.8 MB | 114/338 kB
Progress (4): 1.6/1.9 MB | 802/855 kB | 1.3/1.8 MB | 118/338 kB
Progress (4): 1.6/1.9 MB | 802/855 kB | 1.3/1.8 MB | 122/338 kB
Progress (4): 1.6/1.9 MB | 802/855 kB | 1.3/1.8 MB | 126/338 kB
Progress (4): 1.6/1.9 MB | 802/855 kB | 1.3/1.8 MB | 131/338 kB
Progress (4): 1.6/1.9 MB | 802/855 kB | 1.3/1.8 MB | 135/338 kB
Progress (4): 1.6/1.9 MB | 802/855 kB | 1.3/1.8 MB | 139/338 kB
Progress (4): 1.6/1.9 MB | 802/855 kB | 1.3/1.8 MB | 143/338 kB
Progress (4): 1.6/1.9 MB | 802/855 kB | 1.3/1.8 MB | 147/338 kB
Progress (4): 1.6/1.9 MB | 802/855 kB | 1.3/1.8 MB | 151/338 kB
Progress (4): 1.6/1.9 MB | 802/855 kB | 1.3/1.8 MB | 155/338 kB
Progress (4): 1.6/1.9 MB | 802/855 kB | 1.3/1.8 MB | 159/338 kB
Progress (4): 1.6/1.9 MB | 802/855 kB | 1.3/1.8 MB | 163/338 kB
Progress (4): 1.6/1.9 MB | 802/855 kB | 1.3/1.8 MB | 167/338 kB
Progress (4): 1.6/1.9 MB | 802/855 kB | 1.3/1.8 MB | 172/338 kB
Progress (4): 1.6/1.9 MB | 802/855 kB | 1.3/1.8 MB | 176/338 kB
Progress (4): 1.6/1.9 MB | 802/855 kB | 1.3/1.8 MB | 176/338 kB
Progress (4): 1.6/1.9 MB | 802/855 kB | 1.3/1.8 MB | 176/338 kB
Progress (4): 1.6/1.9 MB | 802/855 kB | 1.3/1.8 MB | 176/338 kB
Progress (4): 1.6/1.9 MB | 802/855 kB | 1.3/1.8 MB | 176/338 kB
Progress (4): 1.6/1.9 MB | 802/855 kB | 1.4/1.8 MB | 176/338 kB
Progress (4): 1.6/1.9 MB | 802/855 kB | 1.4/1.8 MB | 176/338 kB
Progress (4): 1.6/1.9 MB | 802/855 kB | 1.4/1.8 MB | 176/338 kB
Progress (4): 1.6/1.9 MB | 802/855 kB | 1.4/1.8 MB | 176/338 kB
Progress (4): 1.6/1.9 MB | 802/855 kB | 1.4/1.8 MB | 176/338 kB
Progress (4): 1.6/1.9 MB | 802/855 kB | 1.4/1.8 MB | 176/338 kB
Progress (4): 1.6/1.9 MB | 802/855 kB | 1.4/1.8 MB | 176/338 kB
Progress (4): 1.6/1.9 MB | 802/855 kB | 1.4/1.8 MB | 176/338 kB
Progress (4): 1.6/1.9 MB | 802/855 kB | 1.4/1.8 MB | 176/338 kB
Progress (4): 1.6/1.9 MB | 802/855 kB | 1.4/1.8 MB | 176/338 kB
Progress (4): 1.6/1.9 MB | 802/855 kB | 1.4/1.8 MB | 176/338 kB
Progress (4): 1.6/1.9 MB | 802/855 kB | 1.4/1.8 MB | 176/338 kB
Progress (4): 1.6/1.9 MB | 802/855 kB | 1.4/1.8 MB | 176/338 kB
Progress (4): 1.6/1.9 MB | 802/855 kB | 1.5/1.8 MB | 176/338 kB
Progress (4): 1.6/1.9 MB | 802/855 kB | 1.5/1.8 MB | 176/338 kB
Progress (4): 1.6/1.9 MB | 802/855 kB | 1.5/1.8 MB | 176/338 kB
Progress (4): 1.6/1.9 MB | 802/855 kB | 1.5/1.8 MB | 176/338 kB
Progress (4): 1.6/1.9 MB | 802/855 kB | 1.5/1.8 MB | 176/338 kB
Progress (4): 1.6/1.9 MB | 802/855 kB | 1.5/1.8 MB | 176/338 kB
Progress (4): 1.6/1.9 MB | 802/855 kB | 1.5/1.8 MB | 176/338 kB
Progress (4): 1.6/1.9 MB | 802/855 kB | 1.5/1.8 MB | 176/338 kB
Progress (4): 1.6/1.9 MB | 802/855 kB | 1.5/1.8 MB | 176/338 kB
Progress (4): 1.6/1.9 MB | 810/855 kB | 1.5/1.8 MB | 176/338 kB
Progress (4): 1.6/1.9 MB | 818/855 kB | 1.5/1.8 MB | 176/338 kB
Progress (4): 1.6/1.9 MB | 827/855 kB | 1.5/1.8 MB | 176/338 kB
Progress (4): 1.6/1.9 MB | 835/855 kB | 1.5/1.8 MB | 176/338 kB
Progress (4): 1.6/1.9 MB | 835/855 kB | 1.5/1.8 MB | 176/338 kB
Progress (4): 1.6/1.9 MB | 835/855 kB | 1.5/1.8 MB | 176/338 kB
Progress (4): 1.6/1.9 MB | 835/855 kB | 1.5/1.8 MB | 176/338 kB
Progress (4): 1.6/1.9 MB | 835/855 kB | 1.5/1.8 MB | 176/338 kB
Progress (5): 1.6/1.9 MB | 835/855 kB | 1.5/1.8 MB | 176/338 kB | 4.1/20 kB
Progress (5): 1.6/1.9 MB | 835/855 kB | 1.5/1.8 MB | 176/338 kB | 7.7/20 kB
Progress (5): 1.6/1.9 MB | 835/855 kB | 1.5/1.8 MB | 176/338 kB | 12/20 kB 
Progress (5): 1.6/1.9 MB | 835/855 kB | 1.5/1.8 MB | 176/338 kB | 16/20 kB
Progress (5): 1.6/1.9 MB | 835/855 kB | 1.5/1.8 MB | 176/338 kB | 20 kB   
Progress (5): 1.6/1.9 MB | 835/855 kB | 1.5/1.8 MB | 176/338 kB | 20 kB
Progress (5): 1.6/1.9 MB | 835/855 kB | 1.5/1.8 MB | 176/338 kB | 20 kB
Progress (5): 1.6/1.9 MB | 835/855 kB | 1.5/1.8 MB | 176/338 kB | 20 kB
Progress (5): 1.7/1.9 MB | 835/855 kB | 1.5/1.8 MB | 176/338 kB | 20 kB
Progress (5): 1.7/1.9 MB | 843/855 kB | 1.5/1.8 MB | 176/338 kB | 20 kB
Progress (5): 1.7/1.9 MB | 851/855 kB | 1.5/1.8 MB | 176/338 kB | 20 kB
Progress (5): 1.7/1.9 MB | 855 kB | 1.5/1.8 MB | 176/338 kB | 20 kB    
Progress (5): 1.7/1.9 MB | 855 kB | 1.5/1.8 MB | 176/338 kB | 20 kB
Progress (5): 1.7/1.9 MB | 855 kB | 1.5/1.8 MB | 176/338 kB | 20 kB
Progress (5): 1.7/1.9 MB | 855 kB | 1.5/1.8 MB | 176/338 kB | 20 kB
Progress (5): 1.7/1.9 MB | 855 kB | 1.5/1.8 MB | 176/338 kB | 20 kB
Progress (5): 1.7/1.9 MB | 855 kB | 1.5/1.8 MB | 176/338 kB | 20 kB
Progress (5): 1.7/1.9 MB | 855 kB | 1.5/1.8 MB | 176/338 kB | 20 kB
Progress (5): 1.7/1.9 MB | 855 kB | 1.5/1.8 MB | 176/338 kB | 20 kB
Progress (5): 1.7/1.9 MB | 855 kB | 1.6/1.8 MB | 176/338 kB | 20 kB
Progress (5): 1.7/1.9 MB | 855 kB | 1.6/1.8 MB | 176/338 kB | 20 kB
Progress (5): 1.7/1.9 MB | 855 kB | 1.6/1.8 MB | 176/338 kB | 20 kB
Progress (5): 1.7/1.9 MB | 855 kB | 1.6/1.8 MB | 176/338 kB | 20 kB
Progress (5): 1.7/1.9 MB | 855 kB | 1.6/1.8 MB | 176/338 kB | 20 kB
Progress (5): 1.7/1.9 MB | 855 kB | 1.6/1.8 MB | 176/338 kB | 20 kB
Progress (5): 1.7/1.9 MB | 855 kB | 1.6/1.8 MB | 176/338 kB | 20 kB
Progress (5): 1.7/1.9 MB | 855 kB | 1.6/1.8 MB | 176/338 kB | 20 kB
Progress (5): 1.7/1.9 MB | 855 kB | 1.6/1.8 MB | 176/338 kB | 20 kB
Progress (5): 1.7/1.9 MB | 855 kB | 1.6/1.8 MB | 176/338 kB | 20 kB
Progress (5): 1.7/1.9 MB | 855 kB | 1.6/1.8 MB | 176/338 kB | 20 kB
Progress (5): 1.7/1.9 MB | 855 kB | 1.6/1.8 MB | 180/338 kB | 20 kB
Progress (5): 1.7/1.9 MB | 855 kB | 1.6/1.8 MB | 184/338 kB | 20 kB
Progress (5): 1.7/1.9 MB | 855 kB | 1.6/1.8 MB | 188/338 kB | 20 kB
Progress (5): 1.7/1.9 MB | 855 kB | 1.6/1.8 MB | 192/338 kB | 20 kB
Progress (5): 1.7/1.9 MB | 855 kB | 1.6/1.8 MB | 196/338 kB | 20 kB
Progress (5): 1.7/1.9 MB | 855 kB | 1.6/1.8 MB | 200/338 kB | 20 kB
Progress (5): 1.7/1.9 MB | 855 kB | 1.6/1.8 MB | 204/338 kB | 20 kB
Progress (5): 1.7/1.9 MB | 855 kB | 1.6/1.8 MB | 208/338 kB | 20 kB
Progress (5): 1.7/1.9 MB | 855 kB | 1.6/1.8 MB | 213/338 kB | 20 kB
Progress (5): 1.7/1.9 MB | 855 kB | 1.6/1.8 MB | 217/338 kB | 20 kB
Progress (5): 1.7/1.9 MB | 855 kB | 1.6/1.8 MB | 221/338 kB | 20 kB
Progress (5): 1.7/1.9 MB | 855 kB | 1.6/1.8 MB | 225/338 kB | 20 kB
Progress (5): 1.7/1.9 MB | 855 kB | 1.6/1.8 MB | 229/338 kB | 20 kB
Progress (5): 1.7/1.9 MB | 855 kB | 1.6/1.8 MB | 233/338 kB | 20 kB
Progress (5): 1.7/1.9 MB | 855 kB | 1.6/1.8 MB | 237/338 kB | 20 kB
Progress (5): 1.7/1.9 MB | 855 kB | 1.6/1.8 MB | 241/338 kB | 20 kB
Progress (5): 1.7/1.9 MB | 855 kB | 1.6/1.8 MB | 245/338 kB | 20 kB
Progress (5): 1.7/1.9 MB | 855 kB | 1.6/1.8 MB | 245/338 kB | 20 kB
Progress (5): 1.7/1.9 MB | 855 kB | 1.6/1.8 MB | 249/338 kB | 20 kB
Progress (5): 1.7/1.9 MB | 855 kB | 1.6/1.8 MB | 249/338 kB | 20 kB
Progress (5): 1.7/1.9 MB | 855 kB | 1.6/1.8 MB | 253/338 kB | 20 kB
Progress (5): 1.7/1.9 MB | 855 kB | 1.6/1.8 MB | 258/338 kB | 20 kB
Progress (5): 1.7/1.9 MB | 855 kB | 1.6/1.8 MB | 262/338 kB | 20 kB
Progress (5): 1.7/1.9 MB | 855 kB | 1.6/1.8 MB | 266/338 kB | 20 kB
Progress (5): 1.7/1.9 MB | 855 kB | 1.6/1.8 MB | 270/338 kB | 20 kB
Progress (5): 1.7/1.9 MB | 855 kB | 1.6/1.8 MB | 274/338 kB | 20 kB
Progress (5): 1.7/1.9 MB | 855 kB | 1.6/1.8 MB | 278/338 kB | 20 kB
Progress (5): 1.7/1.9 MB | 855 kB | 1.6/1.8 MB | 282/338 kB | 20 kB
Progress (5): 1.7/1.9 MB | 855 kB | 1.6/1.8 MB | 286/338 kB | 20 kB
Progress (5): 1.7/1.9 MB | 855 kB | 1.6/1.8 MB | 290/338 kB | 20 kB
Progress (5): 1.7/1.9 MB | 855 kB | 1.6/1.8 MB | 294/338 kB | 20 kB
Progress (5): 1.7/1.9 MB | 855 kB | 1.6/1.8 MB | 299/338 kB | 20 kB
Progress (5): 1.7/1.9 MB | 855 kB | 1.6/1.8 MB | 303/338 kB | 20 kB
Progress (5): 1.7/1.9 MB | 855 kB | 1.6/1.8 MB | 307/338 kB | 20 kB
Progress (5): 1.7/1.9 MB | 855 kB | 1.6/1.8 MB | 311/338 kB | 20 kB
Progress (5): 1.7/1.9 MB | 855 kB | 1.6/1.8 MB | 315/338 kB | 20 kB
Progress (5): 1.7/1.9 MB | 855 kB | 1.6/1.8 MB | 319/338 kB | 20 kB
Progress (5): 1.7/1.9 MB | 855 kB | 1.6/1.8 MB | 323/338 kB | 20 kB
Progress (5): 1.7/1.9 MB | 855 kB | 1.6/1.8 MB | 327/338 kB | 20 kB
Progress (5): 1.7/1.9 MB | 855 kB | 1.6/1.8 MB | 331/338 kB | 20 kB
Progress (5): 1.7/1.9 MB | 855 kB | 1.6/1.8 MB | 335/338 kB | 20 kB
Progress (5): 1.7/1.9 MB | 855 kB | 1.6/1.8 MB | 338 kB | 20 kB    
Progress (5): 1.7/1.9 MB | 855 kB | 1.6/1.8 MB | 338 kB | 20 kB
Progress (5): 1.7/1.9 MB | 855 kB | 1.6/1.8 MB | 338 kB | 20 kB
Progress (5): 1.7/1.9 MB | 855 kB | 1.6/1.8 MB | 338 kB | 20 kB
Progress (5): 1.7/1.9 MB | 855 kB | 1.6/1.8 MB | 338 kB | 20 kB
Progress (5): 1.7/1.9 MB | 855 kB | 1.7/1.8 MB | 338 kB | 20 kB
Progress (5): 1.7/1.9 MB | 855 kB | 1.7/1.8 MB | 338 kB | 20 kB
Progress (5): 1.7/1.9 MB | 855 kB | 1.7/1.8 MB | 338 kB | 20 kB
Progress (5): 1.7/1.9 MB | 855 kB | 1.7/1.8 MB | 338 kB | 20 kB
Progress (5): 1.7/1.9 MB | 855 kB | 1.7/1.8 MB | 338 kB | 20 kB
Progress (5): 1.7/1.9 MB | 855 kB | 1.7/1.8 MB | 338 kB | 20 kB
Progress (5): 1.7/1.9 MB | 855 kB | 1.7/1.8 MB | 338 kB | 20 kB
Progress (5): 1.7/1.9 MB | 855 kB | 1.7/1.8 MB | 338 kB | 20 kB
Progress (5): 1.7/1.9 MB | 855 kB | 1.7/1.8 MB | 338 kB | 20 kB
Progress (5): 1.7/1.9 MB | 855 kB | 1.7/1.8 MB | 338 kB | 20 kB
Progress (5): 1.7/1.9 MB | 855 kB | 1.7/1.8 MB | 338 kB | 20 kB
Progress (5): 1.7/1.9 MB | 855 kB | 1.7/1.8 MB | 338 kB | 20 kB
Progress (5): 1.7/1.9 MB | 855 kB | 1.7/1.8 MB | 338 kB | 20 kB
Progress (5): 1.7/1.9 MB | 855 kB | 1.8/1.8 MB | 338 kB | 20 kB
Progress (5): 1.7/1.9 MB | 855 kB | 1.8/1.8 MB | 338 kB | 20 kB
Progress (5): 1.7/1.9 MB | 855 kB | 1.8/1.8 MB | 338 kB | 20 kB
Progress (5): 1.7/1.9 MB | 855 kB | 1.8/1.8 MB | 338 kB | 20 kB
Progress (5): 1.7/1.9 MB | 855 kB | 1.8/1.8 MB | 338 kB | 20 kB
Progress (5): 1.7/1.9 MB | 855 kB | 1.8/1.8 MB | 338 kB | 20 kB
Progress (5): 1.8/1.9 MB | 855 kB | 1.8/1.8 MB | 338 kB | 20 kB
Progress (5): 1.8/1.9 MB | 855 kB | 1.8/1.8 MB | 338 kB | 20 kB
Progress (5): 1.8/1.9 MB | 855 kB | 1.8/1.8 MB | 338 kB | 20 kB
Progress (5): 1.8/1.9 MB | 855 kB | 1.8/1.8 MB | 338 kB | 20 kB
Progress (5): 1.8/1.9 MB | 855 kB | 1.8/1.8 MB | 338 kB | 20 kB
Progress (5): 1.8/1.9 MB | 855 kB | 1.8/1.8 MB | 338 kB | 20 kB
Progress (5): 1.8/1.9 MB | 855 kB | 1.8/1.8 MB | 338 kB | 20 kB
Progress (5): 1.8/1.9 MB | 855 kB | 1.8/1.8 MB | 338 kB | 20 kB
Progress (5): 1.8/1.9 MB | 855 kB | 1.8/1.8 MB | 338 kB | 20 kB
Progress (5): 1.8/1.9 MB | 855 kB | 1.8 MB | 338 kB | 20 kB    
                                                           
Downloaded from central: https://repo.maven.apache.org/maven2/org/apache/httpcomponents/core5/httpcore5/5.2.4/httpcore5-5.2.4.jar (855 kB at 138 kB/s)
Downloading from central: https://repo.maven.apache.org/maven2/org/springframework/boot/spring-boot-loader-tools/3.2.3/spring-boot-loader-tools-3.2.3.jar
Downloaded from central: https://repo.maven.apache.org/maven2/com/google/code/findbugs/jsr305/3.0.2/jsr305-3.0.2.jar (20 kB at 3.2 kB/s)
Downloading from central: https://repo.maven.apache.org/maven2/org/apache/maven/shared/maven-common-artifact-filters/3.3.2/maven-common-artifact-filters-3.3.2.jar
Progress (3): 1.8/1.9 MB | 1.8 MB | 338 kB
Progress (3): 1.8/1.9 MB | 1.8 MB | 338 kB
Progress (3): 1.8/1.9 MB | 1.8 MB | 338 kB
Progress (3): 1.8/1.9 MB | 1.8 MB | 338 kB
Progress (3): 1.8/1.9 MB | 1.8 MB | 338 kB
Progress (3): 1.8/1.9 MB | 1.8 MB | 338 kB
Progress (3): 1.8/1.9 MB | 1.8 MB | 338 kB
Progress (3): 1.9/1.9 MB | 1.8 MB | 338 kB
Progress (3): 1.9/1.9 MB | 1.8 MB | 338 kB
Progress (3): 1.9/1.9 MB | 1.8 MB | 338 kB
                                          
Downloaded from central: https://repo.maven.apache.org/maven2/org/antlr/antlr4-runtime/4.7.2/antlr4-runtime-4.7.2.jar (338 kB at 54 kB/s)
Downloading from central: https://repo.maven.apache.org/maven2/org/slf4j/slf4j-api/1.7.36/slf4j-api-1.7.36.jar
Progress (2): 1.9/1.9 MB | 1.8 MB
Progress (2): 1.9 MB | 1.8 MB    
Progress (3): 1.9 MB | 1.8 MB | 4.1/434 kB
Progress (3): 1.9 MB | 1.8 MB | 7.7/434 kB
Progress (3): 1.9 MB | 1.8 MB | 12/434 kB 
Progress (3): 1.9 MB | 1.8 MB | 16/434 kB
Progress (3): 1.9 MB | 1.8 MB | 20/434 kB
Progress (3): 1.9 MB | 1.8 MB | 24/434 kB
Progress (3): 1.9 MB | 1.8 MB | 28/434 kB
Progress (3): 1.9 MB | 1.8 MB | 32/434 kB
Progress (3): 1.9 MB | 1.8 MB | 36/434 kB
Progress (3): 1.9 MB | 1.8 MB | 40/434 kB
Progress (3): 1.9 MB | 1.8 MB | 45/434 kB
Progress (3): 1.9 MB | 1.8 MB | 49/434 kB
Progress (3): 1.9 MB | 1.8 MB | 53/434 kB
Progress (3): 1.9 MB | 1.8 MB | 57/434 kB
Progress (3): 1.9 MB | 1.8 MB | 61/434 kB
Progress (3): 1.9 MB | 1.8 MB | 65/434 kB
Progress (3): 1.9 MB | 1.8 MB | 69/434 kB
Progress (3): 1.9 MB | 1.8 MB | 73/434 kB
                                         
Downloaded from central: https://repo.maven.apache.org/maven2/org/springframework/spring-core/6.0.10/spring-core-6.0.10.jar (1.8 MB at 284 kB/s)
Downloading from central: https://repo.maven.apache.org/maven2/org/springframework/spring-context/6.1.4/spring-context-6.1.4.jar
Progress (3): 1.9 MB | 73/434 kB | 4.1/58 kB
Progress (3): 1.9 MB | 73/434 kB | 7.7/58 kB
Progress (3): 1.9 MB | 73/434 kB | 12/58 kB 
Progress (3): 1.9 MB | 73/434 kB | 16/58 kB
Progress (3): 1.9 MB | 73/434 kB | 20/58 kB
Progress (3): 1.9 MB | 73/434 kB | 24/58 kB
Progress (3): 1.9 MB | 73/434 kB | 28/58 kB
Progress (3): 1.9 MB | 73/434 kB | 32/58 kB
Progress (3): 1.9 MB | 73/434 kB | 36/58 kB
Progress (3): 1.9 MB | 73/434 kB | 40/58 kB
Progress (3): 1.9 MB | 73/434 kB | 45/58 kB
Progress (3): 1.9 MB | 73/434 kB | 49/58 kB
Progress (3): 1.9 MB | 73/434 kB | 53/58 kB
Progress (3): 1.9 MB | 73/434 kB | 57/58 kB
Progress (4): 1.9 MB | 73/434 kB | 57/58 kB | 4.1/41 kB
Progress (4): 1.9 MB | 73/434 kB | 57/58 kB | 7.7/41 kB
Progress (4): 1.9 MB | 73/434 kB | 57/58 kB | 12/41 kB 
Progress (4): 1.9 MB | 73/434 kB | 57/58 kB | 16/41 kB
Progress (4): 1.9 MB | 73/434 kB | 57/58 kB | 20/41 kB
Progress (4): 1.9 MB | 73/434 kB | 57/58 kB | 24/41 kB
Progress (4): 1.9 MB | 73/434 kB | 58 kB | 24/41 kB   
Progress (4): 1.9 MB | 73/434 kB | 58 kB | 28/41 kB
Progress (4): 1.9 MB | 77/434 kB | 58 kB | 28/41 kB
Progress (4): 1.9 MB | 77/434 kB | 58 kB | 32/41 kB
Progress (4): 1.9 MB | 81/434 kB | 58 kB | 32/41 kB
Progress (4): 1.9 MB | 81/434 kB | 58 kB | 36/41 kB
Progress (4): 1.9 MB | 81/434 kB | 58 kB | 40/41 kB
Progress (4): 1.9 MB | 86/434 kB | 58 kB | 40/41 kB
Progress (4): 1.9 MB | 90/434 kB | 58 kB | 40/41 kB
Progress (4): 1.9 MB | 94/434 kB | 58 kB | 40/41 kB
Progress (4): 1.9 MB | 98/434 kB | 58 kB | 40/41 kB
Progress (4): 1.9 MB | 102/434 kB | 58 kB | 40/41 kB
                                                    
Downloaded from central: https://repo.maven.apache.org/maven2/net/java/dev/jna/jna/5.13.0/jna-5.13.0.jar (1.9 MB at 289 kB/s)
Progress (3): 106/434 kB | 58 kB | 40/41 kB
                                           
Downloading from central: https://repo.maven.apache.org/maven2/org/springframework/spring-aop/6.1.4/spring-aop-6.1.4.jar
Progress (3): 110/434 kB | 58 kB | 40/41 kB
Progress (3): 114/434 kB | 58 kB | 40/41 kB
Progress (3): 118/434 kB | 58 kB | 40/41 kB
Progress (3): 122/434 kB | 58 kB | 40/41 kB
Progress (3): 126/434 kB | 58 kB | 40/41 kB
Progress (3): 131/434 kB | 58 kB | 40/41 kB
Progress (3): 131/434 kB | 58 kB | 41 kB   
Progress (3): 135/434 kB | 58 kB | 41 kB
Progress (3): 139/434 kB | 58 kB | 41 kB
Progress (3): 143/434 kB | 58 kB | 41 kB
Progress (3): 147/434 kB | 58 kB | 41 kB
Progress (3): 151/434 kB | 58 kB | 41 kB
Progress (3): 155/434 kB | 58 kB | 41 kB
Progress (3): 159/434 kB | 58 kB | 41 kB
Progress (3): 163/434 kB | 58 kB | 41 kB
Progress (4): 163/434 kB | 58 kB | 41 kB | 0/1.3 MB
Progress (4): 163/434 kB | 58 kB | 41 kB | 0/1.3 MB
Progress (4): 163/434 kB | 58 kB | 41 kB | 0/1.3 MB
Progress (4): 163/434 kB | 58 kB | 41 kB | 0/1.3 MB
Progress (4): 163/434 kB | 58 kB | 41 kB | 0/1.3 MB
Progress (4): 163/434 kB | 58 kB | 41 kB | 0.1/1.3 MB
Progress (4): 163/434 kB | 58 kB | 41 kB | 0.1/1.3 MB
Progress (4): 163/434 kB | 58 kB | 41 kB | 0.1/1.3 MB
Progress (4): 163/434 kB | 58 kB | 41 kB | 0.1/1.3 MB
Progress (4): 163/434 kB | 58 kB | 41 kB | 0.1/1.3 MB
Progress (4): 163/434 kB | 58 kB | 41 kB | 0.1/1.3 MB
Progress (4): 163/434 kB | 58 kB | 41 kB | 0.1/1.3 MB
Progress (4): 163/434 kB | 58 kB | 41 kB | 0.1/1.3 MB
Progress (4): 163/434 kB | 58 kB | 41 kB | 0.1/1.3 MB
Progress (4): 163/434 kB | 58 kB | 41 kB | 0.1/1.3 MB
Progress (4): 163/434 kB | 58 kB | 41 kB | 0.1/1.3 MB
Progress (4): 163/434 kB | 58 kB | 41 kB | 0.1/1.3 MB
Progress (4): 163/434 kB | 58 kB | 41 kB | 0.2/1.3 MB
Progress (4): 163/434 kB | 58 kB | 41 kB | 0.2/1.3 MB
Progress (4): 163/434 kB | 58 kB | 41 kB | 0.2/1.3 MB
Progress (4): 163/434 kB | 58 kB | 41 kB | 0.2/1.3 MB
Progress (4): 163/434 kB | 58 kB | 41 kB | 0.2/1.3 MB
Progress (4): 163/434 kB | 58 kB | 41 kB | 0.2/1.3 MB
Progress (4): 163/434 kB | 58 kB | 41 kB | 0.2/1.3 MB
Progress (4): 163/434 kB | 58 kB | 41 kB | 0.2/1.3 MB
Progress (4): 163/434 kB | 58 kB | 41 kB | 0.2/1.3 MB
Progress (4): 163/434 kB | 58 kB | 41 kB | 0.2/1.3 MB
Progress (4): 163/434 kB | 58 kB | 41 kB | 0.2/1.3 MB
Progress (4): 163/434 kB | 58 kB | 41 kB | 0.2/1.3 MB
Progress (4): 163/434 kB | 58 kB | 41 kB | 0.3/1.3 MB
Progress (4): 163/434 kB | 58 kB | 41 kB | 0.3/1.3 MB
Progress (4): 163/434 kB | 58 kB | 41 kB | 0.3/1.3 MB
Progress (4): 163/434 kB | 58 kB | 41 kB | 0.3/1.3 MB
Progress (4): 167/434 kB | 58 kB | 41 kB | 0.3/1.3 MB
Progress (4): 172/434 kB | 58 kB | 41 kB | 0.3/1.3 MB
Progress (4): 176/434 kB | 58 kB | 41 kB | 0.3/1.3 MB
Progress (4): 180/434 kB | 58 kB | 41 kB | 0.3/1.3 MB
Progress (4): 184/434 kB | 58 kB | 41 kB | 0.3/1.3 MB
Progress (4): 188/434 kB | 58 kB | 41 kB | 0.3/1.3 MB
Progress (4): 192/434 kB | 58 kB | 41 kB | 0.3/1.3 MB
Progress (4): 196/434 kB | 58 kB | 41 kB | 0.3/1.3 MB
                                                     
Downloaded from central: https://repo.maven.apache.org/maven2/org/apache/maven/shared/maven-common-artifact-filters/3.3.2/maven-common-artifact-filters-3.3.2.jar (58 kB at 8.8 kB/s)
Downloading from central: https://repo.maven.apache.org/maven2/org/springframework/spring-beans/6.1.4/spring-beans-6.1.4.jar
Progress (3): 200/434 kB | 41 kB | 0.3/1.3 MB
Progress (3): 204/434 kB | 41 kB | 0.3/1.3 MB
Progress (3): 208/434 kB | 41 kB | 0.3/1.3 MB
Progress (3): 213/434 kB | 41 kB | 0.3/1.3 MB
Progress (3): 217/434 kB | 41 kB | 0.3/1.3 MB
Progress (3): 221/434 kB | 41 kB | 0.3/1.3 MB
Progress (3): 225/434 kB | 41 kB | 0.3/1.3 MB
Progress (3): 229/434 kB | 41 kB | 0.3/1.3 MB
Progress (3): 233/434 kB | 41 kB | 0.3/1.3 MB
Progress (3): 237/434 kB | 41 kB | 0.3/1.3 MB
Progress (3): 241/434 kB | 41 kB | 0.3/1.3 MB
Progress (3): 245/434 kB | 41 kB | 0.3/1.3 MB
Progress (3): 249/434 kB | 41 kB | 0.3/1.3 MB
Progress (3): 253/434 kB | 41 kB | 0.3/1.3 MB
Progress (3): 258/434 kB | 41 kB | 0.3/1.3 MB
Progress (3): 262/434 kB | 41 kB | 0.3/1.3 MB
                                             
Downloaded from central: https://repo.maven.apache.org/maven2/org/slf4j/slf4j-api/1.7.36/slf4j-api-1.7.36.jar (41 kB at 6.1 kB/s)
Downloading from central: https://repo.maven.apache.org/maven2/org/springframework/spring-expression/6.1.4/spring-expression-6.1.4.jar
Progress (2): 266/434 kB | 0.3/1.3 MB
Progress (2): 270/434 kB | 0.3/1.3 MB
Progress (2): 274/434 kB | 0.3/1.3 MB
Progress (2): 278/434 kB | 0.3/1.3 MB
Progress (2): 278/434 kB | 0.3/1.3 MB
Progress (2): 278/434 kB | 0.3/1.3 MB
Progress (2): 278/434 kB | 0.3/1.3 MB
Progress (2): 278/434 kB | 0.3/1.3 MB
Progress (3): 278/434 kB | 0.3/1.3 MB | 4.1/416 kB
Progress (3): 278/434 kB | 0.3/1.3 MB | 7.7/416 kB
Progress (3): 278/434 kB | 0.3/1.3 MB | 12/416 kB 
Progress (3): 278/434 kB | 0.3/1.3 MB | 16/416 kB
Progress (3): 278/434 kB | 0.3/1.3 MB | 20/416 kB
Progress (3): 278/434 kB | 0.3/1.3 MB | 24/416 kB
Progress (3): 278/434 kB | 0.3/1.3 MB | 28/416 kB
Progress (3): 278/434 kB | 0.3/1.3 MB | 32/416 kB
Progress (3): 278/434 kB | 0.3/1.3 MB | 36/416 kB
Progress (3): 278/434 kB | 0.3/1.3 MB | 40/416 kB
Progress (3): 278/434 kB | 0.3/1.3 MB | 45/416 kB
Progress (3): 278/434 kB | 0.3/1.3 MB | 49/416 kB
Progress (3): 278/434 kB | 0.3/1.3 MB | 53/416 kB
Progress (3): 278/434 kB | 0.3/1.3 MB | 57/416 kB
Progress (3): 278/434 kB | 0.3/1.3 MB | 61/416 kB
Progress (3): 278/434 kB | 0.3/1.3 MB | 65/416 kB
Progress (3): 278/434 kB | 0.3/1.3 MB | 69/416 kB
Progress (3): 278/434 kB | 0.3/1.3 MB | 73/416 kB
Progress (3): 278/434 kB | 0.3/1.3 MB | 77/416 kB
Progress (3): 278/434 kB | 0.3/1.3 MB | 81/416 kB
Progress (3): 278/434 kB | 0.3/1.3 MB | 86/416 kB
Progress (3): 278/434 kB | 0.3/1.3 MB | 90/416 kB
Progress (3): 278/434 kB | 0.3/1.3 MB | 94/416 kB
Progress (3): 278/434 kB | 0.3/1.3 MB | 98/416 kB
Progress (3): 278/434 kB | 0.3/1.3 MB | 102/416 kB
Progress (3): 278/434 kB | 0.3/1.3 MB | 106/416 kB
Progress (3): 278/434 kB | 0.3/1.3 MB | 110/416 kB
Progress (3): 278/434 kB | 0.3/1.3 MB | 114/416 kB
Progress (3): 278/434 kB | 0.3/1.3 MB | 118/416 kB
Progress (3): 278/434 kB | 0.3/1.3 MB | 122/416 kB
Progress (3): 278/434 kB | 0.3/1.3 MB | 126/416 kB
Progress (3): 278/434 kB | 0.3/1.3 MB | 131/416 kB
Progress (3): 278/434 kB | 0.3/1.3 MB | 135/416 kB
Progress (3): 278/434 kB | 0.3/1.3 MB | 139/416 kB
Progress (3): 278/434 kB | 0.3/1.3 MB | 143/416 kB
Progress (3): 278/434 kB | 0.3/1.3 MB | 143/416 kB
Progress (3): 278/434 kB | 0.3/1.3 MB | 143/416 kB
Progress (3): 278/434 kB | 0.3/1.3 MB | 143/416 kB
Progress (3): 278/434 kB | 0.3/1.3 MB | 143/416 kB
Progress (3): 278/434 kB | 0.4/1.3 MB | 143/416 kB
Progress (3): 278/434 kB | 0.4/1.3 MB | 143/416 kB
Progress (3): 278/434 kB | 0.4/1.3 MB | 143/416 kB
Progress (3): 278/434 kB | 0.4/1.3 MB | 143/416 kB
Progress (3): 278/434 kB | 0.4/1.3 MB | 143/416 kB
Progress (3): 278/434 kB | 0.4/1.3 MB | 143/416 kB
Progress (3): 278/434 kB | 0.4/1.3 MB | 143/416 kB
Progress (3): 278/434 kB | 0.4/1.3 MB | 143/416 kB
Progress (3): 278/434 kB | 0.4/1.3 MB | 143/416 kB
Progress (3): 278/434 kB | 0.4/1.3 MB | 143/416 kB
Progress (3): 278/434 kB | 0.4/1.3 MB | 143/416 kB
Progress (3): 278/434 kB | 0.4/1.3 MB | 143/416 kB
Progress (3): 278/434 kB | 0.5/1.3 MB | 143/416 kB
Progress (3): 278/434 kB | 0.5/1.3 MB | 143/416 kB
Progress (3): 278/434 kB | 0.5/1.3 MB | 143/416 kB
Progress (3): 278/434 kB | 0.5/1.3 MB | 143/416 kB
Progress (3): 278/434 kB | 0.5/1.3 MB | 143/416 kB
Progress (3): 278/434 kB | 0.5/1.3 MB | 143/416 kB
Progress (3): 278/434 kB | 0.5/1.3 MB | 143/416 kB
Progress (3): 278/434 kB | 0.5/1.3 MB | 143/416 kB
Progress (3): 278/434 kB | 0.5/1.3 MB | 143/416 kB
Progress (3): 278/434 kB | 0.5/1.3 MB | 143/416 kB
Progress (3): 278/434 kB | 0.5/1.3 MB | 143/416 kB
Progress (3): 278/434 kB | 0.5/1.3 MB | 143/416 kB
Progress (3): 278/434 kB | 0.5/1.3 MB | 143/416 kB
Progress (3): 278/434 kB | 0.6/1.3 MB | 143/416 kB
Progress (3): 278/434 kB | 0.6/1.3 MB | 143/416 kB
Progress (3): 278/434 kB | 0.6/1.3 MB | 143/416 kB
Progress (3): 282/434 kB | 0.6/1.3 MB | 143/416 kB
Progress (3): 286/434 kB | 0.6/1.3 MB | 143/416 kB
Progress (3): 290/434 kB | 0.6/1.3 MB | 143/416 kB
Progress (3): 294/434 kB | 0.6/1.3 MB | 143/416 kB
Progress (3): 299/434 kB | 0.6/1.3 MB | 143/416 kB
Progress (3): 303/434 kB | 0.6/1.3 MB | 143/416 kB
Progress (3): 307/434 kB | 0.6/1.3 MB | 143/416 kB
Progress (3): 311/434 kB | 0.6/1.3 MB | 143/416 kB
Progress (3): 311/434 kB | 0.6/1.3 MB | 143/416 kB
Progress (3): 311/434 kB | 0.6/1.3 MB | 143/416 kB
Progress (3): 311/434 kB | 0.6/1.3 MB | 143/416 kB
Progress (3): 311/434 kB | 0.6/1.3 MB | 143/416 kB
Progress (3): 315/434 kB | 0.6/1.3 MB | 143/416 kB
Progress (3): 319/434 kB | 0.6/1.3 MB | 143/416 kB
Progress (3): 323/434 kB | 0.6/1.3 MB | 143/416 kB
Progress (3): 327/434 kB | 0.6/1.3 MB | 143/416 kB
Progress (3): 331/434 kB | 0.6/1.3 MB | 143/416 kB
Progress (3): 335/434 kB | 0.6/1.3 MB | 143/416 kB
Progress (3): 339/434 kB | 0.6/1.3 MB | 143/416 kB
Progress (3): 344/434 kB | 0.6/1.3 MB | 143/416 kB
Progress (3): 348/434 kB | 0.6/1.3 MB | 143/416 kB
Progress (3): 352/434 kB | 0.6/1.3 MB | 143/416 kB
Progress (3): 356/434 kB | 0.6/1.3 MB | 143/416 kB
Progress (3): 360/434 kB | 0.6/1.3 MB | 143/416 kB
Progress (3): 364/434 kB | 0.6/1.3 MB | 143/416 kB
Progress (3): 368/434 kB | 0.6/1.3 MB | 143/416 kB
Progress (3): 372/434 kB | 0.6/1.3 MB | 143/416 kB
Progress (3): 376/434 kB | 0.6/1.3 MB | 143/416 kB
Progress (4): 376/434 kB | 0.6/1.3 MB | 143/416 kB | 7.7/857 kB
Progress (4): 376/434 kB | 0.6/1.3 MB | 143/416 kB | 12/857 kB 
Progress (4): 376/434 kB | 0.6/1.3 MB | 143/416 kB | 20/857 kB
Progress (4): 376/434 kB | 0.6/1.3 MB | 143/416 kB | 29/857 kB
Progress (4): 376/434 kB | 0.6/1.3 MB | 143/416 kB | 37/857 kB
Progress (4): 376/434 kB | 0.6/1.3 MB | 143/416 kB | 45/857 kB
Progress (4): 376/434 kB | 0.6/1.3 MB | 143/416 kB | 53/857 kB
Progress (4): 376/434 kB | 0.6/1.3 MB | 143/416 kB | 61/857 kB
Progress (4): 376/434 kB | 0.6/1.3 MB | 143/416 kB | 70/857 kB
Progress (4): 376/434 kB | 0.6/1.3 MB | 143/416 kB | 78/857 kB
Progress (4): 376/434 kB | 0.6/1.3 MB | 143/416 kB | 86/857 kB
Progress (4): 376/434 kB | 0.6/1.3 MB | 143/416 kB | 94/857 kB
Progress (5): 376/434 kB | 0.6/1.3 MB | 143/416 kB | 94/857 kB | 4.1/302 kB
Progress (5): 376/434 kB | 0.6/1.3 MB | 143/416 kB | 94/857 kB | 7.7/302 kB
Progress (5): 376/434 kB | 0.6/1.3 MB | 143/416 kB | 94/857 kB | 12/302 kB 
Progress (5): 376/434 kB | 0.6/1.3 MB | 143/416 kB | 94/857 kB | 16/302 kB
Progress (5): 376/434 kB | 0.6/1.3 MB | 143/416 kB | 94/857 kB | 20/302 kB
Progress (5): 376/434 kB | 0.6/1.3 MB | 143/416 kB | 94/857 kB | 24/302 kB
Progress (5): 376/434 kB | 0.6/1.3 MB | 143/416 kB | 94/857 kB | 28/302 kB
Progress (5): 376/434 kB | 0.6/1.3 MB | 143/416 kB | 94/857 kB | 32/302 kB
Progress (5): 376/434 kB | 0.6/1.3 MB | 143/416 kB | 94/857 kB | 36/302 kB
Progress (5): 376/434 kB | 0.6/1.3 MB | 143/416 kB | 94/857 kB | 40/302 kB
Progress (5): 376/434 kB | 0.6/1.3 MB | 143/416 kB | 94/857 kB | 44/302 kB
Progress (5): 376/434 kB | 0.6/1.3 MB | 143/416 kB | 94/857 kB | 48/302 kB
Progress (5): 376/434 kB | 0.6/1.3 MB | 143/416 kB | 94/857 kB | 52/302 kB
Progress (5): 376/434 kB | 0.6/1.3 MB | 143/416 kB | 94/857 kB | 57/302 kB
Progress (5): 376/434 kB | 0.6/1.3 MB | 143/416 kB | 94/857 kB | 61/302 kB
Progress (5): 376/434 kB | 0.6/1.3 MB | 143/416 kB | 94/857 kB | 65/302 kB
Progress (5): 376/434 kB | 0.6/1.3 MB | 143/416 kB | 94/857 kB | 69/302 kB
Progress (5): 376/434 kB | 0.6/1.3 MB | 143/416 kB | 94/857 kB | 73/302 kB
Progress (5): 376/434 kB | 0.6/1.3 MB | 143/416 kB | 94/857 kB | 77/302 kB
Progress (5): 376/434 kB | 0.6/1.3 MB | 143/416 kB | 94/857 kB | 81/302 kB
Progress (5): 376/434 kB | 0.6/1.3 MB | 143/416 kB | 94/857 kB | 85/302 kB
Progress (5): 376/434 kB | 0.6/1.3 MB | 143/416 kB | 94/857 kB | 89/302 kB
Progress (5): 376/434 kB | 0.6/1.3 MB | 143/416 kB | 94/857 kB | 93/302 kB
Progress (5): 376/434 kB | 0.6/1.3 MB | 143/416 kB | 94/857 kB | 98/302 kB
Progress (5): 376/434 kB | 0.6/1.3 MB | 143/416 kB | 94/857 kB | 102/302 kB
Progress (5): 376/434 kB | 0.6/1.3 MB | 143/416 kB | 94/857 kB | 106/302 kB
Progress (5): 376/434 kB | 0.6/1.3 MB | 143/416 kB | 94/857 kB | 110/302 kB
Progress (5): 376/434 kB | 0.6/1.3 MB | 143/416 kB | 94/857 kB | 114/302 kB
Progress (5): 376/434 kB | 0.6/1.3 MB | 143/416 kB | 94/857 kB | 118/302 kB
Progress (5): 376/434 kB | 0.6/1.3 MB | 143/416 kB | 94/857 kB | 122/302 kB
Progress (5): 376/434 kB | 0.6/1.3 MB | 143/416 kB | 94/857 kB | 126/302 kB
Progress (5): 376/434 kB | 0.6/1.3 MB | 143/416 kB | 94/857 kB | 130/302 kB
Progress (5): 376/434 kB | 0.6/1.3 MB | 143/416 kB | 94/857 kB | 134/302 kB
Progress (5): 376/434 kB | 0.6/1.3 MB | 143/416 kB | 94/857 kB | 139/302 kB
Progress (5): 376/434 kB | 0.6/1.3 MB | 143/416 kB | 94/857 kB | 143/302 kB
Progress (5): 376/434 kB | 0.6/1.3 MB | 143/416 kB | 94/857 kB | 147/302 kB
Progress (5): 376/434 kB | 0.6/1.3 MB | 143/416 kB | 94/857 kB | 151/302 kB
Progress (5): 376/434 kB | 0.6/1.3 MB | 143/416 kB | 94/857 kB | 155/302 kB
Progress (5): 376/434 kB | 0.6/1.3 MB | 143/416 kB | 94/857 kB | 159/302 kB
Progress (5): 376/434 kB | 0.6/1.3 MB | 143/416 kB | 94/857 kB | 163/302 kB
Progress (5): 376/434 kB | 0.6/1.3 MB | 143/416 kB | 94/857 kB | 167/302 kB
Progress (5): 376/434 kB | 0.6/1.3 MB | 143/416 kB | 94/857 kB | 171/302 kB
Progress (5): 376/434 kB | 0.6/1.3 MB | 143/416 kB | 94/857 kB | 175/302 kB
Progress (5): 376/434 kB | 0.6/1.3 MB | 143/416 kB | 94/857 kB | 179/302 kB
Progress (5): 376/434 kB | 0.6/1.3 MB | 143/416 kB | 94/857 kB | 184/302 kB
Progress (5): 376/434 kB | 0.6/1.3 MB | 143/416 kB | 94/857 kB | 188/302 kB
Progress (5): 376/434 kB | 0.6/1.3 MB | 143/416 kB | 94/857 kB | 192/302 kB
Progress (5): 376/434 kB | 0.6/1.3 MB | 143/416 kB | 94/857 kB | 196/302 kB
Progress (5): 376/434 kB | 0.6/1.3 MB | 143/416 kB | 94/857 kB | 196/302 kB
Progress (5): 376/434 kB | 0.6/1.3 MB | 143/416 kB | 94/857 kB | 196/302 kB
Progress (5): 376/434 kB | 0.6/1.3 MB | 143/416 kB | 94/857 kB | 196/302 kB
Progress (5): 376/434 kB | 0.6/1.3 MB | 143/416 kB | 94/857 kB | 196/302 kB
Progress (5): 376/434 kB | 0.6/1.3 MB | 147/416 kB | 94/857 kB | 196/302 kB
Progress (5): 376/434 kB | 0.6/1.3 MB | 151/416 kB | 94/857 kB | 196/302 kB
Progress (5): 376/434 kB | 0.6/1.3 MB | 155/416 kB | 94/857 kB | 196/302 kB
Progress (5): 376/434 kB | 0.6/1.3 MB | 159/416 kB | 94/857 kB | 196/302 kB
Progress (5): 376/434 kB | 0.6/1.3 MB | 163/416 kB | 94/857 kB | 196/302 kB
Progress (5): 376/434 kB | 0.6/1.3 MB | 167/416 kB | 94/857 kB | 196/302 kB
Progress (5): 376/434 kB | 0.6/1.3 MB | 172/416 kB | 94/857 kB | 196/302 kB
Progress (5): 376/434 kB | 0.6/1.3 MB | 176/416 kB | 94/857 kB | 196/302 kB
Progress (5): 376/434 kB | 0.6/1.3 MB | 180/416 kB | 94/857 kB | 196/302 kB
Progress (5): 376/434 kB | 0.6/1.3 MB | 184/416 kB | 94/857 kB | 196/302 kB
Progress (5): 376/434 kB | 0.6/1.3 MB | 188/416 kB | 94/857 kB | 196/302 kB
Progress (5): 376/434 kB | 0.6/1.3 MB | 192/416 kB | 94/857 kB | 196/302 kB
Progress (5): 376/434 kB | 0.6/1.3 MB | 196/416 kB | 94/857 kB | 196/302 kB
Progress (5): 376/434 kB | 0.6/1.3 MB | 200/416 kB | 94/857 kB | 196/302 kB
Progress (5): 376/434 kB | 0.6/1.3 MB | 204/416 kB | 94/857 kB | 196/302 kB
Progress (5): 376/434 kB | 0.6/1.3 MB | 208/416 kB | 94/857 kB | 196/302 kB
Progress (5): 376/434 kB | 0.6/1.3 MB | 213/416 kB | 94/857 kB | 196/302 kB
Progress (5): 376/434 kB | 0.6/1.3 MB | 217/416 kB | 94/857 kB | 196/302 kB
Progress (5): 376/434 kB | 0.6/1.3 MB | 221/416 kB | 94/857 kB | 196/302 kB
Progress (5): 376/434 kB | 0.6/1.3 MB | 225/416 kB | 94/857 kB | 196/302 kB
Progress (5): 376/434 kB | 0.6/1.3 MB | 229/416 kB | 94/857 kB | 196/302 kB
Progress (5): 376/434 kB | 0.6/1.3 MB | 233/416 kB | 94/857 kB | 196/302 kB
Progress (5): 376/434 kB | 0.6/1.3 MB | 237/416 kB | 94/857 kB | 196/302 kB
Progress (5): 376/434 kB | 0.6/1.3 MB | 241/416 kB | 94/857 kB | 196/302 kB
Progress (5): 376/434 kB | 0.6/1.3 MB | 245/416 kB | 94/857 kB | 196/302 kB
Progress (5): 376/434 kB | 0.6/1.3 MB | 249/416 kB | 94/857 kB | 196/302 kB
Progress (5): 376/434 kB | 0.6/1.3 MB | 253/416 kB | 94/857 kB | 196/302 kB
Progress (5): 376/434 kB | 0.6/1.3 MB | 258/416 kB | 94/857 kB | 196/302 kB
Progress (5): 376/434 kB | 0.6/1.3 MB | 262/416 kB | 94/857 kB | 196/302 kB
Progress (5): 376/434 kB | 0.6/1.3 MB | 266/416 kB | 94/857 kB | 196/302 kB
Progress (5): 376/434 kB | 0.6/1.3 MB | 270/416 kB | 94/857 kB | 196/302 kB
Progress (5): 376/434 kB | 0.6/1.3 MB | 274/416 kB | 94/857 kB | 196/302 kB
Progress (5): 376/434 kB | 0.6/1.3 MB | 278/416 kB | 94/857 kB | 196/302 kB
Progress (5): 376/434 kB | 0.6/1.3 MB | 282/416 kB | 94/857 kB | 196/302 kB
Progress (5): 376/434 kB | 0.6/1.3 MB | 286/416 kB | 94/857 kB | 196/302 kB
Progress (5): 376/434 kB | 0.6/1.3 MB | 290/416 kB | 94/857 kB | 196/302 kB
Progress (5): 376/434 kB | 0.6/1.3 MB | 294/416 kB | 94/857 kB | 196/302 kB
Progress (5): 376/434 kB | 0.6/1.3 MB | 299/416 kB | 94/857 kB | 196/302 kB
Progress (5): 376/434 kB | 0.6/1.3 MB | 303/416 kB | 94/857 kB | 196/302 kB
Progress (5): 376/434 kB | 0.6/1.3 MB | 307/416 kB | 94/857 kB | 196/302 kB
Progress (5): 376/434 kB | 0.6/1.3 MB | 311/416 kB | 94/857 kB | 196/302 kB
Progress (5): 376/434 kB | 0.6/1.3 MB | 315/416 kB | 94/857 kB | 196/302 kB
Progress (5): 376/434 kB | 0.6/1.3 MB | 315/416 kB | 94/857 kB | 196/302 kB
Progress (5): 376/434 kB | 0.6/1.3 MB | 319/416 kB | 94/857 kB | 196/302 kB
Progress (5): 376/434 kB | 0.7/1.3 MB | 319/416 kB | 94/857 kB | 196/302 kB
Progress (5): 376/434 kB | 0.7/1.3 MB | 323/416 kB | 94/857 kB | 196/302 kB
Progress (5): 376/434 kB | 0.7/1.3 MB | 327/416 kB | 94/857 kB | 196/302 kB
Progress (5): 376/434 kB | 0.7/1.3 MB | 327/416 kB | 94/857 kB | 196/302 kB
Progress (5): 376/434 kB | 0.7/1.3 MB | 327/416 kB | 94/857 kB | 196/302 kB
Progress (5): 376/434 kB | 0.7/1.3 MB | 327/416 kB | 94/857 kB | 196/302 kB
Progress (5): 376/434 kB | 0.7/1.3 MB | 327/416 kB | 94/857 kB | 196/302 kB
Progress (5): 376/434 kB | 0.7/1.3 MB | 327/416 kB | 94/857 kB | 196/302 kB
Progress (5): 376/434 kB | 0.7/1.3 MB | 327/416 kB | 94/857 kB | 196/302 kB
Progress (5): 376/434 kB | 0.7/1.3 MB | 327/416 kB | 94/857 kB | 196/302 kB
Progress (5): 376/434 kB | 0.7/1.3 MB | 327/416 kB | 94/857 kB | 196/302 kB
Progress (5): 376/434 kB | 0.7/1.3 MB | 327/416 kB | 94/857 kB | 196/302 kB
Progress (5): 376/434 kB | 0.7/1.3 MB | 327/416 kB | 94/857 kB | 196/302 kB
Progress (5): 376/434 kB | 0.7/1.3 MB | 327/416 kB | 94/857 kB | 196/302 kB
Progress (5): 376/434 kB | 0.8/1.3 MB | 327/416 kB | 94/857 kB | 196/302 kB
Progress (5): 376/434 kB | 0.8/1.3 MB | 327/416 kB | 94/857 kB | 196/302 kB
Progress (5): 376/434 kB | 0.8/1.3 MB | 327/416 kB | 94/857 kB | 196/302 kB
Progress (5): 376/434 kB | 0.8/1.3 MB | 327/416 kB | 94/857 kB | 196/302 kB
Progress (5): 376/434 kB | 0.8/1.3 MB | 327/416 kB | 94/857 kB | 196/302 kB
Progress (5): 376/434 kB | 0.8/1.3 MB | 327/416 kB | 94/857 kB | 196/302 kB
Progress (5): 376/434 kB | 0.8/1.3 MB | 327/416 kB | 94/857 kB | 196/302 kB
Progress (5): 376/434 kB | 0.8/1.3 MB | 327/416 kB | 94/857 kB | 196/302 kB
Progress (5): 376/434 kB | 0.8/1.3 MB | 327/416 kB | 94/857 kB | 196/302 kB
Progress (5): 376/434 kB | 0.8/1.3 MB | 327/416 kB | 94/857 kB | 196/302 kB
Progress (5): 376/434 kB | 0.8/1.3 MB | 327/416 kB | 94/857 kB | 196/302 kB
Progress (5): 376/434 kB | 0.8/1.3 MB | 327/416 kB | 94/857 kB | 196/302 kB
Progress (5): 376/434 kB | 0.9/1.3 MB | 327/416 kB | 94/857 kB | 196/302 kB
Progress (5): 376/434 kB | 0.9/1.3 MB | 327/416 kB | 94/857 kB | 196/302 kB
Progress (5): 376/434 kB | 0.9/1.3 MB | 327/416 kB | 94/857 kB | 196/302 kB
Progress (5): 380/434 kB | 0.9/1.3 MB | 327/416 kB | 94/857 kB | 196/302 kB
Progress (5): 385/434 kB | 0.9/1.3 MB | 327/416 kB | 94/857 kB | 196/302 kB
Progress (5): 389/434 kB | 0.9/1.3 MB | 327/416 kB | 94/857 kB | 196/302 kB
Progress (5): 393/434 kB | 0.9/1.3 MB | 327/416 kB | 94/857 kB | 196/302 kB
Progress (5): 393/434 kB | 0.9/1.3 MB | 327/416 kB | 94/857 kB | 196/302 kB
Progress (5): 393/434 kB | 0.9/1.3 MB | 327/416 kB | 94/857 kB | 196/302 kB
Progress (5): 393/434 kB | 0.9/1.3 MB | 327/416 kB | 94/857 kB | 196/302 kB
Progress (5): 393/434 kB | 0.9/1.3 MB | 327/416 kB | 94/857 kB | 196/302 kB
Progress (5): 393/434 kB | 0.9/1.3 MB | 327/416 kB | 94/857 kB | 196/302 kB
Progress (5): 393/434 kB | 0.9/1.3 MB | 327/416 kB | 94/857 kB | 196/302 kB
Progress (5): 397/434 kB | 0.9/1.3 MB | 327/416 kB | 94/857 kB | 196/302 kB
Progress (5): 401/434 kB | 0.9/1.3 MB | 327/416 kB | 94/857 kB | 196/302 kB
Progress (5): 405/434 kB | 0.9/1.3 MB | 327/416 kB | 94/857 kB | 196/302 kB
Progress (5): 409/434 kB | 0.9/1.3 MB | 327/416 kB | 94/857 kB | 196/302 kB
Progress (5): 413/434 kB | 0.9/1.3 MB | 327/416 kB | 94/857 kB | 196/302 kB
Progress (5): 417/434 kB | 0.9/1.3 MB | 327/416 kB | 94/857 kB | 196/302 kB
Progress (5): 421/434 kB | 0.9/1.3 MB | 327/416 kB | 94/857 kB | 196/302 kB
Progress (5): 426/434 kB | 0.9/1.3 MB | 327/416 kB | 94/857 kB | 196/302 kB
Progress (5): 426/434 kB | 0.9/1.3 MB | 327/416 kB | 94/857 kB | 196/302 kB
Progress (5): 426/434 kB | 0.9/1.3 MB | 327/416 kB | 94/857 kB | 196/302 kB
Progress (5): 426/434 kB | 0.9/1.3 MB | 327/416 kB | 94/857 kB | 196/302 kB
Progress (5): 426/434 kB | 1.0/1.3 MB | 327/416 kB | 94/857 kB | 196/302 kB
Progress (5): 426/434 kB | 1.0/1.3 MB | 327/416 kB | 102/857 kB | 196/302 kB
Progress (5): 426/434 kB | 1.0/1.3 MB | 327/416 kB | 111/857 kB | 196/302 kB
Progress (5): 426/434 kB | 1.0/1.3 MB | 327/416 kB | 119/857 kB | 196/302 kB
Progress (5): 426/434 kB | 1.0/1.3 MB | 327/416 kB | 127/857 kB | 196/302 kB
Progress (5): 426/434 kB | 1.0/1.3 MB | 327/416 kB | 135/857 kB | 196/302 kB
Progress (5): 426/434 kB | 1.0/1.3 MB | 327/416 kB | 143/857 kB | 196/302 kB
Progress (5): 426/434 kB | 1.0/1.3 MB | 327/416 kB | 152/857 kB | 196/302 kB
Progress (5): 426/434 kB | 1.0/1.3 MB | 327/416 kB | 160/857 kB | 196/302 kB
Progress (5): 426/434 kB | 1.0/1.3 MB | 327/416 kB | 160/857 kB | 200/302 kB
Progress (5): 426/434 kB | 1.0/1.3 MB | 327/416 kB | 160/857 kB | 204/302 kB
Progress (5): 426/434 kB | 1.0/1.3 MB | 327/416 kB | 160/857 kB | 208/302 kB
Progress (5): 426/434 kB | 1.0/1.3 MB | 327/416 kB | 160/857 kB | 212/302 kB
Progress (5): 426/434 kB | 1.0/1.3 MB | 327/416 kB | 160/857 kB | 216/302 kB
Progress (5): 426/434 kB | 1.0/1.3 MB | 327/416 kB | 160/857 kB | 220/302 kB
Progress (5): 426/434 kB | 1.0/1.3 MB | 327/416 kB | 160/857 kB | 225/302 kB
Progress (5): 426/434 kB | 1.0/1.3 MB | 327/416 kB | 160/857 kB | 229/302 kB
Progress (5): 426/434 kB | 1.0/1.3 MB | 327/416 kB | 160/857 kB | 233/302 kB
Progress (5): 426/434 kB | 1.0/1.3 MB | 327/416 kB | 160/857 kB | 237/302 kB
Progress (5): 426/434 kB | 1.0/1.3 MB | 327/416 kB | 160/857 kB | 241/302 kB
Progress (5): 426/434 kB | 1.0/1.3 MB | 327/416 kB | 160/857 kB | 245/302 kB
Progress (5): 426/434 kB | 1.0/1.3 MB | 327/416 kB | 160/857 kB | 249/302 kB
Progress (5): 426/434 kB | 1.0/1.3 MB | 327/416 kB | 160/857 kB | 253/302 kB
Progress (5): 426/434 kB | 1.0/1.3 MB | 327/416 kB | 160/857 kB | 257/302 kB
Progress (5): 426/434 kB | 1.0/1.3 MB | 327/416 kB | 160/857 kB | 261/302 kB
Progress (5): 430/434 kB | 1.0/1.3 MB | 327/416 kB | 160/857 kB | 261/302 kB
Progress (5): 434/434 kB | 1.0/1.3 MB | 327/416 kB | 160/857 kB | 261/302 kB
Progress (5): 434 kB | 1.0/1.3 MB | 327/416 kB | 160/857 kB | 261/302 kB    
Progress (5): 434 kB | 1.0/1.3 MB | 327/416 kB | 160/857 kB | 265/302 kB
Progress (5): 434 kB | 1.0/1.3 MB | 327/416 kB | 160/857 kB | 270/302 kB
Progress (5): 434 kB | 1.0/1.3 MB | 327/416 kB | 160/857 kB | 274/302 kB
Progress (5): 434 kB | 1.0/1.3 MB | 327/416 kB | 160/857 kB | 278/302 kB
Progress (5): 434 kB | 1.0/1.3 MB | 327/416 kB | 160/857 kB | 282/302 kB
Progress (5): 434 kB | 1.0/1.3 MB | 327/416 kB | 160/857 kB | 286/302 kB
Progress (5): 434 kB | 1.0/1.3 MB | 327/416 kB | 160/857 kB | 290/302 kB
Progress (5): 434 kB | 1.0/1.3 MB | 327/416 kB | 160/857 kB | 294/302 kB
Progress (5): 434 kB | 1.0/1.3 MB | 327/416 kB | 160/857 kB | 298/302 kB
Progress (5): 434 kB | 1.0/1.3 MB | 327/416 kB | 160/857 kB | 302/302 kB
Progress (5): 434 kB | 1.0/1.3 MB | 327/416 kB | 160/857 kB | 302 kB    
Progress (5): 434 kB | 1.0/1.3 MB | 327/416 kB | 168/857 kB | 302 kB
Progress (5): 434 kB | 1.0/1.3 MB | 327/416 kB | 176/857 kB | 302 kB
Progress (5): 434 kB | 1.0/1.3 MB | 327/416 kB | 184/857 kB | 302 kB
Progress (5): 434 kB | 1.0/1.3 MB | 327/416 kB | 193/857 kB | 302 kB
Progress (5): 434 kB | 1.0/1.3 MB | 327/416 kB | 201/857 kB | 302 kB
Progress (5): 434 kB | 1.0/1.3 MB | 327/416 kB | 209/857 kB | 302 kB
Progress (5): 434 kB | 1.0/1.3 MB | 327/416 kB | 209/857 kB | 302 kB
Progress (5): 434 kB | 1.0/1.3 MB | 327/416 kB | 209/857 kB | 302 kB
Progress (5): 434 kB | 1.0/1.3 MB | 327/416 kB | 209/857 kB | 302 kB
Progress (5): 434 kB | 1.0/1.3 MB | 327/416 kB | 209/857 kB | 302 kB
Progress (5): 434 kB | 1.0/1.3 MB | 331/416 kB | 209/857 kB | 302 kB
Progress (5): 434 kB | 1.0/1.3 MB | 335/416 kB | 209/857 kB | 302 kB
Progress (5): 434 kB | 1.0/1.3 MB | 339/416 kB | 209/857 kB | 302 kB
Progress (5): 434 kB | 1.0/1.3 MB | 344/416 kB | 209/857 kB | 302 kB
Progress (5): 434 kB | 1.0/1.3 MB | 348/416 kB | 209/857 kB | 302 kB
Progress (5): 434 kB | 1.0/1.3 MB | 352/416 kB | 209/857 kB | 302 kB
Progress (5): 434 kB | 1.0/1.3 MB | 356/416 kB | 209/857 kB | 302 kB
Progress (5): 434 kB | 1.0/1.3 MB | 360/416 kB | 209/857 kB | 302 kB
Progress (5): 434 kB | 1.0/1.3 MB | 364/416 kB | 209/857 kB | 302 kB
Progress (5): 434 kB | 1.0/1.3 MB | 368/416 kB | 209/857 kB | 302 kB
Progress (5): 434 kB | 1.0/1.3 MB | 372/416 kB | 209/857 kB | 302 kB
Progress (5): 434 kB | 1.0/1.3 MB | 376/416 kB | 209/857 kB | 302 kB
Progress (5): 434 kB | 1.0/1.3 MB | 380/416 kB | 209/857 kB | 302 kB
Progress (5): 434 kB | 1.0/1.3 MB | 385/416 kB | 209/857 kB | 302 kB
Progress (5): 434 kB | 1.0/1.3 MB | 389/416 kB | 209/857 kB | 302 kB
Progress (5): 434 kB | 1.0/1.3 MB | 393/416 kB | 209/857 kB | 302 kB
Progress (5): 434 kB | 1.0/1.3 MB | 393/416 kB | 209/857 kB | 302 kB
Progress (5): 434 kB | 1.0/1.3 MB | 393/416 kB | 209/857 kB | 302 kB
Progress (5): 434 kB | 1.0/1.3 MB | 397/416 kB | 209/857 kB | 302 kB
Progress (5): 434 kB | 1.0/1.3 MB | 401/416 kB | 209/857 kB | 302 kB
Progress (5): 434 kB | 1.0/1.3 MB | 405/416 kB | 209/857 kB | 302 kB
Progress (5): 434 kB | 1.0/1.3 MB | 409/416 kB | 209/857 kB | 302 kB
Progress (5): 434 kB | 1.0/1.3 MB | 413/416 kB | 209/857 kB | 302 kB
Progress (5): 434 kB | 1.0/1.3 MB | 416 kB | 209/857 kB | 302 kB    
Progress (5): 434 kB | 1.0/1.3 MB | 416 kB | 209/857 kB | 302 kB
Progress (5): 434 kB | 1.0/1.3 MB | 416 kB | 209/857 kB | 302 kB
Progress (5): 434 kB | 1.0/1.3 MB | 416 kB | 209/857 kB | 302 kB
Progress (5): 434 kB | 1.0/1.3 MB | 416 kB | 209/857 kB | 302 kB
Progress (5): 434 kB | 1.0/1.3 MB | 416 kB | 209/857 kB | 302 kB
Progress (5): 434 kB | 1.0/1.3 MB | 416 kB | 209/857 kB | 302 kB
Progress (5): 434 kB | 1.1/1.3 MB | 416 kB | 209/857 kB | 302 kB
Progress (5): 434 kB | 1.1/1.3 MB | 416 kB | 209/857 kB | 302 kB
Progress (5): 434 kB | 1.1/1.3 MB | 416 kB | 209/857 kB | 302 kB
Progress (5): 434 kB | 1.1/1.3 MB | 416 kB | 209/857 kB | 302 kB
Progress (5): 434 kB | 1.1/1.3 MB | 416 kB | 209/857 kB | 302 kB
Progress (5): 434 kB | 1.1/1.3 MB | 416 kB | 209/857 kB | 302 kB
Progress (5): 434 kB | 1.1/1.3 MB | 416 kB | 209/857 kB | 302 kB
Progress (5): 434 kB | 1.1/1.3 MB | 416 kB | 209/857 kB | 302 kB
Progress (5): 434 kB | 1.1/1.3 MB | 416 kB | 209/857 kB | 302 kB
Progress (5): 434 kB | 1.1/1.3 MB | 416 kB | 209/857 kB | 302 kB
Progress (5): 434 kB | 1.1/1.3 MB | 416 kB | 209/857 kB | 302 kB
Progress (5): 434 kB | 1.1/1.3 MB | 416 kB | 209/857 kB | 302 kB
Progress (5): 434 kB | 1.2/1.3 MB | 416 kB | 209/857 kB | 302 kB
Progress (5): 434 kB | 1.2/1.3 MB | 416 kB | 209/857 kB | 302 kB
Progress (5): 434 kB | 1.2/1.3 MB | 416 kB | 209/857 kB | 302 kB
Progress (5): 434 kB | 1.2/1.3 MB | 416 kB | 209/857 kB | 302 kB
Progress (5): 434 kB | 1.2/1.3 MB | 416 kB | 209/857 kB | 302 kB
Progress (5): 434 kB | 1.2/1.3 MB | 416 kB | 209/857 kB | 302 kB
Progress (5): 434 kB | 1.2/1.3 MB | 416 kB | 209/857 kB | 302 kB
Progress (5): 434 kB | 1.2/1.3 MB | 416 kB | 209/857 kB | 302 kB
Progress (5): 434 kB | 1.2/1.3 MB | 416 kB | 209/857 kB | 302 kB
Progress (5): 434 kB | 1.2/1.3 MB | 416 kB | 209/857 kB | 302 kB
Progress (5): 434 kB | 1.2/1.3 MB | 416 kB | 209/857 kB | 302 kB
Progress (5): 434 kB | 1.2/1.3 MB | 416 kB | 209/857 kB | 302 kB
Progress (5): 434 kB | 1.3/1.3 MB | 416 kB | 209/857 kB | 302 kB
Progress (5): 434 kB | 1.3/1.3 MB | 416 kB | 209/857 kB | 302 kB
Progress (5): 434 kB | 1.3/1.3 MB | 416 kB | 209/857 kB | 302 kB
Progress (5): 434 kB | 1.3/1.3 MB | 416 kB | 209/857 kB | 302 kB
Progress (5): 434 kB | 1.3/1.3 MB | 416 kB | 209/857 kB | 302 kB
Progress (5): 434 kB | 1.3/1.3 MB | 416 kB | 209/857 kB | 302 kB
Progress (5): 434 kB | 1.3/1.3 MB | 416 kB | 217/857 kB | 302 kB
Progress (5): 434 kB | 1.3/1.3 MB | 416 kB | 225/857 kB | 302 kB
Progress (5): 434 kB | 1.3/1.3 MB | 416 kB | 233/857 kB | 302 kB
Progress (5): 434 kB | 1.3/1.3 MB | 416 kB | 242/857 kB | 302 kB
Progress (5): 434 kB | 1.3/1.3 MB | 416 kB | 250/857 kB | 302 kB
Progress (5): 434 kB | 1.3/1.3 MB | 416 kB | 258/857 kB | 302 kB
Progress (5): 434 kB | 1.3/1.3 MB | 416 kB | 266/857 kB | 302 kB
Progress (5): 434 kB | 1.3/1.3 MB | 416 kB | 274/857 kB | 302 kB
Progress (5): 434 kB | 1.3/1.3 MB | 416 kB | 283/857 kB | 302 kB
Progress (5): 434 kB | 1.3/1.3 MB | 416 kB | 283/857 kB | 302 kB
Progress (5): 434 kB | 1.3 MB | 416 kB | 283/857 kB | 302 kB    
Progress (5): 434 kB | 1.3 MB | 416 kB | 291/857 kB | 302 kB
Progress (5): 434 kB | 1.3 MB | 416 kB | 299/857 kB | 302 kB
                                                            
Downloaded from central: https://repo.maven.apache.org/maven2/org/springframework/boot/spring-boot-loader-tools/3.2.3/spring-boot-loader-tools-3.2.3.jar (434 kB at 56 kB/s)
Downloaded from central: https://repo.maven.apache.org/maven2/org/springframework/spring-expression/6.1.4/spring-expression-6.1.4.jar (302 kB at 39 kB/s)
Downloading from central: https://repo.maven.apache.org/maven2/io/micrometer/micrometer-observation/1.12.3/micrometer-observation-1.12.3.jar
Downloading from central: https://repo.maven.apache.org/maven2/io/micrometer/micrometer-commons/1.12.3/micrometer-commons-1.12.3.jar
Progress (3): 1.3 MB | 416 kB | 307/857 kB
Progress (3): 1.3 MB | 416 kB | 315/857 kB
                                          
Downloaded from central: https://repo.maven.apache.org/maven2/org/springframework/spring-aop/6.1.4/spring-aop-6.1.4.jar (416 kB at 54 kB/s)
Downloading from central: https://repo.maven.apache.org/maven2/org/sonatype/plexus/plexus-build-api/0.0.7/plexus-build-api-0.0.7.jar
Progress (2): 1.3 MB | 324/857 kB
Progress (2): 1.3 MB | 332/857 kB
Progress (2): 1.3 MB | 340/857 kB
Progress (2): 1.3 MB | 348/857 kB
Progress (2): 1.3 MB | 356/857 kB
Progress (2): 1.3 MB | 365/857 kB
Progress (2): 1.3 MB | 373/857 kB
Progress (2): 1.3 MB | 381/857 kB
Progress (2): 1.3 MB | 389/857 kB
Progress (2): 1.3 MB | 397/857 kB
Progress (2): 1.3 MB | 406/857 kB
Progress (2): 1.3 MB | 414/857 kB
Progress (2): 1.3 MB | 422/857 kB
Progress (2): 1.3 MB | 430/857 kB
Progress (2): 1.3 MB | 438/857 kB
Progress (2): 1.3 MB | 446/857 kB
Progress (3): 1.3 MB | 446/857 kB | 4.1/72 kB
Progress (3): 1.3 MB | 446/857 kB | 7.7/72 kB
Progress (3): 1.3 MB | 446/857 kB | 12/72 kB 
Progress (3): 1.3 MB | 446/857 kB | 16/72 kB
Progress (3): 1.3 MB | 446/857 kB | 20/72 kB
Progress (3): 1.3 MB | 446/857 kB | 24/72 kB
Progress (3): 1.3 MB | 446/857 kB | 28/72 kB
Progress (3): 1.3 MB | 446/857 kB | 32/72 kB
Progress (3): 1.3 MB | 446/857 kB | 36/72 kB
Progress (3): 1.3 MB | 446/857 kB | 40/72 kB
Progress (3): 1.3 MB | 446/857 kB | 45/72 kB
Progress (3): 1.3 MB | 446/857 kB | 49/72 kB
Progress (3): 1.3 MB | 446/857 kB | 53/72 kB
Progress (3): 1.3 MB | 446/857 kB | 57/72 kB
Progress (4): 1.3 MB | 446/857 kB | 57/72 kB | 4.1/47 kB
Progress (4): 1.3 MB | 446/857 kB | 57/72 kB | 7.7/47 kB
Progress (4): 1.3 MB | 446/857 kB | 61/72 kB | 7.7/47 kB
Progress (4): 1.3 MB | 446/857 kB | 65/72 kB | 7.7/47 kB
Progress (4): 1.3 MB | 446/857 kB | 69/72 kB | 7.7/47 kB
Progress (4): 1.3 MB | 446/857 kB | 72 kB | 7.7/47 kB   
Progress (4): 1.3 MB | 446/857 kB | 72 kB | 12/47 kB 
Progress (4): 1.3 MB | 446/857 kB | 72 kB | 16/47 kB
Progress (4): 1.3 MB | 446/857 kB | 72 kB | 20/47 kB
Progress (4): 1.3 MB | 446/857 kB | 72 kB | 24/47 kB
Progress (5): 1.3 MB | 446/857 kB | 72 kB | 24/47 kB | 3.4/8.5 kB
Progress (5): 1.3 MB | 446/857 kB | 72 kB | 24/47 kB | 7.5/8.5 kB
Progress (5): 1.3 MB | 446/857 kB | 72 kB | 24/47 kB | 8.5 kB    
                                                             
Downloaded from central: https://repo.maven.apache.org/maven2/org/springframework/spring-context/6.1.4/spring-context-6.1.4.jar (1.3 MB at 162 kB/s)
Downloading from central: https://repo.maven.apache.org/maven2/org/codehaus/plexus/plexus-utils/1.5.8/plexus-utils-1.5.8.jar
Progress (4): 455/857 kB | 72 kB | 24/47 kB | 8.5 kB
Progress (4): 463/857 kB | 72 kB | 24/47 kB | 8.5 kB
Progress (4): 471/857 kB | 72 kB | 24/47 kB | 8.5 kB
Progress (4): 479/857 kB | 72 kB | 24/47 kB | 8.5 kB
Progress (4): 487/857 kB | 72 kB | 24/47 kB | 8.5 kB
Progress (4): 496/857 kB | 72 kB | 24/47 kB | 8.5 kB
Progress (4): 504/857 kB | 72 kB | 24/47 kB | 8.5 kB
Progress (4): 512/857 kB | 72 kB | 24/47 kB | 8.5 kB
Progress (4): 512/857 kB | 72 kB | 28/47 kB | 8.5 kB
Progress (4): 512/857 kB | 72 kB | 32/47 kB | 8.5 kB
Progress (4): 512/857 kB | 72 kB | 36/47 kB | 8.5 kB
Progress (4): 512/857 kB | 72 kB | 40/47 kB | 8.5 kB
Progress (4): 512/857 kB | 72 kB | 45/47 kB | 8.5 kB
Progress (4): 512/857 kB | 72 kB | 47 kB | 8.5 kB   
Progress (4): 520/857 kB | 72 kB | 47 kB | 8.5 kB
Progress (4): 528/857 kB | 72 kB | 47 kB | 8.5 kB
Progress (4): 537/857 kB | 72 kB | 47 kB | 8.5 kB
Progress (4): 545/857 kB | 72 kB | 47 kB | 8.5 kB
Progress (4): 553/857 kB | 72 kB | 47 kB | 8.5 kB
Progress (4): 561/857 kB | 72 kB | 47 kB | 8.5 kB
                                                 
Downloaded from central: https://repo.maven.apache.org/maven2/io/micrometer/micrometer-observation/1.12.3/micrometer-observation-1.12.3.jar (72 kB at 8.8 kB/s)
Downloading from central: https://repo.maven.apache.org/maven2/org/apache/maven/plugins/maven-shade-plugin/3.5.0/maven-shade-plugin-3.5.0.jar
Progress (3): 569/857 kB | 47 kB | 8.5 kB
Progress (3): 578/857 kB | 47 kB | 8.5 kB
Progress (3): 586/857 kB | 47 kB | 8.5 kB
Progress (3): 594/857 kB | 47 kB | 8.5 kB
Progress (3): 602/857 kB | 47 kB | 8.5 kB
Progress (3): 610/857 kB | 47 kB | 8.5 kB
Progress (3): 618/857 kB | 47 kB | 8.5 kB
Progress (3): 627/857 kB | 47 kB | 8.5 kB
Progress (4): 627/857 kB | 47 kB | 8.5 kB | 4.1/268 kB
Progress (4): 627/857 kB | 47 kB | 8.5 kB | 7.7/268 kB
Progress (4): 627/857 kB | 47 kB | 8.5 kB | 12/268 kB 
Progress (4): 627/857 kB | 47 kB | 8.5 kB | 16/268 kB
Progress (4): 627/857 kB | 47 kB | 8.5 kB | 20/268 kB
Progress (4): 627/857 kB | 47 kB | 8.5 kB | 24/268 kB
Progress (4): 627/857 kB | 47 kB | 8.5 kB | 28/268 kB
Progress (4): 627/857 kB | 47 kB | 8.5 kB | 32/268 kB
Progress (4): 627/857 kB | 47 kB | 8.5 kB | 36/268 kB
Progress (4): 627/857 kB | 47 kB | 8.5 kB | 40/268 kB
Progress (4): 627/857 kB | 47 kB | 8.5 kB | 45/268 kB
Progress (4): 627/857 kB | 47 kB | 8.5 kB | 49/268 kB
Progress (4): 627/857 kB | 47 kB | 8.5 kB | 53/268 kB
Progress (4): 627/857 kB | 47 kB | 8.5 kB | 57/268 kB
Progress (4): 627/857 kB | 47 kB | 8.5 kB | 61/268 kB
Progress (4): 627/857 kB | 47 kB | 8.5 kB | 65/268 kB
Progress (4): 627/857 kB | 47 kB | 8.5 kB | 69/268 kB
Progress (4): 627/857 kB | 47 kB | 8.5 kB | 73/268 kB
Progress (4): 627/857 kB | 47 kB | 8.5 kB | 77/268 kB
Progress (4): 627/857 kB | 47 kB | 8.5 kB | 81/268 kB
Progress (4): 627/857 kB | 47 kB | 8.5 kB | 86/268 kB
Progress (4): 627/857 kB | 47 kB | 8.5 kB | 90/268 kB
Progress (4): 627/857 kB | 47 kB | 8.5 kB | 94/268 kB
Progress (4): 627/857 kB | 47 kB | 8.5 kB | 98/268 kB
Progress (4): 627/857 kB | 47 kB | 8.5 kB | 102/268 kB
Progress (4): 627/857 kB | 47 kB | 8.5 kB | 106/268 kB
Progress (4): 627/857 kB | 47 kB | 8.5 kB | 110/268 kB
Progress (4): 627/857 kB | 47 kB | 8.5 kB | 114/268 kB
Progress (4): 627/857 kB | 47 kB | 8.5 kB | 118/268 kB
Progress (4): 627/857 kB | 47 kB | 8.5 kB | 122/268 kB
Progress (4): 627/857 kB | 47 kB | 8.5 kB | 126/268 kB
Progress (4): 627/857 kB | 47 kB | 8.5 kB | 131/268 kB
Progress (4): 627/857 kB | 47 kB | 8.5 kB | 135/268 kB
Progress (4): 627/857 kB | 47 kB | 8.5 kB | 139/268 kB
Progress (4): 627/857 kB | 47 kB | 8.5 kB | 143/268 kB
Progress (4): 627/857 kB | 47 kB | 8.5 kB | 147/268 kB
Progress (4): 627/857 kB | 47 kB | 8.5 kB | 151/268 kB
Progress (4): 627/857 kB | 47 kB | 8.5 kB | 155/268 kB
Progress (4): 627/857 kB | 47 kB | 8.5 kB | 159/268 kB
Progress (4): 627/857 kB | 47 kB | 8.5 kB | 163/268 kB
Progress (4): 627/857 kB | 47 kB | 8.5 kB | 167/268 kB
Progress (4): 627/857 kB | 47 kB | 8.5 kB | 172/268 kB
Progress (4): 627/857 kB | 47 kB | 8.5 kB | 176/268 kB
Progress (4): 627/857 kB | 47 kB | 8.5 kB | 180/268 kB
Progress (4): 627/857 kB | 47 kB | 8.5 kB | 184/268 kB
Progress (4): 627/857 kB | 47 kB | 8.5 kB | 188/268 kB
Progress (4): 627/857 kB | 47 kB | 8.5 kB | 192/268 kB
                                                      
Downloaded from central: https://repo.maven.apache.org/maven2/org/sonatype/plexus/plexus-build-api/0.0.7/plexus-build-api-0.0.7.jar (8.5 kB at 1.0 kB/s)
Downloading from central: https://repo.maven.apache.org/maven2/org/ow2/asm/asm/9.5/asm-9.5.jar
Progress (3): 635/857 kB | 47 kB | 192/268 kB
Progress (3): 643/857 kB | 47 kB | 192/268 kB
Progress (3): 651/857 kB | 47 kB | 192/268 kB
Progress (3): 659/857 kB | 47 kB | 192/268 kB
Progress (3): 668/857 kB | 47 kB | 192/268 kB
Progress (3): 676/857 kB | 47 kB | 192/268 kB
Progress (3): 684/857 kB | 47 kB | 192/268 kB
Progress (3): 692/857 kB | 47 kB | 192/268 kB
Progress (3): 700/857 kB | 47 kB | 192/268 kB
Progress (3): 709/857 kB | 47 kB | 192/268 kB
                                             
Downloaded from central: https://repo.maven.apache.org/maven2/io/micrometer/micrometer-commons/1.12.3/micrometer-commons-1.12.3.jar (47 kB at 5.7 kB/s)
Downloading from central: https://repo.maven.apache.org/maven2/org/ow2/asm/asm-commons/9.5/asm-commons-9.5.jar
Progress (2): 717/857 kB | 192/268 kB
Progress (2): 725/857 kB | 192/268 kB
Progress (2): 733/857 kB | 192/268 kB
Progress (2): 737/857 kB | 192/268 kB
Progress (2): 745/857 kB | 192/268 kB
Progress (2): 754/857 kB | 192/268 kB
Progress (2): 762/857 kB | 192/268 kB
Progress (2): 770/857 kB | 192/268 kB
Progress (3): 770/857 kB | 192/268 kB | 4.1/147 kB
Progress (3): 770/857 kB | 192/268 kB | 7.7/147 kB
Progress (3): 770/857 kB | 192/268 kB | 12/147 kB 
Progress (3): 770/857 kB | 192/268 kB | 16/147 kB
Progress (3): 770/857 kB | 192/268 kB | 20/147 kB
Progress (3): 770/857 kB | 192/268 kB | 24/147 kB
Progress (3): 770/857 kB | 192/268 kB | 28/147 kB
Progress (3): 770/857 kB | 192/268 kB | 32/147 kB
Progress (3): 770/857 kB | 192/268 kB | 36/147 kB
Progress (3): 770/857 kB | 192/268 kB | 40/147 kB
Progress (3): 770/857 kB | 192/268 kB | 45/147 kB
Progress (3): 770/857 kB | 192/268 kB | 49/147 kB
Progress (3): 770/857 kB | 192/268 kB | 53/147 kB
Progress (3): 770/857 kB | 192/268 kB | 57/147 kB
Progress (3): 770/857 kB | 192/268 kB | 61/147 kB
Progress (3): 770/857 kB | 192/268 kB | 65/147 kB
Progress (3): 770/857 kB | 192/268 kB | 69/147 kB
Progress (3): 770/857 kB | 192/268 kB | 73/147 kB
Progress (3): 770/857 kB | 192/268 kB | 77/147 kB
Progress (3): 770/857 kB | 192/268 kB | 81/147 kB
Progress (3): 770/857 kB | 192/268 kB | 86/147 kB
Progress (3): 770/857 kB | 192/268 kB | 90/147 kB
Progress (3): 770/857 kB | 192/268 kB | 94/147 kB
Progress (3): 770/857 kB | 192/268 kB | 98/147 kB
Progress (3): 770/857 kB | 192/268 kB | 102/147 kB
Progress (3): 770/857 kB | 192/268 kB | 106/147 kB
Progress (3): 770/857 kB | 196/268 kB | 106/147 kB
Progress (3): 770/857 kB | 200/268 kB | 106/147 kB
Progress (3): 770/857 kB | 204/268 kB | 106/147 kB
Progress (3): 770/857 kB | 208/268 kB | 106/147 kB
Progress (3): 770/857 kB | 213/268 kB | 106/147 kB
Progress (3): 770/857 kB | 217/268 kB | 106/147 kB
Progress (3): 770/857 kB | 221/268 kB | 106/147 kB
Progress (3): 770/857 kB | 225/268 kB | 106/147 kB
Progress (3): 770/857 kB | 229/268 kB | 106/147 kB
Progress (3): 770/857 kB | 233/268 kB | 106/147 kB
Progress (3): 770/857 kB | 237/268 kB | 106/147 kB
Progress (3): 770/857 kB | 241/268 kB | 106/147 kB
Progress (3): 770/857 kB | 245/268 kB | 106/147 kB
Progress (3): 770/857 kB | 249/268 kB | 106/147 kB
Progress (3): 770/857 kB | 253/268 kB | 106/147 kB
Progress (3): 770/857 kB | 258/268 kB | 106/147 kB
Progress (3): 778/857 kB | 258/268 kB | 106/147 kB
Progress (3): 786/857 kB | 258/268 kB | 106/147 kB
Progress (3): 795/857 kB | 258/268 kB | 106/147 kB
Progress (3): 803/857 kB | 258/268 kB | 106/147 kB
Progress (4): 803/857 kB | 258/268 kB | 106/147 kB | 4.1/122 kB
Progress (4): 803/857 kB | 258/268 kB | 106/147 kB | 7.7/122 kB
Progress (4): 803/857 kB | 258/268 kB | 106/147 kB | 12/122 kB 
Progress (4): 803/857 kB | 258/268 kB | 106/147 kB | 16/122 kB
Progress (4): 803/857 kB | 258/268 kB | 106/147 kB | 20/122 kB
Progress (4): 803/857 kB | 258/268 kB | 106/147 kB | 24/122 kB
Progress (4): 803/857 kB | 258/268 kB | 106/147 kB | 28/122 kB
Progress (4): 803/857 kB | 258/268 kB | 106/147 kB | 32/122 kB
Progress (4): 803/857 kB | 262/268 kB | 106/147 kB | 32/122 kB
Progress (4): 803/857 kB | 266/268 kB | 106/147 kB | 32/122 kB
Progress (4): 803/857 kB | 268 kB | 106/147 kB | 32/122 kB    
Progress (4): 803/857 kB | 268 kB | 106/147 kB | 36/122 kB
Progress (4): 803/857 kB | 268 kB | 106/147 kB | 40/122 kB
Progress (4): 803/857 kB | 268 kB | 106/147 kB | 44/122 kB
Progress (4): 803/857 kB | 268 kB | 106/147 kB | 48/122 kB
Progress (4): 803/857 kB | 268 kB | 106/147 kB | 53/122 kB
Progress (4): 803/857 kB | 268 kB | 106/147 kB | 57/122 kB
Progress (4): 803/857 kB | 268 kB | 106/147 kB | 61/122 kB
Progress (4): 803/857 kB | 268 kB | 106/147 kB | 65/122 kB
Progress (4): 803/857 kB | 268 kB | 106/147 kB | 69/122 kB
Progress (4): 803/857 kB | 268 kB | 106/147 kB | 73/122 kB
Progress (4): 803/857 kB | 268 kB | 106/147 kB | 77/122 kB
Progress (4): 803/857 kB | 268 kB | 106/147 kB | 81/122 kB
Progress (4): 803/857 kB | 268 kB | 106/147 kB | 85/122 kB
Progress (4): 803/857 kB | 268 kB | 106/147 kB | 89/122 kB
Progress (4): 803/857 kB | 268 kB | 106/147 kB | 93/122 kB
Progress (4): 803/857 kB | 268 kB | 106/147 kB | 98/122 kB
Progress (4): 803/857 kB | 268 kB | 106/147 kB | 102/122 kB
Progress (4): 803/857 kB | 268 kB | 106/147 kB | 106/122 kB
Progress (4): 803/857 kB | 268 kB | 106/147 kB | 110/122 kB
Progress (4): 803/857 kB | 268 kB | 106/147 kB | 114/122 kB
Progress (4): 803/857 kB | 268 kB | 106/147 kB | 118/122 kB
Progress (4): 811/857 kB | 268 kB | 106/147 kB | 118/122 kB
Progress (4): 811/857 kB | 268 kB | 106/147 kB | 122 kB    
Progress (4): 819/857 kB | 268 kB | 106/147 kB | 122 kB
Progress (4): 827/857 kB | 268 kB | 106/147 kB | 122 kB
Progress (4): 836/857 kB | 268 kB | 106/147 kB | 122 kB
Progress (4): 844/857 kB | 268 kB | 106/147 kB | 122 kB
Progress (4): 852/857 kB | 268 kB | 106/147 kB | 122 kB
Progress (4): 857 kB | 268 kB | 106/147 kB | 122 kB    
Progress (5): 857 kB | 268 kB | 106/147 kB | 122 kB | 4.1/72 kB
Progress (5): 857 kB | 268 kB | 106/147 kB | 122 kB | 7.7/72 kB
Progress (5): 857 kB | 268 kB | 106/147 kB | 122 kB | 12/72 kB 
Progress (5): 857 kB | 268 kB | 106/147 kB | 122 kB | 16/72 kB
Progress (5): 857 kB | 268 kB | 106/147 kB | 122 kB | 20/72 kB
Progress (5): 857 kB | 268 kB | 106/147 kB | 122 kB | 24/72 kB
Progress (5): 857 kB | 268 kB | 106/147 kB | 122 kB | 28/72 kB
Progress (5): 857 kB | 268 kB | 106/147 kB | 122 kB | 32/72 kB
Progress (5): 857 kB | 268 kB | 106/147 kB | 122 kB | 36/72 kB
Progress (5): 857 kB | 268 kB | 106/147 kB | 122 kB | 40/72 kB
Progress (5): 857 kB | 268 kB | 106/147 kB | 122 kB | 44/72 kB
Progress (5): 857 kB | 268 kB | 106/147 kB | 122 kB | 48/72 kB
Progress (5): 857 kB | 268 kB | 106/147 kB | 122 kB | 53/72 kB
Progress (5): 857 kB | 268 kB | 106/147 kB | 122 kB | 57/72 kB
Progress (5): 857 kB | 268 kB | 106/147 kB | 122 kB | 61/72 kB
Progress (5): 857 kB | 268 kB | 106/147 kB | 122 kB | 65/72 kB
Progress (5): 857 kB | 268 kB | 110/147 kB | 122 kB | 65/72 kB
Progress (5): 857 kB | 268 kB | 114/147 kB | 122 kB | 65/72 kB
Progress (5): 857 kB | 268 kB | 118/147 kB | 122 kB | 65/72 kB
Progress (5): 857 kB | 268 kB | 122/147 kB | 122 kB | 65/72 kB
Progress (5): 857 kB | 268 kB | 126/147 kB | 122 kB | 65/72 kB
Progress (5): 857 kB | 268 kB | 131/147 kB | 122 kB | 65/72 kB
Progress (5): 857 kB | 268 kB | 135/147 kB | 122 kB | 65/72 kB
Progress (5): 857 kB | 268 kB | 139/147 kB | 122 kB | 65/72 kB
Progress (5): 857 kB | 268 kB | 143/147 kB | 122 kB | 65/72 kB
Progress (5): 857 kB | 268 kB | 147 kB | 122 kB | 65/72 kB    
                                                          
Downloaded from central: https://repo.maven.apache.org/maven2/org/codehaus/plexus/plexus-utils/1.5.8/plexus-utils-1.5.8.jar (268 kB at 31 kB/s)
Downloading from central: https://repo.maven.apache.org/maven2/org/ow2/asm/asm-tree/9.5/asm-tree-9.5.jar
Progress (4): 857 kB | 147 kB | 122 kB | 69/72 kB
Progress (4): 857 kB | 147 kB | 122 kB | 72 kB   
                                              
Downloaded from central: https://repo.maven.apache.org/maven2/org/springframework/spring-beans/6.1.4/spring-beans-6.1.4.jar (857 kB at 99 kB/s)
Downloaded from central: https://repo.maven.apache.org/maven2/org/ow2/asm/asm/9.5/asm-9.5.jar (122 kB at 14 kB/s)
Downloading from central: https://repo.maven.apache.org/maven2/org/apache/maven/shared/maven-dependency-tree/3.2.1/maven-dependency-tree-3.2.1.jar
Downloading from central: https://repo.maven.apache.org/maven2/org/jdom/jdom2/2.0.6.1/jdom2-2.0.6.1.jar
Downloaded from central: https://repo.maven.apache.org/maven2/org/apache/maven/plugins/maven-shade-plugin/3.5.0/maven-shade-plugin-3.5.0.jar (147 kB at 17 kB/s)
Downloading from central: https://repo.maven.apache.org/maven2/org/eclipse/aether/aether-util/1.0.0.v20140518/aether-util-1.0.0.v20140518.jar
Progress (2): 72 kB | 4.1/52 kB
Progress (2): 72 kB | 7.7/52 kB
Progress (2): 72 kB | 12/52 kB 
Progress (2): 72 kB | 16/52 kB
Progress (2): 72 kB | 20/52 kB
Progress (2): 72 kB | 24/52 kB
Progress (2): 72 kB | 28/52 kB
Progress (2): 72 kB | 32/52 kB
Progress (2): 72 kB | 36/52 kB
Progress (2): 72 kB | 40/52 kB
Progress (2): 72 kB | 45/52 kB
Progress (2): 72 kB | 49/52 kB
Progress (2): 72 kB | 52 kB   
                           
Downloaded from central: https://repo.maven.apache.org/maven2/org/ow2/asm/asm-commons/9.5/asm-commons-9.5.jar (72 kB at 8.3 kB/s)
Downloading from central: https://repo.maven.apache.org/maven2/org/eclipse/aether/aether-api/1.0.0.v20140518/aether-api-1.0.0.v20140518.jar
Progress (2): 52 kB | 3.4/43 kB
Progress (2): 52 kB | 7.5/43 kB
Progress (2): 52 kB | 12/43 kB 
Progress (2): 52 kB | 16/43 kB
Progress (2): 52 kB | 20/43 kB
Progress (2): 52 kB | 24/43 kB
Progress (2): 52 kB | 28/43 kB
Progress (2): 52 kB | 32/43 kB
Progress (2): 52 kB | 36/43 kB
Progress (2): 52 kB | 40/43 kB
Progress (2): 52 kB | 43 kB   
Progress (3): 52 kB | 43 kB | 4.1/328 kB
Progress (3): 52 kB | 43 kB | 7.7/328 kB
Progress (3): 52 kB | 43 kB | 12/328 kB 
Progress (3): 52 kB | 43 kB | 16/328 kB
Progress (3): 52 kB | 43 kB | 20/328 kB
Progress (3): 52 kB | 43 kB | 24/328 kB
Progress (3): 52 kB | 43 kB | 28/328 kB
Progress (3): 52 kB | 43 kB | 32/328 kB
Progress (3): 52 kB | 43 kB | 36/328 kB
Progress (3): 52 kB | 43 kB | 40/328 kB
Progress (3): 52 kB | 43 kB | 44/328 kB
Progress (3): 52 kB | 43 kB | 48/328 kB
Progress (3): 52 kB | 43 kB | 53/328 kB
Progress (3): 52 kB | 43 kB | 57/328 kB
Progress (3): 52 kB | 43 kB | 61/328 kB
Progress (3): 52 kB | 43 kB | 65/328 kB
Progress (3): 52 kB | 43 kB | 69/328 kB
Progress (3): 52 kB | 43 kB | 73/328 kB
Progress (3): 52 kB | 43 kB | 77/328 kB
Progress (3): 52 kB | 43 kB | 81/328 kB
Progress (3): 52 kB | 43 kB | 85/328 kB
Progress (3): 52 kB | 43 kB | 89/328 kB
Progress (3): 52 kB | 43 kB | 93/328 kB
Progress (3): 52 kB | 43 kB | 98/328 kB
Progress (3): 52 kB | 43 kB | 102/328 kB
Progress (3): 52 kB | 43 kB | 106/328 kB
Progress (3): 52 kB | 43 kB | 110/328 kB
Progress (3): 52 kB | 43 kB | 114/328 kB
Progress (3): 52 kB | 43 kB | 118/328 kB
Progress (3): 52 kB | 43 kB | 122/328 kB
Progress (3): 52 kB | 43 kB | 126/328 kB
Progress (3): 52 kB | 43 kB | 130/328 kB
Progress (3): 52 kB | 43 kB | 134/328 kB
Progress (3): 52 kB | 43 kB | 139/328 kB
Progress (3): 52 kB | 43 kB | 143/328 kB
Progress (3): 52 kB | 43 kB | 147/328 kB
Progress (3): 52 kB | 43 kB | 151/328 kB
Progress (3): 52 kB | 43 kB | 155/328 kB
Progress (3): 52 kB | 43 kB | 159/328 kB
Progress (3): 52 kB | 43 kB | 163/328 kB
Progress (3): 52 kB | 43 kB | 167/328 kB
Progress (3): 52 kB | 43 kB | 171/328 kB
Progress (3): 52 kB | 43 kB | 175/328 kB
Progress (3): 52 kB | 43 kB | 179/328 kB
Progress (3): 52 kB | 43 kB | 184/328 kB
Progress (3): 52 kB | 43 kB | 188/328 kB
Progress (3): 52 kB | 43 kB | 192/328 kB
Progress (3): 52 kB | 43 kB | 196/328 kB
Progress (3): 52 kB | 43 kB | 200/328 kB
Progress (3): 52 kB | 43 kB | 204/328 kB
Progress (3): 52 kB | 43 kB | 208/328 kB
Progress (3): 52 kB | 43 kB | 212/328 kB
Progress (3): 52 kB | 43 kB | 216/328 kB
Progress (3): 52 kB | 43 kB | 220/328 kB
Progress (3): 52 kB | 43 kB | 225/328 kB
Progress (3): 52 kB | 43 kB | 229/328 kB
Progress (3): 52 kB | 43 kB | 233/328 kB
Progress (3): 52 kB | 43 kB | 237/328 kB
Progress (3): 52 kB | 43 kB | 241/328 kB
Progress (3): 52 kB | 43 kB | 245/328 kB
Progress (3): 52 kB | 43 kB | 249/328 kB
Progress (3): 52 kB | 43 kB | 253/328 kB
Progress (3): 52 kB | 43 kB | 257/328 kB
Progress (3): 52 kB | 43 kB | 261/328 kB
Progress (3): 52 kB | 43 kB | 266/328 kB
Progress (3): 52 kB | 43 kB | 270/328 kB
Progress (3): 52 kB | 43 kB | 274/328 kB
Progress (3): 52 kB | 43 kB | 278/328 kB
Progress (3): 52 kB | 43 kB | 282/328 kB
Progress (3): 52 kB | 43 kB | 286/328 kB
Progress (3): 52 kB | 43 kB | 290/328 kB
Progress (3): 52 kB | 43 kB | 294/328 kB
Progress (3): 52 kB | 43 kB | 298/328 kB
Progress (3): 52 kB | 43 kB | 302/328 kB
Progress (3): 52 kB | 43 kB | 306/328 kB
Progress (3): 52 kB | 43 kB | 311/328 kB
Progress (3): 52 kB | 43 kB | 315/328 kB
Progress (3): 52 kB | 43 kB | 319/328 kB
Progress (3): 52 kB | 43 kB | 323/328 kB
Progress (3): 52 kB | 43 kB | 327/328 kB
Progress (3): 52 kB | 43 kB | 328 kB    
Progress (4): 52 kB | 43 kB | 328 kB | 4.1/146 kB
Progress (4): 52 kB | 43 kB | 328 kB | 7.7/146 kB
Progress (4): 52 kB | 43 kB | 328 kB | 12/146 kB 
Progress (4): 52 kB | 43 kB | 328 kB | 16/146 kB
Progress (4): 52 kB | 43 kB | 328 kB | 20/146 kB
Progress (4): 52 kB | 43 kB | 328 kB | 24/146 kB
Progress (4): 52 kB | 43 kB | 328 kB | 28/146 kB
Progress (4): 52 kB | 43 kB | 328 kB | 32/146 kB
Progress (4): 52 kB | 43 kB | 328 kB | 36/146 kB
Progress (4): 52 kB | 43 kB | 328 kB | 40/146 kB
Progress (4): 52 kB | 43 kB | 328 kB | 44/146 kB
Progress (4): 52 kB | 43 kB | 328 kB | 48/146 kB
Progress (4): 52 kB | 43 kB | 328 kB | 53/146 kB
Progress (4): 52 kB | 43 kB | 328 kB | 57/146 kB
Progress (4): 52 kB | 43 kB | 328 kB | 61/146 kB
Progress (4): 52 kB | 43 kB | 328 kB | 65/146 kB
Progress (4): 52 kB | 43 kB | 328 kB | 69/146 kB
Progress (4): 52 kB | 43 kB | 328 kB | 73/146 kB
Progress (4): 52 kB | 43 kB | 328 kB | 77/146 kB
Progress (4): 52 kB | 43 kB | 328 kB | 81/146 kB
                                                
Downloaded from central: https://repo.maven.apache.org/maven2/org/ow2/asm/asm-tree/9.5/asm-tree-9.5.jar (52 kB at 5.8 kB/s)
Downloading from central: https://repo.maven.apache.org/maven2/commons-io/commons-io/2.13.0/commons-io-2.13.0.jar
Progress (3): 43 kB | 328 kB | 85/146 kB
Progress (3): 43 kB | 328 kB | 89/146 kB
Progress (3): 43 kB | 328 kB | 93/146 kB
Progress (3): 43 kB | 328 kB | 98/146 kB
Progress (4): 43 kB | 328 kB | 98/146 kB | 4.1/136 kB
Progress (4): 43 kB | 328 kB | 98/146 kB | 7.7/136 kB
Progress (4): 43 kB | 328 kB | 98/146 kB | 12/136 kB 
Progress (4): 43 kB | 328 kB | 98/146 kB | 16/136 kB
Progress (4): 43 kB | 328 kB | 98/146 kB | 20/136 kB
Progress (4): 43 kB | 328 kB | 98/146 kB | 24/136 kB
Progress (4): 43 kB | 328 kB | 98/146 kB | 28/136 kB
Progress (4): 43 kB | 328 kB | 98/146 kB | 32/136 kB
Progress (4): 43 kB | 328 kB | 98/146 kB | 36/136 kB
Progress (4): 43 kB | 328 kB | 98/146 kB | 40/136 kB
Progress (4): 43 kB | 328 kB | 98/146 kB | 45/136 kB
Progress (4): 43 kB | 328 kB | 98/146 kB | 49/136 kB
Progress (4): 43 kB | 328 kB | 98/146 kB | 53/136 kB
Progress (4): 43 kB | 328 kB | 98/146 kB | 57/136 kB
Progress (4): 43 kB | 328 kB | 98/146 kB | 61/136 kB
Progress (4): 43 kB | 328 kB | 98/146 kB | 65/136 kB
Progress (4): 43 kB | 328 kB | 98/146 kB | 69/136 kB
Progress (4): 43 kB | 328 kB | 98/146 kB | 73/136 kB
Progress (4): 43 kB | 328 kB | 98/146 kB | 77/136 kB
Progress (4): 43 kB | 328 kB | 98/146 kB | 81/136 kB
Progress (4): 43 kB | 328 kB | 98/146 kB | 86/136 kB
Progress (4): 43 kB | 328 kB | 98/146 kB | 90/136 kB
Progress (4): 43 kB | 328 kB | 98/146 kB | 94/136 kB
Progress (4): 43 kB | 328 kB | 98/146 kB | 98/136 kB
Progress (4): 43 kB | 328 kB | 98/146 kB | 102/136 kB
Progress (4): 43 kB | 328 kB | 98/146 kB | 106/136 kB
                                                     
Downloaded from central: https://repo.maven.apache.org/maven2/org/apache/maven/shared/maven-dependency-tree/3.2.1/maven-dependency-tree-3.2.1.jar (43 kB at 4.7 kB/s)
Downloading from central: https://repo.maven.apache.org/maven2/org/vafer/jdependency/2.8.0/jdependency-2.8.0.jar
Progress (3): 328 kB | 98/146 kB | 110/136 kB
Progress (3): 328 kB | 98/146 kB | 114/136 kB
Progress (3): 328 kB | 102/146 kB | 114/136 kB
Progress (3): 328 kB | 102/146 kB | 118/136 kB
Progress (3): 328 kB | 102/146 kB | 122/136 kB
Progress (3): 328 kB | 106/146 kB | 122/136 kB
Progress (3): 328 kB | 110/146 kB | 122/136 kB
Progress (3): 328 kB | 114/146 kB | 122/136 kB
Progress (3): 328 kB | 114/146 kB | 126/136 kB
Progress (3): 328 kB | 114/146 kB | 131/136 kB
Progress (3): 328 kB | 114/146 kB | 135/136 kB
Progress (3): 328 kB | 114/146 kB | 136 kB    
                                          
Downloaded from central: https://repo.maven.apache.org/maven2/org/jdom/jdom2/2.0.6.1/jdom2-2.0.6.1.jar (328 kB at 36 kB/s)
Downloading from central: https://repo.maven.apache.org/maven2/org/apache/commons/commons-collections4/4.4/commons-collections4-4.4.jar
Progress (2): 118/146 kB | 136 kB
Progress (2): 122/146 kB | 136 kB
Progress (2): 126/146 kB | 136 kB
Progress (2): 130/146 kB | 136 kB
Progress (2): 134/146 kB | 136 kB
Progress (2): 139/146 kB | 136 kB
Progress (2): 143/146 kB | 136 kB
Progress (2): 146 kB | 136 kB    
Progress (3): 146 kB | 136 kB | 4.1/484 kB
Progress (3): 146 kB | 136 kB | 7.7/484 kB
Progress (3): 146 kB | 136 kB | 12/484 kB 
Progress (3): 146 kB | 136 kB | 16/484 kB
Progress (3): 146 kB | 136 kB | 20/484 kB
Progress (3): 146 kB | 136 kB | 24/484 kB
Progress (3): 146 kB | 136 kB | 28/484 kB
Progress (3): 146 kB | 136 kB | 32/484 kB
Progress (3): 146 kB | 136 kB | 36/484 kB
Progress (3): 146 kB | 136 kB | 40/484 kB
Progress (3): 146 kB | 136 kB | 45/484 kB
Progress (3): 146 kB | 136 kB | 49/484 kB
Progress (3): 146 kB | 136 kB | 53/484 kB
Progress (3): 146 kB | 136 kB | 57/484 kB
Progress (3): 146 kB | 136 kB | 61/484 kB
Progress (3): 146 kB | 136 kB | 65/484 kB
Progress (3): 146 kB | 136 kB | 69/484 kB
Progress (3): 146 kB | 136 kB | 73/484 kB
Progress (3): 146 kB | 136 kB | 77/484 kB
Progress (3): 146 kB | 136 kB | 81/484 kB
Progress (3): 146 kB | 136 kB | 86/484 kB
Progress (3): 146 kB | 136 kB | 90/484 kB
Progress (3): 146 kB | 136 kB | 94/484 kB
Progress (3): 146 kB | 136 kB | 98/484 kB
Progress (3): 146 kB | 136 kB | 102/484 kB
Progress (3): 146 kB | 136 kB | 106/484 kB
Progress (3): 146 kB | 136 kB | 110/484 kB
Progress (3): 146 kB | 136 kB | 114/484 kB
Progress (3): 146 kB | 136 kB | 118/484 kB
Progress (3): 146 kB | 136 kB | 122/484 kB
Progress (3): 146 kB | 136 kB | 126/484 kB
Progress (3): 146 kB | 136 kB | 131/484 kB
Progress (3): 146 kB | 136 kB | 135/484 kB
Progress (3): 146 kB | 136 kB | 139/484 kB
Progress (3): 146 kB | 136 kB | 143/484 kB
Progress (3): 146 kB | 136 kB | 147/484 kB
Progress (3): 146 kB | 136 kB | 151/484 kB
Progress (3): 146 kB | 136 kB | 155/484 kB
Progress (3): 146 kB | 136 kB | 159/484 kB
Progress (3): 146 kB | 136 kB | 163/484 kB
Progress (3): 146 kB | 136 kB | 167/484 kB
Progress (3): 146 kB | 136 kB | 172/484 kB
Progress (3): 146 kB | 136 kB | 176/484 kB
Progress (3): 146 kB | 136 kB | 180/484 kB
Progress (3): 146 kB | 136 kB | 184/484 kB
Progress (3): 146 kB | 136 kB | 188/484 kB
Progress (3): 146 kB | 136 kB | 192/484 kB
Progress (3): 146 kB | 136 kB | 196/484 kB
Progress (3): 146 kB | 136 kB | 200/484 kB
Progress (3): 146 kB | 136 kB | 204/484 kB
Progress (3): 146 kB | 136 kB | 208/484 kB
Progress (3): 146 kB | 136 kB | 213/484 kB
Progress (4): 146 kB | 136 kB | 213/484 kB | 4.1/752 kB
Progress (4): 146 kB | 136 kB | 213/484 kB | 7.7/752 kB
Progress (4): 146 kB | 136 kB | 213/484 kB | 12/752 kB 
Progress (4): 146 kB | 136 kB | 213/484 kB | 16/752 kB
Progress (4): 146 kB | 136 kB | 213/484 kB | 20/752 kB
Progress (4): 146 kB | 136 kB | 213/484 kB | 24/752 kB
Progress (4): 146 kB | 136 kB | 213/484 kB | 28/752 kB
Progress (4): 146 kB | 136 kB | 213/484 kB | 32/752 kB
Progress (4): 146 kB | 136 kB | 213/484 kB | 36/752 kB
Progress (4): 146 kB | 136 kB | 213/484 kB | 40/752 kB
Progress (4): 146 kB | 136 kB | 213/484 kB | 45/752 kB
Progress (4): 146 kB | 136 kB | 213/484 kB | 49/752 kB
Progress (4): 146 kB | 136 kB | 213/484 kB | 53/752 kB
Progress (4): 146 kB | 136 kB | 213/484 kB | 57/752 kB
Progress (4): 146 kB | 136 kB | 213/484 kB | 61/752 kB
Progress (4): 146 kB | 136 kB | 213/484 kB | 65/752 kB
Progress (4): 146 kB | 136 kB | 213/484 kB | 69/752 kB
Progress (4): 146 kB | 136 kB | 213/484 kB | 73/752 kB
Progress (4): 146 kB | 136 kB | 213/484 kB | 77/752 kB
Progress (4): 146 kB | 136 kB | 213/484 kB | 81/752 kB
Progress (4): 146 kB | 136 kB | 213/484 kB | 86/752 kB
Progress (4): 146 kB | 136 kB | 213/484 kB | 90/752 kB
Progress (4): 146 kB | 136 kB | 213/484 kB | 94/752 kB
Progress (4): 146 kB | 136 kB | 213/484 kB | 98/752 kB
Progress (4): 146 kB | 136 kB | 213/484 kB | 102/752 kB
Progress (4): 146 kB | 136 kB | 213/484 kB | 106/752 kB
Progress (4): 146 kB | 136 kB | 213/484 kB | 110/752 kB
Progress (4): 146 kB | 136 kB | 213/484 kB | 114/752 kB
Progress (4): 146 kB | 136 kB | 213/484 kB | 118/752 kB
Progress (4): 146 kB | 136 kB | 213/484 kB | 122/752 kB
                                                       
Downloaded from central: https://repo.maven.apache.org/maven2/org/eclipse/aether/aether-api/1.0.0.v20140518/aether-api-1.0.0.v20140518.jar (136 kB at 15 kB/s)
Progress (3): 146 kB | 213/484 kB | 126/752 kB
Progress (3): 146 kB | 213/484 kB | 131/752 kB
Progress (3): 146 kB | 213/484 kB | 135/752 kB
Progress (3): 146 kB | 213/484 kB | 139/752 kB
Progress (3): 146 kB | 213/484 kB | 143/752 kB
Progress (3): 146 kB | 213/484 kB | 147/752 kB
Progress (3): 146 kB | 213/484 kB | 151/752 kB
Progress (3): 146 kB | 213/484 kB | 155/752 kB
Progress (3): 146 kB | 213/484 kB | 159/752 kB
Progress (3): 146 kB | 213/484 kB | 163/752 kB
Progress (3): 146 kB | 213/484 kB | 167/752 kB
Progress (3): 146 kB | 213/484 kB | 172/752 kB
Progress (3): 146 kB | 213/484 kB | 176/752 kB
Progress (3): 146 kB | 213/484 kB | 180/752 kB
Progress (3): 146 kB | 213/484 kB | 184/752 kB
Progress (3): 146 kB | 213/484 kB | 188/752 kB
Progress (3): 146 kB | 213/484 kB | 192/752 kB
Progress (3): 146 kB | 213/484 kB | 196/752 kB
Progress (3): 146 kB | 213/484 kB | 200/752 kB
Progress (3): 146 kB | 213/484 kB | 204/752 kB
Progress (4): 146 kB | 213/484 kB | 204/752 kB | 4.1/233 kB
Progress (4): 146 kB | 213/484 kB | 204/752 kB | 7.7/233 kB
Progress (4): 146 kB | 213/484 kB | 204/752 kB | 12/233 kB 
Progress (4): 146 kB | 213/484 kB | 204/752 kB | 16/233 kB
Progress (4): 146 kB | 213/484 kB | 204/752 kB | 20/233 kB
Progress (4): 146 kB | 213/484 kB | 204/752 kB | 24/233 kB
Progress (4): 146 kB | 213/484 kB | 204/752 kB | 28/233 kB
Progress (4): 146 kB | 213/484 kB | 204/752 kB | 32/233 kB
Progress (4): 146 kB | 213/484 kB | 204/752 kB | 36/233 kB
Progress (4): 146 kB | 213/484 kB | 204/752 kB | 40/233 kB
Progress (4): 146 kB | 213/484 kB | 204/752 kB | 45/233 kB
Progress (4): 146 kB | 213/484 kB | 204/752 kB | 49/233 kB
Progress (4): 146 kB | 213/484 kB | 204/752 kB | 53/233 kB
Progress (4): 146 kB | 213/484 kB | 204/752 kB | 57/233 kB
Progress (4): 146 kB | 213/484 kB | 204/752 kB | 61/233 kB
Progress (4): 146 kB | 213/484 kB | 204/752 kB | 65/233 kB
Progress (4): 146 kB | 213/484 kB | 204/752 kB | 69/233 kB
Progress (4): 146 kB | 213/484 kB | 204/752 kB | 73/233 kB
Progress (4): 146 kB | 213/484 kB | 204/752 kB | 77/233 kB
Progress (4): 146 kB | 213/484 kB | 204/752 kB | 81/233 kB
Progress (4): 146 kB | 213/484 kB | 204/752 kB | 86/233 kB
Progress (4): 146 kB | 213/484 kB | 204/752 kB | 90/233 kB
Progress (4): 146 kB | 213/484 kB | 204/752 kB | 94/233 kB
Progress (4): 146 kB | 213/484 kB | 204/752 kB | 98/233 kB
Progress (4): 146 kB | 213/484 kB | 204/752 kB | 102/233 kB
Progress (4): 146 kB | 213/484 kB | 204/752 kB | 106/233 kB
Progress (4): 146 kB | 213/484 kB | 204/752 kB | 110/233 kB
Progress (4): 146 kB | 213/484 kB | 204/752 kB | 114/233 kB
Progress (4): 146 kB | 213/484 kB | 204/752 kB | 118/233 kB
Progress (4): 146 kB | 213/484 kB | 204/752 kB | 122/233 kB
Progress (4): 146 kB | 213/484 kB | 204/752 kB | 126/233 kB
Progress (4): 146 kB | 213/484 kB | 204/752 kB | 131/233 kB
Progress (4): 146 kB | 213/484 kB | 204/752 kB | 135/233 kB
Progress (4): 146 kB | 213/484 kB | 204/752 kB | 139/233 kB
Progress (4): 146 kB | 213/484 kB | 204/752 kB | 143/233 kB
Progress (4): 146 kB | 213/484 kB | 204/752 kB | 147/233 kB
Progress (4): 146 kB | 213/484 kB | 204/752 kB | 151/233 kB
Progress (4): 146 kB | 213/484 kB | 204/752 kB | 155/233 kB
Progress (4): 146 kB | 217/484 kB | 204/752 kB | 155/233 kB
Progress (4): 146 kB | 221/484 kB | 204/752 kB | 155/233 kB
Progress (4): 146 kB | 225/484 kB | 204/752 kB | 155/233 kB
Progress (4): 146 kB | 229/484 kB | 204/752 kB | 155/233 kB
Progress (4): 146 kB | 233/484 kB | 204/752 kB | 155/233 kB
Progress (4): 146 kB | 237/484 kB | 204/752 kB | 155/233 kB
Progress (4): 146 kB | 241/484 kB | 204/752 kB | 155/233 kB
Progress (4): 146 kB | 245/484 kB | 204/752 kB | 155/233 kB
                                                           
Downloaded from central: https://repo.maven.apache.org/maven2/org/eclipse/aether/aether-util/1.0.0.v20140518/aether-util-1.0.0.v20140518.jar (146 kB at 16 kB/s)
Progress (3): 249/484 kB | 204/752 kB | 155/233 kB
Progress (3): 253/484 kB | 204/752 kB | 155/233 kB
Progress (3): 258/484 kB | 204/752 kB | 155/233 kB
Progress (3): 262/484 kB | 204/752 kB | 155/233 kB
Progress (3): 266/484 kB | 204/752 kB | 155/233 kB
Progress (3): 270/484 kB | 204/752 kB | 155/233 kB
Progress (3): 274/484 kB | 204/752 kB | 155/233 kB
Progress (3): 278/484 kB | 204/752 kB | 155/233 kB
Progress (3): 282/484 kB | 204/752 kB | 155/233 kB
Progress (3): 286/484 kB | 204/752 kB | 155/233 kB
Progress (3): 290/484 kB | 204/752 kB | 155/233 kB
Progress (3): 294/484 kB | 204/752 kB | 155/233 kB
Progress (3): 299/484 kB | 204/752 kB | 155/233 kB
Progress (3): 303/484 kB | 204/752 kB | 155/233 kB
Progress (3): 307/484 kB | 204/752 kB | 155/233 kB
Progress (3): 311/484 kB | 204/752 kB | 155/233 kB
Progress (3): 315/484 kB | 204/752 kB | 155/233 kB
Progress (3): 319/484 kB | 204/752 kB | 155/233 kB
Progress (3): 323/484 kB | 204/752 kB | 155/233 kB
Progress (3): 327/484 kB | 204/752 kB | 155/233 kB
Progress (3): 331/484 kB | 204/752 kB | 155/233 kB
Progress (3): 331/484 kB | 208/752 kB | 155/233 kB
Progress (3): 331/484 kB | 213/752 kB | 155/233 kB
Progress (3): 331/484 kB | 217/752 kB | 155/233 kB
Progress (3): 335/484 kB | 217/752 kB | 155/233 kB
Progress (3): 335/484 kB | 221/752 kB | 155/233 kB
Progress (3): 339/484 kB | 221/752 kB | 155/233 kB
Progress (3): 344/484 kB | 221/752 kB | 155/233 kB
Progress (3): 348/484 kB | 221/752 kB | 155/233 kB
Progress (3): 352/484 kB | 221/752 kB | 155/233 kB
Progress (3): 356/484 kB | 221/752 kB | 155/233 kB
Progress (3): 360/484 kB | 221/752 kB | 155/233 kB
Progress (3): 364/484 kB | 221/752 kB | 155/233 kB
Progress (3): 368/484 kB | 221/752 kB | 155/233 kB
Progress (3): 372/484 kB | 221/752 kB | 155/233 kB
Progress (3): 376/484 kB | 221/752 kB | 155/233 kB
Progress (3): 376/484 kB | 225/752 kB | 155/233 kB
Progress (3): 376/484 kB | 229/752 kB | 155/233 kB
Progress (3): 376/484 kB | 233/752 kB | 155/233 kB
Progress (3): 376/484 kB | 237/752 kB | 155/233 kB
Progress (3): 380/484 kB | 237/752 kB | 155/233 kB
Progress (3): 385/484 kB | 237/752 kB | 155/233 kB
Progress (3): 389/484 kB | 237/752 kB | 155/233 kB
Progress (3): 393/484 kB | 237/752 kB | 155/233 kB
Progress (3): 397/484 kB | 237/752 kB | 155/233 kB
Progress (3): 401/484 kB | 237/752 kB | 155/233 kB
Progress (3): 405/484 kB | 237/752 kB | 155/233 kB
Progress (3): 409/484 kB | 237/752 kB | 155/233 kB
Progress (3): 413/484 kB | 237/752 kB | 155/233 kB
Progress (3): 417/484 kB | 237/752 kB | 155/233 kB
Progress (3): 421/484 kB | 237/752 kB | 155/233 kB
Progress (3): 426/484 kB | 237/752 kB | 155/233 kB
Progress (3): 430/484 kB | 237/752 kB | 155/233 kB
Progress (3): 430/484 kB | 241/752 kB | 155/233 kB
Progress (3): 430/484 kB | 245/752 kB | 155/233 kB
Progress (3): 430/484 kB | 249/752 kB | 155/233 kB
Progress (3): 430/484 kB | 253/752 kB | 155/233 kB
Progress (3): 430/484 kB | 258/752 kB | 155/233 kB
Progress (3): 430/484 kB | 262/752 kB | 155/233 kB
Progress (3): 430/484 kB | 266/752 kB | 155/233 kB
Progress (3): 430/484 kB | 270/752 kB | 155/233 kB
Progress (3): 430/484 kB | 274/752 kB | 155/233 kB
Progress (3): 430/484 kB | 278/752 kB | 155/233 kB
Progress (3): 430/484 kB | 282/752 kB | 155/233 kB
Progress (3): 430/484 kB | 286/752 kB | 155/233 kB
Progress (3): 430/484 kB | 290/752 kB | 155/233 kB
Progress (3): 430/484 kB | 294/752 kB | 155/233 kB
Progress (3): 430/484 kB | 299/752 kB | 155/233 kB
Progress (3): 430/484 kB | 303/752 kB | 155/233 kB
Progress (3): 430/484 kB | 307/752 kB | 155/233 kB
Progress (3): 430/484 kB | 311/752 kB | 155/233 kB
Progress (3): 430/484 kB | 315/752 kB | 155/233 kB
Progress (3): 430/484 kB | 319/752 kB | 155/233 kB
Progress (3): 430/484 kB | 323/752 kB | 155/233 kB
Progress (3): 430/484 kB | 327/752 kB | 155/233 kB
Progress (3): 430/484 kB | 331/752 kB | 155/233 kB
Progress (3): 430/484 kB | 335/752 kB | 155/233 kB
Progress (3): 430/484 kB | 339/752 kB | 155/233 kB
Progress (3): 430/484 kB | 344/752 kB | 155/233 kB
Progress (3): 430/484 kB | 348/752 kB | 155/233 kB
Progress (3): 430/484 kB | 352/752 kB | 155/233 kB
Progress (3): 430/484 kB | 356/752 kB | 155/233 kB
Progress (3): 430/484 kB | 360/752 kB | 155/233 kB
Progress (3): 430/484 kB | 364/752 kB | 155/233 kB
Progress (3): 430/484 kB | 368/752 kB | 155/233 kB
Progress (3): 430/484 kB | 372/752 kB | 155/233 kB
Progress (3): 430/484 kB | 376/752 kB | 155/233 kB
Progress (3): 430/484 kB | 380/752 kB | 155/233 kB
Progress (3): 430/484 kB | 385/752 kB | 155/233 kB
Progress (3): 430/484 kB | 389/752 kB | 155/233 kB
Progress (3): 430/484 kB | 393/752 kB | 155/233 kB
Progress (3): 430/484 kB | 397/752 kB | 155/233 kB
Progress (3): 430/484 kB | 401/752 kB | 155/233 kB
Progress (3): 430/484 kB | 405/752 kB | 155/233 kB
Progress (3): 430/484 kB | 409/752 kB | 155/233 kB
Progress (3): 430/484 kB | 413/752 kB | 155/233 kB
Progress (3): 430/484 kB | 417/752 kB | 155/233 kB
Progress (3): 430/484 kB | 421/752 kB | 155/233 kB
Progress (3): 430/484 kB | 426/752 kB | 155/233 kB
Progress (3): 430/484 kB | 430/752 kB | 155/233 kB
Progress (3): 430/484 kB | 434/752 kB | 155/233 kB
Progress (3): 430/484 kB | 438/752 kB | 155/233 kB
Progress (3): 430/484 kB | 442/752 kB | 155/233 kB
Progress (3): 430/484 kB | 442/752 kB | 159/233 kB
Progress (3): 430/484 kB | 442/752 kB | 163/233 kB
Progress (3): 430/484 kB | 442/752 kB | 167/233 kB
Progress (3): 430/484 kB | 442/752 kB | 172/233 kB
Progress (3): 430/484 kB | 442/752 kB | 176/233 kB
Progress (3): 430/484 kB | 442/752 kB | 180/233 kB
Progress (3): 430/484 kB | 442/752 kB | 184/233 kB
Progress (3): 430/484 kB | 442/752 kB | 188/233 kB
Progress (3): 430/484 kB | 442/752 kB | 192/233 kB
Progress (3): 430/484 kB | 442/752 kB | 196/233 kB
Progress (3): 430/484 kB | 442/752 kB | 200/233 kB
Progress (3): 430/484 kB | 442/752 kB | 204/233 kB
Progress (3): 430/484 kB | 442/752 kB | 208/233 kB
Progress (3): 430/484 kB | 442/752 kB | 213/233 kB
Progress (3): 430/484 kB | 442/752 kB | 217/233 kB
Progress (3): 430/484 kB | 442/752 kB | 221/233 kB
Progress (3): 430/484 kB | 442/752 kB | 225/233 kB
Progress (3): 430/484 kB | 442/752 kB | 229/233 kB
Progress (3): 430/484 kB | 442/752 kB | 233/233 kB
Progress (3): 430/484 kB | 442/752 kB | 233 kB    
Progress (3): 434/484 kB | 442/752 kB | 233 kB
Progress (3): 438/484 kB | 442/752 kB | 233 kB
Progress (3): 442/484 kB | 442/752 kB | 233 kB
Progress (3): 446/484 kB | 442/752 kB | 233 kB
Progress (3): 450/484 kB | 442/752 kB | 233 kB
Progress (3): 454/484 kB | 442/752 kB | 233 kB
Progress (3): 458/484 kB | 442/752 kB | 233 kB
Progress (3): 462/484 kB | 442/752 kB | 233 kB
Progress (3): 466/484 kB | 442/752 kB | 233 kB
Progress (3): 471/484 kB | 442/752 kB | 233 kB
Progress (3): 475/484 kB | 442/752 kB | 233 kB
Progress (3): 479/484 kB | 442/752 kB | 233 kB
Progress (3): 479/484 kB | 446/752 kB | 233 kB
Progress (3): 479/484 kB | 450/752 kB | 233 kB
Progress (3): 479/484 kB | 454/752 kB | 233 kB
Progress (3): 479/484 kB | 458/752 kB | 233 kB
Progress (3): 479/484 kB | 462/752 kB | 233 kB
Progress (3): 479/484 kB | 466/752 kB | 233 kB
Progress (3): 479/484 kB | 471/752 kB | 233 kB
Progress (3): 479/484 kB | 475/752 kB | 233 kB
Progress (3): 479/484 kB | 479/752 kB | 233 kB
Progress (3): 479/484 kB | 483/752 kB | 233 kB
Progress (3): 479/484 kB | 487/752 kB | 233 kB
Progress (3): 479/484 kB | 491/752 kB | 233 kB
Progress (3): 479/484 kB | 495/752 kB | 233 kB
Progress (3): 479/484 kB | 499/752 kB | 233 kB
Progress (3): 479/484 kB | 503/752 kB | 233 kB
Progress (3): 479/484 kB | 507/752 kB | 233 kB
Progress (3): 483/484 kB | 507/752 kB | 233 kB
Progress (3): 484 kB | 507/752 kB | 233 kB    
Progress (3): 484 kB | 512/752 kB | 233 kB
Progress (3): 484 kB | 516/752 kB | 233 kB
Progress (3): 484 kB | 520/752 kB | 233 kB
Progress (3): 484 kB | 524/752 kB | 233 kB
Progress (3): 484 kB | 528/752 kB | 233 kB
Progress (3): 484 kB | 532/752 kB | 233 kB
Progress (3): 484 kB | 536/752 kB | 233 kB
Progress (3): 484 kB | 540/752 kB | 233 kB
Progress (3): 484 kB | 544/752 kB | 233 kB
Progress (3): 484 kB | 548/752 kB | 233 kB
Progress (3): 484 kB | 552/752 kB | 233 kB
Progress (3): 484 kB | 557/752 kB | 233 kB
Progress (3): 484 kB | 561/752 kB | 233 kB
Progress (3): 484 kB | 565/752 kB | 233 kB
Progress (3): 484 kB | 569/752 kB | 233 kB
Progress (3): 484 kB | 573/752 kB | 233 kB
Progress (3): 484 kB | 577/752 kB | 233 kB
Progress (3): 484 kB | 581/752 kB | 233 kB
Progress (3): 484 kB | 585/752 kB | 233 kB
Progress (3): 484 kB | 589/752 kB | 233 kB
Progress (3): 484 kB | 593/752 kB | 233 kB
Progress (3): 484 kB | 598/752 kB | 233 kB
Progress (3): 484 kB | 602/752 kB | 233 kB
Progress (3): 484 kB | 606/752 kB | 233 kB
Progress (3): 484 kB | 610/752 kB | 233 kB
Progress (3): 484 kB | 614/752 kB | 233 kB
Progress (3): 484 kB | 618/752 kB | 233 kB
Progress (3): 484 kB | 622/752 kB | 233 kB
Progress (3): 484 kB | 626/752 kB | 233 kB
Progress (3): 484 kB | 630/752 kB | 233 kB
Progress (3): 484 kB | 634/752 kB | 233 kB
Progress (3): 484 kB | 638/752 kB | 233 kB
Progress (3): 484 kB | 643/752 kB | 233 kB
Progress (3): 484 kB | 647/752 kB | 233 kB
Progress (3): 484 kB | 651/752 kB | 233 kB
Progress (3): 484 kB | 655/752 kB | 233 kB
Progress (3): 484 kB | 659/752 kB | 233 kB
Progress (3): 484 kB | 663/752 kB | 233 kB
Progress (3): 484 kB | 667/752 kB | 233 kB
Progress (3): 484 kB | 671/752 kB | 233 kB
Progress (3): 484 kB | 675/752 kB | 233 kB
Progress (3): 484 kB | 679/752 kB | 233 kB
Progress (3): 484 kB | 684/752 kB | 233 kB
Progress (3): 484 kB | 688/752 kB | 233 kB
Progress (3): 484 kB | 692/752 kB | 233 kB
Progress (3): 484 kB | 696/752 kB | 233 kB
Progress (3): 484 kB | 700/752 kB | 233 kB
Progress (3): 484 kB | 704/752 kB | 233 kB
                                          
Downloaded from central: https://repo.maven.apache.org/maven2/org/vafer/jdependency/2.8.0/jdependency-2.8.0.jar (233 kB at 24 kB/s)
Progress (2): 484 kB | 708/752 kB
Progress (2): 484 kB | 712/752 kB
Progress (2): 484 kB | 716/752 kB
Progress (2): 484 kB | 720/752 kB
Progress (2): 484 kB | 725/752 kB
Progress (2): 484 kB | 729/752 kB
Progress (2): 484 kB | 733/752 kB
Progress (2): 484 kB | 737/752 kB
                                 
Downloaded from central: https://repo.maven.apache.org/maven2/commons-io/commons-io/2.13.0/commons-io-2.13.0.jar (484 kB at 50 kB/s)
Progress (1): 741/752 kB
Progress (1): 745/752 kB
Progress (1): 749/752 kB
Progress (1): 752 kB    
                    
Downloaded from central: https://repo.maven.apache.org/maven2/org/apache/commons/commons-collections4/4.4/commons-collections4-4.4.jar (752 kB at 76 kB/s)
[INFO] 
[INFO] -------------------< com.healthcare:patient-service >-------------------
[INFO] Building patient-service 1.0.0-SNAPSHOT                            [2/6]
[INFO] --------------------------------[ jar ]---------------------------------
Downloading from central: https://repo.maven.apache.org/maven2/org/apache/maven/plugins/maven-resources-plugin/2.6/maven-resources-plugin-2.6.pom
Progress (1): 4.1 kB
Progress (1): 8.1 kB
                    
Downloaded from central: https://repo.maven.apache.org/maven2/org/apache/maven/plugins/maven-resources-plugin/2.6/maven-resources-plugin-2.6.pom (8.1 kB at 31 kB/s)
Downloading from central: https://repo.maven.apache.org/maven2/org/apache/maven/plugins/maven-plugins/23/maven-plugins-23.pom
Progress (1): 4.1 kB
Progress (1): 8.2 kB
Progress (1): 9.2 kB
                    
Downloaded from central: https://repo.maven.apache.org/maven2/org/apache/maven/plugins/maven-plugins/23/maven-plugins-23.pom (9.2 kB at 45 kB/s)
Downloading from central: https://repo.maven.apache.org/maven2/org/apache/maven/maven-parent/22/maven-parent-22.pom
Progress (1): 4.1 kB
Progress (1): 8.2 kB
Progress (1): 12 kB 
Progress (1): 16 kB
Progress (1): 20 kB
Progress (1): 25 kB
Progress (1): 29 kB
Progress (1): 30 kB
                   
Downloaded from central: https://repo.maven.apache.org/maven2/org/apache/maven/maven-parent/22/maven-parent-22.pom (30 kB at 107 kB/s)
Downloading from central: https://repo.maven.apache.org/maven2/org/apache/apache/11/apache-11.pom
Progress (1): 4.1 kB
Progress (1): 8.2 kB
Progress (1): 12 kB 
Progress (1): 15 kB
                   
Downloaded from central: https://repo.maven.apache.org/maven2/org/apache/apache/11/apache-11.pom (15 kB at 72 kB/s)
Downloading from central: https://repo.maven.apache.org/maven2/org/apache/maven/plugins/maven-resources-plugin/2.6/maven-resources-plugin-2.6.jar
Progress (1): 4.1/30 kB
Progress (1): 7.7/30 kB
Progress (1): 12/30 kB 
Progress (1): 16/30 kB
Progress (1): 20/30 kB
Progress (1): 24/30 kB
Progress (1): 28/30 kB
Progress (1): 30 kB   
                   
Downloaded from central: https://repo.maven.apache.org/maven2/org/apache/maven/plugins/maven-resources-plugin/2.6/maven-resources-plugin-2.6.jar (30 kB at 110 kB/s)
Downloading from central: https://repo.maven.apache.org/maven2/org/apache/maven/plugins/maven-compiler-plugin/3.11.0/maven-compiler-plugin-3.11.0.pom
Progress (1): 4.1 kB
Progress (1): 8.2 kB
Progress (1): 9.8 kB
                    
Downloaded from central: https://repo.maven.apache.org/maven2/org/apache/maven/plugins/maven-compiler-plugin/3.11.0/maven-compiler-plugin-3.11.0.pom (9.8 kB at 53 kB/s)
Downloading from central: https://repo.maven.apache.org/maven2/org/apache/maven/plugins/maven-compiler-plugin/3.11.0/maven-compiler-plugin-3.11.0.jar
Progress (1): 4.1/66 kB
Progress (1): 7.7/66 kB
Progress (1): 12/66 kB 
Progress (1): 16/66 kB
Progress (1): 20/66 kB
Progress (1): 24/66 kB
Progress (1): 28/66 kB
Progress (1): 32/66 kB
Progress (1): 36/66 kB
Progress (1): 40/66 kB
Progress (1): 45/66 kB
Progress (1): 49/66 kB
Progress (1): 53/66 kB
Progress (1): 57/66 kB
Progress (1): 61/66 kB
Progress (1): 65/66 kB
Progress (1): 66 kB   
                   
Downloaded from central: https://repo.maven.apache.org/maven2/org/apache/maven/plugins/maven-compiler-plugin/3.11.0/maven-compiler-plugin-3.11.0.jar (66 kB at 263 kB/s)
Downloading from central: https://repo.maven.apache.org/maven2/org/apache/maven/plugins/maven-surefire-plugin/2.12.4/maven-surefire-plugin-2.12.4.pom
Progress (1): 4.1 kB
Progress (1): 8.2 kB
Progress (1): 10 kB 
                   
Downloaded from central: https://repo.maven.apache.org/maven2/org/apache/maven/plugins/maven-surefire-plugin/2.12.4/maven-surefire-plugin-2.12.4.pom (10 kB at 26 kB/s)
Downloading from central: https://repo.maven.apache.org/maven2/org/apache/maven/surefire/surefire/2.12.4/surefire-2.12.4.pom
Progress (1): 4.1 kB
Progress (1): 8.2 kB
Progress (1): 12 kB 
Progress (1): 14 kB
                   
Downloaded from central: https://repo.maven.apache.org/maven2/org/apache/maven/surefire/surefire/2.12.4/surefire-2.12.4.pom (14 kB at 61 kB/s)
Downloading from central: https://repo.maven.apache.org/maven2/org/apache/maven/plugins/maven-surefire-plugin/2.12.4/maven-surefire-plugin-2.12.4.jar
Progress (1): 4.1/30 kB
Progress (1): 7.7/30 kB
Progress (1): 12/30 kB 
Progress (1): 16/30 kB
Progress (1): 20/30 kB
Progress (1): 24/30 kB
Progress (1): 28/30 kB
Progress (1): 30 kB   
                   
Downloaded from central: https://repo.maven.apache.org/maven2/org/apache/maven/plugins/maven-surefire-plugin/2.12.4/maven-surefire-plugin-2.12.4.jar (30 kB at 123 kB/s)
Downloading from central: https://repo.maven.apache.org/maven2/org/apache/maven/plugins/maven-jar-plugin/2.4/maven-jar-plugin-2.4.pom
Progress (1): 4.1 kB
Progress (1): 5.8 kB
                    
Downloaded from central: https://repo.maven.apache.org/maven2/org/apache/maven/plugins/maven-jar-plugin/2.4/maven-jar-plugin-2.4.pom (5.8 kB at 23 kB/s)
Downloading from central: https://repo.maven.apache.org/maven2/org/apache/maven/plugins/maven-jar-plugin/2.4/maven-jar-plugin-2.4.jar
Progress (1): 4.1/34 kB
Progress (1): 7.7/34 kB
Progress (1): 12/34 kB 
Progress (1): 16/34 kB
Progress (1): 20/34 kB
Progress (1): 24/34 kB
Progress (1): 28/34 kB
Progress (1): 32/34 kB
Progress (1): 34 kB   
                   
Downloaded from central: https://repo.maven.apache.org/maven2/org/apache/maven/plugins/maven-jar-plugin/2.4/maven-jar-plugin-2.4.jar (34 kB at 119 kB/s)
Downloading from central: https://repo.maven.apache.org/maven2/org/springframework/boot/spring-boot-starter-data-jpa/3.2.3/spring-boot-starter-data-jpa-3.2.3.pom
Progress (1): 2.9 kB
                    
Downloaded from central: https://repo.maven.apache.org/maven2/org/springframework/boot/spring-boot-starter-data-jpa/3.2.3/spring-boot-starter-data-jpa-3.2.3.pom (2.9 kB at 14 kB/s)
Downloading from central: https://repo.maven.apache.org/maven2/org/springframework/boot/spring-boot-starter-aop/3.2.3/spring-boot-starter-aop-3.2.3.pom
Progress (1): 2.5 kB
                    
Downloaded from central: https://repo.maven.apache.org/maven2/org/springframework/boot/spring-boot-starter-aop/3.2.3/spring-boot-starter-aop-3.2.3.pom (2.5 kB at 12 kB/s)
Downloading from central: https://repo.maven.apache.org/maven2/org/springframework/boot/spring-boot-starter/3.2.3/spring-boot-starter-3.2.3.pom
Progress (1): 3.0 kB
                    
Downloaded from central: https://repo.maven.apache.org/maven2/org/springframework/boot/spring-boot-starter/3.2.3/spring-boot-starter-3.2.3.pom (3.0 kB at 14 kB/s)
Downloading from central: https://repo.maven.apache.org/maven2/org/springframework/boot/spring-boot/3.2.3/spring-boot-3.2.3.pom
Progress (1): 2.2 kB
                    
Downloaded from central: https://repo.maven.apache.org/maven2/org/springframework/boot/spring-boot/3.2.3/spring-boot-3.2.3.pom (2.2 kB at 9.7 kB/s)
Downloading from central: https://repo.maven.apache.org/maven2/org/springframework/boot/spring-boot-autoconfigure/3.2.3/spring-boot-autoconfigure-3.2.3.pom
Progress (1): 2.1 kB
                    
Downloaded from central: https://repo.maven.apache.org/maven2/org/springframework/boot/spring-boot-autoconfigure/3.2.3/spring-boot-autoconfigure-3.2.3.pom (2.1 kB at 7.6 kB/s)
Downloading from central: https://repo.maven.apache.org/maven2/org/springframework/boot/spring-boot-starter-logging/3.2.3/spring-boot-starter-logging-3.2.3.pom
Progress (1): 2.5 kB
                    
Downloaded from central: https://repo.maven.apache.org/maven2/org/springframework/boot/spring-boot-starter-logging/3.2.3/spring-boot-starter-logging-3.2.3.pom (2.5 kB at 10 kB/s)
Downloading from central: https://repo.maven.apache.org/maven2/ch/qos/logback/logback-classic/1.4.14/logback-classic-1.4.14.pom
Progress (1): 4.1 kB
Progress (1): 8.2 kB
Progress (1): 12 kB 
Progress (1): 13 kB
                   
Downloaded from central: https://repo.maven.apache.org/maven2/ch/qos/logback/logback-classic/1.4.14/logback-classic-1.4.14.pom (13 kB at 39 kB/s)
Downloading from central: https://repo.maven.apache.org/maven2/ch/qos/logback/logback-parent/1.4.14/logback-parent-1.4.14.pom
Progress (1): 4.1 kB
Progress (1): 8.2 kB
Progress (1): 12 kB 
Progress (1): 16 kB
Progress (1): 20 kB
                   
Downloaded from central: https://repo.maven.apache.org/maven2/ch/qos/logback/logback-parent/1.4.14/logback-parent-1.4.14.pom (20 kB at 89 kB/s)
Downloading from central: https://repo.maven.apache.org/maven2/ch/qos/logback/logback-core/1.4.14/logback-core-1.4.14.pom
Progress (1): 4.1 kB
Progress (1): 5.0 kB
                    
Downloaded from central: https://repo.maven.apache.org/maven2/ch/qos/logback/logback-core/1.4.14/logback-core-1.4.14.pom (5.0 kB at 20 kB/s)
Downloading from central: https://repo.maven.apache.org/maven2/org/slf4j/slf4j-api/2.0.12/slf4j-api-2.0.12.pom
Progress (1): 2.8 kB
                    
Downloaded from central: https://repo.maven.apache.org/maven2/org/slf4j/slf4j-api/2.0.12/slf4j-api-2.0.12.pom (2.8 kB at 10 kB/s)
Downloading from central: https://repo.maven.apache.org/maven2/org/slf4j/slf4j-parent/2.0.12/slf4j-parent-2.0.12.pom
Progress (1): 4.1 kB
Progress (1): 8.2 kB
Progress (1): 12 kB 
Progress (1): 13 kB
                   
Downloaded from central: https://repo.maven.apache.org/maven2/org/slf4j/slf4j-parent/2.0.12/slf4j-parent-2.0.12.pom (13 kB at 64 kB/s)
Downloading from central: https://repo.maven.apache.org/maven2/org/slf4j/slf4j-bom/2.0.12/slf4j-bom-2.0.12.pom
Progress (1): 4.1 kB
Progress (1): 7.3 kB
                    
Downloaded from central: https://repo.maven.apache.org/maven2/org/slf4j/slf4j-bom/2.0.12/slf4j-bom-2.0.12.pom (7.3 kB at 27 kB/s)
Downloading from central: https://repo.maven.apache.org/maven2/org/apache/logging/log4j/log4j-to-slf4j/2.21.1/log4j-to-slf4j-2.21.1.pom
Progress (1): 4.1 kB
Progress (1): 4.2 kB
                    
Downloaded from central: https://repo.maven.apache.org/maven2/org/apache/logging/log4j/log4j-to-slf4j/2.21.1/log4j-to-slf4j-2.21.1.pom (4.2 kB at 15 kB/s)
Downloading from central: https://repo.maven.apache.org/maven2/org/apache/logging/log4j/log4j/2.21.1/log4j-2.21.1.pom
Progress (1): 4.1 kB
Progress (1): 8.2 kB
Progress (1): 12 kB 
Progress (1): 16 kB
Progress (1): 20 kB
Progress (1): 25 kB
Progress (1): 29 kB
Progress (1): 33 kB
Progress (1): 35 kB
                   
Downloaded from central: https://repo.maven.apache.org/maven2/org/apache/logging/log4j/log4j/2.21.1/log4j-2.21.1.pom (35 kB at 131 kB/s)
Downloading from central: https://repo.maven.apache.org/maven2/org/ow2/asm/asm-bom/9.5/asm-bom-9.5.pom
Progress (1): 3.2 kB
                    
Downloaded from central: https://repo.maven.apache.org/maven2/org/ow2/asm/asm-bom/9.5/asm-bom-9.5.pom (3.2 kB at 17 kB/s)
Downloading from central: https://repo.maven.apache.org/maven2/org/codehaus/groovy/groovy-bom/3.0.19/groovy-bom-3.0.19.pom
Progress (1): 4.1 kB
Progress (1): 8.2 kB
Progress (1): 12 kB 
Progress (1): 16 kB
Progress (1): 20 kB
Progress (1): 25 kB
Progress (1): 26 kB
                   
Downloaded from central: https://repo.maven.apache.org/maven2/org/codehaus/groovy/groovy-bom/3.0.19/groovy-bom-3.0.19.pom (26 kB at 127 kB/s)
Downloading from central: https://repo.maven.apache.org/maven2/com/fasterxml/jackson/jackson-bom/2.15.2/jackson-bom-2.15.2.pom
Progress (1): 4.1 kB
Progress (1): 8.2 kB
Progress (1): 12 kB 
Progress (1): 16 kB
Progress (1): 18 kB
                   
Downloaded from central: https://repo.maven.apache.org/maven2/com/fasterxml/jackson/jackson-bom/2.15.2/jackson-bom-2.15.2.pom (18 kB at 75 kB/s)
Downloading from central: https://repo.maven.apache.org/maven2/jakarta/platform/jakarta.jakartaee-bom/9.1.0/jakarta.jakartaee-bom-9.1.0.pom
Progress (1): 4.1 kB
Progress (1): 8.2 kB
Progress (1): 9.6 kB
                    
Downloaded from central: https://repo.maven.apache.org/maven2/jakarta/platform/jakarta.jakartaee-bom/9.1.0/jakarta.jakartaee-bom-9.1.0.pom (9.6 kB at 36 kB/s)
Downloading from central: https://repo.maven.apache.org/maven2/jakarta/platform/jakartaee-api-parent/9.1.0/jakartaee-api-parent-9.1.0.pom
Progress (1): 4.1 kB
Progress (1): 8.2 kB
Progress (1): 12 kB 
Progress (1): 15 kB
                   
Downloaded from central: https://repo.maven.apache.org/maven2/jakarta/platform/jakartaee-api-parent/9.1.0/jakartaee-api-parent-9.1.0.pom (15 kB at 75 kB/s)
Downloading from central: https://repo.maven.apache.org/maven2/org/eclipse/ee4j/project/1.0.7/project-1.0.7.pom
Progress (1): 4.1 kB
Progress (1): 8.2 kB
Progress (1): 12 kB 
Progress (1): 14 kB
                   
Downloaded from central: https://repo.maven.apache.org/maven2/org/eclipse/ee4j/project/1.0.7/project-1.0.7.pom (14 kB at 74 kB/s)
Downloading from central: https://repo.maven.apache.org/maven2/org/eclipse/jetty/jetty-bom/9.4.53.v20231009/jetty-bom-9.4.53.v20231009.pom
Progress (1): 4.1 kB
Progress (1): 8.2 kB
Progress (1): 12 kB 
Progress (1): 16 kB
Progress (1): 18 kB
                   
Downloaded from central: https://repo.maven.apache.org/maven2/org/eclipse/jetty/jetty-bom/9.4.53.v20231009/jetty-bom-9.4.53.v20231009.pom (18 kB at 67 kB/s)
Downloading from central: https://repo.maven.apache.org/maven2/org/junit/junit-bom/5.10.0/junit-bom-5.10.0.pom
Progress (1): 4.1 kB
Progress (1): 5.6 kB
                    
Downloaded from central: https://repo.maven.apache.org/maven2/org/junit/junit-bom/5.10.0/junit-bom-5.10.0.pom (5.6 kB at 21 kB/s)
Downloading from central: https://repo.maven.apache.org/maven2/io/fabric8/kubernetes-client-bom/5.12.4/kubernetes-client-bom-5.12.4.pom
Progress (1): 4.1 kB
Progress (1): 8.2 kB
Progress (1): 12 kB 
Progress (1): 16 kB
Progress (1): 20 kB
Progress (1): 25 kB
Progress (1): 26 kB
                   
Downloaded from central: https://repo.maven.apache.org/maven2/io/fabric8/kubernetes-client-bom/5.12.4/kubernetes-client-bom-5.12.4.pom (26 kB at 91 kB/s)
Downloading from central: https://repo.maven.apache.org/maven2/org/mockito/mockito-bom/4.11.0/mockito-bom-4.11.0.pom
Progress (1): 3.2 kB
                    
Downloaded from central: https://repo.maven.apache.org/maven2/org/mockito/mockito-bom/4.11.0/mockito-bom-4.11.0.pom (3.2 kB at 15 kB/s)
Downloading from central: https://repo.maven.apache.org/maven2/io/netty/netty-bom/4.1.97.Final/netty-bom-4.1.97.Final.pom
Progress (1): 4.1 kB
Progress (1): 8.2 kB
Progress (1): 12 kB 
Progress (1): 13 kB
                   
Downloaded from central: https://repo.maven.apache.org/maven2/io/netty/netty-bom/4.1.97.Final/netty-bom-4.1.97.Final.pom (13 kB at 53 kB/s)
Downloading from central: https://repo.maven.apache.org/maven2/org/springframework/spring-framework-bom/5.3.29/spring-framework-bom-5.3.29.pom
Progress (1): 4.1 kB
Progress (1): 5.7 kB
                    
Downloaded from central: https://repo.maven.apache.org/maven2/org/springframework/spring-framework-bom/5.3.29/spring-framework-bom-5.3.29.pom (5.7 kB at 18 kB/s)
Downloading from central: https://repo.maven.apache.org/maven2/org/apache/logging/log4j/log4j-api/2.21.1/log4j-api-2.21.1.pom
Progress (1): 4.0 kB
                    
Downloaded from central: https://repo.maven.apache.org/maven2/org/apache/logging/log4j/log4j-api/2.21.1/log4j-api-2.21.1.pom (4.0 kB at 12 kB/s)
Downloading from central: https://repo.maven.apache.org/maven2/org/slf4j/jul-to-slf4j/2.0.12/jul-to-slf4j-2.0.12.pom
Progress (1): 1.1 kB
                    
Downloaded from central: https://repo.maven.apache.org/maven2/org/slf4j/jul-to-slf4j/2.0.12/jul-to-slf4j-2.0.12.pom (1.1 kB at 4.1 kB/s)
Downloading from central: https://repo.maven.apache.org/maven2/jakarta/annotation/jakarta.annotation-api/2.1.1/jakarta.annotation-api-2.1.1.pom
Progress (1): 4.1 kB
Progress (1): 8.2 kB
Progress (1): 12 kB 
Progress (1): 16 kB
                   
Downloaded from central: https://repo.maven.apache.org/maven2/jakarta/annotation/jakarta.annotation-api/2.1.1/jakarta.annotation-api-2.1.1.pom (16 kB at 79 kB/s)
Downloading from central: https://repo.maven.apache.org/maven2/org/yaml/snakeyaml/2.2/snakeyaml-2.2.pom
Progress (1): 4.1 kB
Progress (1): 8.2 kB
Progress (1): 12 kB 
Progress (1): 16 kB
Progress (1): 20 kB
Progress (1): 21 kB
                   
Downloaded from central: https://repo.maven.apache.org/maven2/org/yaml/snakeyaml/2.2/snakeyaml-2.2.pom (21 kB at 103 kB/s)
Downloading from central: https://repo.maven.apache.org/maven2/org/aspectj/aspectjweaver/1.9.21/aspectjweaver-1.9.21.pom
Progress (1): 2.1 kB
                    
Downloaded from central: https://repo.maven.apache.org/maven2/org/aspectj/aspectjweaver/1.9.21/aspectjweaver-1.9.21.pom (2.1 kB at 9.2 kB/s)
Downloading from central: https://repo.maven.apache.org/maven2/org/springframework/boot/spring-boot-starter-jdbc/3.2.3/spring-boot-starter-jdbc-3.2.3.pom
Progress (1): 2.5 kB
                    
Downloaded from central: https://repo.maven.apache.org/maven2/org/springframework/boot/spring-boot-starter-jdbc/3.2.3/spring-boot-starter-jdbc-3.2.3.pom (2.5 kB at 13 kB/s)
Downloading from central: https://repo.maven.apache.org/maven2/com/zaxxer/HikariCP/5.0.1/HikariCP-5.0.1.pom
Progress (1): 4.1 kB
Progress (1): 8.2 kB
Progress (1): 12 kB 
Progress (1): 16 kB
Progress (1): 20 kB
Progress (1): 25 kB
Progress (1): 25 kB
                   
Downloaded from central: https://repo.maven.apache.org/maven2/com/zaxxer/HikariCP/5.0.1/HikariCP-5.0.1.pom (25 kB at 83 kB/s)
Downloading from central: https://repo.maven.apache.org/maven2/org/springframework/spring-jdbc/6.1.4/spring-jdbc-6.1.4.pom
Progress (1): 2.4 kB
                    
Downloaded from central: https://repo.maven.apache.org/maven2/org/springframework/spring-jdbc/6.1.4/spring-jdbc-6.1.4.pom (2.4 kB at 11 kB/s)
Downloading from central: https://repo.maven.apache.org/maven2/org/springframework/spring-tx/6.1.4/spring-tx-6.1.4.pom
Progress (1): 2.2 kB
                    
Downloaded from central: https://repo.maven.apache.org/maven2/org/springframework/spring-tx/6.1.4/spring-tx-6.1.4.pom (2.2 kB at 11 kB/s)
Downloading from central: https://repo.maven.apache.org/maven2/org/hibernate/orm/hibernate-core/6.4.4.Final/hibernate-core-6.4.4.Final.pom
Progress (1): 4.1 kB
Progress (1): 5.8 kB
                    
Downloaded from central: https://repo.maven.apache.org/maven2/org/hibernate/orm/hibernate-core/6.4.4.Final/hibernate-core-6.4.4.Final.pom (5.8 kB at 21 kB/s)
Downloading from central: https://repo.maven.apache.org/maven2/jakarta/persistence/jakarta.persistence-api/3.1.0/jakarta.persistence-api-3.1.0.pom
Progress (1): 4.1 kB
Progress (1): 8.2 kB
Progress (1): 12 kB 
Progress (1): 16 kB
                   
Downloaded from central: https://repo.maven.apache.org/maven2/jakarta/persistence/jakarta.persistence-api/3.1.0/jakarta.persistence-api-3.1.0.pom (16 kB at 68 kB/s)
Downloading from central: https://repo.maven.apache.org/maven2/jakarta/transaction/jakarta.transaction-api/2.0.1/jakarta.transaction-api-2.0.1.pom
Progress (1): 4.1 kB
Progress (1): 8.2 kB
Progress (1): 12 kB 
Progress (1): 14 kB
                   
Downloaded from central: https://repo.maven.apache.org/maven2/jakarta/transaction/jakarta.transaction-api/2.0.1/jakarta.transaction-api-2.0.1.pom (14 kB at 57 kB/s)
Downloading from central: https://repo.maven.apache.org/maven2/org/eclipse/ee4j/project/1.0.6/project-1.0.6.pom
Progress (1): 4.1 kB
Progress (1): 8.2 kB
Progress (1): 12 kB 
Progress (1): 13 kB
                   
Downloaded from central: https://repo.maven.apache.org/maven2/org/eclipse/ee4j/project/1.0.6/project-1.0.6.pom (13 kB at 56 kB/s)
Downloading from central: https://repo.maven.apache.org/maven2/org/jboss/logging/jboss-logging/3.5.3.Final/jboss-logging-3.5.3.Final.pom
Progress (1): 4.1 kB
Progress (1): 8.2 kB
Progress (1): 12 kB 
Progress (1): 16 kB
Progress (1): 19 kB
                   
Downloaded from central: https://repo.maven.apache.org/maven2/org/jboss/logging/jboss-logging/3.5.3.Final/jboss-logging-3.5.3.Final.pom (19 kB at 77 kB/s)
Downloading from central: https://repo.maven.apache.org/maven2/org/jboss/logging/logging-parent/1.0.1.Final/logging-parent-1.0.1.Final.pom
Progress (1): 4.1 kB
Progress (1): 6.0 kB
                    
Downloaded from central: https://repo.maven.apache.org/maven2/org/jboss/logging/logging-parent/1.0.1.Final/logging-parent-1.0.1.Final.pom (6.0 kB at 22 kB/s)
Downloading from central: https://repo.maven.apache.org/maven2/org/hibernate/common/hibernate-commons-annotations/6.0.6.Final/hibernate-commons-annotations-6.0.6.Final.pom
Progress (1): 2.1 kB
                    
Downloaded from central: https://repo.maven.apache.org/maven2/org/hibernate/common/hibernate-commons-annotations/6.0.6.Final/hibernate-commons-annotations-6.0.6.Final.pom (2.1 kB at 9.9 kB/s)
Downloading from central: https://repo.maven.apache.org/maven2/io/smallrye/jandex/3.1.2/jandex-3.1.2.pom
Progress (1): 4.1 kB
Progress (1): 7.0 kB
                    
Downloaded from central: https://repo.maven.apache.org/maven2/io/smallrye/jandex/3.1.2/jandex-3.1.2.pom (7.0 kB at 26 kB/s)
Downloading from central: https://repo.maven.apache.org/maven2/io/smallrye/jandex-parent/3.1.2/jandex-parent-3.1.2.pom
Progress (1): 4.1 kB
Progress (1): 7.2 kB
                    
Downloaded from central: https://repo.maven.apache.org/maven2/io/smallrye/jandex-parent/3.1.2/jandex-parent-3.1.2.pom (7.2 kB at 25 kB/s)
Downloading from central: https://repo.maven.apache.org/maven2/io/smallrye/smallrye-build-parent/39/smallrye-build-parent-39.pom
Progress (1): 4.1 kB
Progress (1): 8.2 kB
Progress (1): 12 kB 
Progress (1): 16 kB
Progress (1): 20 kB
Progress (1): 25 kB
Progress (1): 28 kB
                   
Downloaded from central: https://repo.maven.apache.org/maven2/io/smallrye/smallrye-build-parent/39/smallrye-build-parent-39.pom (28 kB at 142 kB/s)
Downloading from central: https://repo.maven.apache.org/maven2/com/fasterxml/classmate/1.6.0/classmate-1.6.0.pom
Progress (1): 4.1 kB
Progress (1): 6.6 kB
                    
Downloaded from central: https://repo.maven.apache.org/maven2/com/fasterxml/classmate/1.6.0/classmate-1.6.0.pom (6.6 kB at 26 kB/s)
Downloading from central: https://repo.maven.apache.org/maven2/com/fasterxml/oss-parent/55/oss-parent-55.pom
Progress (1): 4.1 kB
Progress (1): 8.2 kB
Progress (1): 12 kB 
Progress (1): 16 kB
Progress (1): 20 kB
Progress (1): 24 kB
                   
Downloaded from central: https://repo.maven.apache.org/maven2/com/fasterxml/oss-parent/55/oss-parent-55.pom (24 kB at 79 kB/s)
Downloading from central: https://repo.maven.apache.org/maven2/net/bytebuddy/byte-buddy/1.14.12/byte-buddy-1.14.12.pom
Progress (1): 4.1 kB
Progress (1): 8.2 kB
Progress (1): 12 kB 
Progress (1): 16 kB
                   
Downloaded from central: https://repo.maven.apache.org/maven2/net/bytebuddy/byte-buddy/1.14.12/byte-buddy-1.14.12.pom (16 kB at 43 kB/s)
Downloading from central: https://repo.maven.apache.org/maven2/net/bytebuddy/byte-buddy-parent/1.14.12/byte-buddy-parent-1.14.12.pom
Progress (1): 4.1 kB
Progress (1): 8.2 kB
Progress (1): 12 kB 
Progress (1): 16 kB
Progress (1): 20 kB
Progress (1): 25 kB
Progress (1): 29 kB
Progress (1): 33 kB
Progress (1): 37 kB
Progress (1): 41 kB
Progress (1): 45 kB
Progress (1): 49 kB
Progress (1): 53 kB
Progress (1): 57 kB
Progress (1): 61 kB
Progress (1): 63 kB
                   
Downloaded from central: https://repo.maven.apache.org/maven2/net/bytebuddy/byte-buddy-parent/1.14.12/byte-buddy-parent-1.14.12.pom (63 kB at 218 kB/s)
Downloading from central: https://repo.maven.apache.org/maven2/jakarta/xml/bind/jakarta.xml.bind-api/4.0.1/jakarta.xml.bind-api-4.0.1.pom
Progress (1): 4.1 kB
Progress (1): 8.2 kB
Progress (1): 12 kB 
Progress (1): 13 kB
                   
Downloaded from central: https://repo.maven.apache.org/maven2/jakarta/xml/bind/jakarta.xml.bind-api/4.0.1/jakarta.xml.bind-api-4.0.1.pom (13 kB at 57 kB/s)
Downloading from central: https://repo.maven.apache.org/maven2/jakarta/xml/bind/jakarta.xml.bind-api-parent/4.0.1/jakarta.xml.bind-api-parent-4.0.1.pom
Progress (1): 4.1 kB
Progress (1): 8.2 kB
Progress (1): 9.2 kB
                    
Downloaded from central: https://repo.maven.apache.org/maven2/jakarta/xml/bind/jakarta.xml.bind-api-parent/4.0.1/jakarta.xml.bind-api-parent-4.0.1.pom (9.2 kB at 39 kB/s)
Downloading from central: https://repo.maven.apache.org/maven2/jakarta/activation/jakarta.activation-api/2.1.2/jakarta.activation-api-2.1.2.pom
Progress (1): 4.1 kB
Progress (1): 8.2 kB
Progress (1): 12 kB 
Progress (1): 16 kB
Progress (1): 18 kB
                   
Downloaded from central: https://repo.maven.apache.org/maven2/jakarta/activation/jakarta.activation-api/2.1.2/jakarta.activation-api-2.1.2.pom (18 kB at 66 kB/s)
Downloading from central: https://repo.maven.apache.org/maven2/org/glassfish/jaxb/jaxb-runtime/4.0.4/jaxb-runtime-4.0.4.pom
Progress (1): 4.1 kB
Progress (1): 8.2 kB
Progress (1): 11 kB 
                   
Downloaded from central: https://repo.maven.apache.org/maven2/org/glassfish/jaxb/jaxb-runtime/4.0.4/jaxb-runtime-4.0.4.pom (11 kB at 37 kB/s)
Downloading from central: https://repo.maven.apache.org/maven2/com/sun/xml/bind/mvn/jaxb-runtime-parent/4.0.4/jaxb-runtime-parent-4.0.4.pom
Progress (1): 1.2 kB
                    
Downloaded from central: https://repo.maven.apache.org/maven2/com/sun/xml/bind/mvn/jaxb-runtime-parent/4.0.4/jaxb-runtime-parent-4.0.4.pom (1.2 kB at 4.2 kB/s)
Downloading from central: https://repo.maven.apache.org/maven2/com/sun/xml/bind/mvn/jaxb-parent/4.0.4/jaxb-parent-4.0.4.pom
Progress (1): 4.1 kB
Progress (1): 8.2 kB
Progress (1): 12 kB 
Progress (1): 16 kB
Progress (1): 20 kB
Progress (1): 25 kB
Progress (1): 29 kB
Progress (1): 33 kB
Progress (1): 35 kB
                   
Downloaded from central: https://repo.maven.apache.org/maven2/com/sun/xml/bind/mvn/jaxb-parent/4.0.4/jaxb-parent-4.0.4.pom (35 kB at 143 kB/s)
Downloading from central: https://repo.maven.apache.org/maven2/com/sun/xml/bind/jaxb-bom-ext/4.0.4/jaxb-bom-ext-4.0.4.pom
Progress (1): 3.5 kB
                    
Downloaded from central: https://repo.maven.apache.org/maven2/com/sun/xml/bind/jaxb-bom-ext/4.0.4/jaxb-bom-ext-4.0.4.pom (3.5 kB at 13 kB/s)
Downloading from central: https://repo.maven.apache.org/maven2/org/glassfish/jaxb/jaxb-core/4.0.4/jaxb-core-4.0.4.pom
Progress (1): 3.7 kB
                    
Downloaded from central: https://repo.maven.apache.org/maven2/org/glassfish/jaxb/jaxb-core/4.0.4/jaxb-core-4.0.4.pom (3.7 kB at 14 kB/s)
Downloading from central: https://repo.maven.apache.org/maven2/org/eclipse/angus/angus-activation/2.0.1/angus-activation-2.0.1.pom
Progress (1): 4.0 kB
                    
Downloaded from central: https://repo.maven.apache.org/maven2/org/eclipse/angus/angus-activation/2.0.1/angus-activation-2.0.1.pom (4.0 kB at 12 kB/s)
Downloading from central: https://repo.maven.apache.org/maven2/org/eclipse/angus/angus-activation-project/2.0.1/angus-activation-project-2.0.1.pom
Progress (1): 4.1 kB
Progress (1): 8.2 kB
Progress (1): 12 kB 
Progress (1): 16 kB
Progress (1): 20 kB
                   
Downloaded from central: https://repo.maven.apache.org/maven2/org/eclipse/angus/angus-activation-project/2.0.1/angus-activation-project-2.0.1.pom (20 kB at 92 kB/s)
Downloading from central: https://repo.maven.apache.org/maven2/org/glassfish/jaxb/txw2/4.0.4/txw2-4.0.4.pom
Progress (1): 1.8 kB
                    
Downloaded from central: https://repo.maven.apache.org/maven2/org/glassfish/jaxb/txw2/4.0.4/txw2-4.0.4.pom (1.8 kB at 6.5 kB/s)
Downloading from central: https://repo.maven.apache.org/maven2/com/sun/xml/bind/mvn/jaxb-txw-parent/4.0.4/jaxb-txw-parent-4.0.4.pom
Progress (1): 1.2 kB
                    
Downloaded from central: https://repo.maven.apache.org/maven2/com/sun/xml/bind/mvn/jaxb-txw-parent/4.0.4/jaxb-txw-parent-4.0.4.pom (1.2 kB at 5.7 kB/s)
Downloading from central: https://repo.maven.apache.org/maven2/com/sun/istack/istack-commons-runtime/4.1.2/istack-commons-runtime-4.1.2.pom
Progress (1): 1.6 kB
                    
Downloaded from central: https://repo.maven.apache.org/maven2/com/sun/istack/istack-commons-runtime/4.1.2/istack-commons-runtime-4.1.2.pom (1.6 kB at 7.2 kB/s)
Downloading from central: https://repo.maven.apache.org/maven2/com/sun/istack/istack-commons/4.1.2/istack-commons-4.1.2.pom
Progress (1): 4.1 kB
Progress (1): 8.2 kB
Progress (1): 12 kB 
Progress (1): 16 kB
Progress (1): 20 kB
Progress (1): 25 kB
Progress (1): 26 kB
                   
Downloaded from central: https://repo.maven.apache.org/maven2/com/sun/istack/istack-commons/4.1.2/istack-commons-4.1.2.pom (26 kB at 101 kB/s)
Downloading from central: https://repo.maven.apache.org/maven2/jakarta/inject/jakarta.inject-api/2.0.1/jakarta.inject-api-2.0.1.pom
Progress (1): 4.1 kB
Progress (1): 5.9 kB
                    
Downloaded from central: https://repo.maven.apache.org/maven2/jakarta/inject/jakarta.inject-api/2.0.1/jakarta.inject-api-2.0.1.pom (5.9 kB at 22 kB/s)
Downloading from central: https://repo.maven.apache.org/maven2/org/antlr/antlr4-runtime/4.13.0/antlr4-runtime-4.13.0.pom
Progress (1): 3.6 kB
                    
Downloaded from central: https://repo.maven.apache.org/maven2/org/antlr/antlr4-runtime/4.13.0/antlr4-runtime-4.13.0.pom (3.6 kB at 12 kB/s)
Downloading from central: https://repo.maven.apache.org/maven2/org/antlr/antlr4-master/4.13.0/antlr4-master-4.13.0.pom
Progress (1): 4.1 kB
Progress (1): 4.8 kB
                    
Downloaded from central: https://repo.maven.apache.org/maven2/org/antlr/antlr4-master/4.13.0/antlr4-master-4.13.0.pom (4.8 kB at 17 kB/s)
Downloading from central: https://repo.maven.apache.org/maven2/org/springframework/data/spring-data-jpa/3.2.3/spring-data-jpa-3.2.3.pom
Progress (1): 4.1 kB
Progress (1): 8.2 kB
Progress (1): 11 kB 
                   
Downloaded from central: https://repo.maven.apache.org/maven2/org/springframework/data/spring-data-jpa/3.2.3/spring-data-jpa-3.2.3.pom (11 kB at 40 kB/s)
Downloading from central: https://repo.maven.apache.org/maven2/org/springframework/data/spring-data-jpa-parent/3.2.3/spring-data-jpa-parent-3.2.3.pom
Progress (1): 4.1 kB
Progress (1): 6.9 kB
                    
Downloaded from central: https://repo.maven.apache.org/maven2/org/springframework/data/spring-data-jpa-parent/3.2.3/spring-data-jpa-parent-3.2.3.pom (6.9 kB at 25 kB/s)
Downloading from central: https://repo.maven.apache.org/maven2/org/springframework/data/build/spring-data-parent/3.2.3/spring-data-parent-3.2.3.pom
Progress (1): 4.1 kB
Progress (1): 8.2 kB
Progress (1): 12 kB 
Progress (1): 16 kB
Progress (1): 20 kB
Progress (1): 25 kB
Progress (1): 29 kB
Progress (1): 33 kB
Progress (1): 37 kB
Progress (1): 41 kB
                   
Downloaded from central: https://repo.maven.apache.org/maven2/org/springframework/data/build/spring-data-parent/3.2.3/spring-data-parent-3.2.3.pom (41 kB at 154 kB/s)
Downloading from central: https://repo.maven.apache.org/maven2/org/springframework/data/build/spring-data-build/3.2.3/spring-data-build-3.2.3.pom
Progress (1): 4.1 kB
Progress (1): 7.2 kB
                    
Downloaded from central: https://repo.maven.apache.org/maven2/org/springframework/data/build/spring-data-build/3.2.3/spring-data-build-3.2.3.pom (7.2 kB at 26 kB/s)
Downloading from central: https://repo.maven.apache.org/maven2/com/fasterxml/jackson/jackson-bom/2.15.3/jackson-bom-2.15.3.pom
Progress (1): 4.1 kB
Progress (1): 8.2 kB
Progress (1): 12 kB 
Progress (1): 16 kB
Progress (1): 18 kB
                   
Downloaded from central: https://repo.maven.apache.org/maven2/com/fasterxml/jackson/jackson-bom/2.15.3/jackson-bom-2.15.3.pom (18 kB at 62 kB/s)
Downloading from central: https://repo.maven.apache.org/maven2/org/springframework/data/spring-data-commons/3.2.3/spring-data-commons-3.2.3.pom
Progress (1): 4.1 kB
Progress (1): 8.2 kB
Progress (1): 10 kB 
                   
Downloaded from central: https://repo.maven.apache.org/maven2/org/springframework/data/spring-data-commons/3.2.3/spring-data-commons-3.2.3.pom (10 kB at 34 kB/s)
Downloading from central: https://repo.maven.apache.org/maven2/org/springframework/spring-orm/6.1.4/spring-orm-6.1.4.pom
Progress (1): 2.6 kB
                    
Downloaded from central: https://repo.maven.apache.org/maven2/org/springframework/spring-orm/6.1.4/spring-orm-6.1.4.pom (2.6 kB at 12 kB/s)
Downloading from central: https://repo.maven.apache.org/maven2/org/springframework/spring-aspects/6.1.4/spring-aspects-6.1.4.pom
Progress (1): 2.0 kB
                    
Downloaded from central: https://repo.maven.apache.org/maven2/org/springframework/spring-aspects/6.1.4/spring-aspects-6.1.4.pom (2.0 kB at 6.5 kB/s)
Downloading from central: https://repo.maven.apache.org/maven2/org/springframework/boot/spring-boot-starter-web/3.2.3/spring-boot-starter-web-3.2.3.pom
Progress (1): 2.9 kB
                    
Downloaded from central: https://repo.maven.apache.org/maven2/org/springframework/boot/spring-boot-starter-web/3.2.3/spring-boot-starter-web-3.2.3.pom (2.9 kB at 13 kB/s)
Downloading from central: https://repo.maven.apache.org/maven2/org/springframework/boot/spring-boot-starter-json/3.2.3/spring-boot-starter-json-3.2.3.pom
Progress (1): 3.1 kB
                    
Downloaded from central: https://repo.maven.apache.org/maven2/org/springframework/boot/spring-boot-starter-json/3.2.3/spring-boot-starter-json-3.2.3.pom (3.1 kB at 14 kB/s)
Downloading from central: https://repo.maven.apache.org/maven2/org/springframework/spring-web/6.1.4/spring-web-6.1.4.pom
Progress (1): 2.4 kB
                    
Downloaded from central: https://repo.maven.apache.org/maven2/org/springframework/spring-web/6.1.4/spring-web-6.1.4.pom (2.4 kB at 9.6 kB/s)
Downloading from central: https://repo.maven.apache.org/maven2/com/fasterxml/jackson/core/jackson-databind/2.15.4/jackson-databind-2.15.4.pom
Progress (1): 4.1 kB
Progress (1): 8.2 kB
Progress (1): 12 kB 
Progress (1): 16 kB
Progress (1): 19 kB
                   
Downloaded from central: https://repo.maven.apache.org/maven2/com/fasterxml/jackson/core/jackson-databind/2.15.4/jackson-databind-2.15.4.pom (19 kB at 74 kB/s)
Downloading from central: https://repo.maven.apache.org/maven2/com/fasterxml/jackson/jackson-base/2.15.4/jackson-base-2.15.4.pom
Progress (1): 4.1 kB
Progress (1): 8.2 kB
Progress (1): 11 kB 
                   
Downloaded from central: https://repo.maven.apache.org/maven2/com/fasterxml/jackson/jackson-base/2.15.4/jackson-base-2.15.4.pom (11 kB at 57 kB/s)
Downloading from central: https://repo.maven.apache.org/maven2/org/junit/junit-bom/5.9.2/junit-bom-5.9.2.pom
Progress (1): 4.1 kB
Progress (1): 5.6 kB
                    
Downloaded from central: https://repo.maven.apache.org/maven2/org/junit/junit-bom/5.9.2/junit-bom-5.9.2.pom (5.6 kB at 21 kB/s)
Downloading from central: https://repo.maven.apache.org/maven2/com/fasterxml/jackson/core/jackson-annotations/2.15.4/jackson-annotations-2.15.4.pom
Progress (1): 4.1 kB
Progress (1): 7.1 kB
                    
Downloaded from central: https://repo.maven.apache.org/maven2/com/fasterxml/jackson/core/jackson-annotations/2.15.4/jackson-annotations-2.15.4.pom (7.1 kB at 27 kB/s)
Downloading from central: https://repo.maven.apache.org/maven2/com/fasterxml/jackson/core/jackson-core/2.15.4/jackson-core-2.15.4.pom
Progress (1): 4.1 kB
Progress (1): 8.2 kB
Progress (1): 9.9 kB
                    
Downloaded from central: https://repo.maven.apache.org/maven2/com/fasterxml/jackson/core/jackson-core/2.15.4/jackson-core-2.15.4.pom (9.9 kB at 40 kB/s)
Downloading from central: https://repo.maven.apache.org/maven2/com/fasterxml/jackson/datatype/jackson-datatype-jdk8/2.15.4/jackson-datatype-jdk8-2.15.4.pom
Progress (1): 2.6 kB
                    
Downloaded from central: https://repo.maven.apache.org/maven2/com/fasterxml/jackson/datatype/jackson-datatype-jdk8/2.15.4/jackson-datatype-jdk8-2.15.4.pom (2.6 kB at 9.2 kB/s)
Downloading from central: https://repo.maven.apache.org/maven2/com/fasterxml/jackson/module/jackson-modules-java8/2.15.4/jackson-modules-java8-2.15.4.pom
Progress (1): 3.1 kB
                    
Downloaded from central: https://repo.maven.apache.org/maven2/com/fasterxml/jackson/module/jackson-modules-java8/2.15.4/jackson-modules-java8-2.15.4.pom (3.1 kB at 10 kB/s)
Downloading from central: https://repo.maven.apache.org/maven2/com/fasterxml/jackson/datatype/jackson-datatype-jsr310/2.15.4/jackson-datatype-jsr310-2.15.4.pom
Progress (1): 4.1 kB
Progress (1): 4.9 kB
                    
Downloaded from central: https://repo.maven.apache.org/maven2/com/fasterxml/jackson/datatype/jackson-datatype-jsr310/2.15.4/jackson-datatype-jsr310-2.15.4.pom (4.9 kB at 18 kB/s)
Downloading from central: https://repo.maven.apache.org/maven2/com/fasterxml/jackson/module/jackson-module-parameter-names/2.15.4/jackson-module-parameter-names-2.15.4.pom
Progress (1): 4.1 kB
Progress (1): 4.4 kB
                    
Downloaded from central: https://repo.maven.apache.org/maven2/com/fasterxml/jackson/module/jackson-module-parameter-names/2.15.4/jackson-module-parameter-names-2.15.4.pom (4.4 kB at 14 kB/s)
Downloading from central: https://repo.maven.apache.org/maven2/org/springframework/boot/spring-boot-starter-tomcat/3.2.3/spring-boot-starter-tomcat-3.2.3.pom
Progress (1): 3.1 kB
                    
Downloaded from central: https://repo.maven.apache.org/maven2/org/springframework/boot/spring-boot-starter-tomcat/3.2.3/spring-boot-starter-tomcat-3.2.3.pom (3.1 kB at 11 kB/s)
Downloading from central: https://repo.maven.apache.org/maven2/org/apache/tomcat/embed/tomcat-embed-core/10.1.19/tomcat-embed-core-10.1.19.pom
Progress (1): 1.7 kB
                    
Downloaded from central: https://repo.maven.apache.org/maven2/org/apache/tomcat/embed/tomcat-embed-core/10.1.19/tomcat-embed-core-10.1.19.pom (1.7 kB at 7.3 kB/s)
Downloading from central: https://repo.maven.apache.org/maven2/org/apache/tomcat/embed/tomcat-embed-el/10.1.19/tomcat-embed-el-10.1.19.pom
Progress (1): 1.5 kB
                    
Downloaded from central: https://repo.maven.apache.org/maven2/org/apache/tomcat/embed/tomcat-embed-el/10.1.19/tomcat-embed-el-10.1.19.pom (1.5 kB at 6.8 kB/s)
Downloading from central: https://repo.maven.apache.org/maven2/org/apache/tomcat/embed/tomcat-embed-websocket/10.1.19/tomcat-embed-websocket-10.1.19.pom
Progress (1): 1.7 kB
                    
Downloaded from central: https://repo.maven.apache.org/maven2/org/apache/tomcat/embed/tomcat-embed-websocket/10.1.19/tomcat-embed-websocket-10.1.19.pom (1.7 kB at 8.5 kB/s)
Downloading from central: https://repo.maven.apache.org/maven2/org/springframework/spring-webmvc/6.1.4/spring-webmvc-6.1.4.pom
Progress (1): 2.9 kB
                    
Downloaded from central: https://repo.maven.apache.org/maven2/org/springframework/spring-webmvc/6.1.4/spring-webmvc-6.1.4.pom (2.9 kB at 18 kB/s)
Downloading from central: https://repo.maven.apache.org/maven2/org/springframework/boot/spring-boot-starter-validation/3.2.3/spring-boot-starter-validation-3.2.3.pom
Progress (1): 2.5 kB
                    
Downloaded from central: https://repo.maven.apache.org/maven2/org/springframework/boot/spring-boot-starter-validation/3.2.3/spring-boot-starter-validation-3.2.3.pom (2.5 kB at 11 kB/s)
Downloading from central: https://repo.maven.apache.org/maven2/org/hibernate/validator/hibernate-validator/8.0.1.Final/hibernate-validator-8.0.1.Final.pom
Progress (1): 4.1 kB
Progress (1): 8.2 kB
Progress (1): 12 kB 
Progress (1): 15 kB
                   
Downloaded from central: https://repo.maven.apache.org/maven2/org/hibernate/validator/hibernate-validator/8.0.1.Final/hibernate-validator-8.0.1.Final.pom (15 kB at 71 kB/s)
Downloading from central: https://repo.maven.apache.org/maven2/org/hibernate/validator/hibernate-validator-parent/8.0.1.Final/hibernate-validator-parent-8.0.1.Final.pom
Progress (1): 4.1 kB
Progress (1): 8.2 kB
Progress (1): 12 kB 
Progress (1): 16 kB
Progress (1): 20 kB
Progress (1): 25 kB
Progress (1): 29 kB
Progress (1): 33 kB
Progress (1): 37 kB
Progress (1): 41 kB
Progress (1): 45 kB
Progress (1): 49 kB
Progress (1): 53 kB
Progress (1): 57 kB
Progress (1): 61 kB
Progress (1): 66 kB
Progress (1): 70 kB
Progress (1): 74 kB
Progress (1): 78 kB
Progress (1): 81 kB
                   
Downloaded from central: https://repo.maven.apache.org/maven2/org/hibernate/validator/hibernate-validator-parent/8.0.1.Final/hibernate-validator-parent-8.0.1.Final.pom (81 kB at 400 kB/s)
Downloading from central: https://repo.maven.apache.org/maven2/org/jboss/arquillian/arquillian-bom/1.7.0.Alpha10/arquillian-bom-1.7.0.Alpha10.pom
Progress (1): 4.1 kB
Progress (1): 8.2 kB
Progress (1): 10 kB 
                   
Downloaded from central: https://repo.maven.apache.org/maven2/org/jboss/arquillian/arquillian-bom/1.7.0.Alpha10/arquillian-bom-1.7.0.Alpha10.pom (10 kB at 38 kB/s)
Downloading from central: https://repo.maven.apache.org/maven2/org/jboss/shrinkwrap/shrinkwrap-bom/1.2.6/shrinkwrap-bom-1.2.6.pom
Progress (1): 4.0 kB
                    
Downloaded from central: https://repo.maven.apache.org/maven2/org/jboss/shrinkwrap/shrinkwrap-bom/1.2.6/shrinkwrap-bom-1.2.6.pom (4.0 kB at 15 kB/s)
Downloading from central: https://repo.maven.apache.org/maven2/org/jboss/shrinkwrap/resolver/shrinkwrap-resolver-bom/3.1.4/shrinkwrap-resolver-bom-3.1.4.pom
Progress (1): 4.1 kB
Progress (1): 7.0 kB
                    
Downloaded from central: https://repo.maven.apache.org/maven2/org/jboss/shrinkwrap/resolver/shrinkwrap-resolver-bom/3.1.4/shrinkwrap-resolver-bom-3.1.4.pom (7.0 kB at 27 kB/s)
Downloading from central: https://repo.maven.apache.org/maven2/org/apache/maven/maven/3.6.3/maven-3.6.3.pom
Progress (1): 4.1 kB
Progress (1): 8.2 kB
Progress (1): 12 kB 
Progress (1): 16 kB
Progress (1): 20 kB
Progress (1): 25 kB
Progress (1): 26 kB
                   
Downloaded from central: https://repo.maven.apache.org/maven2/org/apache/maven/maven/3.6.3/maven-3.6.3.pom (26 kB at 89 kB/s)
Downloading from central: https://repo.maven.apache.org/maven2/org/apache/maven/maven-parent/33/maven-parent-33.pom
Progress (1): 4.1 kB
Progress (1): 8.2 kB
Progress (1): 12 kB 
Progress (1): 16 kB
Progress (1): 20 kB
Progress (1): 25 kB
Progress (1): 29 kB
Progress (1): 33 kB
Progress (1): 37 kB
Progress (1): 41 kB
Progress (1): 44 kB
                   
Downloaded from central: https://repo.maven.apache.org/maven2/org/apache/maven/maven-parent/33/maven-parent-33.pom (44 kB at 156 kB/s)
Downloading from central: https://repo.maven.apache.org/maven2/org/jboss/shrinkwrap/descriptors/shrinkwrap-descriptors-bom/2.0.0/shrinkwrap-descriptors-bom-2.0.0.pom
Progress (1): 4.1 kB
Progress (1): 5.2 kB
                    
Downloaded from central: https://repo.maven.apache.org/maven2/org/jboss/shrinkwrap/descriptors/shrinkwrap-descriptors-bom/2.0.0/shrinkwrap-descriptors-bom-2.0.0.pom (5.2 kB at 21 kB/s)
Downloading from central: https://repo.maven.apache.org/maven2/jakarta/validation/jakarta.validation-api/3.0.2/jakarta.validation-api-3.0.2.pom
Progress (1): 4.1 kB
Progress (1): 8.2 kB
Progress (1): 11 kB 
                   
Downloaded from central: https://repo.maven.apache.org/maven2/jakarta/validation/jakarta.validation-api/3.0.2/jakarta.validation-api-3.0.2.pom (11 kB at 42 kB/s)
Downloading from central: https://repo.maven.apache.org/maven2/com/microsoft/sqlserver/mssql-jdbc/12.4.2.jre11/mssql-jdbc-12.4.2.jre11.pom
Progress (1): 4.1 kB
Progress (1): 8.2 kB
Progress (1): 12 kB 
Progress (1): 16 kB
Progress (1): 20 kB
                   
Downloaded from central: https://repo.maven.apache.org/maven2/com/microsoft/sqlserver/mssql-jdbc/12.4.2.jre11/mssql-jdbc-12.4.2.jre11.pom (20 kB at 91 kB/s)
Downloading from central: https://repo.maven.apache.org/maven2/org/projectlombok/lombok/1.18.30/lombok-1.18.30.pom
Progress (1): 1.5 kB
                    
Downloaded from central: https://repo.maven.apache.org/maven2/org/projectlombok/lombok/1.18.30/lombok-1.18.30.pom (1.5 kB at 8.5 kB/s)
Downloading from central: https://repo.maven.apache.org/maven2/org/springframework/boot/spring-boot-starter-data-jpa/3.2.3/spring-boot-starter-data-jpa-3.2.3.jar
Downloading from central: https://repo.maven.apache.org/maven2/org/springframework/boot/spring-boot-starter-aop/3.2.3/spring-boot-starter-aop-3.2.3.jar
Downloading from central: https://repo.maven.apache.org/maven2/org/aspectj/aspectjweaver/1.9.21/aspectjweaver-1.9.21.jar
Downloading from central: https://repo.maven.apache.org/maven2/org/springframework/boot/spring-boot-starter-jdbc/3.2.3/spring-boot-starter-jdbc-3.2.3.jar
Downloading from central: https://repo.maven.apache.org/maven2/com/zaxxer/HikariCP/5.0.1/HikariCP-5.0.1.jar
Progress (1): 4.1/4.8 kB
Progress (2): 4.1/4.8 kB | 4.1/4.8 kB
Progress (3): 4.1/4.8 kB | 4.1/4.8 kB | 4.1/4.8 kB
Progress (3): 4.8 kB | 4.1/4.8 kB | 4.1/4.8 kB    
Progress (3): 4.8 kB | 4.8 kB | 4.1/4.8 kB    
Progress (3): 4.8 kB | 4.8 kB | 4.8 kB    
Progress (4): 4.8 kB | 4.8 kB | 4.8 kB | 4.1/162 kB
Progress (4): 4.8 kB | 4.8 kB | 4.8 kB | 7.7/162 kB
Progress (4): 4.8 kB | 4.8 kB | 4.8 kB | 12/162 kB 
Progress (4): 4.8 kB | 4.8 kB | 4.8 kB | 16/162 kB
Progress (5): 4.8 kB | 4.8 kB | 4.8 kB | 16/162 kB | 0/2.1 MB
Progress (5): 4.8 kB | 4.8 kB | 4.8 kB | 16/162 kB | 0/2.1 MB
                                                             
Downloaded from central: https://repo.maven.apache.org/maven2/org/springframework/boot/spring-boot-starter-jdbc/3.2.3/spring-boot-starter-jdbc-3.2.3.jar (4.8 kB at 19 kB/s)
Downloading from central: https://repo.maven.apache.org/maven2/org/springframework/spring-jdbc/6.1.4/spring-jdbc-6.1.4.jar
Downloaded from central: https://repo.maven.apache.org/maven2/org/springframework/boot/spring-boot-starter-aop/3.2.3/spring-boot-starter-aop-3.2.3.jar (4.8 kB at 18 kB/s)
Downloaded from central: https://repo.maven.apache.org/maven2/org/springframework/boot/spring-boot-starter-data-jpa/3.2.3/spring-boot-starter-data-jpa-3.2.3.jar (4.8 kB at 18 kB/s)
Downloading from central: https://repo.maven.apache.org/maven2/jakarta/persistence/jakarta.persistence-api/3.1.0/jakarta.persistence-api-3.1.0.jar
Downloading from central: https://repo.maven.apache.org/maven2/org/hibernate/orm/hibernate-core/6.4.4.Final/hibernate-core-6.4.4.Final.jar
Progress (2): 20/162 kB | 0/2.1 MB
Progress (2): 24/162 kB | 0/2.1 MB
Progress (2): 28/162 kB | 0/2.1 MB
Progress (2): 32/162 kB | 0/2.1 MB
Progress (2): 36/162 kB | 0/2.1 MB
Progress (2): 40/162 kB | 0/2.1 MB
Progress (2): 45/162 kB | 0/2.1 MB
Progress (2): 49/162 kB | 0/2.1 MB
Progress (2): 53/162 kB | 0/2.1 MB
Progress (2): 57/162 kB | 0/2.1 MB
Progress (2): 61/162 kB | 0/2.1 MB
Progress (2): 65/162 kB | 0/2.1 MB
Progress (2): 65/162 kB | 0/2.1 MB
Progress (2): 69/162 kB | 0/2.1 MB
Progress (2): 73/162 kB | 0/2.1 MB
Progress (2): 77/162 kB | 0/2.1 MB
Progress (2): 81/162 kB | 0/2.1 MB
Progress (2): 81/162 kB | 0.1/2.1 MB
Progress (2): 81/162 kB | 0.1/2.1 MB
Progress (2): 86/162 kB | 0.1/2.1 MB
Progress (2): 90/162 kB | 0.1/2.1 MB
Progress (2): 94/162 kB | 0.1/2.1 MB
Progress (2): 98/162 kB | 0.1/2.1 MB
Progress (2): 102/162 kB | 0.1/2.1 MB
Progress (2): 106/162 kB | 0.1/2.1 MB
Progress (2): 110/162 kB | 0.1/2.1 MB
Progress (2): 114/162 kB | 0.1/2.1 MB
Progress (2): 118/162 kB | 0.1/2.1 MB
Progress (2): 122/162 kB | 0.1/2.1 MB
Progress (2): 126/162 kB | 0.1/2.1 MB
Progress (2): 130/162 kB | 0.1/2.1 MB
Progress (2): 134/162 kB | 0.1/2.1 MB
Progress (2): 139/162 kB | 0.1/2.1 MB
Progress (2): 143/162 kB | 0.1/2.1 MB
Progress (2): 147/162 kB | 0.1/2.1 MB
Progress (3): 147/162 kB | 0.1/2.1 MB | 0.1/12 MB
Progress (3): 147/162 kB | 0.1/2.1 MB | 0.1/12 MB
Progress (3): 147/162 kB | 0.1/2.1 MB | 0.1/12 MB
Progress (3): 147/162 kB | 0.1/2.1 MB | 0.1/12 MB
Progress (3): 147/162 kB | 0.1/2.1 MB | 0.1/12 MB
Progress (3): 147/162 kB | 0.1/2.1 MB | 0.1/12 MB
Progress (4): 147/162 kB | 0.1/2.1 MB | 0.1/12 MB | 4.1/466 kB
Progress (4): 147/162 kB | 0.1/2.1 MB | 0.1/12 MB | 7.7/466 kB
Progress (4): 147/162 kB | 0.1/2.1 MB | 0.1/12 MB | 12/466 kB 
Progress (4): 147/162 kB | 0.1/2.1 MB | 0.1/12 MB | 16/466 kB
Progress (4): 151/162 kB | 0.1/2.1 MB | 0.1/12 MB | 16/466 kB
Progress (4): 155/162 kB | 0.1/2.1 MB | 0.1/12 MB | 16/466 kB
Progress (4): 159/162 kB | 0.1/2.1 MB | 0.1/12 MB | 16/466 kB
Progress (4): 162 kB | 0.1/2.1 MB | 0.1/12 MB | 16/466 kB    
Progress (4): 162 kB | 0.2/2.1 MB | 0.1/12 MB | 16/466 kB
Progress (4): 162 kB | 0.2/2.1 MB | 0.1/12 MB | 16/466 kB
Progress (4): 162 kB | 0.2/2.1 MB | 0.1/12 MB | 16/466 kB
Progress (4): 162 kB | 0.2/2.1 MB | 0.2/12 MB | 16/466 kB
Progress (4): 162 kB | 0.2/2.1 MB | 0.2/12 MB | 16/466 kB
Progress (4): 162 kB | 0.2/2.1 MB | 0.3/12 MB | 16/466 kB
Progress (4): 162 kB | 0.2/2.1 MB | 0.4/12 MB | 16/466 kB
Progress (5): 162 kB | 0.2/2.1 MB | 0.4/12 MB | 16/466 kB | 4.1/165 kB
Progress (5): 162 kB | 0.2/2.1 MB | 0.4/12 MB | 16/466 kB | 7.7/165 kB
Progress (5): 162 kB | 0.2/2.1 MB | 0.4/12 MB | 16/466 kB | 12/165 kB 
Progress (5): 162 kB | 0.2/2.1 MB | 0.4/12 MB | 16/466 kB | 16/165 kB
Progress (5): 162 kB | 0.2/2.1 MB | 0.4/12 MB | 16/466 kB | 16/165 kB
Progress (5): 162 kB | 0.2/2.1 MB | 0.4/12 MB | 16/466 kB | 16/165 kB
Progress (5): 162 kB | 0.2/2.1 MB | 0.4/12 MB | 16/466 kB | 16/165 kB
Progress (5): 162 kB | 0.2/2.1 MB | 0.4/12 MB | 20/466 kB | 16/165 kB
Progress (5): 162 kB | 0.2/2.1 MB | 0.4/12 MB | 24/466 kB | 16/165 kB
Progress (5): 162 kB | 0.2/2.1 MB | 0.4/12 MB | 28/466 kB | 16/165 kB
Progress (5): 162 kB | 0.2/2.1 MB | 0.4/12 MB | 32/466 kB | 16/165 kB
Progress (5): 162 kB | 0.3/2.1 MB | 0.4/12 MB | 32/466 kB | 16/165 kB
Progress (5): 162 kB | 0.3/2.1 MB | 0.4/12 MB | 32/466 kB | 20/165 kB
Progress (5): 162 kB | 0.3/2.1 MB | 0.4/12 MB | 32/466 kB | 24/165 kB
Progress (5): 162 kB | 0.3/2.1 MB | 0.4/12 MB | 36/466 kB | 24/165 kB
Progress (5): 162 kB | 0.3/2.1 MB | 0.4/12 MB | 40/466 kB | 24/165 kB
Progress (5): 162 kB | 0.3/2.1 MB | 0.4/12 MB | 45/466 kB | 24/165 kB
Progress (5): 162 kB | 0.3/2.1 MB | 0.4/12 MB | 49/466 kB | 24/165 kB
Progress (5): 162 kB | 0.3/2.1 MB | 0.4/12 MB | 53/466 kB | 24/165 kB
Progress (5): 162 kB | 0.3/2.1 MB | 0.4/12 MB | 57/466 kB | 24/165 kB
Progress (5): 162 kB | 0.3/2.1 MB | 0.4/12 MB | 61/466 kB | 24/165 kB
Progress (5): 162 kB | 0.3/2.1 MB | 0.4/12 MB | 65/466 kB | 24/165 kB
Progress (5): 162 kB | 0.3/2.1 MB | 0.4/12 MB | 69/466 kB | 24/165 kB
Progress (5): 162 kB | 0.3/2.1 MB | 0.4/12 MB | 73/466 kB | 24/165 kB
Progress (5): 162 kB | 0.3/2.1 MB | 0.4/12 MB | 77/466 kB | 24/165 kB
Progress (5): 162 kB | 0.3/2.1 MB | 0.4/12 MB | 81/466 kB | 24/165 kB
Progress (5): 162 kB | 0.3/2.1 MB | 0.4/12 MB | 81/466 kB | 24/165 kB
Progress (5): 162 kB | 0.3/2.1 MB | 0.4/12 MB | 81/466 kB | 24/165 kB
Progress (5): 162 kB | 0.3/2.1 MB | 0.4/12 MB | 81/466 kB | 24/165 kB
                                                                     
Downloaded from central: https://repo.maven.apache.org/maven2/com/zaxxer/HikariCP/5.0.1/HikariCP-5.0.1.jar (162 kB at 262 kB/s)
Downloading from central: https://repo.maven.apache.org/maven2/jakarta/transaction/jakarta.transaction-api/2.0.1/jakarta.transaction-api-2.0.1.jar
Progress (4): 0.3/2.1 MB | 0.4/12 MB | 81/466 kB | 24/165 kB
Progress (4): 0.3/2.1 MB | 0.4/12 MB | 81/466 kB | 24/165 kB
Progress (4): 0.4/2.1 MB | 0.4/12 MB | 81/466 kB | 24/165 kB
Progress (4): 0.4/2.1 MB | 0.4/12 MB | 81/466 kB | 24/165 kB
Progress (4): 0.4/2.1 MB | 0.5/12 MB | 81/466 kB | 24/165 kB
Progress (4): 0.4/2.1 MB | 0.5/12 MB | 81/466 kB | 24/165 kB
Progress (4): 0.4/2.1 MB | 0.5/12 MB | 81/466 kB | 28/165 kB
Progress (4): 0.4/2.1 MB | 0.5/12 MB | 81/466 kB | 32/165 kB
Progress (4): 0.4/2.1 MB | 0.5/12 MB | 81/466 kB | 36/165 kB
Progress (4): 0.4/2.1 MB | 0.5/12 MB | 81/466 kB | 40/165 kB
Progress (4): 0.4/2.1 MB | 0.5/12 MB | 81/466 kB | 45/165 kB
Progress (4): 0.4/2.1 MB | 0.5/12 MB | 81/466 kB | 49/165 kB
Progress (4): 0.4/2.1 MB | 0.5/12 MB | 81/466 kB | 53/165 kB
Progress (4): 0.4/2.1 MB | 0.5/12 MB | 81/466 kB | 57/165 kB
Progress (4): 0.4/2.1 MB | 0.5/12 MB | 81/466 kB | 61/165 kB
Progress (4): 0.4/2.1 MB | 0.5/12 MB | 81/466 kB | 65/165 kB
Progress (4): 0.4/2.1 MB | 0.5/12 MB | 81/466 kB | 69/165 kB
Progress (4): 0.4/2.1 MB | 0.5/12 MB | 81/466 kB | 73/165 kB
Progress (4): 0.4/2.1 MB | 0.5/12 MB | 81/466 kB | 73/165 kB
Progress (4): 0.4/2.1 MB | 0.5/12 MB | 81/466 kB | 73/165 kB
Progress (4): 0.4/2.1 MB | 0.5/12 MB | 81/466 kB | 73/165 kB
Progress (4): 0.4/2.1 MB | 0.5/12 MB | 81/466 kB | 73/165 kB
Progress (4): 0.4/2.1 MB | 0.5/12 MB | 81/466 kB | 73/165 kB
Progress (4): 0.4/2.1 MB | 0.5/12 MB | 86/466 kB | 73/165 kB
Progress (4): 0.4/2.1 MB | 0.5/12 MB | 90/466 kB | 73/165 kB
Progress (4): 0.4/2.1 MB | 0.5/12 MB | 94/466 kB | 73/165 kB
Progress (4): 0.4/2.1 MB | 0.5/12 MB | 98/466 kB | 73/165 kB
Progress (4): 0.4/2.1 MB | 0.5/12 MB | 102/466 kB | 73/165 kB
Progress (4): 0.4/2.1 MB | 0.5/12 MB | 106/466 kB | 73/165 kB
Progress (4): 0.4/2.1 MB | 0.5/12 MB | 110/466 kB | 73/165 kB
Progress (4): 0.4/2.1 MB | 0.5/12 MB | 114/466 kB | 73/165 kB
Progress (4): 0.4/2.1 MB | 0.5/12 MB | 118/466 kB | 73/165 kB
Progress (4): 0.4/2.1 MB | 0.5/12 MB | 122/466 kB | 73/165 kB
Progress (4): 0.4/2.1 MB | 0.5/12 MB | 126/466 kB | 73/165 kB
Progress (4): 0.4/2.1 MB | 0.5/12 MB | 131/466 kB | 73/165 kB
Progress (4): 0.5/2.1 MB | 0.5/12 MB | 131/466 kB | 73/165 kB
Progress (4): 0.5/2.1 MB | 0.5/12 MB | 135/466 kB | 73/165 kB
Progress (4): 0.5/2.1 MB | 0.5/12 MB | 139/466 kB | 73/165 kB
Progress (4): 0.5/2.1 MB | 0.5/12 MB | 143/466 kB | 73/165 kB
Progress (4): 0.5/2.1 MB | 0.5/12 MB | 147/466 kB | 73/165 kB
Progress (4): 0.5/2.1 MB | 0.5/12 MB | 151/466 kB | 73/165 kB
Progress (4): 0.5/2.1 MB | 0.5/12 MB | 155/466 kB | 73/165 kB
Progress (4): 0.5/2.1 MB | 0.5/12 MB | 159/466 kB | 73/165 kB
Progress (4): 0.5/2.1 MB | 0.5/12 MB | 163/466 kB | 73/165 kB
Progress (4): 0.5/2.1 MB | 0.5/12 MB | 167/466 kB | 73/165 kB
Progress (4): 0.5/2.1 MB | 0.5/12 MB | 172/466 kB | 73/165 kB
Progress (4): 0.5/2.1 MB | 0.5/12 MB | 176/466 kB | 73/165 kB
Progress (4): 0.5/2.1 MB | 0.5/12 MB | 180/466 kB | 73/165 kB
Progress (4): 0.5/2.1 MB | 0.5/12 MB | 180/466 kB | 73/165 kB
Progress (4): 0.5/2.1 MB | 0.5/12 MB | 180/466 kB | 73/165 kB
Progress (4): 0.5/2.1 MB | 0.5/12 MB | 180/466 kB | 73/165 kB
Progress (4): 0.5/2.1 MB | 0.6/12 MB | 180/466 kB | 73/165 kB
Progress (4): 0.5/2.1 MB | 0.6/12 MB | 180/466 kB | 73/165 kB
Progress (4): 0.5/2.1 MB | 0.6/12 MB | 180/466 kB | 73/165 kB
Progress (4): 0.5/2.1 MB | 0.6/12 MB | 180/466 kB | 73/165 kB
Progress (4): 0.6/2.1 MB | 0.6/12 MB | 180/466 kB | 73/165 kB
Progress (4): 0.6/2.1 MB | 0.7/12 MB | 180/466 kB | 73/165 kB
Progress (4): 0.6/2.1 MB | 0.7/12 MB | 180/466 kB | 77/165 kB
Progress (4): 0.6/2.1 MB | 0.7/12 MB | 180/466 kB | 81/165 kB
Progress (4): 0.6/2.1 MB | 0.7/12 MB | 180/466 kB | 86/165 kB
Progress (4): 0.6/2.1 MB | 0.7/12 MB | 180/466 kB | 90/165 kB
Progress (4): 0.6/2.1 MB | 0.7/12 MB | 180/466 kB | 94/165 kB
Progress (4): 0.6/2.1 MB | 0.7/12 MB | 180/466 kB | 98/165 kB
Progress (4): 0.6/2.1 MB | 0.7/12 MB | 180/466 kB | 102/165 kB
Progress (4): 0.6/2.1 MB | 0.7/12 MB | 180/466 kB | 106/165 kB
Progress (4): 0.6/2.1 MB | 0.7/12 MB | 180/466 kB | 110/165 kB
Progress (4): 0.6/2.1 MB | 0.7/12 MB | 180/466 kB | 114/165 kB
Progress (4): 0.6/2.1 MB | 0.7/12 MB | 180/466 kB | 118/165 kB
Progress (4): 0.6/2.1 MB | 0.7/12 MB | 180/466 kB | 122/165 kB
Progress (4): 0.6/2.1 MB | 0.7/12 MB | 180/466 kB | 126/165 kB
Progress (4): 0.6/2.1 MB | 0.7/12 MB | 180/466 kB | 131/165 kB
Progress (4): 0.6/2.1 MB | 0.7/12 MB | 180/466 kB | 135/165 kB
Progress (4): 0.6/2.1 MB | 0.7/12 MB | 180/466 kB | 139/165 kB
Progress (4): 0.6/2.1 MB | 0.7/12 MB | 180/466 kB | 143/165 kB
Progress (4): 0.6/2.1 MB | 0.7/12 MB | 180/466 kB | 147/165 kB
Progress (4): 0.6/2.1 MB | 0.7/12 MB | 180/466 kB | 151/165 kB
Progress (4): 0.6/2.1 MB | 0.7/12 MB | 180/466 kB | 155/165 kB
Progress (4): 0.6/2.1 MB | 0.7/12 MB | 180/466 kB | 159/165 kB
Progress (4): 0.6/2.1 MB | 0.7/12 MB | 180/466 kB | 163/165 kB
Progress (4): 0.6/2.1 MB | 0.7/12 MB | 180/466 kB | 165 kB    
Progress (5): 0.6/2.1 MB | 0.7/12 MB | 180/466 kB | 165 kB | 4.1/29 kB
Progress (5): 0.6/2.1 MB | 0.7/12 MB | 180/466 kB | 165 kB | 7.7/29 kB
Progress (5): 0.6/2.1 MB | 0.7/12 MB | 180/466 kB | 165 kB | 12/29 kB 
Progress (5): 0.6/2.1 MB | 0.7/12 MB | 180/466 kB | 165 kB | 16/29 kB
Progress (5): 0.6/2.1 MB | 0.7/12 MB | 180/466 kB | 165 kB | 16/29 kB
Progress (5): 0.6/2.1 MB | 0.7/12 MB | 180/466 kB | 165 kB | 16/29 kB
Progress (5): 0.6/2.1 MB | 0.7/12 MB | 180/466 kB | 165 kB | 16/29 kB
Progress (5): 0.6/2.1 MB | 0.7/12 MB | 180/466 kB | 165 kB | 16/29 kB
Progress (5): 0.6/2.1 MB | 0.7/12 MB | 180/466 kB | 165 kB | 16/29 kB
Progress (5): 0.6/2.1 MB | 0.7/12 MB | 180/466 kB | 165 kB | 20/29 kB
Progress (5): 0.6/2.1 MB | 0.7/12 MB | 180/466 kB | 165 kB | 24/29 kB
Progress (5): 0.6/2.1 MB | 0.7/12 MB | 180/466 kB | 165 kB | 28/29 kB
Progress (5): 0.6/2.1 MB | 0.7/12 MB | 180/466 kB | 165 kB | 29 kB   
Progress (5): 0.6/2.1 MB | 0.7/12 MB | 180/466 kB | 165 kB | 29 kB
Progress (5): 0.6/2.1 MB | 0.7/12 MB | 184/466 kB | 165 kB | 29 kB
Progress (5): 0.6/2.1 MB | 0.7/12 MB | 188/466 kB | 165 kB | 29 kB
Progress (5): 0.6/2.1 MB | 0.7/12 MB | 192/466 kB | 165 kB | 29 kB
Progress (5): 0.6/2.1 MB | 0.7/12 MB | 196/466 kB | 165 kB | 29 kB
Progress (5): 0.6/2.1 MB | 0.7/12 MB | 200/466 kB | 165 kB | 29 kB
Progress (5): 0.6/2.1 MB | 0.7/12 MB | 204/466 kB | 165 kB | 29 kB
Progress (5): 0.6/2.1 MB | 0.7/12 MB | 208/466 kB | 165 kB | 29 kB
Progress (5): 0.6/2.1 MB | 0.7/12 MB | 212/466 kB | 165 kB | 29 kB
Progress (5): 0.6/2.1 MB | 0.7/12 MB | 217/466 kB | 165 kB | 29 kB
Progress (5): 0.6/2.1 MB | 0.7/12 MB | 221/466 kB | 165 kB | 29 kB
Progress (5): 0.6/2.1 MB | 0.7/12 MB | 225/466 kB | 165 kB | 29 kB
Progress (5): 0.6/2.1 MB | 0.7/12 MB | 229/466 kB | 165 kB | 29 kB
Progress (5): 0.6/2.1 MB | 0.7/12 MB | 233/466 kB | 165 kB | 29 kB
Progress (5): 0.6/2.1 MB | 0.7/12 MB | 237/466 kB | 165 kB | 29 kB
Progress (5): 0.6/2.1 MB | 0.7/12 MB | 241/466 kB | 165 kB | 29 kB
Progress (5): 0.6/2.1 MB | 0.7/12 MB | 245/466 kB | 165 kB | 29 kB
Progress (5): 0.6/2.1 MB | 0.7/12 MB | 249/466 kB | 165 kB | 29 kB
Progress (5): 0.6/2.1 MB | 0.7/12 MB | 253/466 kB | 165 kB | 29 kB
Progress (5): 0.6/2.1 MB | 0.7/12 MB | 257/466 kB | 165 kB | 29 kB
Progress (5): 0.6/2.1 MB | 0.7/12 MB | 261/466 kB | 165 kB | 29 kB
Progress (5): 0.6/2.1 MB | 0.7/12 MB | 265/466 kB | 165 kB | 29 kB
Progress (5): 0.6/2.1 MB | 0.7/12 MB | 269/466 kB | 165 kB | 29 kB
Progress (5): 0.6/2.1 MB | 0.7/12 MB | 273/466 kB | 165 kB | 29 kB
Progress (5): 0.6/2.1 MB | 0.7/12 MB | 278/466 kB | 165 kB | 29 kB
Progress (5): 0.6/2.1 MB | 0.7/12 MB | 282/466 kB | 165 kB | 29 kB
Progress (5): 0.6/2.1 MB | 0.7/12 MB | 286/466 kB | 165 kB | 29 kB
Progress (5): 0.6/2.1 MB | 0.7/12 MB | 290/466 kB | 165 kB | 29 kB
Progress (5): 0.6/2.1 MB | 0.7/12 MB | 294/466 kB | 165 kB | 29 kB
Progress (5): 0.6/2.1 MB | 0.7/12 MB | 298/466 kB | 165 kB | 29 kB
Progress (5): 0.6/2.1 MB | 0.7/12 MB | 302/466 kB | 165 kB | 29 kB
Progress (5): 0.7/2.1 MB | 0.7/12 MB | 302/466 kB | 165 kB | 29 kB
Progress (5): 0.7/2.1 MB | 0.7/12 MB | 302/466 kB | 165 kB | 29 kB
Progress (5): 0.7/2.1 MB | 0.7/12 MB | 302/466 kB | 165 kB | 29 kB
Progress (5): 0.7/2.1 MB | 0.7/12 MB | 302/466 kB | 165 kB | 29 kB
Progress (5): 0.7/2.1 MB | 0.8/12 MB | 302/466 kB | 165 kB | 29 kB
Progress (5): 0.7/2.1 MB | 0.8/12 MB | 302/466 kB | 165 kB | 29 kB
Progress (5): 0.7/2.1 MB | 0.9/12 MB | 302/466 kB | 165 kB | 29 kB
Progress (5): 0.7/2.1 MB | 0.9/12 MB | 302/466 kB | 165 kB | 29 kB
Progress (5): 0.7/2.1 MB | 0.9/12 MB | 302/466 kB | 165 kB | 29 kB
Progress (5): 0.8/2.1 MB | 0.9/12 MB | 302/466 kB | 165 kB | 29 kB
Progress (5): 0.8/2.1 MB | 0.9/12 MB | 302/466 kB | 165 kB | 29 kB
Progress (5): 0.8/2.1 MB | 0.9/12 MB | 302/466 kB | 165 kB | 29 kB
Progress (5): 0.8/2.1 MB | 0.9/12 MB | 302/466 kB | 165 kB | 29 kB
Progress (5): 0.8/2.1 MB | 0.9/12 MB | 302/466 kB | 165 kB | 29 kB
Progress (5): 0.8/2.1 MB | 0.9/12 MB | 302/466 kB | 165 kB | 29 kB
Progress (5): 0.9/2.1 MB | 0.9/12 MB | 302/466 kB | 165 kB | 29 kB
                                                                  
Downloaded from central: https://repo.maven.apache.org/maven2/jakarta/persistence/jakarta.persistence-api/3.1.0/jakarta.persistence-api-3.1.0.jar (165 kB at 142 kB/s)
Downloading from central: https://repo.maven.apache.org/maven2/org/jboss/logging/jboss-logging/3.5.3.Final/jboss-logging-3.5.3.Final.jar
Progress (4): 0.9/2.1 MB | 0.9/12 MB | 306/466 kB | 29 kB
Progress (4): 0.9/2.1 MB | 0.9/12 MB | 310/466 kB | 29 kB
Progress (4): 0.9/2.1 MB | 0.9/12 MB | 314/466 kB | 29 kB
Progress (4): 0.9/2.1 MB | 0.9/12 MB | 319/466 kB | 29 kB
Progress (4): 0.9/2.1 MB | 0.9/12 MB | 323/466 kB | 29 kB
Progress (4): 0.9/2.1 MB | 0.9/12 MB | 327/466 kB | 29 kB
Progress (4): 0.9/2.1 MB | 0.9/12 MB | 327/466 kB | 29 kB
Progress (4): 0.9/2.1 MB | 0.9/12 MB | 331/466 kB | 29 kB
Progress (4): 0.9/2.1 MB | 0.9/12 MB | 335/466 kB | 29 kB
Progress (4): 0.9/2.1 MB | 0.9/12 MB | 339/466 kB | 29 kB
Progress (4): 0.9/2.1 MB | 0.9/12 MB | 343/466 kB | 29 kB
                                                         
Downloaded from central: https://repo.maven.apache.org/maven2/jakarta/transaction/jakarta.transaction-api/2.0.1/jakarta.transaction-api-2.0.1.jar (29 kB at 24 kB/s)
Downloading from central: https://repo.maven.apache.org/maven2/org/hibernate/common/hibernate-commons-annotations/6.0.6.Final/hibernate-commons-annotations-6.0.6.Final.jar
Progress (3): 0.9/2.1 MB | 0.9/12 MB | 347/466 kB
Progress (3): 0.9/2.1 MB | 0.9/12 MB | 351/466 kB
Progress (3): 0.9/2.1 MB | 0.9/12 MB | 355/466 kB
Progress (3): 0.9/2.1 MB | 0.9/12 MB | 359/466 kB
Progress (3): 0.9/2.1 MB | 0.9/12 MB | 364/466 kB
Progress (3): 0.9/2.1 MB | 0.9/12 MB | 368/466 kB
Progress (3): 0.9/2.1 MB | 0.9/12 MB | 372/466 kB
Progress (3): 0.9/2.1 MB | 0.9/12 MB | 376/466 kB
Progress (3): 0.9/2.1 MB | 0.9/12 MB | 376/466 kB
Progress (3): 0.9/2.1 MB | 0.9/12 MB | 380/466 kB
Progress (3): 0.9/2.1 MB | 0.9/12 MB | 384/466 kB
Progress (3): 0.9/2.1 MB | 0.9/12 MB | 388/466 kB
Progress (3): 0.9/2.1 MB | 0.9/12 MB | 392/466 kB
Progress (3): 0.9/2.1 MB | 0.9/12 MB | 396/466 kB
Progress (3): 0.9/2.1 MB | 0.9/12 MB | 400/466 kB
Progress (3): 0.9/2.1 MB | 0.9/12 MB | 405/466 kB
Progress (3): 0.9/2.1 MB | 0.9/12 MB | 409/466 kB
Progress (3): 0.9/2.1 MB | 0.9/12 MB | 409/466 kB
Progress (3): 0.9/2.1 MB | 0.9/12 MB | 409/466 kB
Progress (3): 0.9/2.1 MB | 0.9/12 MB | 413/466 kB
Progress (3): 0.9/2.1 MB | 0.9/12 MB | 417/466 kB
Progress (3): 0.9/2.1 MB | 0.9/12 MB | 421/466 kB
Progress (3): 0.9/2.1 MB | 0.9/12 MB | 425/466 kB
Progress (3): 0.9/2.1 MB | 0.9/12 MB | 425/466 kB
Progress (3): 0.9/2.1 MB | 0.9/12 MB | 425/466 kB
Progress (3): 0.9/2.1 MB | 1.0/12 MB | 425/466 kB
Progress (3): 0.9/2.1 MB | 1.0/12 MB | 425/466 kB
Progress (3): 1.0/2.1 MB | 1.0/12 MB | 425/466 kB
Progress (3): 1.0/2.1 MB | 1.0/12 MB | 425/466 kB
Progress (3): 1.0/2.1 MB | 1.0/12 MB | 425/466 kB
Progress (3): 1.0/2.1 MB | 1.0/12 MB | 425/466 kB
Progress (3): 1.0/2.1 MB | 1.0/12 MB | 425/466 kB
Progress (3): 1.0/2.1 MB | 1.1/12 MB | 425/466 kB
Progress (3): 1.0/2.1 MB | 1.1/12 MB | 425/466 kB
Progress (3): 1.0/2.1 MB | 1.1/12 MB | 425/466 kB
Progress (3): 1.1/2.1 MB | 1.1/12 MB | 425/466 kB
Progress (3): 1.1/2.1 MB | 1.1/12 MB | 425/466 kB
Progress (3): 1.1/2.1 MB | 1.1/12 MB | 429/466 kB
Progress (3): 1.1/2.1 MB | 1.1/12 MB | 433/466 kB
Progress (3): 1.1/2.1 MB | 1.1/12 MB | 437/466 kB
Progress (3): 1.1/2.1 MB | 1.1/12 MB | 441/466 kB
Progress (3): 1.1/2.1 MB | 1.1/12 MB | 446/466 kB
Progress (3): 1.1/2.1 MB | 1.1/12 MB | 450/466 kB
Progress (3): 1.1/2.1 MB | 1.1/12 MB | 454/466 kB
Progress (3): 1.1/2.1 MB | 1.1/12 MB | 458/466 kB
Progress (3): 1.1/2.1 MB | 1.1/12 MB | 462/466 kB
Progress (3): 1.1/2.1 MB | 1.1/12 MB | 466 kB    
Progress (3): 1.1/2.1 MB | 1.1/12 MB | 466 kB
Progress (3): 1.1/2.1 MB | 1.1/12 MB | 466 kB
Progress (4): 1.1/2.1 MB | 1.1/12 MB | 466 kB | 4.1/59 kB
Progress (4): 1.1/2.1 MB | 1.1/12 MB | 466 kB | 7.5/59 kB
Progress (4): 1.1/2.1 MB | 1.1/12 MB | 466 kB | 12/59 kB 
Progress (4): 1.1/2.1 MB | 1.1/12 MB | 466 kB | 16/59 kB
Progress (4): 1.1/2.1 MB | 1.1/12 MB | 466 kB | 20/59 kB
Progress (4): 1.1/2.1 MB | 1.1/12 MB | 466 kB | 24/59 kB
Progress (4): 1.1/2.1 MB | 1.1/12 MB | 466 kB | 28/59 kB
Progress (4): 1.1/2.1 MB | 1.1/12 MB | 466 kB | 32/59 kB
Progress (4): 1.1/2.1 MB | 1.1/12 MB | 466 kB | 36/59 kB
Progress (4): 1.1/2.1 MB | 1.1/12 MB | 466 kB | 40/59 kB
Progress (4): 1.1/2.1 MB | 1.1/12 MB | 466 kB | 44/59 kB
Progress (4): 1.1/2.1 MB | 1.1/12 MB | 466 kB | 48/59 kB
Progress (4): 1.1/2.1 MB | 1.1/12 MB | 466 kB | 53/59 kB
Progress (4): 1.1/2.1 MB | 1.1/12 MB | 466 kB | 57/59 kB
Progress (4): 1.1/2.1 MB | 1.1/12 MB | 466 kB | 59 kB   
Progress (4): 1.1/2.1 MB | 1.1/12 MB | 466 kB | 59 kB
Progress (4): 1.1/2.1 MB | 1.1/12 MB | 466 kB | 59 kB
Progress (4): 1.2/2.1 MB | 1.1/12 MB | 466 kB | 59 kB
Progress (4): 1.2/2.1 MB | 1.2/12 MB | 466 kB | 59 kB
Progress (4): 1.2/2.1 MB | 1.2/12 MB | 466 kB | 59 kB
Progress (5): 1.2/2.1 MB | 1.2/12 MB | 466 kB | 59 kB | 4.1/68 kB
Progress (5): 1.2/2.1 MB | 1.2/12 MB | 466 kB | 59 kB | 7.7/68 kB
Progress (5): 1.2/2.1 MB | 1.2/12 MB | 466 kB | 59 kB | 12/68 kB 
Progress (5): 1.2/2.1 MB | 1.2/12 MB | 466 kB | 59 kB | 16/68 kB
Progress (5): 1.2/2.1 MB | 1.2/12 MB | 466 kB | 59 kB | 20/68 kB
Progress (5): 1.2/2.1 MB | 1.2/12 MB | 466 kB | 59 kB | 24/68 kB
Progress (5): 1.2/2.1 MB | 1.2/12 MB | 466 kB | 59 kB | 28/68 kB
Progress (5): 1.2/2.1 MB | 1.2/12 MB | 466 kB | 59 kB | 32/68 kB
Progress (5): 1.2/2.1 MB | 1.2/12 MB | 466 kB | 59 kB | 36/68 kB
Progress (5): 1.2/2.1 MB | 1.2/12 MB | 466 kB | 59 kB | 40/68 kB
Progress (5): 1.2/2.1 MB | 1.2/12 MB | 466 kB | 59 kB | 45/68 kB
Progress (5): 1.2/2.1 MB | 1.2/12 MB | 466 kB | 59 kB | 49/68 kB
Progress (5): 1.2/2.1 MB | 1.2/12 MB | 466 kB | 59 kB | 53/68 kB
Progress (5): 1.2/2.1 MB | 1.2/12 MB | 466 kB | 59 kB | 57/68 kB
Progress (5): 1.2/2.1 MB | 1.2/12 MB | 466 kB | 59 kB | 61/68 kB
Progress (5): 1.2/2.1 MB | 1.2/12 MB | 466 kB | 59 kB | 65/68 kB
Progress (5): 1.2/2.1 MB | 1.2/12 MB | 466 kB | 59 kB | 68 kB   
Progress (5): 1.2/2.1 MB | 1.2/12 MB | 466 kB | 59 kB | 68 kB
Progress (5): 1.2/2.1 MB | 1.3/12 MB | 466 kB | 59 kB | 68 kB
Progress (5): 1.2/2.1 MB | 1.3/12 MB | 466 kB | 59 kB | 68 kB
Progress (5): 1.2/2.1 MB | 1.3/12 MB | 466 kB | 59 kB | 68 kB
Progress (5): 1.2/2.1 MB | 1.3/12 MB | 466 kB | 59 kB | 68 kB
Progress (5): 1.2/2.1 MB | 1.3/12 MB | 466 kB | 59 kB | 68 kB
Progress (5): 1.3/2.1 MB | 1.3/12 MB | 466 kB | 59 kB | 68 kB
Progress (5): 1.3/2.1 MB | 1.3/12 MB | 466 kB | 59 kB | 68 kB
Progress (5): 1.3/2.1 MB | 1.3/12 MB | 466 kB | 59 kB | 68 kB
Progress (5): 1.3/2.1 MB | 1.3/12 MB | 466 kB | 59 kB | 68 kB
Progress (5): 1.3/2.1 MB | 1.3/12 MB | 466 kB | 59 kB | 68 kB
Progress (5): 1.3/2.1 MB | 1.3/12 MB | 466 kB | 59 kB | 68 kB
Progress (5): 1.3/2.1 MB | 1.3/12 MB | 466 kB | 59 kB | 68 kB
Progress (5): 1.4/2.1 MB | 1.3/12 MB | 466 kB | 59 kB | 68 kB
Progress (5): 1.4/2.1 MB | 1.3/12 MB | 466 kB | 59 kB | 68 kB
                                                             
Downloaded from central: https://repo.maven.apache.org/maven2/org/springframework/spring-jdbc/6.1.4/spring-jdbc-6.1.4.jar (466 kB at 313 kB/s)
Downloading from central: https://repo.maven.apache.org/maven2/io/smallrye/jandex/3.1.2/jandex-3.1.2.jar
Progress (4): 1.4/2.1 MB | 1.3/12 MB | 59 kB | 68 kB
Progress (4): 1.4/2.1 MB | 1.3/12 MB | 59 kB | 68 kB
Progress (4): 1.4/2.1 MB | 1.3/12 MB | 59 kB | 68 kB
Progress (4): 1.4/2.1 MB | 1.3/12 MB | 59 kB | 68 kB
Progress (4): 1.4/2.1 MB | 1.3/12 MB | 59 kB | 68 kB
Progress (4): 1.4/2.1 MB | 1.4/12 MB | 59 kB | 68 kB
                                                    
Downloaded from central: https://repo.maven.apache.org/maven2/org/jboss/logging/jboss-logging/3.5.3.Final/jboss-logging-3.5.3.Final.jar (59 kB at 39 kB/s)
Downloading from central: https://repo.maven.apache.org/maven2/com/fasterxml/classmate/1.6.0/classmate-1.6.0.jar
Progress (3): 1.4/2.1 MB | 1.4/12 MB | 68 kB
Progress (3): 1.4/2.1 MB | 1.5/12 MB | 68 kB
Progress (3): 1.5/2.1 MB | 1.5/12 MB | 68 kB
Progress (3): 1.5/2.1 MB | 1.5/12 MB | 68 kB
Progress (3): 1.5/2.1 MB | 1.5/12 MB | 68 kB
                                            
Downloaded from central: https://repo.maven.apache.org/maven2/org/hibernate/common/hibernate-commons-annotations/6.0.6.Final/hibernate-commons-annotations-6.0.6.Final.jar (68 kB at 42 kB/s)
Downloading from central: https://repo.maven.apache.org/maven2/net/bytebuddy/byte-buddy/1.14.12/byte-buddy-1.14.12.jar
Progress (2): 1.5/2.1 MB | 1.5/12 MB
Progress (2): 1.5/2.1 MB | 1.5/12 MB
Progress (2): 1.5/2.1 MB | 1.5/12 MB
Progress (2): 1.5/2.1 MB | 1.6/12 MB
Progress (2): 1.6/2.1 MB | 1.6/12 MB
Progress (2): 1.6/2.1 MB | 1.6/12 MB
Progress (2): 1.6/2.1 MB | 1.6/12 MB
Progress (2): 1.6/2.1 MB | 1.6/12 MB
Progress (2): 1.6/2.1 MB | 1.6/12 MB
Progress (2): 1.6/2.1 MB | 1.6/12 MB
Progress (2): 1.7/2.1 MB | 1.6/12 MB
Progress (2): 1.7/2.1 MB | 1.6/12 MB
Progress (2): 1.7/2.1 MB | 1.6/12 MB
Progress (2): 1.7/2.1 MB | 1.6/12 MB
Progress (3): 1.7/2.1 MB | 1.6/12 MB | 4.1/327 kB
Progress (3): 1.7/2.1 MB | 1.6/12 MB | 7.7/327 kB
Progress (3): 1.7/2.1 MB | 1.6/12 MB | 12/327 kB 
Progress (3): 1.7/2.1 MB | 1.6/12 MB | 16/327 kB
Progress (3): 1.7/2.1 MB | 1.6/12 MB | 20/327 kB
Progress (3): 1.7/2.1 MB | 1.6/12 MB | 24/327 kB
Progress (3): 1.7/2.1 MB | 1.6/12 MB | 28/327 kB
Progress (3): 1.7/2.1 MB | 1.6/12 MB | 32/327 kB
Progress (3): 1.7/2.1 MB | 1.6/12 MB | 36/327 kB
Progress (3): 1.7/2.1 MB | 1.6/12 MB | 40/327 kB
Progress (3): 1.7/2.1 MB | 1.6/12 MB | 44/327 kB
Progress (3): 1.7/2.1 MB | 1.6/12 MB | 48/327 kB
Progress (3): 1.7/2.1 MB | 1.6/12 MB | 53/327 kB
Progress (3): 1.7/2.1 MB | 1.6/12 MB | 57/327 kB
Progress (3): 1.7/2.1 MB | 1.6/12 MB | 61/327 kB
Progress (3): 1.7/2.1 MB | 1.6/12 MB | 65/327 kB
Progress (3): 1.7/2.1 MB | 1.6/12 MB | 69/327 kB
Progress (3): 1.7/2.1 MB | 1.6/12 MB | 73/327 kB
Progress (3): 1.7/2.1 MB | 1.6/12 MB | 77/327 kB
Progress (3): 1.7/2.1 MB | 1.6/12 MB | 81/327 kB
Progress (3): 1.7/2.1 MB | 1.6/12 MB | 85/327 kB
Progress (3): 1.7/2.1 MB | 1.6/12 MB | 89/327 kB
Progress (3): 1.7/2.1 MB | 1.6/12 MB | 93/327 kB
Progress (3): 1.7/2.1 MB | 1.6/12 MB | 98/327 kB
Progress (3): 1.7/2.1 MB | 1.6/12 MB | 102/327 kB
Progress (3): 1.7/2.1 MB | 1.6/12 MB | 106/327 kB
Progress (3): 1.7/2.1 MB | 1.6/12 MB | 110/327 kB
Progress (3): 1.7/2.1 MB | 1.6/12 MB | 114/327 kB
Progress (3): 1.7/2.1 MB | 1.6/12 MB | 114/327 kB
Progress (3): 1.7/2.1 MB | 1.7/12 MB | 114/327 kB
Progress (3): 1.7/2.1 MB | 1.7/12 MB | 114/327 kB
Progress (4): 1.7/2.1 MB | 1.7/12 MB | 114/327 kB | 4.1/69 kB
Progress (4): 1.7/2.1 MB | 1.7/12 MB | 114/327 kB | 7.7/69 kB
Progress (4): 1.7/2.1 MB | 1.7/12 MB | 114/327 kB | 12/69 kB 
Progress (4): 1.7/2.1 MB | 1.7/12 MB | 114/327 kB | 16/69 kB
Progress (4): 1.7/2.1 MB | 1.7/12 MB | 114/327 kB | 20/69 kB
Progress (4): 1.7/2.1 MB | 1.7/12 MB | 114/327 kB | 24/69 kB
Progress (4): 1.7/2.1 MB | 1.7/12 MB | 118/327 kB | 24/69 kB
Progress (4): 1.7/2.1 MB | 1.7/12 MB | 122/327 kB | 24/69 kB
Progress (4): 1.7/2.1 MB | 1.7/12 MB | 126/327 kB | 24/69 kB
Progress (4): 1.7/2.1 MB | 1.7/12 MB | 130/327 kB | 24/69 kB
Progress (4): 1.7/2.1 MB | 1.7/12 MB | 130/327 kB | 28/69 kB
Progress (4): 1.7/2.1 MB | 1.7/12 MB | 130/327 kB | 32/69 kB
Progress (4): 1.7/2.1 MB | 1.7/12 MB | 130/327 kB | 36/69 kB
Progress (4): 1.7/2.1 MB | 1.7/12 MB | 130/327 kB | 40/69 kB
Progress (4): 1.7/2.1 MB | 1.7/12 MB | 130/327 kB | 45/69 kB
Progress (4): 1.7/2.1 MB | 1.7/12 MB | 130/327 kB | 49/69 kB
Progress (4): 1.7/2.1 MB | 1.7/12 MB | 130/327 kB | 53/69 kB
Progress (4): 1.7/2.1 MB | 1.7/12 MB | 130/327 kB | 57/69 kB
Progress (4): 1.7/2.1 MB | 1.7/12 MB | 130/327 kB | 57/69 kB
Progress (4): 1.7/2.1 MB | 1.7/12 MB | 130/327 kB | 57/69 kB
Progress (4): 1.8/2.1 MB | 1.7/12 MB | 130/327 kB | 57/69 kB
Progress (4): 1.8/2.1 MB | 1.7/12 MB | 130/327 kB | 57/69 kB
Progress (4): 1.8/2.1 MB | 1.7/12 MB | 130/327 kB | 57/69 kB
Progress (4): 1.8/2.1 MB | 1.7/12 MB | 130/327 kB | 57/69 kB
Progress (4): 1.8/2.1 MB | 1.8/12 MB | 130/327 kB | 57/69 kB
Progress (4): 1.8/2.1 MB | 1.8/12 MB | 130/327 kB | 57/69 kB
Progress (4): 1.8/2.1 MB | 1.8/12 MB | 130/327 kB | 57/69 kB
Progress (4): 1.9/2.1 MB | 1.8/12 MB | 130/327 kB | 57/69 kB
Progress (4): 1.9/2.1 MB | 1.8/12 MB | 130/327 kB | 57/69 kB
Progress (4): 1.9/2.1 MB | 1.8/12 MB | 130/327 kB | 57/69 kB
Progress (4): 1.9/2.1 MB | 1.8/12 MB | 130/327 kB | 57/69 kB
Progress (4): 1.9/2.1 MB | 1.8/12 MB | 130/327 kB | 57/69 kB
Progress (5): 1.9/2.1 MB | 1.8/12 MB | 130/327 kB | 57/69 kB | 0/4.2 MB
Progress (5): 1.9/2.1 MB | 1.8/12 MB | 130/327 kB | 57/69 kB | 0/4.2 MB
Progress (5): 1.9/2.1 MB | 1.8/12 MB | 130/327 kB | 61/69 kB | 0/4.2 MB
Progress (5): 1.9/2.1 MB | 1.8/12 MB | 130/327 kB | 65/69 kB | 0/4.2 MB
Progress (5): 1.9/2.1 MB | 1.8/12 MB | 130/327 kB | 69 kB | 0/4.2 MB   
Progress (5): 1.9/2.1 MB | 1.8/12 MB | 130/327 kB | 69 kB | 0.1/4.2 MB
Progress (5): 1.9/2.1 MB | 1.8/12 MB | 130/327 kB | 69 kB | 0.1/4.2 MB
Progress (5): 1.9/2.1 MB | 1.8/12 MB | 130/327 kB | 69 kB | 0.1/4.2 MB
Progress (5): 1.9/2.1 MB | 1.8/12 MB | 130/327 kB | 69 kB | 0.1/4.2 MB
Progress (5): 1.9/2.1 MB | 1.8/12 MB | 134/327 kB | 69 kB | 0.1/4.2 MB
Progress (5): 1.9/2.1 MB | 1.8/12 MB | 139/327 kB | 69 kB | 0.1/4.2 MB
Progress (5): 1.9/2.1 MB | 1.8/12 MB | 143/327 kB | 69 kB | 0.1/4.2 MB
Progress (5): 1.9/2.1 MB | 1.8/12 MB | 147/327 kB | 69 kB | 0.1/4.2 MB
Progress (5): 1.9/2.1 MB | 1.8/12 MB | 147/327 kB | 69 kB | 0.1/4.2 MB
Progress (5): 2.0/2.1 MB | 1.8/12 MB | 147/327 kB | 69 kB | 0.1/4.2 MB
Progress (5): 2.0/2.1 MB | 1.8/12 MB | 147/327 kB | 69 kB | 0.1/4.2 MB
Progress (5): 2.0/2.1 MB | 1.8/12 MB | 147/327 kB | 69 kB | 0.1/4.2 MB
Progress (5): 2.0/2.1 MB | 1.8/12 MB | 147/327 kB | 69 kB | 0.1/4.2 MB
Progress (5): 2.0/2.1 MB | 1.8/12 MB | 147/327 kB | 69 kB | 0.1/4.2 MB
Progress (5): 2.0/2.1 MB | 1.8/12 MB | 151/327 kB | 69 kB | 0.1/4.2 MB
Progress (5): 2.0/2.1 MB | 1.8/12 MB | 155/327 kB | 69 kB | 0.1/4.2 MB
Progress (5): 2.0/2.1 MB | 1.8/12 MB | 159/327 kB | 69 kB | 0.1/4.2 MB
Progress (5): 2.0/2.1 MB | 1.8/12 MB | 163/327 kB | 69 kB | 0.1/4.2 MB
Progress (5): 2.0/2.1 MB | 1.8/12 MB | 167/327 kB | 69 kB | 0.1/4.2 MB
Progress (5): 2.0/2.1 MB | 1.8/12 MB | 171/327 kB | 69 kB | 0.1/4.2 MB
Progress (5): 2.0/2.1 MB | 1.8/12 MB | 175/327 kB | 69 kB | 0.1/4.2 MB
Progress (5): 2.0/2.1 MB | 1.8/12 MB | 179/327 kB | 69 kB | 0.1/4.2 MB
Progress (5): 2.0/2.1 MB | 1.8/12 MB | 184/327 kB | 69 kB | 0.1/4.2 MB
Progress (5): 2.0/2.1 MB | 1.8/12 MB | 188/327 kB | 69 kB | 0.1/4.2 MB
Progress (5): 2.0/2.1 MB | 1.8/12 MB | 192/327 kB | 69 kB | 0.1/4.2 MB
Progress (5): 2.0/2.1 MB | 1.8/12 MB | 196/327 kB | 69 kB | 0.1/4.2 MB
Progress (5): 2.0/2.1 MB | 1.8/12 MB | 200/327 kB | 69 kB | 0.1/4.2 MB
Progress (5): 2.0/2.1 MB | 1.8/12 MB | 204/327 kB | 69 kB | 0.1/4.2 MB
Progress (5): 2.0/2.1 MB | 1.8/12 MB | 208/327 kB | 69 kB | 0.1/4.2 MB
Progress (5): 2.0/2.1 MB | 1.8/12 MB | 212/327 kB | 69 kB | 0.1/4.2 MB
Progress (5): 2.0/2.1 MB | 1.8/12 MB | 216/327 kB | 69 kB | 0.1/4.2 MB
Progress (5): 2.0/2.1 MB | 1.8/12 MB | 220/327 kB | 69 kB | 0.1/4.2 MB
Progress (5): 2.0/2.1 MB | 1.8/12 MB | 225/327 kB | 69 kB | 0.1/4.2 MB
Progress (5): 2.0/2.1 MB | 1.8/12 MB | 229/327 kB | 69 kB | 0.1/4.2 MB
Progress (5): 2.0/2.1 MB | 1.8/12 MB | 233/327 kB | 69 kB | 0.1/4.2 MB
Progress (5): 2.0/2.1 MB | 1.8/12 MB | 237/327 kB | 69 kB | 0.1/4.2 MB
Progress (5): 2.0/2.1 MB | 1.8/12 MB | 241/327 kB | 69 kB | 0.1/4.2 MB
Progress (5): 2.0/2.1 MB | 1.8/12 MB | 245/327 kB | 69 kB | 0.1/4.2 MB
Progress (5): 2.0/2.1 MB | 1.8/12 MB | 249/327 kB | 69 kB | 0.1/4.2 MB
Progress (5): 2.0/2.1 MB | 1.8/12 MB | 253/327 kB | 69 kB | 0.1/4.2 MB
Progress (5): 2.0/2.1 MB | 1.8/12 MB | 257/327 kB | 69 kB | 0.1/4.2 MB
Progress (5): 2.0/2.1 MB | 1.8/12 MB | 261/327 kB | 69 kB | 0.1/4.2 MB
Progress (5): 2.0/2.1 MB | 1.8/12 MB | 266/327 kB | 69 kB | 0.1/4.2 MB
Progress (5): 2.0/2.1 MB | 1.8/12 MB | 270/327 kB | 69 kB | 0.1/4.2 MB
Progress (5): 2.0/2.1 MB | 1.8/12 MB | 274/327 kB | 69 kB | 0.1/4.2 MB
Progress (5): 2.0/2.1 MB | 1.8/12 MB | 278/327 kB | 69 kB | 0.1/4.2 MB
Progress (5): 2.0/2.1 MB | 1.8/12 MB | 278/327 kB | 69 kB | 0.1/4.2 MB
Progress (5): 2.0/2.1 MB | 1.9/12 MB | 278/327 kB | 69 kB | 0.1/4.2 MB
Progress (5): 2.0/2.1 MB | 2.0/12 MB | 278/327 kB | 69 kB | 0.1/4.2 MB
Progress (5): 2.0/2.1 MB | 2.0/12 MB | 278/327 kB | 69 kB | 0.1/4.2 MB
Progress (5): 2.1/2.1 MB | 2.0/12 MB | 278/327 kB | 69 kB | 0.1/4.2 MB
Progress (5): 2.1/2.1 MB | 2.0/12 MB | 278/327 kB | 69 kB | 0.1/4.2 MB
Progress (5): 2.1/2.1 MB | 2.0/12 MB | 278/327 kB | 69 kB | 0.1/4.2 MB
Progress (5): 2.1 MB | 2.0/12 MB | 278/327 kB | 69 kB | 0.1/4.2 MB    
Progress (5): 2.1 MB | 2.0/12 MB | 278/327 kB | 69 kB | 0.1/4.2 MB
Progress (5): 2.1 MB | 2.0/12 MB | 278/327 kB | 69 kB | 0.2/4.2 MB
Progress (5): 2.1 MB | 2.0/12 MB | 278/327 kB | 69 kB | 0.2/4.2 MB
Progress (5): 2.1 MB | 2.0/12 MB | 278/327 kB | 69 kB | 0.2/4.2 MB
Progress (5): 2.1 MB | 2.0/12 MB | 278/327 kB | 69 kB | 0.2/4.2 MB
Progress (5): 2.1 MB | 2.0/12 MB | 278/327 kB | 69 kB | 0.3/4.2 MB
Progress (5): 2.1 MB | 2.0/12 MB | 278/327 kB | 69 kB | 0.3/4.2 MB
Progress (5): 2.1 MB | 2.0/12 MB | 278/327 kB | 69 kB | 0.3/4.2 MB
Progress (5): 2.1 MB | 2.0/12 MB | 278/327 kB | 69 kB | 0.3/4.2 MB
Progress (5): 2.1 MB | 2.0/12 MB | 278/327 kB | 69 kB | 0.4/4.2 MB
                                                                  
Downloaded from central: https://repo.maven.apache.org/maven2/com/fasterxml/classmate/1.6.0/classmate-1.6.0.jar (69 kB at 32 kB/s)
Progress (4): 2.1 MB | 2.0/12 MB | 282/327 kB | 0.4/4.2 MB
                                                          
Downloading from central: https://repo.maven.apache.org/maven2/jakarta/xml/bind/jakarta.xml.bind-api/4.0.1/jakarta.xml.bind-api-4.0.1.jar
Progress (4): 2.1 MB | 2.0/12 MB | 286/327 kB | 0.4/4.2 MB
Progress (4): 2.1 MB | 2.0/12 MB | 290/327 kB | 0.4/4.2 MB
Progress (4): 2.1 MB | 2.0/12 MB | 294/327 kB | 0.4/4.2 MB
Progress (4): 2.1 MB | 2.0/12 MB | 298/327 kB | 0.4/4.2 MB
Progress (4): 2.1 MB | 2.0/12 MB | 302/327 kB | 0.4/4.2 MB
Progress (4): 2.1 MB | 2.0/12 MB | 306/327 kB | 0.4/4.2 MB
Progress (4): 2.1 MB | 2.0/12 MB | 311/327 kB | 0.4/4.2 MB
Progress (4): 2.1 MB | 2.0/12 MB | 311/327 kB | 0.4/4.2 MB
Progress (4): 2.1 MB | 2.0/12 MB | 315/327 kB | 0.4/4.2 MB
Progress (4): 2.1 MB | 2.0/12 MB | 315/327 kB | 0.4/4.2 MB
Progress (4): 2.1 MB | 2.0/12 MB | 319/327 kB | 0.4/4.2 MB
Progress (4): 2.1 MB | 2.0/12 MB | 323/327 kB | 0.4/4.2 MB
Progress (4): 2.1 MB | 2.0/12 MB | 327/327 kB | 0.4/4.2 MB
Progress (4): 2.1 MB | 2.0/12 MB | 327 kB | 0.4/4.2 MB    
                                                      
Downloaded from central: https://repo.maven.apache.org/maven2/org/aspectj/aspectjweaver/1.9.21/aspectjweaver-1.9.21.jar (2.1 MB at 860 kB/s)
Downloading from central: https://repo.maven.apache.org/maven2/jakarta/activation/jakarta.activation-api/2.1.2/jakarta.activation-api-2.1.2.jar
Progress (4): 2.0/12 MB | 327 kB | 0.4/4.2 MB | 4.1/130 kB
Progress (4): 2.0/12 MB | 327 kB | 0.4/4.2 MB | 7.7/130 kB
Progress (4): 2.0/12 MB | 327 kB | 0.4/4.2 MB | 12/130 kB 
Progress (4): 2.1/12 MB | 327 kB | 0.4/4.2 MB | 12/130 kB
Progress (4): 2.1/12 MB | 327 kB | 0.4/4.2 MB | 12/130 kB
Progress (4): 2.2/12 MB | 327 kB | 0.4/4.2 MB | 12/130 kB
Progress (4): 2.2/12 MB | 327 kB | 0.4/4.2 MB | 12/130 kB
                                                         
Downloaded from central: https://repo.maven.apache.org/maven2/io/smallrye/jandex/3.1.2/jandex-3.1.2.jar (327 kB at 127 kB/s)
Downloading from central: https://repo.maven.apache.org/maven2/org/glassfish/jaxb/jaxb-runtime/4.0.4/jaxb-runtime-4.0.4.jar
Progress (3): 2.2/12 MB | 0.4/4.2 MB | 12/130 kB
Progress (3): 2.2/12 MB | 0.5/4.2 MB | 12/130 kB
Progress (3): 2.2/12 MB | 0.5/4.2 MB | 12/130 kB
Progress (3): 2.2/12 MB | 0.5/4.2 MB | 12/130 kB
Progress (3): 2.2/12 MB | 0.5/4.2 MB | 12/130 kB
Progress (3): 2.2/12 MB | 0.6/4.2 MB | 12/130 kB
Progress (3): 2.2/12 MB | 0.6/4.2 MB | 12/130 kB
Progress (3): 2.2/12 MB | 0.6/4.2 MB | 12/130 kB
Progress (3): 2.2/12 MB | 0.6/4.2 MB | 12/130 kB
Progress (3): 2.2/12 MB | 0.7/4.2 MB | 12/130 kB
Progress (3): 2.2/12 MB | 0.7/4.2 MB | 12/130 kB
Progress (4): 2.2/12 MB | 0.7/4.2 MB | 12/130 kB | 4.1/66 kB
Progress (4): 2.2/12 MB | 0.7/4.2 MB | 12/130 kB | 7.7/66 kB
Progress (4): 2.2/12 MB | 0.7/4.2 MB | 12/130 kB | 12/66 kB 
Progress (4): 2.2/12 MB | 0.7/4.2 MB | 12/130 kB | 16/66 kB
Progress (4): 2.2/12 MB | 0.7/4.2 MB | 12/130 kB | 20/66 kB
Progress (4): 2.2/12 MB | 0.7/4.2 MB | 12/130 kB | 24/66 kB
Progress (4): 2.2/12 MB | 0.7/4.2 MB | 12/130 kB | 28/66 kB
Progress (4): 2.2/12 MB | 0.7/4.2 MB | 12/130 kB | 32/66 kB
Progress (4): 2.2/12 MB | 0.7/4.2 MB | 12/130 kB | 36/66 kB
Progress (4): 2.2/12 MB | 0.7/4.2 MB | 12/130 kB | 40/66 kB
Progress (4): 2.2/12 MB | 0.7/4.2 MB | 12/130 kB | 45/66 kB
Progress (4): 2.2/12 MB | 0.7/4.2 MB | 12/130 kB | 49/66 kB
Progress (4): 2.2/12 MB | 0.7/4.2 MB | 12/130 kB | 53/66 kB
Progress (4): 2.2/12 MB | 0.7/4.2 MB | 12/130 kB | 57/66 kB
Progress (4): 2.2/12 MB | 0.7/4.2 MB | 12/130 kB | 61/66 kB
Progress (4): 2.2/12 MB | 0.7/4.2 MB | 12/130 kB | 65/66 kB
Progress (4): 2.2/12 MB | 0.7/4.2 MB | 12/130 kB | 66 kB   
Progress (4): 2.2/12 MB | 0.7/4.2 MB | 12/130 kB | 66 kB
Progress (4): 2.3/12 MB | 0.7/4.2 MB | 12/130 kB | 66 kB
Progress (4): 2.3/12 MB | 0.7/4.2 MB | 12/130 kB | 66 kB
Progress (4): 2.3/12 MB | 0.8/4.2 MB | 12/130 kB | 66 kB
Progress (4): 2.3/12 MB | 0.8/4.2 MB | 12/130 kB | 66 kB
Progress (4): 2.3/12 MB | 0.8/4.2 MB | 12/130 kB | 66 kB
Progress (4): 2.3/12 MB | 0.8/4.2 MB | 12/130 kB | 66 kB
Progress (4): 2.4/12 MB | 0.8/4.2 MB | 12/130 kB | 66 kB
Progress (4): 2.4/12 MB | 0.9/4.2 MB | 12/130 kB | 66 kB
Progress (4): 2.4/12 MB | 0.9/4.2 MB | 12/130 kB | 66 kB
Progress (4): 2.4/12 MB | 0.9/4.2 MB | 12/130 kB | 66 kB
Progress (4): 2.4/12 MB | 0.9/4.2 MB | 12/130 kB | 66 kB
Progress (4): 2.4/12 MB | 0.9/4.2 MB | 12/130 kB | 66 kB
Progress (4): 2.5/12 MB | 0.9/4.2 MB | 12/130 kB | 66 kB
Progress (4): 2.5/12 MB | 1.0/4.2 MB | 12/130 kB | 66 kB
Progress (4): 2.5/12 MB | 1.0/4.2 MB | 12/130 kB | 66 kB
Progress (4): 2.5/12 MB | 1.0/4.2 MB | 12/130 kB | 66 kB
Progress (5): 2.5/12 MB | 1.0/4.2 MB | 12/130 kB | 66 kB | 7.7/920 kB
Progress (5): 2.5/12 MB | 1.0/4.2 MB | 12/130 kB | 66 kB | 12/920 kB 
Progress (5): 2.5/12 MB | 1.0/4.2 MB | 12/130 kB | 66 kB | 20/920 kB
Progress (5): 2.5/12 MB | 1.0/4.2 MB | 12/130 kB | 66 kB | 29/920 kB
Progress (5): 2.5/12 MB | 1.0/4.2 MB | 12/130 kB | 66 kB | 37/920 kB
Progress (5): 2.5/12 MB | 1.0/4.2 MB | 12/130 kB | 66 kB | 45/920 kB
Progress (5): 2.5/12 MB | 1.0/4.2 MB | 12/130 kB | 66 kB | 45/920 kB
Progress (5): 2.5/12 MB | 1.0/4.2 MB | 12/130 kB | 66 kB | 53/920 kB
Progress (5): 2.5/12 MB | 1.0/4.2 MB | 12/130 kB | 66 kB | 61/920 kB
Progress (5): 2.5/12 MB | 1.0/4.2 MB | 12/130 kB | 66 kB | 61/920 kB
Progress (5): 2.5/12 MB | 1.0/4.2 MB | 12/130 kB | 66 kB | 61/920 kB
Progress (5): 2.6/12 MB | 1.0/4.2 MB | 12/130 kB | 66 kB | 61/920 kB
                                                                    
Downloaded from central: https://repo.maven.apache.org/maven2/jakarta/activation/jakarta.activation-api/2.1.2/jakarta.activation-api-2.1.2.jar (66 kB at 23 kB/s)
Downloading from central: https://repo.maven.apache.org/maven2/org/glassfish/jaxb/jaxb-core/4.0.4/jaxb-core-4.0.4.jar
Progress (4): 2.6/12 MB | 1.0/4.2 MB | 12/130 kB | 61/920 kB
Progress (4): 2.7/12 MB | 1.0/4.2 MB | 12/130 kB | 61/920 kB
Progress (4): 2.7/12 MB | 1.0/4.2 MB | 12/130 kB | 70/920 kB
Progress (4): 2.7/12 MB | 1.0/4.2 MB | 12/130 kB | 78/920 kB
Progress (4): 2.7/12 MB | 1.0/4.2 MB | 12/130 kB | 86/920 kB
Progress (4): 2.7/12 MB | 1.0/4.2 MB | 12/130 kB | 94/920 kB
Progress (4): 2.7/12 MB | 1.1/4.2 MB | 12/130 kB | 94/920 kB
Progress (4): 2.8/12 MB | 1.1/4.2 MB | 12/130 kB | 94/920 kB
Progress (4): 2.8/12 MB | 1.1/4.2 MB | 12/130 kB | 94/920 kB
Progress (4): 2.8/12 MB | 1.1/4.2 MB | 12/130 kB | 102/920 kB
Progress (4): 2.8/12 MB | 1.1/4.2 MB | 12/130 kB | 111/920 kB
Progress (4): 2.9/12 MB | 1.1/4.2 MB | 12/130 kB | 111/920 kB
Progress (4): 2.9/12 MB | 1.1/4.2 MB | 12/130 kB | 111/920 kB
Progress (4): 2.9/12 MB | 1.1/4.2 MB | 12/130 kB | 119/920 kB
Progress (4): 2.9/12 MB | 1.1/4.2 MB | 12/130 kB | 127/920 kB
Progress (4): 2.9/12 MB | 1.1/4.2 MB | 12/130 kB | 127/920 kB
Progress (4): 2.9/12 MB | 1.1/4.2 MB | 12/130 kB | 135/920 kB
Progress (4): 2.9/12 MB | 1.1/4.2 MB | 12/130 kB | 143/920 kB
Progress (4): 2.9/12 MB | 1.1/4.2 MB | 12/130 kB | 152/920 kB
Progress (4): 2.9/12 MB | 1.1/4.2 MB | 12/130 kB | 160/920 kB
Progress (4): 2.9/12 MB | 1.1/4.2 MB | 12/130 kB | 168/920 kB
Progress (4): 2.9/12 MB | 1.1/4.2 MB | 12/130 kB | 176/920 kB
Progress (4): 2.9/12 MB | 1.1/4.2 MB | 12/130 kB | 184/920 kB
Progress (4): 2.9/12 MB | 1.1/4.2 MB | 12/130 kB | 193/920 kB
Progress (4): 2.9/12 MB | 1.1/4.2 MB | 12/130 kB | 201/920 kB
Progress (4): 2.9/12 MB | 1.1/4.2 MB | 12/130 kB | 209/920 kB
Progress (4): 2.9/12 MB | 1.1/4.2 MB | 12/130 kB | 209/920 kB
Progress (4): 2.9/12 MB | 1.1/4.2 MB | 16/130 kB | 209/920 kB
Progress (4): 2.9/12 MB | 1.1/4.2 MB | 20/130 kB | 209/920 kB
Progress (4): 2.9/12 MB | 1.1/4.2 MB | 24/130 kB | 209/920 kB
Progress (4): 2.9/12 MB | 1.1/4.2 MB | 28/130 kB | 209/920 kB
Progress (4): 2.9/12 MB | 1.1/4.2 MB | 32/130 kB | 209/920 kB
Progress (4): 2.9/12 MB | 1.1/4.2 MB | 36/130 kB | 209/920 kB
Progress (4): 2.9/12 MB | 1.1/4.2 MB | 40/130 kB | 209/920 kB
Progress (4): 2.9/12 MB | 1.1/4.2 MB | 44/130 kB | 209/920 kB
Progress (4): 2.9/12 MB | 1.1/4.2 MB | 44/130 kB | 217/920 kB
Progress (4): 2.9/12 MB | 1.1/4.2 MB | 44/130 kB | 225/920 kB
Progress (4): 2.9/12 MB | 1.1/4.2 MB | 44/130 kB | 225/920 kB
Progress (4): 2.9/12 MB | 1.1/4.2 MB | 44/130 kB | 233/920 kB
Progress (4): 2.9/12 MB | 1.1/4.2 MB | 44/130 kB | 242/920 kB
Progress (4): 3.0/12 MB | 1.1/4.2 MB | 44/130 kB | 242/920 kB
Progress (4): 3.0/12 MB | 1.2/4.2 MB | 44/130 kB | 242/920 kB
Progress (4): 3.0/12 MB | 1.2/4.2 MB | 44/130 kB | 250/920 kB
Progress (4): 3.0/12 MB | 1.2/4.2 MB | 44/130 kB | 258/920 kB
Progress (4): 3.0/12 MB | 1.2/4.2 MB | 44/130 kB | 258/920 kB
Progress (4): 3.1/12 MB | 1.2/4.2 MB | 44/130 kB | 258/920 kB
Progress (4): 3.1/12 MB | 1.2/4.2 MB | 44/130 kB | 266/920 kB
Progress (4): 3.1/12 MB | 1.2/4.2 MB | 44/130 kB | 274/920 kB
Progress (4): 3.1/12 MB | 1.2/4.2 MB | 44/130 kB | 274/920 kB
Progress (4): 3.1/12 MB | 1.2/4.2 MB | 44/130 kB | 274/920 kB
Progress (4): 3.1/12 MB | 1.2/4.2 MB | 44/130 kB | 283/920 kB
Progress (4): 3.1/12 MB | 1.2/4.2 MB | 44/130 kB | 291/920 kB
Progress (4): 3.1/12 MB | 1.2/4.2 MB | 44/130 kB | 299/920 kB
Progress (4): 3.1/12 MB | 1.2/4.2 MB | 44/130 kB | 307/920 kB
Progress (4): 3.1/12 MB | 1.2/4.2 MB | 44/130 kB | 315/920 kB
Progress (4): 3.1/12 MB | 1.2/4.2 MB | 44/130 kB | 324/920 kB
Progress (4): 3.1/12 MB | 1.2/4.2 MB | 44/130 kB | 332/920 kB
Progress (4): 3.1/12 MB | 1.2/4.2 MB | 44/130 kB | 340/920 kB
Progress (4): 3.1/12 MB | 1.2/4.2 MB | 44/130 kB | 348/920 kB
Progress (4): 3.1/12 MB | 1.2/4.2 MB | 44/130 kB | 356/920 kB
Progress (4): 3.1/12 MB | 1.2/4.2 MB | 44/130 kB | 365/920 kB
Progress (4): 3.1/12 MB | 1.2/4.2 MB | 44/130 kB | 373/920 kB
Progress (4): 3.1/12 MB | 1.3/4.2 MB | 44/130 kB | 373/920 kB
Progress (4): 3.1/12 MB | 1.3/4.2 MB | 44/130 kB | 381/920 kB
Progress (4): 3.1/12 MB | 1.3/4.2 MB | 44/130 kB | 389/920 kB
Progress (4): 3.1/12 MB | 1.3/4.2 MB | 44/130 kB | 389/920 kB
Progress (4): 3.1/12 MB | 1.3/4.2 MB | 48/130 kB | 389/920 kB
Progress (4): 3.1/12 MB | 1.3/4.2 MB | 53/130 kB | 389/920 kB
Progress (4): 3.1/12 MB | 1.3/4.2 MB | 57/130 kB | 389/920 kB
Progress (4): 3.1/12 MB | 1.3/4.2 MB | 61/130 kB | 389/920 kB
Progress (4): 3.1/12 MB | 1.3/4.2 MB | 61/130 kB | 389/920 kB
Progress (4): 3.1/12 MB | 1.3/4.2 MB | 61/130 kB | 397/920 kB
Progress (4): 3.1/12 MB | 1.3/4.2 MB | 61/130 kB | 406/920 kB
Progress (4): 3.1/12 MB | 1.3/4.2 MB | 61/130 kB | 414/920 kB
Progress (4): 3.1/12 MB | 1.3/4.2 MB | 61/130 kB | 422/920 kB
Progress (4): 3.1/12 MB | 1.3/4.2 MB | 61/130 kB | 430/920 kB
Progress (4): 3.1/12 MB | 1.3/4.2 MB | 61/130 kB | 438/920 kB
Progress (4): 3.1/12 MB | 1.3/4.2 MB | 61/130 kB | 446/920 kB
Progress (4): 3.1/12 MB | 1.3/4.2 MB | 61/130 kB | 455/920 kB
Progress (4): 3.1/12 MB | 1.3/4.2 MB | 61/130 kB | 459/920 kB
Progress (4): 3.2/12 MB | 1.3/4.2 MB | 61/130 kB | 459/920 kB
Progress (4): 3.2/12 MB | 1.3/4.2 MB | 61/130 kB | 467/920 kB
Progress (4): 3.2/12 MB | 1.3/4.2 MB | 61/130 kB | 475/920 kB
Progress (4): 3.2/12 MB | 1.3/4.2 MB | 61/130 kB | 483/920 kB
Progress (4): 3.2/12 MB | 1.3/4.2 MB | 61/130 kB | 492/920 kB
Progress (4): 3.2/12 MB | 1.3/4.2 MB | 61/130 kB | 500/920 kB
Progress (4): 3.2/12 MB | 1.3/4.2 MB | 61/130 kB | 508/920 kB
Progress (4): 3.2/12 MB | 1.3/4.2 MB | 61/130 kB | 508/920 kB
Progress (4): 3.2/12 MB | 1.3/4.2 MB | 61/130 kB | 508/920 kB
Progress (4): 3.2/12 MB | 1.3/4.2 MB | 61/130 kB | 516/920 kB
Progress (4): 3.2/12 MB | 1.3/4.2 MB | 61/130 kB | 524/920 kB
Progress (4): 3.2/12 MB | 1.3/4.2 MB | 61/130 kB | 532/920 kB
Progress (4): 3.2/12 MB | 1.3/4.2 MB | 61/130 kB | 541/920 kB
Progress (4): 3.2/12 MB | 1.3/4.2 MB | 61/130 kB | 541/920 kB
Progress (4): 3.2/12 MB | 1.3/4.2 MB | 61/130 kB | 549/920 kB
Progress (4): 3.2/12 MB | 1.3/4.2 MB | 61/130 kB | 557/920 kB
Progress (4): 3.2/12 MB | 1.3/4.2 MB | 61/130 kB | 565/920 kB
Progress (4): 3.2/12 MB | 1.3/4.2 MB | 61/130 kB | 573/920 kB
Progress (4): 3.2/12 MB | 1.3/4.2 MB | 65/130 kB | 573/920 kB
Progress (4): 3.2/12 MB | 1.3/4.2 MB | 69/130 kB | 573/920 kB
Progress (4): 3.2/12 MB | 1.3/4.2 MB | 73/130 kB | 573/920 kB
Progress (4): 3.2/12 MB | 1.3/4.2 MB | 77/130 kB | 573/920 kB
Progress (4): 3.2/12 MB | 1.3/4.2 MB | 77/130 kB | 582/920 kB
Progress (4): 3.2/12 MB | 1.3/4.2 MB | 77/130 kB | 590/920 kB
Progress (4): 3.2/12 MB | 1.3/4.2 MB | 77/130 kB | 598/920 kB
Progress (4): 3.2/12 MB | 1.3/4.2 MB | 77/130 kB | 606/920 kB
Progress (4): 3.2/12 MB | 1.3/4.2 MB | 77/130 kB | 614/920 kB
Progress (4): 3.2/12 MB | 1.3/4.2 MB | 77/130 kB | 623/920 kB
Progress (4): 3.2/12 MB | 1.3/4.2 MB | 77/130 kB | 631/920 kB
Progress (4): 3.2/12 MB | 1.3/4.2 MB | 77/130 kB | 639/920 kB
Progress (4): 3.3/12 MB | 1.3/4.2 MB | 77/130 kB | 639/920 kB
Progress (4): 3.3/12 MB | 1.4/4.2 MB | 77/130 kB | 639/920 kB
Progress (4): 3.3/12 MB | 1.4/4.2 MB | 77/130 kB | 639/920 kB
Progress (4): 3.3/12 MB | 1.4/4.2 MB | 77/130 kB | 639/920 kB
Progress (4): 3.3/12 MB | 1.4/4.2 MB | 77/130 kB | 639/920 kB
Progress (4): 3.3/12 MB | 1.4/4.2 MB | 77/130 kB | 647/920 kB
Progress (4): 3.3/12 MB | 1.4/4.2 MB | 77/130 kB | 655/920 kB
Progress (4): 3.3/12 MB | 1.4/4.2 MB | 77/130 kB | 664/920 kB
Progress (4): 3.3/12 MB | 1.4/4.2 MB | 77/130 kB | 672/920 kB
Progress (4): 3.3/12 MB | 1.4/4.2 MB | 77/130 kB | 680/920 kB
Progress (4): 3.3/12 MB | 1.4/4.2 MB | 77/130 kB | 688/920 kB
Progress (4): 3.3/12 MB | 1.4/4.2 MB | 77/130 kB | 696/920 kB
Progress (4): 3.3/12 MB | 1.4/4.2 MB | 77/130 kB | 705/920 kB
Progress (5): 3.3/12 MB | 1.4/4.2 MB | 77/130 kB | 705/920 kB | 4.1/139 kB
Progress (5): 3.3/12 MB | 1.4/4.2 MB | 77/130 kB | 705/920 kB | 7.7/139 kB
Progress (5): 3.3/12 MB | 1.4/4.2 MB | 77/130 kB | 705/920 kB | 12/139 kB 
Progress (5): 3.3/12 MB | 1.4/4.2 MB | 77/130 kB | 705/920 kB | 16/139 kB
Progress (5): 3.3/12 MB | 1.4/4.2 MB | 81/130 kB | 705/920 kB | 16/139 kB
Progress (5): 3.3/12 MB | 1.4/4.2 MB | 85/130 kB | 705/920 kB | 16/139 kB
Progress (5): 3.3/12 MB | 1.4/4.2 MB | 89/130 kB | 705/920 kB | 16/139 kB
Progress (5): 3.3/12 MB | 1.4/4.2 MB | 93/130 kB | 705/920 kB | 16/139 kB
Progress (5): 3.3/12 MB | 1.4/4.2 MB | 98/130 kB | 705/920 kB | 16/139 kB
Progress (5): 3.3/12 MB | 1.4/4.2 MB | 102/130 kB | 705/920 kB | 16/139 kB
Progress (5): 3.3/12 MB | 1.4/4.2 MB | 106/130 kB | 705/920 kB | 16/139 kB
Progress (5): 3.3/12 MB | 1.4/4.2 MB | 110/130 kB | 705/920 kB | 16/139 kB
Progress (5): 3.3/12 MB | 1.4/4.2 MB | 110/130 kB | 713/920 kB | 16/139 kB
Progress (5): 3.3/12 MB | 1.4/4.2 MB | 110/130 kB | 721/920 kB | 16/139 kB
Progress (5): 3.3/12 MB | 1.4/4.2 MB | 110/130 kB | 729/920 kB | 16/139 kB
Progress (5): 3.3/12 MB | 1.4/4.2 MB | 110/130 kB | 737/920 kB | 16/139 kB
Progress (5): 3.3/12 MB | 1.4/4.2 MB | 110/130 kB | 745/920 kB | 16/139 kB
Progress (5): 3.3/12 MB | 1.4/4.2 MB | 110/130 kB | 754/920 kB | 16/139 kB
Progress (5): 3.4/12 MB | 1.4/4.2 MB | 110/130 kB | 754/920 kB | 16/139 kB
Progress (5): 3.4/12 MB | 1.4/4.2 MB | 110/130 kB | 762/920 kB | 16/139 kB
Progress (5): 3.4/12 MB | 1.4/4.2 MB | 110/130 kB | 770/920 kB | 16/139 kB
Progress (5): 3.4/12 MB | 1.5/4.2 MB | 110/130 kB | 770/920 kB | 16/139 kB
Progress (5): 3.4/12 MB | 1.5/4.2 MB | 110/130 kB | 770/920 kB | 20/139 kB
Progress (5): 3.4/12 MB | 1.5/4.2 MB | 110/130 kB | 770/920 kB | 24/139 kB
Progress (5): 3.4/12 MB | 1.5/4.2 MB | 110/130 kB | 770/920 kB | 28/139 kB
Progress (5): 3.4/12 MB | 1.5/4.2 MB | 110/130 kB | 770/920 kB | 28/139 kB
Progress (5): 3.4/12 MB | 1.5/4.2 MB | 110/130 kB | 770/920 kB | 28/139 kB
Progress (5): 3.4/12 MB | 1.5/4.2 MB | 110/130 kB | 770/920 kB | 28/139 kB
Progress (5): 3.4/12 MB | 1.5/4.2 MB | 110/130 kB | 770/920 kB | 28/139 kB
Progress (5): 3.4/12 MB | 1.5/4.2 MB | 110/130 kB | 770/920 kB | 32/139 kB
Progress (5): 3.4/12 MB | 1.5/4.2 MB | 110/130 kB | 770/920 kB | 36/139 kB
Progress (5): 3.4/12 MB | 1.5/4.2 MB | 110/130 kB | 770/920 kB | 40/139 kB
Progress (5): 3.4/12 MB | 1.5/4.2 MB | 110/130 kB | 770/920 kB | 44/139 kB
Progress (5): 3.4/12 MB | 1.5/4.2 MB | 110/130 kB | 778/920 kB | 44/139 kB
Progress (5): 3.4/12 MB | 1.5/4.2 MB | 114/130 kB | 778/920 kB | 44/139 kB
Progress (5): 3.4/12 MB | 1.5/4.2 MB | 118/130 kB | 778/920 kB | 44/139 kB
Progress (5): 3.4/12 MB | 1.5/4.2 MB | 118/130 kB | 786/920 kB | 44/139 kB
Progress (5): 3.4/12 MB | 1.5/4.2 MB | 122/130 kB | 786/920 kB | 44/139 kB
Progress (5): 3.4/12 MB | 1.5/4.2 MB | 126/130 kB | 786/920 kB | 44/139 kB
Progress (5): 3.4/12 MB | 1.5/4.2 MB | 130 kB | 786/920 kB | 44/139 kB    
                                                                      
Downloaded from central: https://repo.maven.apache.org/maven2/jakarta/xml/bind/jakarta.xml.bind-api/4.0.1/jakarta.xml.bind-api-4.0.1.jar (130 kB at 31 kB/s)
Downloading from central: https://repo.maven.apache.org/maven2/org/eclipse/angus/angus-activation/2.0.1/angus-activation-2.0.1.jar
Progress (4): 3.4/12 MB | 1.5/4.2 MB | 786/920 kB | 48/139 kB
Progress (4): 3.4/12 MB | 1.5/4.2 MB | 786/920 kB | 53/139 kB
Progress (4): 3.4/12 MB | 1.5/4.2 MB | 786/920 kB | 57/139 kB
Progress (4): 3.4/12 MB | 1.5/4.2 MB | 786/920 kB | 61/139 kB
Progress (4): 3.4/12 MB | 1.6/4.2 MB | 786/920 kB | 61/139 kB
Progress (4): 3.4/12 MB | 1.6/4.2 MB | 795/920 kB | 61/139 kB
Progress (4): 3.4/12 MB | 1.6/4.2 MB | 803/920 kB | 61/139 kB
Progress (4): 3.4/12 MB | 1.6/4.2 MB | 803/920 kB | 61/139 kB
Progress (4): 3.4/12 MB | 1.6/4.2 MB | 803/920 kB | 61/139 kB
Progress (4): 3.4/12 MB | 1.6/4.2 MB | 803/920 kB | 61/139 kB
Progress (4): 3.5/12 MB | 1.6/4.2 MB | 803/920 kB | 61/139 kB
Progress (4): 3.5/12 MB | 1.7/4.2 MB | 803/920 kB | 61/139 kB
Progress (4): 3.5/12 MB | 1.7/4.2 MB | 803/920 kB | 61/139 kB
Progress (4): 3.5/12 MB | 1.7/4.2 MB | 803/920 kB | 61/139 kB
Progress (5): 3.5/12 MB | 1.7/4.2 MB | 803/920 kB | 61/139 kB | 4.1/27 kB
Progress (5): 3.5/12 MB | 1.7/4.2 MB | 803/920 kB | 61/139 kB | 7.7/27 kB
Progress (5): 3.5/12 MB | 1.7/4.2 MB | 803/920 kB | 61/139 kB | 12/27 kB 
Progress (5): 3.5/12 MB | 1.7/4.2 MB | 803/920 kB | 61/139 kB | 16/27 kB
Progress (5): 3.6/12 MB | 1.7/4.2 MB | 803/920 kB | 61/139 kB | 16/27 kB
Progress (5): 3.6/12 MB | 1.7/4.2 MB | 803/920 kB | 61/139 kB | 16/27 kB
Progress (5): 3.6/12 MB | 1.7/4.2 MB | 803/920 kB | 61/139 kB | 20/27 kB
Progress (5): 3.6/12 MB | 1.7/4.2 MB | 803/920 kB | 61/139 kB | 24/27 kB
Progress (5): 3.6/12 MB | 1.7/4.2 MB | 803/920 kB | 61/139 kB | 27 kB   
Progress (5): 3.6/12 MB | 1.7/4.2 MB | 803/920 kB | 61/139 kB | 27 kB
Progress (5): 3.6/12 MB | 1.7/4.2 MB | 811/920 kB | 61/139 kB | 27 kB
Progress (5): 3.6/12 MB | 1.7/4.2 MB | 819/920 kB | 61/139 kB | 27 kB
Progress (5): 3.6/12 MB | 1.7/4.2 MB | 827/920 kB | 61/139 kB | 27 kB
Progress (5): 3.6/12 MB | 1.7/4.2 MB | 836/920 kB | 61/139 kB | 27 kB
Progress (5): 3.6/12 MB | 1.7/4.2 MB | 844/920 kB | 61/139 kB | 27 kB
Progress (5): 3.6/12 MB | 1.7/4.2 MB | 852/920 kB | 61/139 kB | 27 kB
Progress (5): 3.6/12 MB | 1.7/4.2 MB | 860/920 kB | 61/139 kB | 27 kB
Progress (5): 3.6/12 MB | 1.7/4.2 MB | 868/920 kB | 61/139 kB | 27 kB
Progress (5): 3.6/12 MB | 1.7/4.2 MB | 877/920 kB | 61/139 kB | 27 kB
Progress (5): 3.6/12 MB | 1.7/4.2 MB | 885/920 kB | 61/139 kB | 27 kB
Progress (5): 3.6/12 MB | 1.7/4.2 MB | 893/920 kB | 61/139 kB | 27 kB
Progress (5): 3.6/12 MB | 1.7/4.2 MB | 901/920 kB | 61/139 kB | 27 kB
Progress (5): 3.6/12 MB | 1.7/4.2 MB | 909/920 kB | 61/139 kB | 27 kB
Progress (5): 3.6/12 MB | 1.7/4.2 MB | 918/920 kB | 61/139 kB | 27 kB
Progress (5): 3.6/12 MB | 1.7/4.2 MB | 918/920 kB | 61/139 kB | 27 kB
Progress (5): 3.6/12 MB | 1.8/4.2 MB | 918/920 kB | 61/139 kB | 27 kB
Progress (5): 3.7/12 MB | 1.8/4.2 MB | 918/920 kB | 61/139 kB | 27 kB
Progress (5): 3.7/12 MB | 1.8/4.2 MB | 918/920 kB | 61/139 kB | 27 kB
                                                                     
Downloaded from central: https://repo.maven.apache.org/maven2/org/eclipse/angus/angus-activation/2.0.1/angus-activation-2.0.1.jar (27 kB at 5.9 kB/s)
Downloading from central: https://repo.maven.apache.org/maven2/org/glassfish/jaxb/txw2/4.0.4/txw2-4.0.4.jar
Progress (4): 3.7/12 MB | 1.8/4.2 MB | 918/920 kB | 65/139 kB
Progress (4): 3.7/12 MB | 1.8/4.2 MB | 918/920 kB | 69/139 kB
Progress (4): 3.7/12 MB | 1.8/4.2 MB | 918/920 kB | 73/139 kB
Progress (4): 3.7/12 MB | 1.8/4.2 MB | 918/920 kB | 77/139 kB
Progress (4): 3.7/12 MB | 1.8/4.2 MB | 918/920 kB | 81/139 kB
Progress (4): 3.7/12 MB | 1.8/4.2 MB | 918/920 kB | 85/139 kB
Progress (4): 3.7/12 MB | 1.8/4.2 MB | 918/920 kB | 89/139 kB
Progress (4): 3.7/12 MB | 1.8/4.2 MB | 918/920 kB | 93/139 kB
Progress (4): 3.7/12 MB | 1.8/4.2 MB | 918/920 kB | 98/139 kB
Progress (4): 3.7/12 MB | 1.8/4.2 MB | 918/920 kB | 102/139 kB
Progress (4): 3.7/12 MB | 1.8/4.2 MB | 918/920 kB | 106/139 kB
Progress (4): 3.7/12 MB | 1.8/4.2 MB | 918/920 kB | 110/139 kB
Progress (4): 3.7/12 MB | 1.8/4.2 MB | 920 kB | 110/139 kB    
Progress (4): 3.7/12 MB | 1.8/4.2 MB | 920 kB | 114/139 kB
Progress (4): 3.7/12 MB | 1.8/4.2 MB | 920 kB | 118/139 kB
Progress (4): 3.7/12 MB | 1.8/4.2 MB | 920 kB | 122/139 kB
Progress (4): 3.7/12 MB | 1.8/4.2 MB | 920 kB | 126/139 kB
Progress (4): 3.7/12 MB | 1.8/4.2 MB | 920 kB | 126/139 kB
Progress (4): 3.8/12 MB | 1.8/4.2 MB | 920 kB | 126/139 kB
Progress (4): 3.8/12 MB | 1.8/4.2 MB | 920 kB | 126/139 kB
Progress (4): 3.8/12 MB | 1.9/4.2 MB | 920 kB | 126/139 kB
                                                          
Downloaded from central: https://repo.maven.apache.org/maven2/org/glassfish/jaxb/jaxb-runtime/4.0.4/jaxb-runtime-4.0.4.jar (920 kB at 194 kB/s)
Downloading from central: https://repo.maven.apache.org/maven2/com/sun/istack/istack-commons-runtime/4.1.2/istack-commons-runtime-4.1.2.jar
Progress (4): 3.8/12 MB | 1.9/4.2 MB | 126/139 kB | 4.1/73 kB
Progress (4): 3.8/12 MB | 1.9/4.2 MB | 126/139 kB | 7.7/73 kB
Progress (4): 3.8/12 MB | 1.9/4.2 MB | 126/139 kB | 12/73 kB 
Progress (4): 3.8/12 MB | 1.9/4.2 MB | 126/139 kB | 16/73 kB
Progress (4): 3.8/12 MB | 1.9/4.2 MB | 126/139 kB | 20/73 kB
Progress (4): 3.8/12 MB | 1.9/4.2 MB | 126/139 kB | 24/73 kB
Progress (4): 3.8/12 MB | 1.9/4.2 MB | 126/139 kB | 28/73 kB
Progress (4): 3.8/12 MB | 1.9/4.2 MB | 130/139 kB | 28/73 kB
Progress (4): 3.8/12 MB | 1.9/4.2 MB | 134/139 kB | 28/73 kB
Progress (4): 3.8/12 MB | 1.9/4.2 MB | 139/139 kB | 28/73 kB
Progress (4): 3.8/12 MB | 1.9/4.2 MB | 139 kB | 28/73 kB    
Progress (4): 3.8/12 MB | 1.9/4.2 MB | 139 kB | 32/73 kB
Progress (4): 3.8/12 MB | 1.9/4.2 MB | 139 kB | 36/73 kB
Progress (4): 3.8/12 MB | 1.9/4.2 MB | 139 kB | 40/73 kB
Progress (4): 3.8/12 MB | 1.9/4.2 MB | 139 kB | 45/73 kB
Progress (4): 3.8/12 MB | 1.9/4.2 MB | 139 kB | 49/73 kB
Progress (4): 3.8/12 MB | 1.9/4.2 MB | 139 kB | 53/73 kB
Progress (4): 3.8/12 MB | 1.9/4.2 MB | 139 kB | 57/73 kB
Progress (4): 3.8/12 MB | 1.9/4.2 MB | 139 kB | 61/73 kB
Progress (4): 3.8/12 MB | 1.9/4.2 MB | 139 kB | 65/73 kB
Progress (4): 3.8/12 MB | 1.9/4.2 MB | 139 kB | 69/73 kB
Progress (4): 3.8/12 MB | 1.9/4.2 MB | 139 kB | 73/73 kB
Progress (4): 3.8/12 MB | 1.9/4.2 MB | 139 kB | 73 kB   
Progress (4): 3.8/12 MB | 1.9/4.2 MB | 139 kB | 73 kB
Progress (4): 3.9/12 MB | 1.9/4.2 MB | 139 kB | 73 kB
Progress (4): 3.9/12 MB | 1.9/4.2 MB | 139 kB | 73 kB
Progress (4): 3.9/12 MB | 1.9/4.2 MB | 139 kB | 73 kB
Progress (5): 3.9/12 MB | 1.9/4.2 MB | 139 kB | 73 kB | 4.1/26 kB
Progress (5): 3.9/12 MB | 1.9/4.2 MB | 139 kB | 73 kB | 7.7/26 kB
Progress (5): 3.9/12 MB | 1.9/4.2 MB | 139 kB | 73 kB | 12/26 kB 
Progress (5): 3.9/12 MB | 1.9/4.2 MB | 139 kB | 73 kB | 16/26 kB
Progress (5): 3.9/12 MB | 1.9/4.2 MB | 139 kB | 73 kB | 20/26 kB
Progress (5): 3.9/12 MB | 1.9/4.2 MB | 139 kB | 73 kB | 24/26 kB
Progress (5): 3.9/12 MB | 1.9/4.2 MB | 139 kB | 73 kB | 26 kB   
Progress (5): 3.9/12 MB | 1.9/4.2 MB | 139 kB | 73 kB | 26 kB
                                                             
Downloaded from central: https://repo.maven.apache.org/maven2/org/glassfish/jaxb/jaxb-core/4.0.4/jaxb-core-4.0.4.jar (139 kB at 28 kB/s)
Downloading from central: https://repo.maven.apache.org/maven2/jakarta/inject/jakarta.inject-api/2.0.1/jakarta.inject-api-2.0.1.jar
Downloaded from central: https://repo.maven.apache.org/maven2/org/glassfish/jaxb/txw2/4.0.4/txw2-4.0.4.jar (73 kB at 15 kB/s)
Downloading from central: https://repo.maven.apache.org/maven2/org/antlr/antlr4-runtime/4.13.0/antlr4-runtime-4.13.0.jar
Progress (3): 3.9/12 MB | 1.9/4.2 MB | 26 kB
Progress (3): 3.9/12 MB | 2.0/4.2 MB | 26 kB
Progress (3): 3.9/12 MB | 2.0/4.2 MB | 26 kB
                                            
Downloaded from central: https://repo.maven.apache.org/maven2/com/sun/istack/istack-commons-runtime/4.1.2/istack-commons-runtime-4.1.2.jar (26 kB at 5.2 kB/s)
Downloading from central: https://repo.maven.apache.org/maven2/org/springframework/data/spring-data-jpa/3.2.3/spring-data-jpa-3.2.3.jar
Progress (3): 3.9/12 MB | 2.0/4.2 MB | 4.1/326 kB
Progress (3): 3.9/12 MB | 2.0/4.2 MB | 7.7/326 kB
Progress (3): 3.9/12 MB | 2.0/4.2 MB | 12/326 kB 
Progress (3): 3.9/12 MB | 2.0/4.2 MB | 16/326 kB
Progress (3): 3.9/12 MB | 2.0/4.2 MB | 20/326 kB
Progress (3): 3.9/12 MB | 2.0/4.2 MB | 24/326 kB
Progress (3): 3.9/12 MB | 2.0/4.2 MB | 28/326 kB
Progress (3): 3.9/12 MB | 2.0/4.2 MB | 32/326 kB
Progress (3): 3.9/12 MB | 2.0/4.2 MB | 36/326 kB
Progress (3): 3.9/12 MB | 2.0/4.2 MB | 40/326 kB
Progress (3): 3.9/12 MB | 2.0/4.2 MB | 45/326 kB
Progress (3): 3.9/12 MB | 2.0/4.2 MB | 49/326 kB
Progress (3): 3.9/12 MB | 2.0/4.2 MB | 53/326 kB
Progress (3): 3.9/12 MB | 2.0/4.2 MB | 57/326 kB
Progress (3): 3.9/12 MB | 2.0/4.2 MB | 61/326 kB
Progress (3): 3.9/12 MB | 2.0/4.2 MB | 65/326 kB
Progress (3): 3.9/12 MB | 2.0/4.2 MB | 69/326 kB
Progress (3): 3.9/12 MB | 2.0/4.2 MB | 73/326 kB
Progress (3): 3.9/12 MB | 2.0/4.2 MB | 77/326 kB
Progress (3): 3.9/12 MB | 2.0/4.2 MB | 81/326 kB
Progress (4): 3.9/12 MB | 2.0/4.2 MB | 81/326 kB | 4.1/11 kB
Progress (4): 3.9/12 MB | 2.0/4.2 MB | 81/326 kB | 7.7/11 kB
Progress (4): 3.9/12 MB | 2.0/4.2 MB | 81/326 kB | 11 kB    
Progress (4): 3.9/12 MB | 2.0/4.2 MB | 86/326 kB | 11 kB
Progress (4): 3.9/12 MB | 2.0/4.2 MB | 90/326 kB | 11 kB
Progress (4): 3.9/12 MB | 2.0/4.2 MB | 94/326 kB | 11 kB
Progress (4): 3.9/12 MB | 2.0/4.2 MB | 98/326 kB | 11 kB
Progress (4): 3.9/12 MB | 2.0/4.2 MB | 102/326 kB | 11 kB
Progress (4): 3.9/12 MB | 2.0/4.2 MB | 106/326 kB | 11 kB
Progress (4): 3.9/12 MB | 2.0/4.2 MB | 110/326 kB | 11 kB
Progress (4): 3.9/12 MB | 2.0/4.2 MB | 114/326 kB | 11 kB
Progress (4): 4.0/12 MB | 2.0/4.2 MB | 114/326 kB | 11 kB
Progress (4): 4.0/12 MB | 2.0/4.2 MB | 114/326 kB | 11 kB
Progress (4): 4.0/12 MB | 2.0/4.2 MB | 114/326 kB | 11 kB
Progress (5): 4.0/12 MB | 2.0/4.2 MB | 114/326 kB | 11 kB | 0/1.5 MB
Progress (5): 4.0/12 MB | 2.0/4.2 MB | 114/326 kB | 11 kB | 0/1.5 MB
Progress (5): 4.0/12 MB | 2.0/4.2 MB | 114/326 kB | 11 kB | 0/1.5 MB
Progress (5): 4.0/12 MB | 2.0/4.2 MB | 118/326 kB | 11 kB | 0/1.5 MB
Progress (5): 4.0/12 MB | 2.0/4.2 MB | 122/326 kB | 11 kB | 0/1.5 MB
Progress (5): 4.0/12 MB | 2.0/4.2 MB | 126/326 kB | 11 kB | 0/1.5 MB
Progress (5): 4.0/12 MB | 2.0/4.2 MB | 131/326 kB | 11 kB | 0/1.5 MB
Progress (5): 4.0/12 MB | 2.0/4.2 MB | 131/326 kB | 11 kB | 0/1.5 MB
Progress (5): 4.0/12 MB | 2.0/4.2 MB | 131/326 kB | 11 kB | 0/1.5 MB
Progress (5): 4.0/12 MB | 2.0/4.2 MB | 135/326 kB | 11 kB | 0/1.5 MB
Progress (5): 4.0/12 MB | 2.0/4.2 MB | 139/326 kB | 11 kB | 0/1.5 MB
Progress (5): 4.0/12 MB | 2.0/4.2 MB | 143/326 kB | 11 kB | 0/1.5 MB
Progress (5): 4.0/12 MB | 2.0/4.2 MB | 147/326 kB | 11 kB | 0/1.5 MB
Progress (5): 4.0/12 MB | 2.0/4.2 MB | 151/326 kB | 11 kB | 0/1.5 MB
Progress (5): 4.0/12 MB | 2.0/4.2 MB | 155/326 kB | 11 kB | 0/1.5 MB
Progress (5): 4.0/12 MB | 2.0/4.2 MB | 159/326 kB | 11 kB | 0/1.5 MB
Progress (5): 4.0/12 MB | 2.0/4.2 MB | 163/326 kB | 11 kB | 0/1.5 MB
Progress (5): 4.0/12 MB | 2.0/4.2 MB | 167/326 kB | 11 kB | 0/1.5 MB
Progress (5): 4.0/12 MB | 2.0/4.2 MB | 172/326 kB | 11 kB | 0/1.5 MB
Progress (5): 4.0/12 MB | 2.0/4.2 MB | 176/326 kB | 11 kB | 0/1.5 MB
Progress (5): 4.0/12 MB | 2.0/4.2 MB | 180/326 kB | 11 kB | 0/1.5 MB
Progress (5): 4.0/12 MB | 2.0/4.2 MB | 184/326 kB | 11 kB | 0/1.5 MB
Progress (5): 4.0/12 MB | 2.0/4.2 MB | 188/326 kB | 11 kB | 0/1.5 MB
Progress (5): 4.0/12 MB | 2.0/4.2 MB | 192/326 kB | 11 kB | 0/1.5 MB
Progress (5): 4.0/12 MB | 2.0/4.2 MB | 196/326 kB | 11 kB | 0/1.5 MB
Progress (5): 4.0/12 MB | 2.0/4.2 MB | 200/326 kB | 11 kB | 0/1.5 MB
Progress (5): 4.0/12 MB | 2.0/4.2 MB | 204/326 kB | 11 kB | 0/1.5 MB
Progress (5): 4.0/12 MB | 2.0/4.2 MB | 208/326 kB | 11 kB | 0/1.5 MB
Progress (5): 4.0/12 MB | 2.0/4.2 MB | 213/326 kB | 11 kB | 0/1.5 MB
Progress (5): 4.0/12 MB | 2.0/4.2 MB | 217/326 kB | 11 kB | 0/1.5 MB
Progress (5): 4.0/12 MB | 2.0/4.2 MB | 217/326 kB | 11 kB | 0/1.5 MB
Progress (5): 4.0/12 MB | 2.0/4.2 MB | 221/326 kB | 11 kB | 0/1.5 MB
Progress (5): 4.0/12 MB | 2.0/4.2 MB | 225/326 kB | 11 kB | 0/1.5 MB
Progress (5): 4.0/12 MB | 2.0/4.2 MB | 229/326 kB | 11 kB | 0/1.5 MB
Progress (5): 4.0/12 MB | 2.0/4.2 MB | 233/326 kB | 11 kB | 0/1.5 MB
Progress (5): 4.0/12 MB | 2.0/4.2 MB | 237/326 kB | 11 kB | 0/1.5 MB
Progress (5): 4.0/12 MB | 2.0/4.2 MB | 241/326 kB | 11 kB | 0/1.5 MB
Progress (5): 4.0/12 MB | 2.0/4.2 MB | 245/326 kB | 11 kB | 0/1.5 MB
Progress (5): 4.0/12 MB | 2.1/4.2 MB | 245/326 kB | 11 kB | 0/1.5 MB
Progress (5): 4.1/12 MB | 2.1/4.2 MB | 245/326 kB | 11 kB | 0/1.5 MB
                                                                    
Downloaded from central: https://repo.maven.apache.org/maven2/jakarta/inject/jakarta.inject-api/2.0.1/jakarta.inject-api-2.0.1.jar (11 kB at 2.0 kB/s)
Downloading from central: https://repo.maven.apache.org/maven2/org/springframework/data/spring-data-commons/3.2.3/spring-data-commons-3.2.3.jar
Progress (4): 4.1/12 MB | 2.1/4.2 MB | 245/326 kB | 0/1.5 MB
Progress (4): 4.1/12 MB | 2.1/4.2 MB | 245/326 kB | 0/1.5 MB
Progress (4): 4.1/12 MB | 2.1/4.2 MB | 245/326 kB | 0.1/1.5 MB
Progress (4): 4.1/12 MB | 2.1/4.2 MB | 245/326 kB | 0.1/1.5 MB
Progress (4): 4.1/12 MB | 2.1/4.2 MB | 245/326 kB | 0.1/1.5 MB
Progress (4): 4.1/12 MB | 2.1/4.2 MB | 245/326 kB | 0.1/1.5 MB
Progress (4): 4.1/12 MB | 2.1/4.2 MB | 245/326 kB | 0.1/1.5 MB
Progress (4): 4.1/12 MB | 2.1/4.2 MB | 245/326 kB | 0.1/1.5 MB
Progress (4): 4.1/12 MB | 2.1/4.2 MB | 245/326 kB | 0.1/1.5 MB
Progress (4): 4.1/12 MB | 2.1/4.2 MB | 245/326 kB | 0.1/1.5 MB
Progress (4): 4.1/12 MB | 2.1/4.2 MB | 245/326 kB | 0.1/1.5 MB
Progress (4): 4.1/12 MB | 2.1/4.2 MB | 249/326 kB | 0.1/1.5 MB
Progress (4): 4.1/12 MB | 2.1/4.2 MB | 253/326 kB | 0.1/1.5 MB
Progress (4): 4.1/12 MB | 2.1/4.2 MB | 258/326 kB | 0.1/1.5 MB
Progress (4): 4.1/12 MB | 2.1/4.2 MB | 262/326 kB | 0.1/1.5 MB
Progress (4): 4.1/12 MB | 2.1/4.2 MB | 266/326 kB | 0.1/1.5 MB
Progress (4): 4.1/12 MB | 2.1/4.2 MB | 270/326 kB | 0.1/1.5 MB
Progress (4): 4.1/12 MB | 2.1/4.2 MB | 274/326 kB | 0.1/1.5 MB
Progress (4): 4.1/12 MB | 2.1/4.2 MB | 278/326 kB | 0.1/1.5 MB
Progress (4): 4.1/12 MB | 2.1/4.2 MB | 282/326 kB | 0.1/1.5 MB
Progress (4): 4.1/12 MB | 2.1/4.2 MB | 286/326 kB | 0.1/1.5 MB
Progress (4): 4.1/12 MB | 2.1/4.2 MB | 290/326 kB | 0.1/1.5 MB
Progress (4): 4.1/12 MB | 2.1/4.2 MB | 294/326 kB | 0.1/1.5 MB
Progress (4): 4.1/12 MB | 2.1/4.2 MB | 299/326 kB | 0.1/1.5 MB
Progress (4): 4.1/12 MB | 2.1/4.2 MB | 303/326 kB | 0.1/1.5 MB
Progress (4): 4.1/12 MB | 2.1/4.2 MB | 307/326 kB | 0.1/1.5 MB
Progress (4): 4.1/12 MB | 2.1/4.2 MB | 311/326 kB | 0.1/1.5 MB
Progress (4): 4.1/12 MB | 2.1/4.2 MB | 315/326 kB | 0.1/1.5 MB
Progress (4): 4.1/12 MB | 2.1/4.2 MB | 319/326 kB | 0.1/1.5 MB
Progress (4): 4.1/12 MB | 2.1/4.2 MB | 323/326 kB | 0.1/1.5 MB
Progress (4): 4.1/12 MB | 2.1/4.2 MB | 326 kB | 0.1/1.5 MB    
Progress (4): 4.2/12 MB | 2.1/4.2 MB | 326 kB | 0.1/1.5 MB
Progress (4): 4.2/12 MB | 2.1/4.2 MB | 326 kB | 0.1/1.5 MB
Progress (4): 4.2/12 MB | 2.1/4.2 MB | 326 kB | 0.1/1.5 MB
Progress (4): 4.2/12 MB | 2.1/4.2 MB | 326 kB | 0.1/1.5 MB
Progress (4): 4.2/12 MB | 2.1/4.2 MB | 326 kB | 0.1/1.5 MB
Progress (4): 4.2/12 MB | 2.1/4.2 MB | 326 kB | 0.1/1.5 MB
Progress (4): 4.2/12 MB | 2.1/4.2 MB | 326 kB | 0.2/1.5 MB
Progress (4): 4.2/12 MB | 2.1/4.2 MB | 326 kB | 0.2/1.5 MB
Progress (4): 4.2/12 MB | 2.1/4.2 MB | 326 kB | 0.2/1.5 MB
Progress (4): 4.2/12 MB | 2.1/4.2 MB | 326 kB | 0.2/1.5 MB
Progress (4): 4.2/12 MB | 2.1/4.2 MB | 326 kB | 0.2/1.5 MB
Progress (4): 4.2/12 MB | 2.1/4.2 MB | 326 kB | 0.2/1.5 MB
Progress (4): 4.2/12 MB | 2.1/4.2 MB | 326 kB | 0.2/1.5 MB
Progress (4): 4.2/12 MB | 2.1/4.2 MB | 326 kB | 0.2/1.5 MB
Progress (5): 4.2/12 MB | 2.1/4.2 MB | 326 kB | 0.2/1.5 MB | 0/1.4 MB
Progress (5): 4.2/12 MB | 2.1/4.2 MB | 326 kB | 0.2/1.5 MB | 0/1.4 MB
Progress (5): 4.2/12 MB | 2.2/4.2 MB | 326 kB | 0.2/1.5 MB | 0/1.4 MB
Progress (5): 4.2/12 MB | 2.2/4.2 MB | 326 kB | 0.2/1.5 MB | 0/1.4 MB
Progress (5): 4.2/12 MB | 2.2/4.2 MB | 326 kB | 0.2/1.5 MB | 0/1.4 MB
Progress (5): 4.2/12 MB | 2.2/4.2 MB | 326 kB | 0.2/1.5 MB | 0/1.4 MB
Progress (5): 4.2/12 MB | 2.2/4.2 MB | 326 kB | 0.2/1.5 MB | 0/1.4 MB
Progress (5): 4.2/12 MB | 2.2/4.2 MB | 326 kB | 0.2/1.5 MB | 0.1/1.4 MB
Progress (5): 4.2/12 MB | 2.2/4.2 MB | 326 kB | 0.2/1.5 MB | 0.1/1.4 MB
Progress (5): 4.2/12 MB | 2.2/4.2 MB | 326 kB | 0.2/1.5 MB | 0.1/1.4 MB
Progress (5): 4.2/12 MB | 2.2/4.2 MB | 326 kB | 0.2/1.5 MB | 0.1/1.4 MB
Progress (5): 4.2/12 MB | 2.2/4.2 MB | 326 kB | 0.2/1.5 MB | 0.1/1.4 MB
Progress (5): 4.2/12 MB | 2.2/4.2 MB | 326 kB | 0.2/1.5 MB | 0.1/1.4 MB
Progress (5): 4.2/12 MB | 2.2/4.2 MB | 326 kB | 0.2/1.5 MB | 0.1/1.4 MB
Progress (5): 4.2/12 MB | 2.2/4.2 MB | 326 kB | 0.2/1.5 MB | 0.1/1.4 MB
Progress (5): 4.2/12 MB | 2.2/4.2 MB | 326 kB | 0.2/1.5 MB | 0.1/1.4 MB
Progress (5): 4.2/12 MB | 2.2/4.2 MB | 326 kB | 0.2/1.5 MB | 0.1/1.4 MB
Progress (5): 4.2/12 MB | 2.2/4.2 MB | 326 kB | 0.2/1.5 MB | 0.1/1.4 MB
Progress (5): 4.2/12 MB | 2.2/4.2 MB | 326 kB | 0.2/1.5 MB | 0.1/1.4 MB
Progress (5): 4.2/12 MB | 2.2/4.2 MB | 326 kB | 0.2/1.5 MB | 0.2/1.4 MB
Progress (5): 4.2/12 MB | 2.2/4.2 MB | 326 kB | 0.2/1.5 MB | 0.2/1.4 MB
Progress (5): 4.2/12 MB | 2.2/4.2 MB | 326 kB | 0.2/1.5 MB | 0.2/1.4 MB
Progress (5): 4.2/12 MB | 2.2/4.2 MB | 326 kB | 0.2/1.5 MB | 0.2/1.4 MB
Progress (5): 4.2/12 MB | 2.2/4.2 MB | 326 kB | 0.2/1.5 MB | 0.2/1.4 MB
Progress (5): 4.2/12 MB | 2.2/4.2 MB | 326 kB | 0.2/1.5 MB | 0.2/1.4 MB
Progress (5): 4.2/12 MB | 2.2/4.2 MB | 326 kB | 0.2/1.5 MB | 0.2/1.4 MB
Progress (5): 4.2/12 MB | 2.2/4.2 MB | 326 kB | 0.2/1.5 MB | 0.2/1.4 MB
Progress (5): 4.2/12 MB | 2.2/4.2 MB | 326 kB | 0.2/1.5 MB | 0.2/1.4 MB
Progress (5): 4.2/12 MB | 2.2/4.2 MB | 326 kB | 0.2/1.5 MB | 0.2/1.4 MB
Progress (5): 4.2/12 MB | 2.2/4.2 MB | 326 kB | 0.2/1.5 MB | 0.2/1.4 MB
Progress (5): 4.2/12 MB | 2.2/4.2 MB | 326 kB | 0.2/1.5 MB | 0.2/1.4 MB
                                                                       
Downloaded from central: https://repo.maven.apache.org/maven2/org/antlr/antlr4-runtime/4.13.0/antlr4-runtime-4.13.0.jar (326 kB at 58 kB/s)
Downloading from central: https://repo.maven.apache.org/maven2/org/springframework/spring-orm/6.1.4/spring-orm-6.1.4.jar
Progress (4): 4.2/12 MB | 2.2/4.2 MB | 0.2/1.5 MB | 0.2/1.4 MB
Progress (4): 4.2/12 MB | 2.2/4.2 MB | 0.2/1.5 MB | 0.2/1.4 MB
Progress (4): 4.2/12 MB | 2.2/4.2 MB | 0.3/1.5 MB | 0.2/1.4 MB
Progress (4): 4.2/12 MB | 2.2/4.2 MB | 0.3/1.5 MB | 0.2/1.4 MB
Progress (4): 4.2/12 MB | 2.2/4.2 MB | 0.3/1.5 MB | 0.2/1.4 MB
Progress (4): 4.2/12 MB | 2.2/4.2 MB | 0.3/1.5 MB | 0.2/1.4 MB
Progress (4): 4.3/12 MB | 2.2/4.2 MB | 0.3/1.5 MB | 0.2/1.4 MB
Progress (4): 4.3/12 MB | 2.2/4.2 MB | 0.3/1.5 MB | 0.2/1.4 MB
Progress (4): 4.3/12 MB | 2.2/4.2 MB | 0.3/1.5 MB | 0.2/1.4 MB
Progress (4): 4.3/12 MB | 2.2/4.2 MB | 0.3/1.5 MB | 0.2/1.4 MB
Progress (4): 4.3/12 MB | 2.2/4.2 MB | 0.3/1.5 MB | 0.2/1.4 MB
Progress (4): 4.3/12 MB | 2.2/4.2 MB | 0.3/1.5 MB | 0.2/1.4 MB
Progress (4): 4.3/12 MB | 2.2/4.2 MB | 0.3/1.5 MB | 0.2/1.4 MB
Progress (4): 4.3/12 MB | 2.2/4.2 MB | 0.3/1.5 MB | 0.3/1.4 MB
Progress (4): 4.3/12 MB | 2.2/4.2 MB | 0.3/1.5 MB | 0.3/1.4 MB
Progress (4): 4.3/12 MB | 2.2/4.2 MB | 0.3/1.5 MB | 0.3/1.4 MB
Progress (4): 4.3/12 MB | 2.2/4.2 MB | 0.3/1.5 MB | 0.3/1.4 MB
Progress (4): 4.3/12 MB | 2.2/4.2 MB | 0.3/1.5 MB | 0.3/1.4 MB
Progress (4): 4.3/12 MB | 2.2/4.2 MB | 0.3/1.5 MB | 0.3/1.4 MB
Progress (4): 4.3/12 MB | 2.2/4.2 MB | 0.3/1.5 MB | 0.3/1.4 MB
Progress (4): 4.3/12 MB | 2.2/4.2 MB | 0.3/1.5 MB | 0.3/1.4 MB
Progress (4): 4.3/12 MB | 2.2/4.2 MB | 0.3/1.5 MB | 0.3/1.4 MB
Progress (4): 4.3/12 MB | 2.2/4.2 MB | 0.3/1.5 MB | 0.3/1.4 MB
Progress (4): 4.3/12 MB | 2.2/4.2 MB | 0.3/1.5 MB | 0.3/1.4 MB
Progress (4): 4.3/12 MB | 2.2/4.2 MB | 0.3/1.5 MB | 0.3/1.4 MB
Progress (4): 4.3/12 MB | 2.2/4.2 MB | 0.3/1.5 MB | 0.4/1.4 MB
Progress (4): 4.3/12 MB | 2.2/4.2 MB | 0.3/1.5 MB | 0.4/1.4 MB
Progress (4): 4.3/12 MB | 2.2/4.2 MB | 0.3/1.5 MB | 0.4/1.4 MB
Progress (4): 4.3/12 MB | 2.2/4.2 MB | 0.3/1.5 MB | 0.4/1.4 MB
Progress (4): 4.3/12 MB | 2.2/4.2 MB | 0.3/1.5 MB | 0.4/1.4 MB
Progress (4): 4.3/12 MB | 2.2/4.2 MB | 0.3/1.5 MB | 0.4/1.4 MB
Progress (4): 4.3/12 MB | 2.2/4.2 MB | 0.3/1.5 MB | 0.4/1.4 MB
Progress (4): 4.3/12 MB | 2.2/4.2 MB | 0.3/1.5 MB | 0.4/1.4 MB
Progress (4): 4.3/12 MB | 2.2/4.2 MB | 0.3/1.5 MB | 0.4/1.4 MB
Progress (4): 4.3/12 MB | 2.2/4.2 MB | 0.3/1.5 MB | 0.4/1.4 MB
Progress (4): 4.3/12 MB | 2.2/4.2 MB | 0.3/1.5 MB | 0.4/1.4 MB
Progress (4): 4.3/12 MB | 2.2/4.2 MB | 0.3/1.5 MB | 0.4/1.4 MB
Progress (4): 4.3/12 MB | 2.2/4.2 MB | 0.3/1.5 MB | 0.4/1.4 MB
Progress (4): 4.3/12 MB | 2.2/4.2 MB | 0.3/1.5 MB | 0.4/1.4 MB
Progress (4): 4.3/12 MB | 2.2/4.2 MB | 0.3/1.5 MB | 0.4/1.4 MB
Progress (4): 4.3/12 MB | 2.2/4.2 MB | 0.3/1.5 MB | 0.4/1.4 MB
Progress (4): 4.3/12 MB | 2.2/4.2 MB | 0.3/1.5 MB | 0.4/1.4 MB
Progress (4): 4.3/12 MB | 2.2/4.2 MB | 0.3/1.5 MB | 0.4/1.4 MB
Progress (4): 4.3/12 MB | 2.2/4.2 MB | 0.3/1.5 MB | 0.4/1.4 MB
Progress (4): 4.3/12 MB | 2.2/4.2 MB | 0.3/1.5 MB | 0.4/1.4 MB
Progress (4): 4.3/12 MB | 2.2/4.2 MB | 0.4/1.5 MB | 0.4/1.4 MB
Progress (4): 4.3/12 MB | 2.2/4.2 MB | 0.4/1.5 MB | 0.4/1.4 MB
Progress (4): 4.3/12 MB | 2.2/4.2 MB | 0.4/1.5 MB | 0.4/1.4 MB
Progress (4): 4.3/12 MB | 2.2/4.2 MB | 0.4/1.5 MB | 0.4/1.4 MB
Progress (4): 4.3/12 MB | 2.3/4.2 MB | 0.4/1.5 MB | 0.4/1.4 MB
Progress (4): 4.3/12 MB | 2.3/4.2 MB | 0.4/1.5 MB | 0.4/1.4 MB
Progress (4): 4.3/12 MB | 2.3/4.2 MB | 0.4/1.5 MB | 0.5/1.4 MB
Progress (4): 4.3/12 MB | 2.3/4.2 MB | 0.4/1.5 MB | 0.5/1.4 MB
Progress (5): 4.3/12 MB | 2.3/4.2 MB | 0.4/1.5 MB | 0.5/1.4 MB | 4.1/235 kB
Progress (5): 4.3/12 MB | 2.3/4.2 MB | 0.4/1.5 MB | 0.5/1.4 MB | 7.7/235 kB
Progress (5): 4.3/12 MB | 2.3/4.2 MB | 0.4/1.5 MB | 0.5/1.4 MB | 12/235 kB 
Progress (5): 4.3/12 MB | 2.3/4.2 MB | 0.4/1.5 MB | 0.5/1.4 MB | 12/235 kB
Progress (5): 4.3/12 MB | 2.3/4.2 MB | 0.4/1.5 MB | 0.5/1.4 MB | 12/235 kB
Progress (5): 4.3/12 MB | 2.3/4.2 MB | 0.4/1.5 MB | 0.5/1.4 MB | 12/235 kB
Progress (5): 4.3/12 MB | 2.3/4.2 MB | 0.4/1.5 MB | 0.5/1.4 MB | 12/235 kB
Progress (5): 4.3/12 MB | 2.3/4.2 MB | 0.4/1.5 MB | 0.5/1.4 MB | 12/235 kB
Progress (5): 4.3/12 MB | 2.3/4.2 MB | 0.4/1.5 MB | 0.5/1.4 MB | 12/235 kB
Progress (5): 4.3/12 MB | 2.3/4.2 MB | 0.4/1.5 MB | 0.5/1.4 MB | 12/235 kB
Progress (5): 4.3/12 MB | 2.3/4.2 MB | 0.4/1.5 MB | 0.5/1.4 MB | 12/235 kB
Progress (5): 4.3/12 MB | 2.3/4.2 MB | 0.4/1.5 MB | 0.5/1.4 MB | 12/235 kB
Progress (5): 4.3/12 MB | 2.3/4.2 MB | 0.4/1.5 MB | 0.5/1.4 MB | 12/235 kB
Progress (5): 4.3/12 MB | 2.3/4.2 MB | 0.4/1.5 MB | 0.5/1.4 MB | 12/235 kB
Progress (5): 4.3/12 MB | 2.3/4.2 MB | 0.4/1.5 MB | 0.5/1.4 MB | 12/235 kB
Progress (5): 4.3/12 MB | 2.3/4.2 MB | 0.4/1.5 MB | 0.5/1.4 MB | 12/235 kB
Progress (5): 4.3/12 MB | 2.3/4.2 MB | 0.4/1.5 MB | 0.5/1.4 MB | 12/235 kB
Progress (5): 4.3/12 MB | 2.3/4.2 MB | 0.4/1.5 MB | 0.5/1.4 MB | 12/235 kB
Progress (5): 4.3/12 MB | 2.3/4.2 MB | 0.4/1.5 MB | 0.5/1.4 MB | 12/235 kB
Progress (5): 4.3/12 MB | 2.3/4.2 MB | 0.5/1.5 MB | 0.5/1.4 MB | 12/235 kB
Progress (5): 4.3/12 MB | 2.3/4.2 MB | 0.5/1.5 MB | 0.5/1.4 MB | 12/235 kB
Progress (5): 4.3/12 MB | 2.3/4.2 MB | 0.5/1.5 MB | 0.5/1.4 MB | 12/235 kB
Progress (5): 4.3/12 MB | 2.3/4.2 MB | 0.5/1.5 MB | 0.5/1.4 MB | 12/235 kB
Progress (5): 4.4/12 MB | 2.3/4.2 MB | 0.5/1.5 MB | 0.5/1.4 MB | 12/235 kB
Progress (5): 4.4/12 MB | 2.3/4.2 MB | 0.5/1.5 MB | 0.5/1.4 MB | 12/235 kB
Progress (5): 4.4/12 MB | 2.3/4.2 MB | 0.5/1.5 MB | 0.5/1.4 MB | 16/235 kB
Progress (5): 4.4/12 MB | 2.3/4.2 MB | 0.5/1.5 MB | 0.5/1.4 MB | 20/235 kB
Progress (5): 4.4/12 MB | 2.3/4.2 MB | 0.5/1.5 MB | 0.5/1.4 MB | 24/235 kB
Progress (5): 4.4/12 MB | 2.3/4.2 MB | 0.5/1.5 MB | 0.5/1.4 MB | 28/235 kB
Progress (5): 4.4/12 MB | 2.3/4.2 MB | 0.5/1.5 MB | 0.5/1.4 MB | 28/235 kB
Progress (5): 4.4/12 MB | 2.3/4.2 MB | 0.5/1.5 MB | 0.5/1.4 MB | 28/235 kB
Progress (5): 4.4/12 MB | 2.3/4.2 MB | 0.5/1.5 MB | 0.5/1.4 MB | 28/235 kB
Progress (5): 4.4/12 MB | 2.3/4.2 MB | 0.5/1.5 MB | 0.5/1.4 MB | 28/235 kB
Progress (5): 4.4/12 MB | 2.3/4.2 MB | 0.5/1.5 MB | 0.5/1.4 MB | 28/235 kB
Progress (5): 4.4/12 MB | 2.3/4.2 MB | 0.5/1.5 MB | 0.5/1.4 MB | 28/235 kB
Progress (5): 4.4/12 MB | 2.3/4.2 MB | 0.5/1.5 MB | 0.5/1.4 MB | 28/235 kB
Progress (5): 4.4/12 MB | 2.3/4.2 MB | 0.5/1.5 MB | 0.5/1.4 MB | 28/235 kB
Progress (5): 4.4/12 MB | 2.3/4.2 MB | 0.5/1.5 MB | 0.5/1.4 MB | 28/235 kB
Progress (5): 4.4/12 MB | 2.3/4.2 MB | 0.6/1.5 MB | 0.5/1.4 MB | 28/235 kB
Progress (5): 4.4/12 MB | 2.3/4.2 MB | 0.6/1.5 MB | 0.5/1.4 MB | 28/235 kB
Progress (5): 4.4/12 MB | 2.3/4.2 MB | 0.6/1.5 MB | 0.5/1.4 MB | 28/235 kB
Progress (5): 4.4/12 MB | 2.3/4.2 MB | 0.6/1.5 MB | 0.5/1.4 MB | 28/235 kB
Progress (5): 4.4/12 MB | 2.3/4.2 MB | 0.6/1.5 MB | 0.5/1.4 MB | 28/235 kB
Progress (5): 4.4/12 MB | 2.3/4.2 MB | 0.6/1.5 MB | 0.5/1.4 MB | 28/235 kB
Progress (5): 4.4/12 MB | 2.3/4.2 MB | 0.6/1.5 MB | 0.5/1.4 MB | 28/235 kB
Progress (5): 4.4/12 MB | 2.3/4.2 MB | 0.6/1.5 MB | 0.5/1.4 MB | 28/235 kB
Progress (5): 4.4/12 MB | 2.3/4.2 MB | 0.6/1.5 MB | 0.6/1.4 MB | 28/235 kB
Progress (5): 4.4/12 MB | 2.3/4.2 MB | 0.6/1.5 MB | 0.6/1.4 MB | 28/235 kB
Progress (5): 4.4/12 MB | 2.3/4.2 MB | 0.6/1.5 MB | 0.6/1.4 MB | 28/235 kB
Progress (5): 4.4/12 MB | 2.3/4.2 MB | 0.6/1.5 MB | 0.6/1.4 MB | 28/235 kB
Progress (5): 4.4/12 MB | 2.3/4.2 MB | 0.6/1.5 MB | 0.6/1.4 MB | 28/235 kB
Progress (5): 4.4/12 MB | 2.3/4.2 MB | 0.6/1.5 MB | 0.6/1.4 MB | 28/235 kB
Progress (5): 4.4/12 MB | 2.3/4.2 MB | 0.6/1.5 MB | 0.6/1.4 MB | 28/235 kB
Progress (5): 4.4/12 MB | 2.3/4.2 MB | 0.6/1.5 MB | 0.6/1.4 MB | 28/235 kB
Progress (5): 4.4/12 MB | 2.3/4.2 MB | 0.6/1.5 MB | 0.6/1.4 MB | 28/235 kB
Progress (5): 4.4/12 MB | 2.3/4.2 MB | 0.6/1.5 MB | 0.6/1.4 MB | 28/235 kB
Progress (5): 4.4/12 MB | 2.3/4.2 MB | 0.6/1.5 MB | 0.6/1.4 MB | 28/235 kB
Progress (5): 4.4/12 MB | 2.4/4.2 MB | 0.6/1.5 MB | 0.6/1.4 MB | 28/235 kB
Progress (5): 4.4/12 MB | 2.4/4.2 MB | 0.6/1.5 MB | 0.6/1.4 MB | 28/235 kB
Progress (5): 4.4/12 MB | 2.4/4.2 MB | 0.6/1.5 MB | 0.6/1.4 MB | 28/235 kB
Progress (5): 4.4/12 MB | 2.4/4.2 MB | 0.6/1.5 MB | 0.6/1.4 MB | 28/235 kB
Progress (5): 4.5/12 MB | 2.4/4.2 MB | 0.6/1.5 MB | 0.6/1.4 MB | 28/235 kB
Progress (5): 4.5/12 MB | 2.4/4.2 MB | 0.7/1.5 MB | 0.6/1.4 MB | 28/235 kB
Progress (5): 4.5/12 MB | 2.4/4.2 MB | 0.7/1.5 MB | 0.6/1.4 MB | 28/235 kB
Progress (5): 4.5/12 MB | 2.4/4.2 MB | 0.7/1.5 MB | 0.6/1.4 MB | 28/235 kB
Progress (5): 4.5/12 MB | 2.4/4.2 MB | 0.7/1.5 MB | 0.6/1.4 MB | 28/235 kB
Progress (5): 4.5/12 MB | 2.4/4.2 MB | 0.7/1.5 MB | 0.6/1.4 MB | 28/235 kB
Progress (5): 4.5/12 MB | 2.4/4.2 MB | 0.7/1.5 MB | 0.6/1.4 MB | 28/235 kB
Progress (5): 4.5/12 MB | 2.4/4.2 MB | 0.7/1.5 MB | 0.6/1.4 MB | 28/235 kB
Progress (5): 4.5/12 MB | 2.4/4.2 MB | 0.7/1.5 MB | 0.6/1.4 MB | 28/235 kB
Progress (5): 4.5/12 MB | 2.4/4.2 MB | 0.7/1.5 MB | 0.6/1.4 MB | 28/235 kB
Progress (5): 4.5/12 MB | 2.4/4.2 MB | 0.7/1.5 MB | 0.6/1.4 MB | 28/235 kB
Progress (5): 4.5/12 MB | 2.4/4.2 MB | 0.7/1.5 MB | 0.6/1.4 MB | 28/235 kB
Progress (5): 4.5/12 MB | 2.4/4.2 MB | 0.7/1.5 MB | 0.6/1.4 MB | 32/235 kB
Progress (5): 4.5/12 MB | 2.4/4.2 MB | 0.7/1.5 MB | 0.6/1.4 MB | 36/235 kB
Progress (5): 4.5/12 MB | 2.4/4.2 MB | 0.7/1.5 MB | 0.6/1.4 MB | 40/235 kB
Progress (5): 4.5/12 MB | 2.4/4.2 MB | 0.7/1.5 MB | 0.6/1.4 MB | 45/235 kB
Progress (5): 4.5/12 MB | 2.4/4.2 MB | 0.7/1.5 MB | 0.6/1.4 MB | 45/235 kB
Progress (5): 4.5/12 MB | 2.4/4.2 MB | 0.7/1.5 MB | 0.6/1.4 MB | 45/235 kB
Progress (5): 4.5/12 MB | 2.4/4.2 MB | 0.7/1.5 MB | 0.6/1.4 MB | 45/235 kB
Progress (5): 4.6/12 MB | 2.4/4.2 MB | 0.7/1.5 MB | 0.6/1.4 MB | 45/235 kB
Progress (5): 4.6/12 MB | 2.4/4.2 MB | 0.7/1.5 MB | 0.6/1.4 MB | 45/235 kB
Progress (5): 4.6/12 MB | 2.4/4.2 MB | 0.7/1.5 MB | 0.6/1.4 MB | 45/235 kB
Progress (5): 4.6/12 MB | 2.4/4.2 MB | 0.7/1.5 MB | 0.6/1.4 MB | 45/235 kB
Progress (5): 4.6/12 MB | 2.4/4.2 MB | 0.8/1.5 MB | 0.6/1.4 MB | 45/235 kB
Progress (5): 4.6/12 MB | 2.4/4.2 MB | 0.8/1.5 MB | 0.6/1.4 MB | 45/235 kB
Progress (5): 4.6/12 MB | 2.4/4.2 MB | 0.8/1.5 MB | 0.6/1.4 MB | 45/235 kB
Progress (5): 4.6/12 MB | 2.4/4.2 MB | 0.8/1.5 MB | 0.6/1.4 MB | 45/235 kB
Progress (5): 4.6/12 MB | 2.4/4.2 MB | 0.8/1.5 MB | 0.6/1.4 MB | 45/235 kB
Progress (5): 4.6/12 MB | 2.4/4.2 MB | 0.8/1.5 MB | 0.6/1.4 MB | 45/235 kB
Progress (5): 4.6/12 MB | 2.4/4.2 MB | 0.8/1.5 MB | 0.7/1.4 MB | 45/235 kB
Progress (5): 4.6/12 MB | 2.4/4.2 MB | 0.8/1.5 MB | 0.7/1.4 MB | 45/235 kB
Progress (5): 4.6/12 MB | 2.4/4.2 MB | 0.8/1.5 MB | 0.7/1.4 MB | 45/235 kB
Progress (5): 4.6/12 MB | 2.4/4.2 MB | 0.8/1.5 MB | 0.7/1.4 MB | 45/235 kB
Progress (5): 4.6/12 MB | 2.4/4.2 MB | 0.8/1.5 MB | 0.7/1.4 MB | 45/235 kB
Progress (5): 4.6/12 MB | 2.4/4.2 MB | 0.8/1.5 MB | 0.7/1.4 MB | 49/235 kB
Progress (5): 4.6/12 MB | 2.4/4.2 MB | 0.8/1.5 MB | 0.7/1.4 MB | 53/235 kB
Progress (5): 4.6/12 MB | 2.4/4.2 MB | 0.8/1.5 MB | 0.7/1.4 MB | 57/235 kB
Progress (5): 4.6/12 MB | 2.4/4.2 MB | 0.8/1.5 MB | 0.7/1.4 MB | 61/235 kB
Progress (5): 4.6/12 MB | 2.4/4.2 MB | 0.8/1.5 MB | 0.7/1.4 MB | 61/235 kB
Progress (5): 4.6/12 MB | 2.4/4.2 MB | 0.8/1.5 MB | 0.7/1.4 MB | 61/235 kB
Progress (5): 4.6/12 MB | 2.4/4.2 MB | 0.8/1.5 MB | 0.7/1.4 MB | 61/235 kB
Progress (5): 4.6/12 MB | 2.4/4.2 MB | 0.8/1.5 MB | 0.7/1.4 MB | 61/235 kB
Progress (5): 4.6/12 MB | 2.4/4.2 MB | 0.8/1.5 MB | 0.7/1.4 MB | 61/235 kB
Progress (5): 4.6/12 MB | 2.4/4.2 MB | 0.8/1.5 MB | 0.7/1.4 MB | 61/235 kB
Progress (5): 4.6/12 MB | 2.4/4.2 MB | 0.8/1.5 MB | 0.7/1.4 MB | 61/235 kB
Progress (5): 4.6/12 MB | 2.4/4.2 MB | 0.8/1.5 MB | 0.7/1.4 MB | 61/235 kB
Progress (5): 4.6/12 MB | 2.4/4.2 MB | 0.8/1.5 MB | 0.7/1.4 MB | 61/235 kB
Progress (5): 4.6/12 MB | 2.4/4.2 MB | 0.8/1.5 MB | 0.7/1.4 MB | 61/235 kB
Progress (5): 4.6/12 MB | 2.4/4.2 MB | 0.9/1.5 MB | 0.7/1.4 MB | 61/235 kB
Progress (5): 4.6/12 MB | 2.4/4.2 MB | 0.9/1.5 MB | 0.7/1.4 MB | 61/235 kB
Progress (5): 4.6/12 MB | 2.4/4.2 MB | 0.9/1.5 MB | 0.7/1.4 MB | 65/235 kB
Progress (5): 4.6/12 MB | 2.4/4.2 MB | 0.9/1.5 MB | 0.7/1.4 MB | 69/235 kB
Progress (5): 4.6/12 MB | 2.4/4.2 MB | 0.9/1.5 MB | 0.7/1.4 MB | 73/235 kB
Progress (5): 4.6/12 MB | 2.4/4.2 MB | 0.9/1.5 MB | 0.7/1.4 MB | 73/235 kB
Progress (5): 4.6/12 MB | 2.4/4.2 MB | 0.9/1.5 MB | 0.7/1.4 MB | 77/235 kB
Progress (5): 4.6/12 MB | 2.4/4.2 MB | 0.9/1.5 MB | 0.7/1.4 MB | 77/235 kB
Progress (5): 4.6/12 MB | 2.4/4.2 MB | 0.9/1.5 MB | 0.7/1.4 MB | 81/235 kB
Progress (5): 4.6/12 MB | 2.4/4.2 MB | 0.9/1.5 MB | 0.7/1.4 MB | 86/235 kB
Progress (5): 4.6/12 MB | 2.4/4.2 MB | 0.9/1.5 MB | 0.7/1.4 MB | 90/235 kB
Progress (5): 4.6/12 MB | 2.4/4.2 MB | 0.9/1.5 MB | 0.7/1.4 MB | 94/235 kB
Progress (5): 4.6/12 MB | 2.5/4.2 MB | 0.9/1.5 MB | 0.7/1.4 MB | 94/235 kB
Progress (5): 4.6/12 MB | 2.5/4.2 MB | 0.9/1.5 MB | 0.7/1.4 MB | 94/235 kB
Progress (5): 4.6/12 MB | 2.5/4.2 MB | 0.9/1.5 MB | 0.7/1.4 MB | 94/235 kB
Progress (5): 4.7/12 MB | 2.5/4.2 MB | 0.9/1.5 MB | 0.7/1.4 MB | 94/235 kB
Progress (5): 4.7/12 MB | 2.5/4.2 MB | 0.9/1.5 MB | 0.7/1.4 MB | 94/235 kB
Progress (5): 4.7/12 MB | 2.5/4.2 MB | 0.9/1.5 MB | 0.7/1.4 MB | 94/235 kB
Progress (5): 4.7/12 MB | 2.5/4.2 MB | 0.9/1.5 MB | 0.7/1.4 MB | 94/235 kB
Progress (5): 4.7/12 MB | 2.5/4.2 MB | 0.9/1.5 MB | 0.7/1.4 MB | 94/235 kB
Progress (5): 4.7/12 MB | 2.5/4.2 MB | 0.9/1.5 MB | 0.7/1.4 MB | 94/235 kB
Progress (5): 4.7/12 MB | 2.5/4.2 MB | 0.9/1.5 MB | 0.7/1.4 MB | 94/235 kB
Progress (5): 4.7/12 MB | 2.5/4.2 MB | 0.9/1.5 MB | 0.7/1.4 MB | 94/235 kB
Progress (5): 4.7/12 MB | 2.5/4.2 MB | 0.9/1.5 MB | 0.7/1.4 MB | 94/235 kB
Progress (5): 4.7/12 MB | 2.5/4.2 MB | 0.9/1.5 MB | 0.7/1.4 MB | 94/235 kB
Progress (5): 4.7/12 MB | 2.5/4.2 MB | 0.9/1.5 MB | 0.7/1.4 MB | 94/235 kB
Progress (5): 4.7/12 MB | 2.5/4.2 MB | 0.9/1.5 MB | 0.7/1.4 MB | 94/235 kB
Progress (5): 4.7/12 MB | 2.5/4.2 MB | 0.9/1.5 MB | 0.8/1.4 MB | 94/235 kB
Progress (5): 4.7/12 MB | 2.5/4.2 MB | 0.9/1.5 MB | 0.8/1.4 MB | 94/235 kB
Progress (5): 4.7/12 MB | 2.5/4.2 MB | 0.9/1.5 MB | 0.8/1.4 MB | 94/235 kB
Progress (5): 4.7/12 MB | 2.5/4.2 MB | 0.9/1.5 MB | 0.8/1.4 MB | 94/235 kB
Progress (5): 4.7/12 MB | 2.5/4.2 MB | 0.9/1.5 MB | 0.8/1.4 MB | 94/235 kB
Progress (5): 4.7/12 MB | 2.5/4.2 MB | 0.9/1.5 MB | 0.8/1.4 MB | 94/235 kB
Progress (5): 4.7/12 MB | 2.5/4.2 MB | 0.9/1.5 MB | 0.8/1.4 MB | 94/235 kB
Progress (5): 4.7/12 MB | 2.5/4.2 MB | 0.9/1.5 MB | 0.8/1.4 MB | 94/235 kB
Progress (5): 4.7/12 MB | 2.5/4.2 MB | 0.9/1.5 MB | 0.8/1.4 MB | 94/235 kB
Progress (5): 4.7/12 MB | 2.5/4.2 MB | 0.9/1.5 MB | 0.8/1.4 MB | 94/235 kB
Progress (5): 4.7/12 MB | 2.5/4.2 MB | 0.9/1.5 MB | 0.8/1.4 MB | 94/235 kB
Progress (5): 4.7/12 MB | 2.5/4.2 MB | 0.9/1.5 MB | 0.8/1.4 MB | 94/235 kB
Progress (5): 4.7/12 MB | 2.5/4.2 MB | 0.9/1.5 MB | 0.8/1.4 MB | 94/235 kB
Progress (5): 4.7/12 MB | 2.5/4.2 MB | 0.9/1.5 MB | 0.8/1.4 MB | 94/235 kB
Progress (5): 4.7/12 MB | 2.5/4.2 MB | 0.9/1.5 MB | 0.8/1.4 MB | 94/235 kB
Progress (5): 4.7/12 MB | 2.5/4.2 MB | 0.9/1.5 MB | 0.8/1.4 MB | 98/235 kB
Progress (5): 4.7/12 MB | 2.5/4.2 MB | 0.9/1.5 MB | 0.8/1.4 MB | 102/235 kB
Progress (5): 4.7/12 MB | 2.5/4.2 MB | 0.9/1.5 MB | 0.8/1.4 MB | 106/235 kB
Progress (5): 4.7/12 MB | 2.5/4.2 MB | 0.9/1.5 MB | 0.8/1.4 MB | 110/235 kB
Progress (5): 4.7/12 MB | 2.5/4.2 MB | 0.9/1.5 MB | 0.8/1.4 MB | 114/235 kB
Progress (5): 4.7/12 MB | 2.5/4.2 MB | 0.9/1.5 MB | 0.8/1.4 MB | 118/235 kB
Progress (5): 4.7/12 MB | 2.5/4.2 MB | 0.9/1.5 MB | 0.8/1.4 MB | 122/235 kB
Progress (5): 4.7/12 MB | 2.5/4.2 MB | 0.9/1.5 MB | 0.8/1.4 MB | 126/235 kB
Progress (5): 4.7/12 MB | 2.5/4.2 MB | 0.9/1.5 MB | 0.8/1.4 MB | 126/235 kB
Progress (5): 4.7/12 MB | 2.5/4.2 MB | 0.9/1.5 MB | 0.8/1.4 MB | 126/235 kB
Progress (5): 4.7/12 MB | 2.5/4.2 MB | 0.9/1.5 MB | 0.9/1.4 MB | 126/235 kB
Progress (5): 4.7/12 MB | 2.5/4.2 MB | 0.9/1.5 MB | 0.9/1.4 MB | 126/235 kB
Progress (5): 4.7/12 MB | 2.5/4.2 MB | 0.9/1.5 MB | 0.9/1.4 MB | 126/235 kB
Progress (5): 4.7/12 MB | 2.5/4.2 MB | 0.9/1.5 MB | 0.9/1.4 MB | 126/235 kB
Progress (5): 4.7/12 MB | 2.5/4.2 MB | 0.9/1.5 MB | 0.9/1.4 MB | 126/235 kB
Progress (5): 4.7/12 MB | 2.5/4.2 MB | 1.0/1.5 MB | 0.9/1.4 MB | 126/235 kB
Progress (5): 4.7/12 MB | 2.5/4.2 MB | 1.0/1.5 MB | 0.9/1.4 MB | 126/235 kB
Progress (5): 4.7/12 MB | 2.5/4.2 MB | 1.0/1.5 MB | 0.9/1.4 MB | 126/235 kB
Progress (5): 4.7/12 MB | 2.5/4.2 MB | 1.0/1.5 MB | 0.9/1.4 MB | 126/235 kB
Progress (5): 4.7/12 MB | 2.5/4.2 MB | 1.0/1.5 MB | 0.9/1.4 MB | 126/235 kB
Progress (5): 4.7/12 MB | 2.5/4.2 MB | 1.0/1.5 MB | 0.9/1.4 MB | 131/235 kB
Progress (5): 4.7/12 MB | 2.6/4.2 MB | 1.0/1.5 MB | 0.9/1.4 MB | 131/235 kB
Progress (5): 4.7/12 MB | 2.6/4.2 MB | 1.0/1.5 MB | 0.9/1.4 MB | 131/235 kB
Progress (5): 4.7/12 MB | 2.6/4.2 MB | 1.0/1.5 MB | 0.9/1.4 MB | 131/235 kB
Progress (5): 4.7/12 MB | 2.6/4.2 MB | 1.0/1.5 MB | 0.9/1.4 MB | 131/235 kB
Progress (5): 4.7/12 MB | 2.6/4.2 MB | 1.0/1.5 MB | 0.9/1.4 MB | 131/235 kB
Progress (5): 4.7/12 MB | 2.6/4.2 MB | 1.0/1.5 MB | 0.9/1.4 MB | 135/235 kB
Progress (5): 4.7/12 MB | 2.6/4.2 MB | 1.0/1.5 MB | 0.9/1.4 MB | 139/235 kB
Progress (5): 4.7/12 MB | 2.6/4.2 MB | 1.0/1.5 MB | 0.9/1.4 MB | 143/235 kB
Progress (5): 4.7/12 MB | 2.6/4.2 MB | 1.0/1.5 MB | 0.9/1.4 MB | 147/235 kB
Progress (5): 4.7/12 MB | 2.6/4.2 MB | 1.0/1.5 MB | 0.9/1.4 MB | 147/235 kB
Progress (5): 4.7/12 MB | 2.6/4.2 MB | 1.0/1.5 MB | 0.9/1.4 MB | 147/235 kB
Progress (5): 4.7/12 MB | 2.6/4.2 MB | 1.0/1.5 MB | 0.9/1.4 MB | 147/235 kB
Progress (5): 4.7/12 MB | 2.6/4.2 MB | 1.0/1.5 MB | 0.9/1.4 MB | 147/235 kB
Progress (5): 4.7/12 MB | 2.6/4.2 MB | 1.0/1.5 MB | 0.9/1.4 MB | 147/235 kB
Progress (5): 4.7/12 MB | 2.6/4.2 MB | 1.0/1.5 MB | 0.9/1.4 MB | 147/235 kB
Progress (5): 4.7/12 MB | 2.6/4.2 MB | 1.0/1.5 MB | 1.0/1.4 MB | 147/235 kB
Progress (5): 4.7/12 MB | 2.6/4.2 MB | 1.0/1.5 MB | 1.0/1.4 MB | 147/235 kB
Progress (5): 4.7/12 MB | 2.6/4.2 MB | 1.0/1.5 MB | 1.0/1.4 MB | 147/235 kB
Progress (5): 4.7/12 MB | 2.6/4.2 MB | 1.0/1.5 MB | 1.0/1.4 MB | 147/235 kB
Progress (5): 4.7/12 MB | 2.6/4.2 MB | 1.0/1.5 MB | 1.0/1.4 MB | 147/235 kB
Progress (5): 4.7/12 MB | 2.6/4.2 MB | 1.0/1.5 MB | 1.0/1.4 MB | 147/235 kB
Progress (5): 4.7/12 MB | 2.6/4.2 MB | 1.0/1.5 MB | 1.0/1.4 MB | 147/235 kB
Progress (5): 4.7/12 MB | 2.6/4.2 MB | 1.0/1.5 MB | 1.0/1.4 MB | 147/235 kB
Progress (5): 4.7/12 MB | 2.6/4.2 MB | 1.0/1.5 MB | 1.0/1.4 MB | 147/235 kB
Progress (5): 4.7/12 MB | 2.6/4.2 MB | 1.0/1.5 MB | 1.0/1.4 MB | 147/235 kB
Progress (5): 4.7/12 MB | 2.6/4.2 MB | 1.0/1.5 MB | 1.0/1.4 MB | 147/235 kB
Progress (5): 4.7/12 MB | 2.6/4.2 MB | 1.0/1.5 MB | 1.0/1.4 MB | 147/235 kB
Progress (5): 4.8/12 MB | 2.6/4.2 MB | 1.0/1.5 MB | 1.0/1.4 MB | 147/235 kB
Progress (5): 4.8/12 MB | 2.6/4.2 MB | 1.0/1.5 MB | 1.0/1.4 MB | 147/235 kB
Progress (5): 4.8/12 MB | 2.6/4.2 MB | 1.0/1.5 MB | 1.0/1.4 MB | 147/235 kB
Progress (5): 4.8/12 MB | 2.6/4.2 MB | 1.0/1.5 MB | 1.0/1.4 MB | 147/235 kB
Progress (5): 4.8/12 MB | 2.6/4.2 MB | 1.0/1.5 MB | 1.0/1.4 MB | 147/235 kB
Progress (5): 4.8/12 MB | 2.6/4.2 MB | 1.0/1.5 MB | 1.0/1.4 MB | 147/235 kB
Progress (5): 4.8/12 MB | 2.6/4.2 MB | 1.0/1.5 MB | 1.0/1.4 MB | 151/235 kB
Progress (5): 4.8/12 MB | 2.6/4.2 MB | 1.0/1.5 MB | 1.0/1.4 MB | 155/235 kB
Progress (5): 4.8/12 MB | 2.6/4.2 MB | 1.0/1.5 MB | 1.0/1.4 MB | 159/235 kB
Progress (5): 4.8/12 MB | 2.6/4.2 MB | 1.0/1.5 MB | 1.0/1.4 MB | 163/235 kB
Progress (5): 4.8/12 MB | 2.6/4.2 MB | 1.0/1.5 MB | 1.0/1.4 MB | 167/235 kB
Progress (5): 4.8/12 MB | 2.6/4.2 MB | 1.0/1.5 MB | 1.0/1.4 MB | 172/235 kB
Progress (5): 4.8/12 MB | 2.6/4.2 MB | 1.0/1.5 MB | 1.0/1.4 MB | 176/235 kB
Progress (5): 4.8/12 MB | 2.6/4.2 MB | 1.0/1.5 MB | 1.0/1.4 MB | 180/235 kB
Progress (5): 4.8/12 MB | 2.6/4.2 MB | 1.0/1.5 MB | 1.0/1.4 MB | 180/235 kB
Progress (5): 4.8/12 MB | 2.6/4.2 MB | 1.0/1.5 MB | 1.0/1.4 MB | 180/235 kB
Progress (5): 4.8/12 MB | 2.6/4.2 MB | 1.0/1.5 MB | 1.1/1.4 MB | 180/235 kB
Progress (5): 4.8/12 MB | 2.6/4.2 MB | 1.0/1.5 MB | 1.1/1.4 MB | 180/235 kB
Progress (5): 4.8/12 MB | 2.6/4.2 MB | 1.0/1.5 MB | 1.1/1.4 MB | 180/235 kB
Progress (5): 4.8/12 MB | 2.6/4.2 MB | 1.0/1.5 MB | 1.1/1.4 MB | 180/235 kB
Progress (5): 4.8/12 MB | 2.6/4.2 MB | 1.0/1.5 MB | 1.1/1.4 MB | 184/235 kB
Progress (5): 4.8/12 MB | 2.6/4.2 MB | 1.0/1.5 MB | 1.1/1.4 MB | 188/235 kB
Progress (5): 4.8/12 MB | 2.6/4.2 MB | 1.0/1.5 MB | 1.1/1.4 MB | 192/235 kB
Progress (5): 4.8/12 MB | 2.6/4.2 MB | 1.0/1.5 MB | 1.1/1.4 MB | 196/235 kB
Progress (5): 4.8/12 MB | 2.6/4.2 MB | 1.0/1.5 MB | 1.1/1.4 MB | 196/235 kB
Progress (5): 4.8/12 MB | 2.6/4.2 MB | 1.0/1.5 MB | 1.1/1.4 MB | 196/235 kB
Progress (5): 4.8/12 MB | 2.6/4.2 MB | 1.0/1.5 MB | 1.1/1.4 MB | 196/235 kB
Progress (5): 4.8/12 MB | 2.6/4.2 MB | 1.0/1.5 MB | 1.1/1.4 MB | 196/235 kB
Progress (5): 4.8/12 MB | 2.6/4.2 MB | 1.0/1.5 MB | 1.1/1.4 MB | 196/235 kB
Progress (5): 4.8/12 MB | 2.6/4.2 MB | 1.0/1.5 MB | 1.1/1.4 MB | 196/235 kB
Progress (5): 4.8/12 MB | 2.6/4.2 MB | 1.0/1.5 MB | 1.1/1.4 MB | 196/235 kB
Progress (5): 4.8/12 MB | 2.6/4.2 MB | 1.0/1.5 MB | 1.1/1.4 MB | 196/235 kB
Progress (5): 4.8/12 MB | 2.6/4.2 MB | 1.0/1.5 MB | 1.1/1.4 MB | 196/235 kB
Progress (5): 4.8/12 MB | 2.6/4.2 MB | 1.0/1.5 MB | 1.1/1.4 MB | 196/235 kB
Progress (5): 4.8/12 MB | 2.6/4.2 MB | 1.0/1.5 MB | 1.1/1.4 MB | 196/235 kB
Progress (5): 4.8/12 MB | 2.6/4.2 MB | 1.1/1.5 MB | 1.1/1.4 MB | 196/235 kB
Progress (5): 4.8/12 MB | 2.6/4.2 MB | 1.1/1.5 MB | 1.1/1.4 MB | 196/235 kB
Progress (5): 4.8/12 MB | 2.6/4.2 MB | 1.1/1.5 MB | 1.1/1.4 MB | 196/235 kB
Progress (5): 4.8/12 MB | 2.6/4.2 MB | 1.1/1.5 MB | 1.1/1.4 MB | 196/235 kB
Progress (5): 4.8/12 MB | 2.6/4.2 MB | 1.1/1.5 MB | 1.2/1.4 MB | 196/235 kB
Progress (5): 4.8/12 MB | 2.6/4.2 MB | 1.1/1.5 MB | 1.2/1.4 MB | 196/235 kB
Progress (5): 4.8/12 MB | 2.6/4.2 MB | 1.1/1.5 MB | 1.2/1.4 MB | 196/235 kB
Progress (5): 4.9/12 MB | 2.6/4.2 MB | 1.1/1.5 MB | 1.2/1.4 MB | 196/235 kB
Progress (5): 4.9/12 MB | 2.6/4.2 MB | 1.1/1.5 MB | 1.2/1.4 MB | 196/235 kB
Progress (5): 4.9/12 MB | 2.6/4.2 MB | 1.1/1.5 MB | 1.2/1.4 MB | 196/235 kB
Progress (5): 4.9/12 MB | 2.6/4.2 MB | 1.1/1.5 MB | 1.2/1.4 MB | 196/235 kB
Progress (5): 4.9/12 MB | 2.6/4.2 MB | 1.1/1.5 MB | 1.2/1.4 MB | 196/235 kB
Progress (5): 4.9/12 MB | 2.6/4.2 MB | 1.1/1.5 MB | 1.2/1.4 MB | 196/235 kB
Progress (5): 4.9/12 MB | 2.6/4.2 MB | 1.1/1.5 MB | 1.2/1.4 MB | 196/235 kB
Progress (5): 4.9/12 MB | 2.6/4.2 MB | 1.1/1.5 MB | 1.2/1.4 MB | 196/235 kB
Progress (5): 4.9/12 MB | 2.6/4.2 MB | 1.1/1.5 MB | 1.2/1.4 MB | 196/235 kB
Progress (5): 4.9/12 MB | 2.6/4.2 MB | 1.1/1.5 MB | 1.2/1.4 MB | 196/235 kB
Progress (5): 4.9/12 MB | 2.6/4.2 MB | 1.2/1.5 MB | 1.2/1.4 MB | 196/235 kB
Progress (5): 4.9/12 MB | 2.6/4.2 MB | 1.2/1.5 MB | 1.2/1.4 MB | 196/235 kB
Progress (5): 4.9/12 MB | 2.6/4.2 MB | 1.2/1.5 MB | 1.2/1.4 MB | 196/235 kB
Progress (5): 4.9/12 MB | 2.6/4.2 MB | 1.2/1.5 MB | 1.2/1.4 MB | 196/235 kB
Progress (5): 4.9/12 MB | 2.6/4.2 MB | 1.2/1.5 MB | 1.2/1.4 MB | 196/235 kB
Progress (5): 4.9/12 MB | 2.6/4.2 MB | 1.2/1.5 MB | 1.2/1.4 MB | 196/235 kB
Progress (5): 4.9/12 MB | 2.6/4.2 MB | 1.2/1.5 MB | 1.2/1.4 MB | 196/235 kB
Progress (5): 4.9/12 MB | 2.6/4.2 MB | 1.2/1.5 MB | 1.2/1.4 MB | 196/235 kB
Progress (5): 4.9/12 MB | 2.6/4.2 MB | 1.2/1.5 MB | 1.2/1.4 MB | 196/235 kB
Progress (5): 4.9/12 MB | 2.6/4.2 MB | 1.2/1.5 MB | 1.2/1.4 MB | 196/235 kB
Progress (5): 4.9/12 MB | 2.6/4.2 MB | 1.2/1.5 MB | 1.3/1.4 MB | 196/235 kB
Progress (5): 4.9/12 MB | 2.6/4.2 MB | 1.2/1.5 MB | 1.3/1.4 MB | 196/235 kB
Progress (5): 4.9/12 MB | 2.6/4.2 MB | 1.2/1.5 MB | 1.3/1.4 MB | 196/235 kB
Progress (5): 4.9/12 MB | 2.6/4.2 MB | 1.2/1.5 MB | 1.3/1.4 MB | 196/235 kB
Progress (5): 4.9/12 MB | 2.6/4.2 MB | 1.2/1.5 MB | 1.3/1.4 MB | 196/235 kB
Progress (5): 4.9/12 MB | 2.6/4.2 MB | 1.2/1.5 MB | 1.3/1.4 MB | 196/235 kB
Progress (5): 4.9/12 MB | 2.6/4.2 MB | 1.2/1.5 MB | 1.3/1.4 MB | 196/235 kB
Progress (5): 4.9/12 MB | 2.6/4.2 MB | 1.2/1.5 MB | 1.3/1.4 MB | 196/235 kB
Progress (5): 4.9/12 MB | 2.6/4.2 MB | 1.2/1.5 MB | 1.3/1.4 MB | 196/235 kB
Progress (5): 4.9/12 MB | 2.6/4.2 MB | 1.2/1.5 MB | 1.3/1.4 MB | 196/235 kB
Progress (5): 4.9/12 MB | 2.6/4.2 MB | 1.2/1.5 MB | 1.3/1.4 MB | 196/235 kB
Progress (5): 4.9/12 MB | 2.6/4.2 MB | 1.2/1.5 MB | 1.3/1.4 MB | 196/235 kB
Progress (5): 4.9/12 MB | 2.6/4.2 MB | 1.2/1.5 MB | 1.3/1.4 MB | 196/235 kB
Progress (5): 4.9/12 MB | 2.6/4.2 MB | 1.2/1.5 MB | 1.4/1.4 MB | 196/235 kB
Progress (5): 4.9/12 MB | 2.6/4.2 MB | 1.2/1.5 MB | 1.4/1.4 MB | 196/235 kB
Progress (5): 4.9/12 MB | 2.6/4.2 MB | 1.2/1.5 MB | 1.4/1.4 MB | 196/235 kB
Progress (5): 4.9/12 MB | 2.6/4.2 MB | 1.2/1.5 MB | 1.4/1.4 MB | 196/235 kB
Progress (5): 4.9/12 MB | 2.6/4.2 MB | 1.2/1.5 MB | 1.4/1.4 MB | 196/235 kB
Progress (5): 4.9/12 MB | 2.6/4.2 MB | 1.2/1.5 MB | 1.4/1.4 MB | 196/235 kB
Progress (5): 4.9/12 MB | 2.6/4.2 MB | 1.2/1.5 MB | 1.4/1.4 MB | 196/235 kB
Progress (5): 4.9/12 MB | 2.6/4.2 MB | 1.2/1.5 MB | 1.4/1.4 MB | 196/235 kB
Progress (5): 4.9/12 MB | 2.6/4.2 MB | 1.2/1.5 MB | 1.4/1.4 MB | 196/235 kB
Progress (5): 4.9/12 MB | 2.6/4.2 MB | 1.2/1.5 MB | 1.4/1.4 MB | 196/235 kB
Progress (5): 4.9/12 MB | 2.6/4.2 MB | 1.2/1.5 MB | 1.4/1.4 MB | 196/235 kB
Progress (5): 4.9/12 MB | 2.6/4.2 MB | 1.2/1.5 MB | 1.4 MB | 196/235 kB    
Progress (5): 4.9/12 MB | 2.6/4.2 MB | 1.2/1.5 MB | 1.4 MB | 196/235 kB
Progress (5): 4.9/12 MB | 2.6/4.2 MB | 1.2/1.5 MB | 1.4 MB | 196/235 kB
Progress (5): 4.9/12 MB | 2.6/4.2 MB | 1.2/1.5 MB | 1.4 MB | 196/235 kB
Progress (5): 4.9/12 MB | 2.6/4.2 MB | 1.2/1.5 MB | 1.4 MB | 196/235 kB
Progress (5): 4.9/12 MB | 2.6/4.2 MB | 1.2/1.5 MB | 1.4 MB | 196/235 kB
Progress (5): 4.9/12 MB | 2.6/4.2 MB | 1.2/1.5 MB | 1.4 MB | 196/235 kB
Progress (5): 5.0/12 MB | 2.6/4.2 MB | 1.2/1.5 MB | 1.4 MB | 196/235 kB
Progress (5): 5.0/12 MB | 2.6/4.2 MB | 1.2/1.5 MB | 1.4 MB | 196/235 kB
Progress (5): 5.0/12 MB | 2.6/4.2 MB | 1.2/1.5 MB | 1.4 MB | 196/235 kB
Progress (5): 5.0/12 MB | 2.6/4.2 MB | 1.2/1.5 MB | 1.4 MB | 196/235 kB
Progress (5): 5.0/12 MB | 2.7/4.2 MB | 1.2/1.5 MB | 1.4 MB | 196/235 kB
Progress (5): 5.0/12 MB | 2.7/4.2 MB | 1.2/1.5 MB | 1.4 MB | 196/235 kB
Progress (5): 5.0/12 MB | 2.7/4.2 MB | 1.2/1.5 MB | 1.4 MB | 196/235 kB
Progress (5): 5.0/12 MB | 2.7/4.2 MB | 1.2/1.5 MB | 1.4 MB | 196/235 kB
Progress (5): 5.0/12 MB | 2.7/4.2 MB | 1.3/1.5 MB | 1.4 MB | 196/235 kB
Progress (5): 5.0/12 MB | 2.7/4.2 MB | 1.3/1.5 MB | 1.4 MB | 196/235 kB
                                                                       
Downloaded from central: https://repo.maven.apache.org/maven2/org/springframework/data/spring-data-commons/3.2.3/spring-data-commons-3.2.3.jar (1.4 MB at 185 kB/s)
Downloading from central: https://repo.maven.apache.org/maven2/org/springframework/spring-tx/6.1.4/spring-tx-6.1.4.jar
Progress (4): 5.0/12 MB | 2.7/4.2 MB | 1.3/1.5 MB | 196/235 kB
Progress (4): 5.0/12 MB | 2.7/4.2 MB | 1.3/1.5 MB | 196/235 kB
Progress (4): 5.0/12 MB | 2.7/4.2 MB | 1.3/1.5 MB | 196/235 kB
Progress (4): 5.0/12 MB | 2.7/4.2 MB | 1.3/1.5 MB | 196/235 kB
Progress (4): 5.0/12 MB | 2.7/4.2 MB | 1.3/1.5 MB | 200/235 kB
Progress (4): 5.0/12 MB | 2.7/4.2 MB | 1.3/1.5 MB | 204/235 kB
Progress (4): 5.0/12 MB | 2.7/4.2 MB | 1.3/1.5 MB | 208/235 kB
Progress (4): 5.0/12 MB | 2.7/4.2 MB | 1.3/1.5 MB | 213/235 kB
Progress (4): 5.0/12 MB | 2.7/4.2 MB | 1.3/1.5 MB | 213/235 kB
Progress (5): 5.0/12 MB | 2.7/4.2 MB | 1.3/1.5 MB | 213/235 kB | 4.1/284 kB
Progress (5): 5.0/12 MB | 2.7/4.2 MB | 1.3/1.5 MB | 213/235 kB | 7.7/284 kB
Progress (5): 5.0/12 MB | 2.7/4.2 MB | 1.3/1.5 MB | 213/235 kB | 12/284 kB 
Progress (5): 5.0/12 MB | 2.7/4.2 MB | 1.3/1.5 MB | 213/235 kB | 16/284 kB
Progress (5): 5.0/12 MB | 2.7/4.2 MB | 1.3/1.5 MB | 213/235 kB | 20/284 kB
Progress (5): 5.0/12 MB | 2.7/4.2 MB | 1.3/1.5 MB | 213/235 kB | 24/284 kB
Progress (5): 5.0/12 MB | 2.7/4.2 MB | 1.3/1.5 MB | 213/235 kB | 28/284 kB
Progress (5): 5.0/12 MB | 2.7/4.2 MB | 1.3/1.5 MB | 213/235 kB | 32/284 kB
Progress (5): 5.0/12 MB | 2.7/4.2 MB | 1.3/1.5 MB | 213/235 kB | 36/284 kB
Progress (5): 5.0/12 MB | 2.7/4.2 MB | 1.3/1.5 MB | 213/235 kB | 40/284 kB
Progress (5): 5.0/12 MB | 2.7/4.2 MB | 1.3/1.5 MB | 213/235 kB | 45/284 kB
Progress (5): 5.0/12 MB | 2.7/4.2 MB | 1.3/1.5 MB | 213/235 kB | 49/284 kB
Progress (5): 5.0/12 MB | 2.7/4.2 MB | 1.3/1.5 MB | 213/235 kB | 53/284 kB
Progress (5): 5.0/12 MB | 2.7/4.2 MB | 1.3/1.5 MB | 213/235 kB | 57/284 kB
Progress (5): 5.0/12 MB | 2.7/4.2 MB | 1.3/1.5 MB | 213/235 kB | 61/284 kB
Progress (5): 5.0/12 MB | 2.7/4.2 MB | 1.3/1.5 MB | 213/235 kB | 65/284 kB
Progress (5): 5.0/12 MB | 2.7/4.2 MB | 1.3/1.5 MB | 213/235 kB | 69/284 kB
Progress (5): 5.0/12 MB | 2.7/4.2 MB | 1.3/1.5 MB | 213/235 kB | 73/284 kB
Progress (5): 5.0/12 MB | 2.7/4.2 MB | 1.3/1.5 MB | 213/235 kB | 77/284 kB
Progress (5): 5.0/12 MB | 2.7/4.2 MB | 1.3/1.5 MB | 213/235 kB | 81/284 kB
Progress (5): 5.0/12 MB | 2.7/4.2 MB | 1.3/1.5 MB | 213/235 kB | 86/284 kB
Progress (5): 5.0/12 MB | 2.7/4.2 MB | 1.3/1.5 MB | 213/235 kB | 90/284 kB
Progress (5): 5.0/12 MB | 2.7/4.2 MB | 1.3/1.5 MB | 213/235 kB | 94/284 kB
Progress (5): 5.0/12 MB | 2.7/4.2 MB | 1.3/1.5 MB | 213/235 kB | 98/284 kB
Progress (5): 5.0/12 MB | 2.7/4.2 MB | 1.3/1.5 MB | 213/235 kB | 102/284 kB
Progress (5): 5.0/12 MB | 2.7/4.2 MB | 1.3/1.5 MB | 213/235 kB | 106/284 kB
Progress (5): 5.0/12 MB | 2.7/4.2 MB | 1.3/1.5 MB | 213/235 kB | 110/284 kB
Progress (5): 5.1/12 MB | 2.7/4.2 MB | 1.3/1.5 MB | 213/235 kB | 110/284 kB
Progress (5): 5.1/12 MB | 2.7/4.2 MB | 1.3/1.5 MB | 213/235 kB | 110/284 kB
Progress (5): 5.1/12 MB | 2.7/4.2 MB | 1.3/1.5 MB | 213/235 kB | 110/284 kB
Progress (5): 5.1/12 MB | 2.8/4.2 MB | 1.3/1.5 MB | 213/235 kB | 110/284 kB
Progress (5): 5.1/12 MB | 2.8/4.2 MB | 1.3/1.5 MB | 213/235 kB | 110/284 kB
Progress (5): 5.1/12 MB | 2.8/4.2 MB | 1.3/1.5 MB | 213/235 kB | 110/284 kB
Progress (5): 5.1/12 MB | 2.8/4.2 MB | 1.3/1.5 MB | 213/235 kB | 114/284 kB
Progress (5): 5.1/12 MB | 2.8/4.2 MB | 1.3/1.5 MB | 213/235 kB | 118/284 kB
Progress (5): 5.1/12 MB | 2.8/4.2 MB | 1.3/1.5 MB | 213/235 kB | 122/284 kB
Progress (5): 5.1/12 MB | 2.8/4.2 MB | 1.3/1.5 MB | 213/235 kB | 126/284 kB
Progress (5): 5.1/12 MB | 2.8/4.2 MB | 1.3/1.5 MB | 213/235 kB | 131/284 kB
Progress (5): 5.1/12 MB | 2.8/4.2 MB | 1.3/1.5 MB | 213/235 kB | 135/284 kB
Progress (5): 5.1/12 MB | 2.8/4.2 MB | 1.3/1.5 MB | 213/235 kB | 139/284 kB
Progress (5): 5.1/12 MB | 2.8/4.2 MB | 1.3/1.5 MB | 213/235 kB | 143/284 kB
Progress (5): 5.1/12 MB | 2.8/4.2 MB | 1.3/1.5 MB | 213/235 kB | 147/284 kB
Progress (5): 5.1/12 MB | 2.8/4.2 MB | 1.3/1.5 MB | 213/235 kB | 151/284 kB
Progress (5): 5.1/12 MB | 2.8/4.2 MB | 1.3/1.5 MB | 213/235 kB | 155/284 kB
Progress (5): 5.1/12 MB | 2.8/4.2 MB | 1.3/1.5 MB | 213/235 kB | 159/284 kB
Progress (5): 5.1/12 MB | 2.8/4.2 MB | 1.3/1.5 MB | 217/235 kB | 159/284 kB
Progress (5): 5.1/12 MB | 2.8/4.2 MB | 1.3/1.5 MB | 221/235 kB | 159/284 kB
Progress (5): 5.1/12 MB | 2.8/4.2 MB | 1.3/1.5 MB | 225/235 kB | 159/284 kB
Progress (5): 5.1/12 MB | 2.8/4.2 MB | 1.3/1.5 MB | 229/235 kB | 159/284 kB
Progress (5): 5.1/12 MB | 2.8/4.2 MB | 1.3/1.5 MB | 233/235 kB | 159/284 kB
Progress (5): 5.1/12 MB | 2.8/4.2 MB | 1.3/1.5 MB | 235 kB | 159/284 kB    
Progress (5): 5.1/12 MB | 2.8/4.2 MB | 1.3/1.5 MB | 235 kB | 163/284 kB
Progress (5): 5.1/12 MB | 2.8/4.2 MB | 1.3/1.5 MB | 235 kB | 167/284 kB
Progress (5): 5.1/12 MB | 2.8/4.2 MB | 1.3/1.5 MB | 235 kB | 172/284 kB
Progress (5): 5.1/12 MB | 2.8/4.2 MB | 1.3/1.5 MB | 235 kB | 176/284 kB
Progress (5): 5.1/12 MB | 2.8/4.2 MB | 1.3/1.5 MB | 235 kB | 180/284 kB
Progress (5): 5.1/12 MB | 2.8/4.2 MB | 1.3/1.5 MB | 235 kB | 184/284 kB
Progress (5): 5.1/12 MB | 2.8/4.2 MB | 1.3/1.5 MB | 235 kB | 188/284 kB
Progress (5): 5.1/12 MB | 2.8/4.2 MB | 1.3/1.5 MB | 235 kB | 192/284 kB
Progress (5): 5.1/12 MB | 2.8/4.2 MB | 1.3/1.5 MB | 235 kB | 196/284 kB
Progress (5): 5.1/12 MB | 2.8/4.2 MB | 1.3/1.5 MB | 235 kB | 200/284 kB
Progress (5): 5.1/12 MB | 2.8/4.2 MB | 1.3/1.5 MB | 235 kB | 204/284 kB
Progress (5): 5.1/12 MB | 2.8/4.2 MB | 1.3/1.5 MB | 235 kB | 208/284 kB
Progress (5): 5.1/12 MB | 2.8/4.2 MB | 1.3/1.5 MB | 235 kB | 213/284 kB
Progress (5): 5.1/12 MB | 2.8/4.2 MB | 1.3/1.5 MB | 235 kB | 217/284 kB
Progress (5): 5.1/12 MB | 2.8/4.2 MB | 1.3/1.5 MB | 235 kB | 221/284 kB
Progress (5): 5.1/12 MB | 2.8/4.2 MB | 1.3/1.5 MB | 235 kB | 225/284 kB
Progress (5): 5.1/12 MB | 2.8/4.2 MB | 1.3/1.5 MB | 235 kB | 229/284 kB
Progress (5): 5.1/12 MB | 2.8/4.2 MB | 1.3/1.5 MB | 235 kB | 233/284 kB
Progress (5): 5.1/12 MB | 2.8/4.2 MB | 1.3/1.5 MB | 235 kB | 237/284 kB
Progress (5): 5.1/12 MB | 2.8/4.2 MB | 1.3/1.5 MB | 235 kB | 241/284 kB
Progress (5): 5.1/12 MB | 2.8/4.2 MB | 1.3/1.5 MB | 235 kB | 241/284 kB
Progress (5): 5.1/12 MB | 2.8/4.2 MB | 1.3/1.5 MB | 235 kB | 241/284 kB
Progress (5): 5.1/12 MB | 2.8/4.2 MB | 1.3/1.5 MB | 235 kB | 241/284 kB
Progress (5): 5.1/12 MB | 2.8/4.2 MB | 1.3/1.5 MB | 235 kB | 241/284 kB
Progress (5): 5.1/12 MB | 2.8/4.2 MB | 1.3/1.5 MB | 235 kB | 241/284 kB
Progress (5): 5.1/12 MB | 2.8/4.2 MB | 1.3/1.5 MB | 235 kB | 241/284 kB
Progress (5): 5.1/12 MB | 2.8/4.2 MB | 1.3/1.5 MB | 235 kB | 245/284 kB
Progress (5): 5.1/12 MB | 2.8/4.2 MB | 1.3/1.5 MB | 235 kB | 249/284 kB
Progress (5): 5.1/12 MB | 2.8/4.2 MB | 1.3/1.5 MB | 235 kB | 253/284 kB
Progress (5): 5.1/12 MB | 2.8/4.2 MB | 1.3/1.5 MB | 235 kB | 258/284 kB
Progress (5): 5.1/12 MB | 2.8/4.2 MB | 1.3/1.5 MB | 235 kB | 262/284 kB
Progress (5): 5.1/12 MB | 2.8/4.2 MB | 1.3/1.5 MB | 235 kB | 266/284 kB
Progress (5): 5.1/12 MB | 2.8/4.2 MB | 1.3/1.5 MB | 235 kB | 270/284 kB
Progress (5): 5.1/12 MB | 2.8/4.2 MB | 1.3/1.5 MB | 235 kB | 274/284 kB
Progress (5): 5.1/12 MB | 2.8/4.2 MB | 1.3/1.5 MB | 235 kB | 274/284 kB
                                                                       
Downloaded from central: https://repo.maven.apache.org/maven2/org/springframework/spring-orm/6.1.4/spring-orm-6.1.4.jar (235 kB at 28 kB/s)
Downloading from central: https://repo.maven.apache.org/maven2/org/springframework/spring-core/6.1.4/spring-core-6.1.4.jar
Progress (4): 5.1/12 MB | 2.8/4.2 MB | 1.4/1.5 MB | 274/284 kB
Progress (4): 5.1/12 MB | 2.8/4.2 MB | 1.4/1.5 MB | 274/284 kB
Progress (4): 5.1/12 MB | 2.8/4.2 MB | 1.4/1.5 MB | 278/284 kB
Progress (4): 5.1/12 MB | 2.8/4.2 MB | 1.4/1.5 MB | 282/284 kB
Progress (4): 5.1/12 MB | 2.8/4.2 MB | 1.4/1.5 MB | 284 kB    
Progress (4): 5.1/12 MB | 2.8/4.2 MB | 1.4/1.5 MB | 284 kB
Progress (4): 5.1/12 MB | 2.8/4.2 MB | 1.4/1.5 MB | 284 kB
Progress (4): 5.2/12 MB | 2.8/4.2 MB | 1.4/1.5 MB | 284 kB
Progress (4): 5.2/12 MB | 2.8/4.2 MB | 1.4/1.5 MB | 284 kB
Progress (4): 5.2/12 MB | 2.8/4.2 MB | 1.4/1.5 MB | 284 kB
Progress (4): 5.2/12 MB | 2.8/4.2 MB | 1.4/1.5 MB | 284 kB
Progress (5): 5.2/12 MB | 2.8/4.2 MB | 1.4/1.5 MB | 284 kB | 0/1.9 MB
Progress (5): 5.2/12 MB | 2.8/4.2 MB | 1.4/1.5 MB | 284 kB | 0/1.9 MB
Progress (5): 5.2/12 MB | 2.8/4.2 MB | 1.4/1.5 MB | 284 kB | 0/1.9 MB
Progress (5): 5.2/12 MB | 2.8/4.2 MB | 1.4/1.5 MB | 284 kB | 0/1.9 MB
Progress (5): 5.2/12 MB | 2.8/4.2 MB | 1.4/1.5 MB | 284 kB | 0/1.9 MB
Progress (5): 5.2/12 MB | 2.8/4.2 MB | 1.4/1.5 MB | 284 kB | 0/1.9 MB
Progress (5): 5.2/12 MB | 2.8/4.2 MB | 1.4/1.5 MB | 284 kB | 0/1.9 MB
Progress (5): 5.3/12 MB | 2.8/4.2 MB | 1.4/1.5 MB | 284 kB | 0/1.9 MB
Progress (5): 5.3/12 MB | 2.8/4.2 MB | 1.4/1.5 MB | 284 kB | 0/1.9 MB
Progress (5): 5.3/12 MB | 2.8/4.2 MB | 1.4/1.5 MB | 284 kB | 0/1.9 MB
Progress (5): 5.3/12 MB | 2.9/4.2 MB | 1.4/1.5 MB | 284 kB | 0/1.9 MB
                                                                     
Downloaded from central: https://repo.maven.apache.org/maven2/org/springframework/spring-tx/6.1.4/spring-tx-6.1.4.jar (284 kB at 34 kB/s)
Downloading from central: https://repo.maven.apache.org/maven2/org/springframework/spring-jcl/6.1.4/spring-jcl-6.1.4.jar
Progress (4): 5.3/12 MB | 2.9/4.2 MB | 1.4/1.5 MB | 0.1/1.9 MB
Progress (4): 5.3/12 MB | 2.9/4.2 MB | 1.4/1.5 MB | 0.1/1.9 MB
Progress (4): 5.3/12 MB | 2.9/4.2 MB | 1.4/1.5 MB | 0.1/1.9 MB
Progress (4): 5.3/12 MB | 2.9/4.2 MB | 1.4/1.5 MB | 0.1/1.9 MB
Progress (4): 5.3/12 MB | 2.9/4.2 MB | 1.4/1.5 MB | 0.1/1.9 MB
Progress (4): 5.3/12 MB | 2.9/4.2 MB | 1.4/1.5 MB | 0.1/1.9 MB
Progress (4): 5.3/12 MB | 2.9/4.2 MB | 1.4/1.5 MB | 0.1/1.9 MB
Progress (4): 5.3/12 MB | 2.9/4.2 MB | 1.4/1.5 MB | 0.1/1.9 MB
Progress (4): 5.3/12 MB | 2.9/4.2 MB | 1.4/1.5 MB | 0.1/1.9 MB
Progress (4): 5.3/12 MB | 2.9/4.2 MB | 1.4/1.5 MB | 0.1/1.9 MB
Progress (4): 5.3/12 MB | 2.9/4.2 MB | 1.4/1.5 MB | 0.1/1.9 MB
Progress (4): 5.3/12 MB | 2.9/4.2 MB | 1.4/1.5 MB | 0.1/1.9 MB
Progress (4): 5.3/12 MB | 2.9/4.2 MB | 1.4/1.5 MB | 0.1/1.9 MB
Progress (4): 5.3/12 MB | 2.9/4.2 MB | 1.5/1.5 MB | 0.1/1.9 MB
Progress (4): 5.3/12 MB | 2.9/4.2 MB | 1.5/1.5 MB | 0.1/1.9 MB
Progress (4): 5.3/12 MB | 2.9/4.2 MB | 1.5/1.5 MB | 0.1/1.9 MB
Progress (4): 5.3/12 MB | 2.9/4.2 MB | 1.5/1.5 MB | 0.1/1.9 MB
Progress (4): 5.3/12 MB | 2.9/4.2 MB | 1.5/1.5 MB | 0.1/1.9 MB
Progress (4): 5.3/12 MB | 2.9/4.2 MB | 1.5/1.5 MB | 0.2/1.9 MB
Progress (4): 5.3/12 MB | 2.9/4.2 MB | 1.5/1.5 MB | 0.2/1.9 MB
Progress (4): 5.3/12 MB | 2.9/4.2 MB | 1.5/1.5 MB | 0.2/1.9 MB
Progress (4): 5.3/12 MB | 2.9/4.2 MB | 1.5/1.5 MB | 0.2/1.9 MB
Progress (4): 5.3/12 MB | 2.9/4.2 MB | 1.5/1.5 MB | 0.2/1.9 MB
Progress (4): 5.3/12 MB | 2.9/4.2 MB | 1.5/1.5 MB | 0.2/1.9 MB
Progress (5): 5.3/12 MB | 2.9/4.2 MB | 1.5/1.5 MB | 0.2/1.9 MB | 4.1/25 kB
Progress (5): 5.3/12 MB | 2.9/4.2 MB | 1.5/1.5 MB | 0.2/1.9 MB | 7.7/25 kB
Progress (5): 5.3/12 MB | 2.9/4.2 MB | 1.5/1.5 MB | 0.2/1.9 MB | 12/25 kB 
Progress (5): 5.3/12 MB | 2.9/4.2 MB | 1.5/1.5 MB | 0.2/1.9 MB | 16/25 kB
Progress (5): 5.3/12 MB | 2.9/4.2 MB | 1.5/1.5 MB | 0.2/1.9 MB | 16/25 kB
Progress (5): 5.3/12 MB | 2.9/4.2 MB | 1.5/1.5 MB | 0.2/1.9 MB | 16/25 kB
Progress (5): 5.3/12 MB | 2.9/4.2 MB | 1.5/1.5 MB | 0.2/1.9 MB | 16/25 kB
Progress (5): 5.3/12 MB | 2.9/4.2 MB | 1.5/1.5 MB | 0.2/1.9 MB | 16/25 kB
Progress (5): 5.3/12 MB | 2.9/4.2 MB | 1.5/1.5 MB | 0.2/1.9 MB | 20/25 kB
Progress (5): 5.3/12 MB | 2.9/4.2 MB | 1.5/1.5 MB | 0.2/1.9 MB | 24/25 kB
Progress (5): 5.3/12 MB | 2.9/4.2 MB | 1.5/1.5 MB | 0.2/1.9 MB | 25 kB   
Progress (5): 5.4/12 MB | 2.9/4.2 MB | 1.5/1.5 MB | 0.2/1.9 MB | 25 kB
Progress (5): 5.4/12 MB | 2.9/4.2 MB | 1.5/1.5 MB | 0.2/1.9 MB | 25 kB
Progress (5): 5.4/12 MB | 2.9/4.2 MB | 1.5/1.5 MB | 0.2/1.9 MB | 25 kB
Progress (5): 5.4/12 MB | 2.9/4.2 MB | 1.5/1.5 MB | 0.2/1.9 MB | 25 kB
Progress (5): 5.4/12 MB | 2.9/4.2 MB | 1.5/1.5 MB | 0.2/1.9 MB | 25 kB
Progress (5): 5.4/12 MB | 2.9/4.2 MB | 1.5/1.5 MB | 0.2/1.9 MB | 25 kB
Progress (5): 5.4/12 MB | 2.9/4.2 MB | 1.5/1.5 MB | 0.2/1.9 MB | 25 kB
Progress (5): 5.4/12 MB | 2.9/4.2 MB | 1.5/1.5 MB | 0.2/1.9 MB | 25 kB
Progress (5): 5.4/12 MB | 2.9/4.2 MB | 1.5/1.5 MB | 0.2/1.9 MB | 25 kB
Progress (5): 5.4/12 MB | 2.9/4.2 MB | 1.5/1.5 MB | 0.2/1.9 MB | 25 kB
Progress (5): 5.4/12 MB | 2.9/4.2 MB | 1.5/1.5 MB | 0.2/1.9 MB | 25 kB
Progress (5): 5.4/12 MB | 2.9/4.2 MB | 1.5/1.5 MB | 0.3/1.9 MB | 25 kB
Progress (5): 5.4/12 MB | 2.9/4.2 MB | 1.5 MB | 0.3/1.9 MB | 25 kB    
Progress (5): 5.4/12 MB | 2.9/4.2 MB | 1.5 MB | 0.3/1.9 MB | 25 kB
Progress (5): 5.4/12 MB | 2.9/4.2 MB | 1.5 MB | 0.3/1.9 MB | 25 kB
Progress (5): 5.4/12 MB | 2.9/4.2 MB | 1.5 MB | 0.3/1.9 MB | 25 kB
Progress (5): 5.4/12 MB | 2.9/4.2 MB | 1.5 MB | 0.3/1.9 MB | 25 kB
Progress (5): 5.4/12 MB | 2.9/4.2 MB | 1.5 MB | 0.3/1.9 MB | 25 kB
Progress (5): 5.4/12 MB | 2.9/4.2 MB | 1.5 MB | 0.3/1.9 MB | 25 kB
Progress (5): 5.4/12 MB | 2.9/4.2 MB | 1.5 MB | 0.3/1.9 MB | 25 kB
                                                                  
Downloaded from central: https://repo.maven.apache.org/maven2/org/springframework/spring-jcl/6.1.4/spring-jcl-6.1.4.jar (25 kB at 2.8 kB/s)
Downloading from central: https://repo.maven.apache.org/maven2/jakarta/annotation/jakarta.annotation-api/2.1.1/jakarta.annotation-api-2.1.1.jar
Progress (4): 5.4/12 MB | 2.9/4.2 MB | 1.5 MB | 0.3/1.9 MB
Progress (4): 5.4/12 MB | 2.9/4.2 MB | 1.5 MB | 0.3/1.9 MB
Progress (4): 5.4/12 MB | 2.9/4.2 MB | 1.5 MB | 0.3/1.9 MB
Progress (4): 5.4/12 MB | 2.9/4.2 MB | 1.5 MB | 0.3/1.9 MB
Progress (4): 5.4/12 MB | 2.9/4.2 MB | 1.5 MB | 0.3/1.9 MB
Progress (4): 5.4/12 MB | 2.9/4.2 MB | 1.5 MB | 0.3/1.9 MB
                                                          
Downloaded from central: https://repo.maven.apache.org/maven2/org/springframework/data/spring-data-jpa/3.2.3/spring-data-jpa-3.2.3.jar (1.5 MB at 173 kB/s)
Downloading from central: https://repo.maven.apache.org/maven2/org/slf4j/slf4j-api/2.0.12/slf4j-api-2.0.12.jar
Progress (3): 5.5/12 MB | 2.9/4.2 MB | 0.3/1.9 MB
Progress (3): 5.5/12 MB | 2.9/4.2 MB | 0.4/1.9 MB
Progress (3): 5.5/12 MB | 2.9/4.2 MB | 0.4/1.9 MB
Progress (3): 5.5/12 MB | 3.0/4.2 MB | 0.4/1.9 MB
Progress (3): 5.5/12 MB | 3.0/4.2 MB | 0.4/1.9 MB
Progress (3): 5.5/12 MB | 3.0/4.2 MB | 0.4/1.9 MB
Progress (3): 5.5/12 MB | 3.0/4.2 MB | 0.4/1.9 MB
Progress (3): 5.5/12 MB | 3.0/4.2 MB | 0.4/1.9 MB
Progress (3): 5.5/12 MB | 3.0/4.2 MB | 0.4/1.9 MB
Progress (3): 5.5/12 MB | 3.0/4.2 MB | 0.4/1.9 MB
Progress (4): 5.5/12 MB | 3.0/4.2 MB | 0.4/1.9 MB | 4.1/26 kB
Progress (4): 5.5/12 MB | 3.0/4.2 MB | 0.4/1.9 MB | 7.7/26 kB
Progress (4): 5.5/12 MB | 3.0/4.2 MB | 0.4/1.9 MB | 12/26 kB 
Progress (4): 5.5/12 MB | 3.0/4.2 MB | 0.4/1.9 MB | 16/26 kB
Progress (4): 5.5/12 MB | 3.0/4.2 MB | 0.4/1.9 MB | 20/26 kB
Progress (4): 5.5/12 MB | 3.0/4.2 MB | 0.4/1.9 MB | 24/26 kB
Progress (4): 5.5/12 MB | 3.0/4.2 MB | 0.4/1.9 MB | 26 kB   
Progress (5): 5.5/12 MB | 3.0/4.2 MB | 0.4/1.9 MB | 26 kB | 4.1/68 kB
Progress (5): 5.5/12 MB | 3.0/4.2 MB | 0.4/1.9 MB | 26 kB | 7.7/68 kB
Progress (5): 5.6/12 MB | 3.0/4.2 MB | 0.4/1.9 MB | 26 kB | 7.7/68 kB
Progress (5): 5.6/12 MB | 3.0/4.2 MB | 0.4/1.9 MB | 26 kB | 7.7/68 kB
Progress (5): 5.6/12 MB | 3.0/4.2 MB | 0.4/1.9 MB | 26 kB | 7.7/68 kB
Progress (5): 5.6/12 MB | 3.0/4.2 MB | 0.4/1.9 MB | 26 kB | 7.7/68 kB
Progress (5): 5.6/12 MB | 3.0/4.2 MB | 0.4/1.9 MB | 26 kB | 7.7/68 kB
Progress (5): 5.6/12 MB | 3.0/4.2 MB | 0.4/1.9 MB | 26 kB | 7.7/68 kB
Progress (5): 5.6/12 MB | 3.0/4.2 MB | 0.5/1.9 MB | 26 kB | 7.7/68 kB
Progress (5): 5.6/12 MB | 3.0/4.2 MB | 0.5/1.9 MB | 26 kB | 7.7/68 kB
Progress (5): 5.6/12 MB | 3.0/4.2 MB | 0.5/1.9 MB | 26 kB | 7.7/68 kB
Progress (5): 5.6/12 MB | 3.0/4.2 MB | 0.5/1.9 MB | 26 kB | 7.7/68 kB
Progress (5): 5.6/12 MB | 3.0/4.2 MB | 0.5/1.9 MB | 26 kB | 12/68 kB 
Progress (5): 5.6/12 MB | 3.0/4.2 MB | 0.5/1.9 MB | 26 kB | 16/68 kB
Progress (5): 5.6/12 MB | 3.0/4.2 MB | 0.5/1.9 MB | 26 kB | 20/68 kB
Progress (5): 5.6/12 MB | 3.0/4.2 MB | 0.5/1.9 MB | 26 kB | 24/68 kB
Progress (5): 5.6/12 MB | 3.0/4.2 MB | 0.5/1.9 MB | 26 kB | 28/68 kB
Progress (5): 5.6/12 MB | 3.0/4.2 MB | 0.5/1.9 MB | 26 kB | 32/68 kB
Progress (5): 5.6/12 MB | 3.0/4.2 MB | 0.5/1.9 MB | 26 kB | 36/68 kB
Progress (5): 5.6/12 MB | 3.0/4.2 MB | 0.5/1.9 MB | 26 kB | 40/68 kB
Progress (5): 5.6/12 MB | 3.0/4.2 MB | 0.5/1.9 MB | 26 kB | 40/68 kB
Progress (5): 5.6/12 MB | 3.0/4.2 MB | 0.5/1.9 MB | 26 kB | 40/68 kB
Progress (5): 5.6/12 MB | 3.0/4.2 MB | 0.5/1.9 MB | 26 kB | 40/68 kB
Progress (5): 5.6/12 MB | 3.0/4.2 MB | 0.5/1.9 MB | 26 kB | 40/68 kB
                                                                    
Downloaded from central: https://repo.maven.apache.org/maven2/jakarta/annotation/jakarta.annotation-api/2.1.1/jakarta.annotation-api-2.1.1.jar (26 kB at 2.9 kB/s)
Downloading from central: https://repo.maven.apache.org/maven2/org/springframework/spring-aspects/6.1.4/spring-aspects-6.1.4.jar
Progress (4): 5.6/12 MB | 3.0/4.2 MB | 0.5/1.9 MB | 40/68 kB
Progress (4): 5.6/12 MB | 3.0/4.2 MB | 0.5/1.9 MB | 40/68 kB
Progress (4): 5.6/12 MB | 3.0/4.2 MB | 0.5/1.9 MB | 40/68 kB
Progress (4): 5.6/12 MB | 3.0/4.2 MB | 0.5/1.9 MB | 40/68 kB
Progress (4): 5.6/12 MB | 3.0/4.2 MB | 0.5/1.9 MB | 40/68 kB
Progress (4): 5.6/12 MB | 3.0/4.2 MB | 0.5/1.9 MB | 40/68 kB
Progress (4): 5.6/12 MB | 3.0/4.2 MB | 0.5/1.9 MB | 40/68 kB
Progress (4): 5.6/12 MB | 3.0/4.2 MB | 0.6/1.9 MB | 40/68 kB
Progress (4): 5.6/12 MB | 3.0/4.2 MB | 0.6/1.9 MB | 45/68 kB
Progress (4): 5.6/12 MB | 3.0/4.2 MB | 0.6/1.9 MB | 49/68 kB
Progress (4): 5.6/12 MB | 3.0/4.2 MB | 0.6/1.9 MB | 53/68 kB
Progress (4): 5.6/12 MB | 3.0/4.2 MB | 0.6/1.9 MB | 57/68 kB
Progress (4): 5.7/12 MB | 3.0/4.2 MB | 0.6/1.9 MB | 57/68 kB
Progress (4): 5.7/12 MB | 3.0/4.2 MB | 0.6/1.9 MB | 57/68 kB
Progress (4): 5.7/12 MB | 3.0/4.2 MB | 0.6/1.9 MB | 57/68 kB
Progress (4): 5.7/12 MB | 3.0/4.2 MB | 0.6/1.9 MB | 57/68 kB
Progress (4): 5.7/12 MB | 3.1/4.2 MB | 0.6/1.9 MB | 57/68 kB
Progress (4): 5.7/12 MB | 3.1/4.2 MB | 0.6/1.9 MB | 57/68 kB
Progress (4): 5.7/12 MB | 3.1/4.2 MB | 0.6/1.9 MB | 57/68 kB
Progress (4): 5.7/12 MB | 3.1/4.2 MB | 0.6/1.9 MB | 61/68 kB
Progress (4): 5.7/12 MB | 3.1/4.2 MB | 0.6/1.9 MB | 65/68 kB
Progress (4): 5.7/12 MB | 3.1/4.2 MB | 0.6/1.9 MB | 68 kB   
Progress (5): 5.7/12 MB | 3.1/4.2 MB | 0.6/1.9 MB | 68 kB | 4.1/50 kB
Progress (5): 5.7/12 MB | 3.1/4.2 MB | 0.6/1.9 MB | 68 kB | 7.7/50 kB
Progress (5): 5.7/12 MB | 3.1/4.2 MB | 0.6/1.9 MB | 68 kB | 12/50 kB 
Progress (5): 5.7/12 MB | 3.1/4.2 MB | 0.6/1.9 MB | 68 kB | 16/50 kB
Progress (5): 5.7/12 MB | 3.1/4.2 MB | 0.6/1.9 MB | 68 kB | 20/50 kB
Progress (5): 5.7/12 MB | 3.1/4.2 MB | 0.6/1.9 MB | 68 kB | 24/50 kB
Progress (5): 5.7/12 MB | 3.1/4.2 MB | 0.6/1.9 MB | 68 kB | 28/50 kB
Progress (5): 5.7/12 MB | 3.1/4.2 MB | 0.6/1.9 MB | 68 kB | 32/50 kB
Progress (5): 5.7/12 MB | 3.1/4.2 MB | 0.6/1.9 MB | 68 kB | 36/50 kB
Progress (5): 5.7/12 MB | 3.1/4.2 MB | 0.6/1.9 MB | 68 kB | 40/50 kB
Progress (5): 5.7/12 MB | 3.1/4.2 MB | 0.6/1.9 MB | 68 kB | 44/50 kB
Progress (5): 5.7/12 MB | 3.1/4.2 MB | 0.6/1.9 MB | 68 kB | 48/50 kB
Progress (5): 5.7/12 MB | 3.1/4.2 MB | 0.6/1.9 MB | 68 kB | 48/50 kB
Progress (5): 5.7/12 MB | 3.1/4.2 MB | 0.6/1.9 MB | 68 kB | 48/50 kB
Progress (5): 5.7/12 MB | 3.1/4.2 MB | 0.6/1.9 MB | 68 kB | 48/50 kB
Progress (5): 5.7/12 MB | 3.1/4.2 MB | 0.6/1.9 MB | 68 kB | 48/50 kB
Progress (5): 5.7/12 MB | 3.1/4.2 MB | 0.6/1.9 MB | 68 kB | 48/50 kB
Progress (5): 5.7/12 MB | 3.1/4.2 MB | 0.6/1.9 MB | 68 kB | 48/50 kB
Progress (5): 5.7/12 MB | 3.1/4.2 MB | 0.6/1.9 MB | 68 kB | 48/50 kB
Progress (5): 5.7/12 MB | 3.1/4.2 MB | 0.7/1.9 MB | 68 kB | 48/50 kB
Progress (5): 5.7/12 MB | 3.1/4.2 MB | 0.7/1.9 MB | 68 kB | 48/50 kB
Progress (5): 5.7/12 MB | 3.1/4.2 MB | 0.7/1.9 MB | 68 kB | 48/50 kB
Progress (5): 5.7/12 MB | 3.1/4.2 MB | 0.7/1.9 MB | 68 kB | 50 kB   
Progress (5): 5.7/12 MB | 3.1/4.2 MB | 0.7/1.9 MB | 68 kB | 50 kB
Progress (5): 5.7/12 MB | 3.1/4.2 MB | 0.7/1.9 MB | 68 kB | 50 kB
                                                                 
Downloaded from central: https://repo.maven.apache.org/maven2/org/slf4j/slf4j-api/2.0.12/slf4j-api-2.0.12.jar (68 kB at 7.4 kB/s)
Downloading from central: https://repo.maven.apache.org/maven2/org/springframework/boot/spring-boot-starter-web/3.2.3/spring-boot-starter-web-3.2.3.jar
Progress (4): 5.7/12 MB | 3.1/4.2 MB | 0.7/1.9 MB | 50 kB
Progress (4): 5.7/12 MB | 3.1/4.2 MB | 0.7/1.9 MB | 50 kB
Progress (4): 5.7/12 MB | 3.1/4.2 MB | 0.7/1.9 MB | 50 kB
Progress (4): 5.8/12 MB | 3.1/4.2 MB | 0.7/1.9 MB | 50 kB
Progress (4): 5.8/12 MB | 3.1/4.2 MB | 0.7/1.9 MB | 50 kB
Progress (4): 5.8/12 MB | 3.1/4.2 MB | 0.7/1.9 MB | 50 kB
Progress (4): 5.8/12 MB | 3.1/4.2 MB | 0.7/1.9 MB | 50 kB
Progress (4): 5.8/12 MB | 3.1/4.2 MB | 0.7/1.9 MB | 50 kB
Progress (4): 5.8/12 MB | 3.1/4.2 MB | 0.7/1.9 MB | 50 kB
Progress (4): 5.8/12 MB | 3.1/4.2 MB | 0.7/1.9 MB | 50 kB
Progress (4): 5.8/12 MB | 3.1/4.2 MB | 0.7/1.9 MB | 50 kB
Progress (4): 5.8/12 MB | 3.1/4.2 MB | 0.8/1.9 MB | 50 kB
Progress (4): 5.8/12 MB | 3.1/4.2 MB | 0.8/1.9 MB | 50 kB
Progress (4): 5.8/12 MB | 3.1/4.2 MB | 0.8/1.9 MB | 50 kB
                                                         
Downloaded from central: https://repo.maven.apache.org/maven2/org/springframework/spring-aspects/6.1.4/spring-aspects-6.1.4.jar (50 kB at 5.3 kB/s)
Downloading from central: https://repo.maven.apache.org/maven2/org/springframework/boot/spring-boot-starter/3.2.3/spring-boot-starter-3.2.3.jar
Progress (3): 5.8/12 MB | 3.1/4.2 MB | 0.8/1.9 MB
Progress (3): 5.8/12 MB | 3.1/4.2 MB | 0.8/1.9 MB
Progress (3): 5.8/12 MB | 3.1/4.2 MB | 0.8/1.9 MB
Progress (3): 5.8/12 MB | 3.1/4.2 MB | 0.8/1.9 MB
Progress (3): 5.8/12 MB | 3.1/4.2 MB | 0.8/1.9 MB
Progress (3): 5.8/12 MB | 3.1/4.2 MB | 0.8/1.9 MB
Progress (3): 5.8/12 MB | 3.1/4.2 MB | 0.8/1.9 MB
Progress (3): 5.8/12 MB | 3.1/4.2 MB | 0.8/1.9 MB
Progress (3): 5.8/12 MB | 3.1/4.2 MB | 0.8/1.9 MB
Progress (3): 5.8/12 MB | 3.1/4.2 MB | 0.8/1.9 MB
Progress (3): 5.8/12 MB | 3.2/4.2 MB | 0.8/1.9 MB
Progress (4): 5.8/12 MB | 3.2/4.2 MB | 0.8/1.9 MB | 4.1/4.8 kB
Progress (4): 5.8/12 MB | 3.2/4.2 MB | 0.8/1.9 MB | 4.8 kB    
Progress (4): 5.8/12 MB | 3.2/4.2 MB | 0.8/1.9 MB | 4.8 kB
Progress (4): 5.8/12 MB | 3.2/4.2 MB | 0.9/1.9 MB | 4.8 kB
Progress (4): 5.9/12 MB | 3.2/4.2 MB | 0.9/1.9 MB | 4.8 kB
Progress (4): 5.9/12 MB | 3.2/4.2 MB | 0.9/1.9 MB | 4.8 kB
Progress (4): 5.9/12 MB | 3.2/4.2 MB | 0.9/1.9 MB | 4.8 kB
Progress (4): 5.9/12 MB | 3.2/4.2 MB | 0.9/1.9 MB | 4.8 kB
Progress (4): 5.9/12 MB | 3.2/4.2 MB | 0.9/1.9 MB | 4.8 kB
Progress (4): 5.9/12 MB | 3.2/4.2 MB | 0.9/1.9 MB | 4.8 kB
Progress (4): 5.9/12 MB | 3.2/4.2 MB | 0.9/1.9 MB | 4.8 kB
Progress (4): 5.9/12 MB | 3.2/4.2 MB | 0.9/1.9 MB | 4.8 kB
Progress (4): 5.9/12 MB | 3.2/4.2 MB | 0.9/1.9 MB | 4.8 kB
Progress (5): 5.9/12 MB | 3.2/4.2 MB | 0.9/1.9 MB | 4.8 kB | 4.1/4.8 kB
Progress (5): 5.9/12 MB | 3.2/4.2 MB | 0.9/1.9 MB | 4.8 kB | 4.8 kB    
Progress (5): 6.0/12 MB | 3.2/4.2 MB | 0.9/1.9 MB | 4.8 kB | 4.8 kB
Progress (5): 6.0/12 MB | 3.2/4.2 MB | 0.9/1.9 MB | 4.8 kB | 4.8 kB
Progress (5): 6.0/12 MB | 3.2/4.2 MB | 0.9/1.9 MB | 4.8 kB | 4.8 kB
                                                                   
Downloaded from central: https://repo.maven.apache.org/maven2/org/springframework/boot/spring-boot-starter-web/3.2.3/spring-boot-starter-web-3.2.3.jar (4.8 kB at 505 B/s)
Downloading from central: https://repo.maven.apache.org/maven2/org/springframework/boot/spring-boot/3.2.3/spring-boot-3.2.3.jar
Progress (4): 6.0/12 MB | 3.2/4.2 MB | 0.9/1.9 MB | 4.8 kB
Progress (4): 6.0/12 MB | 3.2/4.2 MB | 1.0/1.9 MB | 4.8 kB
Progress (4): 6.0/12 MB | 3.2/4.2 MB | 1.0/1.9 MB | 4.8 kB
Progress (4): 6.0/12 MB | 3.2/4.2 MB | 1.0/1.9 MB | 4.8 kB
Progress (4): 6.0/12 MB | 3.2/4.2 MB | 1.0/1.9 MB | 4.8 kB
Progress (4): 6.0/12 MB | 3.2/4.2 MB | 1.0/1.9 MB | 4.8 kB
Progress (4): 6.0/12 MB | 3.2/4.2 MB | 1.0/1.9 MB | 4.8 kB
Progress (4): 6.0/12 MB | 3.2/4.2 MB | 1.0/1.9 MB | 4.8 kB
Progress (4): 6.0/12 MB | 3.2/4.2 MB | 1.0/1.9 MB | 4.8 kB
                                                          
Downloaded from central: https://repo.maven.apache.org/maven2/org/springframework/boot/spring-boot-starter/3.2.3/spring-boot-starter-3.2.3.jar (4.8 kB at 496 B/s)
Downloading from central: https://repo.maven.apache.org/maven2/org/springframework/boot/spring-boot-autoconfigure/3.2.3/spring-boot-autoconfigure-3.2.3.jar
Progress (3): 6.0/12 MB | 3.2/4.2 MB | 1.0/1.9 MB
Progress (3): 6.0/12 MB | 3.2/4.2 MB | 1.0/1.9 MB
Progress (3): 6.0/12 MB | 3.2/4.2 MB | 1.0/1.9 MB
Progress (3): 6.0/12 MB | 3.2/4.2 MB | 1.0/1.9 MB
Progress (4): 6.0/12 MB | 3.2/4.2 MB | 1.0/1.9 MB | 0/1.6 MB
Progress (4): 6.0/12 MB | 3.2/4.2 MB | 1.0/1.9 MB | 0/1.6 MB
Progress (4): 6.0/12 MB | 3.2/4.2 MB | 1.0/1.9 MB | 0/1.6 MB
Progress (4): 6.0/12 MB | 3.2/4.2 MB | 1.0/1.9 MB | 0/1.6 MB
Progress (4): 6.0/12 MB | 3.2/4.2 MB | 1.0/1.9 MB | 0/1.6 MB
Progress (4): 6.0/12 MB | 3.2/4.2 MB | 1.0/1.9 MB | 0/1.6 MB
Progress (4): 6.0/12 MB | 3.2/4.2 MB | 1.1/1.9 MB | 0/1.6 MB
Progress (4): 6.0/12 MB | 3.2/4.2 MB | 1.1/1.9 MB | 0/1.6 MB
Progress (4): 6.0/12 MB | 3.2/4.2 MB | 1.1/1.9 MB | 0/1.6 MB
Progress (4): 6.0/12 MB | 3.2/4.2 MB | 1.1/1.9 MB | 0/1.6 MB
Progress (4): 6.0/12 MB | 3.3/4.2 MB | 1.1/1.9 MB | 0/1.6 MB
Progress (4): 6.0/12 MB | 3.3/4.2 MB | 1.1/1.9 MB | 0/1.6 MB
Progress (4): 6.0/12 MB | 3.3/4.2 MB | 1.1/1.9 MB | 0/1.6 MB
Progress (4): 6.1/12 MB | 3.3/4.2 MB | 1.1/1.9 MB | 0/1.6 MB
Progress (4): 6.1/12 MB | 3.3/4.2 MB | 1.1/1.9 MB | 0/1.6 MB
Progress (4): 6.1/12 MB | 3.3/4.2 MB | 1.1/1.9 MB | 0/1.6 MB
Progress (4): 6.1/12 MB | 3.3/4.2 MB | 1.1/1.9 MB | 0/1.6 MB
Progress (4): 6.1/12 MB | 3.3/4.2 MB | 1.1/1.9 MB | 0/1.6 MB
Progress (5): 6.1/12 MB | 3.3/4.2 MB | 1.1/1.9 MB | 0/1.6 MB | 0/1.9 MB
Progress (5): 6.1/12 MB | 3.3/4.2 MB | 1.1/1.9 MB | 0/1.6 MB | 0/1.9 MB
Progress (5): 6.1/12 MB | 3.3/4.2 MB | 1.1/1.9 MB | 0/1.6 MB | 0/1.9 MB
Progress (5): 6.1/12 MB | 3.3/4.2 MB | 1.1/1.9 MB | 0/1.6 MB | 0/1.9 MB
Progress (5): 6.1/12 MB | 3.3/4.2 MB | 1.1/1.9 MB | 0/1.6 MB | 0/1.9 MB
Progress (5): 6.1/12 MB | 3.3/4.2 MB | 1.1/1.9 MB | 0/1.6 MB | 0.1/1.9 MB
Progress (5): 6.1/12 MB | 3.3/4.2 MB | 1.1/1.9 MB | 0/1.6 MB | 0.1/1.9 MB
Progress (5): 6.1/12 MB | 3.3/4.2 MB | 1.1/1.9 MB | 0/1.6 MB | 0.1/1.9 MB
Progress (5): 6.1/12 MB | 3.3/4.2 MB | 1.1/1.9 MB | 0/1.6 MB | 0.1/1.9 MB
Progress (5): 6.1/12 MB | 3.3/4.2 MB | 1.1/1.9 MB | 0/1.6 MB | 0.1/1.9 MB
Progress (5): 6.1/12 MB | 3.3/4.2 MB | 1.1/1.9 MB | 0/1.6 MB | 0.1/1.9 MB
Progress (5): 6.1/12 MB | 3.3/4.2 MB | 1.1/1.9 MB | 0/1.6 MB | 0.1/1.9 MB
Progress (5): 6.1/12 MB | 3.3/4.2 MB | 1.1/1.9 MB | 0/1.6 MB | 0.1/1.9 MB
Progress (5): 6.1/12 MB | 3.3/4.2 MB | 1.1/1.9 MB | 0/1.6 MB | 0.1/1.9 MB
Progress (5): 6.1/12 MB | 3.3/4.2 MB | 1.1/1.9 MB | 0/1.6 MB | 0.1/1.9 MB
Progress (5): 6.1/12 MB | 3.3/4.2 MB | 1.1/1.9 MB | 0/1.6 MB | 0.1/1.9 MB
Progress (5): 6.1/12 MB | 3.3/4.2 MB | 1.1/1.9 MB | 0/1.6 MB | 0.1/1.9 MB
Progress (5): 6.1/12 MB | 3.3/4.2 MB | 1.1/1.9 MB | 0/1.6 MB | 0.1/1.9 MB
Progress (5): 6.1/12 MB | 3.3/4.2 MB | 1.1/1.9 MB | 0/1.6 MB | 0.1/1.9 MB
Progress (5): 6.1/12 MB | 3.3/4.2 MB | 1.1/1.9 MB | 0/1.6 MB | 0.1/1.9 MB
Progress (5): 6.1/12 MB | 3.3/4.2 MB | 1.2/1.9 MB | 0/1.6 MB | 0.1/1.9 MB
Progress (5): 6.1/12 MB | 3.3/4.2 MB | 1.2/1.9 MB | 0/1.6 MB | 0.1/1.9 MB
Progress (5): 6.1/12 MB | 3.3/4.2 MB | 1.2/1.9 MB | 0/1.6 MB | 0.1/1.9 MB
Progress (5): 6.1/12 MB | 3.3/4.2 MB | 1.2/1.9 MB | 0.1/1.6 MB | 0.1/1.9 MB
Progress (5): 6.1/12 MB | 3.3/4.2 MB | 1.2/1.9 MB | 0.1/1.6 MB | 0.1/1.9 MB
Progress (5): 6.1/12 MB | 3.3/4.2 MB | 1.2/1.9 MB | 0.1/1.6 MB | 0.1/1.9 MB
Progress (5): 6.1/12 MB | 3.3/4.2 MB | 1.2/1.9 MB | 0.1/1.6 MB | 0.1/1.9 MB
Progress (5): 6.1/12 MB | 3.3/4.2 MB | 1.2/1.9 MB | 0.1/1.6 MB | 0.1/1.9 MB
Progress (5): 6.1/12 MB | 3.3/4.2 MB | 1.2/1.9 MB | 0.1/1.6 MB | 0.1/1.9 MB
Progress (5): 6.1/12 MB | 3.3/4.2 MB | 1.2/1.9 MB | 0.1/1.6 MB | 0.1/1.9 MB
Progress (5): 6.1/12 MB | 3.3/4.2 MB | 1.2/1.9 MB | 0.1/1.6 MB | 0.1/1.9 MB
Progress (5): 6.1/12 MB | 3.3/4.2 MB | 1.2/1.9 MB | 0.1/1.6 MB | 0.1/1.9 MB
Progress (5): 6.1/12 MB | 3.3/4.2 MB | 1.2/1.9 MB | 0.1/1.6 MB | 0.2/1.9 MB
Progress (5): 6.1/12 MB | 3.3/4.2 MB | 1.2/1.9 MB | 0.1/1.6 MB | 0.2/1.9 MB
Progress (5): 6.1/12 MB | 3.3/4.2 MB | 1.2/1.9 MB | 0.1/1.6 MB | 0.2/1.9 MB
Progress (5): 6.1/12 MB | 3.3/4.2 MB | 1.2/1.9 MB | 0.1/1.6 MB | 0.2/1.9 MB
Progress (5): 6.1/12 MB | 3.3/4.2 MB | 1.2/1.9 MB | 0.1/1.6 MB | 0.2/1.9 MB
Progress (5): 6.1/12 MB | 3.3/4.2 MB | 1.2/1.9 MB | 0.1/1.6 MB | 0.2/1.9 MB
Progress (5): 6.1/12 MB | 3.3/4.2 MB | 1.2/1.9 MB | 0.1/1.6 MB | 0.2/1.9 MB
Progress (5): 6.1/12 MB | 3.3/4.2 MB | 1.2/1.9 MB | 0.1/1.6 MB | 0.2/1.9 MB
Progress (5): 6.1/12 MB | 3.3/4.2 MB | 1.2/1.9 MB | 0.1/1.6 MB | 0.2/1.9 MB
Progress (5): 6.1/12 MB | 3.3/4.2 MB | 1.2/1.9 MB | 0.1/1.6 MB | 0.2/1.9 MB
Progress (5): 6.1/12 MB | 3.3/4.2 MB | 1.2/1.9 MB | 0.1/1.6 MB | 0.2/1.9 MB
Progress (5): 6.1/12 MB | 3.3/4.2 MB | 1.2/1.9 MB | 0.1/1.6 MB | 0.2/1.9 MB
Progress (5): 6.1/12 MB | 3.3/4.2 MB | 1.2/1.9 MB | 0.1/1.6 MB | 0.2/1.9 MB
Progress (5): 6.1/12 MB | 3.3/4.2 MB | 1.2/1.9 MB | 0.1/1.6 MB | 0.2/1.9 MB
Progress (5): 6.1/12 MB | 3.3/4.2 MB | 1.2/1.9 MB | 0.1/1.6 MB | 0.2/1.9 MB
Progress (5): 6.2/12 MB | 3.3/4.2 MB | 1.2/1.9 MB | 0.1/1.6 MB | 0.2/1.9 MB
Progress (5): 6.2/12 MB | 3.3/4.2 MB | 1.2/1.9 MB | 0.1/1.6 MB | 0.2/1.9 MB
Progress (5): 6.2/12 MB | 3.3/4.2 MB | 1.2/1.9 MB | 0.1/1.6 MB | 0.2/1.9 MB
Progress (5): 6.2/12 MB | 3.3/4.2 MB | 1.2/1.9 MB | 0.1/1.6 MB | 0.2/1.9 MB
Progress (5): 6.2/12 MB | 3.3/4.2 MB | 1.2/1.9 MB | 0.1/1.6 MB | 0.2/1.9 MB
Progress (5): 6.2/12 MB | 3.3/4.2 MB | 1.2/1.9 MB | 0.1/1.6 MB | 0.2/1.9 MB
Progress (5): 6.2/12 MB | 3.3/4.2 MB | 1.2/1.9 MB | 0.1/1.6 MB | 0.2/1.9 MB
Progress (5): 6.2/12 MB | 3.3/4.2 MB | 1.2/1.9 MB | 0.1/1.6 MB | 0.2/1.9 MB
Progress (5): 6.2/12 MB | 3.3/4.2 MB | 1.2/1.9 MB | 0.1/1.6 MB | 0.2/1.9 MB
Progress (5): 6.2/12 MB | 3.3/4.2 MB | 1.2/1.9 MB | 0.1/1.6 MB | 0.2/1.9 MB
Progress (5): 6.2/12 MB | 3.3/4.2 MB | 1.3/1.9 MB | 0.1/1.6 MB | 0.2/1.9 MB
Progress (5): 6.2/12 MB | 3.3/4.2 MB | 1.3/1.9 MB | 0.1/1.6 MB | 0.2/1.9 MB
Progress (5): 6.2/12 MB | 3.3/4.2 MB | 1.3/1.9 MB | 0.1/1.6 MB | 0.3/1.9 MB
Progress (5): 6.2/12 MB | 3.3/4.2 MB | 1.3/1.9 MB | 0.1/1.6 MB | 0.3/1.9 MB
Progress (5): 6.2/12 MB | 3.3/4.2 MB | 1.3/1.9 MB | 0.1/1.6 MB | 0.3/1.9 MB
Progress (5): 6.2/12 MB | 3.3/4.2 MB | 1.3/1.9 MB | 0.1/1.6 MB | 0.3/1.9 MB
Progress (5): 6.2/12 MB | 3.3/4.2 MB | 1.3/1.9 MB | 0.1/1.6 MB | 0.3/1.9 MB
Progress (5): 6.2/12 MB | 3.3/4.2 MB | 1.3/1.9 MB | 0.1/1.6 MB | 0.3/1.9 MB
Progress (5): 6.2/12 MB | 3.3/4.2 MB | 1.3/1.9 MB | 0.1/1.6 MB | 0.3/1.9 MB
Progress (5): 6.2/12 MB | 3.3/4.2 MB | 1.3/1.9 MB | 0.1/1.6 MB | 0.3/1.9 MB
Progress (5): 6.2/12 MB | 3.3/4.2 MB | 1.3/1.9 MB | 0.1/1.6 MB | 0.3/1.9 MB
Progress (5): 6.2/12 MB | 3.3/4.2 MB | 1.3/1.9 MB | 0.1/1.6 MB | 0.3/1.9 MB
Progress (5): 6.2/12 MB | 3.3/4.2 MB | 1.3/1.9 MB | 0.1/1.6 MB | 0.3/1.9 MB
Progress (5): 6.2/12 MB | 3.3/4.2 MB | 1.3/1.9 MB | 0.1/1.6 MB | 0.3/1.9 MB
Progress (5): 6.2/12 MB | 3.3/4.2 MB | 1.3/1.9 MB | 0.1/1.6 MB | 0.3/1.9 MB
Progress (5): 6.2/12 MB | 3.3/4.2 MB | 1.3/1.9 MB | 0.1/1.6 MB | 0.3/1.9 MB
Progress (5): 6.2/12 MB | 3.3/4.2 MB | 1.3/1.9 MB | 0.1/1.6 MB | 0.4/1.9 MB
Progress (5): 6.2/12 MB | 3.3/4.2 MB | 1.3/1.9 MB | 0.1/1.6 MB | 0.4/1.9 MB
Progress (5): 6.2/12 MB | 3.3/4.2 MB | 1.3/1.9 MB | 0.1/1.6 MB | 0.4/1.9 MB
Progress (5): 6.2/12 MB | 3.3/4.2 MB | 1.3/1.9 MB | 0.1/1.6 MB | 0.4/1.9 MB
Progress (5): 6.2/12 MB | 3.3/4.2 MB | 1.3/1.9 MB | 0.1/1.6 MB | 0.4/1.9 MB
Progress (5): 6.2/12 MB | 3.3/4.2 MB | 1.3/1.9 MB | 0.1/1.6 MB | 0.4/1.9 MB
Progress (5): 6.2/12 MB | 3.3/4.2 MB | 1.3/1.9 MB | 0.1/1.6 MB | 0.4/1.9 MB
Progress (5): 6.2/12 MB | 3.3/4.2 MB | 1.3/1.9 MB | 0.1/1.6 MB | 0.4/1.9 MB
Progress (5): 6.2/12 MB | 3.3/4.2 MB | 1.3/1.9 MB | 0.1/1.6 MB | 0.4/1.9 MB
Progress (5): 6.2/12 MB | 3.3/4.2 MB | 1.3/1.9 MB | 0.1/1.6 MB | 0.4/1.9 MB
Progress (5): 6.2/12 MB | 3.3/4.2 MB | 1.3/1.9 MB | 0.1/1.6 MB | 0.4/1.9 MB
Progress (5): 6.2/12 MB | 3.3/4.2 MB | 1.3/1.9 MB | 0.1/1.6 MB | 0.4/1.9 MB
Progress (5): 6.2/12 MB | 3.3/4.2 MB | 1.3/1.9 MB | 0.1/1.6 MB | 0.4/1.9 MB
Progress (5): 6.2/12 MB | 3.4/4.2 MB | 1.3/1.9 MB | 0.1/1.6 MB | 0.4/1.9 MB
Progress (5): 6.2/12 MB | 3.4/4.2 MB | 1.3/1.9 MB | 0.1/1.6 MB | 0.4/1.9 MB
Progress (5): 6.2/12 MB | 3.4/4.2 MB | 1.3/1.9 MB | 0.1/1.6 MB | 0.4/1.9 MB
Progress (5): 6.2/12 MB | 3.4/4.2 MB | 1.3/1.9 MB | 0.1/1.6 MB | 0.4/1.9 MB
Progress (5): 6.2/12 MB | 3.4/4.2 MB | 1.3/1.9 MB | 0.1/1.6 MB | 0.4/1.9 MB
Progress (5): 6.2/12 MB | 3.4/4.2 MB | 1.3/1.9 MB | 0.1/1.6 MB | 0.4/1.9 MB
Progress (5): 6.2/12 MB | 3.4/4.2 MB | 1.3/1.9 MB | 0.1/1.6 MB | 0.4/1.9 MB
Progress (5): 6.2/12 MB | 3.4/4.2 MB | 1.3/1.9 MB | 0.1/1.6 MB | 0.4/1.9 MB
Progress (5): 6.2/12 MB | 3.4/4.2 MB | 1.3/1.9 MB | 0.1/1.6 MB | 0.4/1.9 MB
Progress (5): 6.2/12 MB | 3.4/4.2 MB | 1.3/1.9 MB | 0.1/1.6 MB | 0.4/1.9 MB
Progress (5): 6.2/12 MB | 3.4/4.2 MB | 1.3/1.9 MB | 0.1/1.6 MB | 0.4/1.9 MB
Progress (5): 6.2/12 MB | 3.4/4.2 MB | 1.4/1.9 MB | 0.1/1.6 MB | 0.4/1.9 MB
Progress (5): 6.2/12 MB | 3.4/4.2 MB | 1.4/1.9 MB | 0.1/1.6 MB | 0.4/1.9 MB
Progress (5): 6.2/12 MB | 3.4/4.2 MB | 1.4/1.9 MB | 0.1/1.6 MB | 0.4/1.9 MB
Progress (5): 6.2/12 MB | 3.4/4.2 MB | 1.4/1.9 MB | 0.1/1.6 MB | 0.4/1.9 MB
Progress (5): 6.2/12 MB | 3.4/4.2 MB | 1.4/1.9 MB | 0.1/1.6 MB | 0.4/1.9 MB
Progress (5): 6.2/12 MB | 3.4/4.2 MB | 1.4/1.9 MB | 0.1/1.6 MB | 0.4/1.9 MB
Progress (5): 6.2/12 MB | 3.4/4.2 MB | 1.4/1.9 MB | 0.1/1.6 MB | 0.4/1.9 MB
Progress (5): 6.2/12 MB | 3.4/4.2 MB | 1.4/1.9 MB | 0.1/1.6 MB | 0.4/1.9 MB
Progress (5): 6.3/12 MB | 3.4/4.2 MB | 1.4/1.9 MB | 0.1/1.6 MB | 0.4/1.9 MB
Progress (5): 6.3/12 MB | 3.4/4.2 MB | 1.4/1.9 MB | 0.2/1.6 MB | 0.4/1.9 MB
Progress (5): 6.3/12 MB | 3.4/4.2 MB | 1.4/1.9 MB | 0.2/1.6 MB | 0.4/1.9 MB
Progress (5): 6.3/12 MB | 3.4/4.2 MB | 1.4/1.9 MB | 0.2/1.6 MB | 0.4/1.9 MB
Progress (5): 6.3/12 MB | 3.4/4.2 MB | 1.4/1.9 MB | 0.2/1.6 MB | 0.5/1.9 MB
Progress (5): 6.3/12 MB | 3.4/4.2 MB | 1.4/1.9 MB | 0.2/1.6 MB | 0.5/1.9 MB
Progress (5): 6.3/12 MB | 3.4/4.2 MB | 1.4/1.9 MB | 0.2/1.6 MB | 0.5/1.9 MB
Progress (5): 6.3/12 MB | 3.4/4.2 MB | 1.4/1.9 MB | 0.2/1.6 MB | 0.5/1.9 MB
Progress (5): 6.3/12 MB | 3.4/4.2 MB | 1.4/1.9 MB | 0.2/1.6 MB | 0.5/1.9 MB
Progress (5): 6.3/12 MB | 3.4/4.2 MB | 1.4/1.9 MB | 0.2/1.6 MB | 0.5/1.9 MB
Progress (5): 6.3/12 MB | 3.4/4.2 MB | 1.4/1.9 MB | 0.2/1.6 MB | 0.5/1.9 MB
Progress (5): 6.3/12 MB | 3.4/4.2 MB | 1.4/1.9 MB | 0.2/1.6 MB | 0.5/1.9 MB
Progress (5): 6.3/12 MB | 3.4/4.2 MB | 1.4/1.9 MB | 0.2/1.6 MB | 0.5/1.9 MB
Progress (5): 6.3/12 MB | 3.4/4.2 MB | 1.4/1.9 MB | 0.2/1.6 MB | 0.5/1.9 MB
Progress (5): 6.3/12 MB | 3.4/4.2 MB | 1.4/1.9 MB | 0.2/1.6 MB | 0.5/1.9 MB
Progress (5): 6.3/12 MB | 3.4/4.2 MB | 1.4/1.9 MB | 0.2/1.6 MB | 0.5/1.9 MB
Progress (5): 6.3/12 MB | 3.4/4.2 MB | 1.4/1.9 MB | 0.2/1.6 MB | 0.5/1.9 MB
Progress (5): 6.3/12 MB | 3.4/4.2 MB | 1.4/1.9 MB | 0.2/1.6 MB | 0.5/1.9 MB
Progress (5): 6.3/12 MB | 3.4/4.2 MB | 1.4/1.9 MB | 0.2/1.6 MB | 0.5/1.9 MB
Progress (5): 6.3/12 MB | 3.4/4.2 MB | 1.5/1.9 MB | 0.2/1.6 MB | 0.5/1.9 MB
Progress (5): 6.3/12 MB | 3.4/4.2 MB | 1.5/1.9 MB | 0.2/1.6 MB | 0.5/1.9 MB
Progress (5): 6.3/12 MB | 3.4/4.2 MB | 1.5/1.9 MB | 0.2/1.6 MB | 0.5/1.9 MB
Progress (5): 6.3/12 MB | 3.4/4.2 MB | 1.5/1.9 MB | 0.2/1.6 MB | 0.5/1.9 MB
Progress (5): 6.3/12 MB | 3.4/4.2 MB | 1.5/1.9 MB | 0.2/1.6 MB | 0.5/1.9 MB
Progress (5): 6.3/12 MB | 3.4/4.2 MB | 1.5/1.9 MB | 0.2/1.6 MB | 0.5/1.9 MB
Progress (5): 6.3/12 MB | 3.5/4.2 MB | 1.5/1.9 MB | 0.2/1.6 MB | 0.5/1.9 MB
Progress (5): 6.3/12 MB | 3.5/4.2 MB | 1.5/1.9 MB | 0.2/1.6 MB | 0.5/1.9 MB
Progress (5): 6.3/12 MB | 3.5/4.2 MB | 1.5/1.9 MB | 0.2/1.6 MB | 0.5/1.9 MB
Progress (5): 6.3/12 MB | 3.5/4.2 MB | 1.5/1.9 MB | 0.2/1.6 MB | 0.5/1.9 MB
Progress (5): 6.3/12 MB | 3.5/4.2 MB | 1.5/1.9 MB | 0.2/1.6 MB | 0.5/1.9 MB
Progress (5): 6.3/12 MB | 3.5/4.2 MB | 1.5/1.9 MB | 0.2/1.6 MB | 0.5/1.9 MB
Progress (5): 6.3/12 MB | 3.5/4.2 MB | 1.5/1.9 MB | 0.2/1.6 MB | 0.5/1.9 MB
Progress (5): 6.3/12 MB | 3.5/4.2 MB | 1.5/1.9 MB | 0.2/1.6 MB | 0.5/1.9 MB
Progress (5): 6.3/12 MB | 3.5/4.2 MB | 1.5/1.9 MB | 0.2/1.6 MB | 0.5/1.9 MB
Progress (5): 6.3/12 MB | 3.5/4.2 MB | 1.5/1.9 MB | 0.2/1.6 MB | 0.5/1.9 MB
Progress (5): 6.3/12 MB | 3.5/4.2 MB | 1.5/1.9 MB | 0.2/1.6 MB | 0.5/1.9 MB
Progress (5): 6.3/12 MB | 3.5/4.2 MB | 1.5/1.9 MB | 0.2/1.6 MB | 0.5/1.9 MB
Progress (5): 6.3/12 MB | 3.5/4.2 MB | 1.5/1.9 MB | 0.2/1.6 MB | 0.5/1.9 MB
Progress (5): 6.3/12 MB | 3.5/4.2 MB | 1.5/1.9 MB | 0.2/1.6 MB | 0.5/1.9 MB
Progress (5): 6.3/12 MB | 3.5/4.2 MB | 1.5/1.9 MB | 0.2/1.6 MB | 0.5/1.9 MB
Progress (5): 6.3/12 MB | 3.5/4.2 MB | 1.5/1.9 MB | 0.2/1.6 MB | 0.5/1.9 MB
Progress (5): 6.3/12 MB | 3.5/4.2 MB | 1.5/1.9 MB | 0.2/1.6 MB | 0.6/1.9 MB
Progress (5): 6.3/12 MB | 3.5/4.2 MB | 1.5/1.9 MB | 0.2/1.6 MB | 0.6/1.9 MB
Progress (5): 6.3/12 MB | 3.5/4.2 MB | 1.5/1.9 MB | 0.2/1.6 MB | 0.6/1.9 MB
Progress (5): 6.3/12 MB | 3.5/4.2 MB | 1.5/1.9 MB | 0.2/1.6 MB | 0.6/1.9 MB
Progress (5): 6.3/12 MB | 3.5/4.2 MB | 1.5/1.9 MB | 0.2/1.6 MB | 0.6/1.9 MB
Progress (5): 6.3/12 MB | 3.5/4.2 MB | 1.5/1.9 MB | 0.2/1.6 MB | 0.6/1.9 MB
Progress (5): 6.3/12 MB | 3.5/4.2 MB | 1.5/1.9 MB | 0.2/1.6 MB | 0.6/1.9 MB
Progress (5): 6.3/12 MB | 3.5/4.2 MB | 1.5/1.9 MB | 0.2/1.6 MB | 0.6/1.9 MB
Progress (5): 6.3/12 MB | 3.5/4.2 MB | 1.6/1.9 MB | 0.2/1.6 MB | 0.6/1.9 MB
Progress (5): 6.3/12 MB | 3.5/4.2 MB | 1.6/1.9 MB | 0.2/1.6 MB | 0.6/1.9 MB
Progress (5): 6.3/12 MB | 3.5/4.2 MB | 1.6/1.9 MB | 0.2/1.6 MB | 0.6/1.9 MB
Progress (5): 6.3/12 MB | 3.5/4.2 MB | 1.6/1.9 MB | 0.2/1.6 MB | 0.6/1.9 MB
Progress (5): 6.3/12 MB | 3.5/4.2 MB | 1.6/1.9 MB | 0.2/1.6 MB | 0.6/1.9 MB
Progress (5): 6.3/12 MB | 3.5/4.2 MB | 1.6/1.9 MB | 0.2/1.6 MB | 0.6/1.9 MB
Progress (5): 6.3/12 MB | 3.5/4.2 MB | 1.6/1.9 MB | 0.2/1.6 MB | 0.6/1.9 MB
Progress (5): 6.3/12 MB | 3.5/4.2 MB | 1.6/1.9 MB | 0.2/1.6 MB | 0.6/1.9 MB
Progress (5): 6.3/12 MB | 3.5/4.2 MB | 1.6/1.9 MB | 0.2/1.6 MB | 0.6/1.9 MB
Progress (5): 6.3/12 MB | 3.5/4.2 MB | 1.6/1.9 MB | 0.2/1.6 MB | 0.6/1.9 MB
Progress (5): 6.3/12 MB | 3.5/4.2 MB | 1.6/1.9 MB | 0.2/1.6 MB | 0.6/1.9 MB
Progress (5): 6.3/12 MB | 3.5/4.2 MB | 1.6/1.9 MB | 0.2/1.6 MB | 0.6/1.9 MB
Progress (5): 6.3/12 MB | 3.5/4.2 MB | 1.6/1.9 MB | 0.2/1.6 MB | 0.6/1.9 MB
Progress (5): 6.3/12 MB | 3.5/4.2 MB | 1.6/1.9 MB | 0.2/1.6 MB | 0.6/1.9 MB
Progress (5): 6.3/12 MB | 3.5/4.2 MB | 1.6/1.9 MB | 0.2/1.6 MB | 0.6/1.9 MB
Progress (5): 6.3/12 MB | 3.5/4.2 MB | 1.6/1.9 MB | 0.2/1.6 MB | 0.6/1.9 MB
Progress (5): 6.3/12 MB | 3.5/4.2 MB | 1.6/1.9 MB | 0.2/1.6 MB | 0.6/1.9 MB
Progress (5): 6.4/12 MB | 3.5/4.2 MB | 1.6/1.9 MB | 0.2/1.6 MB | 0.6/1.9 MB
Progress (5): 6.4/12 MB | 3.5/4.2 MB | 1.6/1.9 MB | 0.3/1.6 MB | 0.6/1.9 MB
Progress (5): 6.4/12 MB | 3.5/4.2 MB | 1.6/1.9 MB | 0.3/1.6 MB | 0.6/1.9 MB
Progress (5): 6.4/12 MB | 3.5/4.2 MB | 1.6/1.9 MB | 0.3/1.6 MB | 0.6/1.9 MB
Progress (5): 6.4/12 MB | 3.5/4.2 MB | 1.6/1.9 MB | 0.3/1.6 MB | 0.6/1.9 MB
Progress (5): 6.4/12 MB | 3.5/4.2 MB | 1.6/1.9 MB | 0.3/1.6 MB | 0.6/1.9 MB
Progress (5): 6.4/12 MB | 3.5/4.2 MB | 1.6/1.9 MB | 0.3/1.6 MB | 0.6/1.9 MB
Progress (5): 6.4/12 MB | 3.5/4.2 MB | 1.6/1.9 MB | 0.3/1.6 MB | 0.7/1.9 MB
Progress (5): 6.4/12 MB | 3.5/4.2 MB | 1.6/1.9 MB | 0.3/1.6 MB | 0.7/1.9 MB
Progress (5): 6.4/12 MB | 3.5/4.2 MB | 1.6/1.9 MB | 0.3/1.6 MB | 0.7/1.9 MB
Progress (5): 6.4/12 MB | 3.5/4.2 MB | 1.6/1.9 MB | 0.3/1.6 MB | 0.7/1.9 MB
Progress (5): 6.4/12 MB | 3.5/4.2 MB | 1.6/1.9 MB | 0.3/1.6 MB | 0.7/1.9 MB
Progress (5): 6.4/12 MB | 3.5/4.2 MB | 1.6/1.9 MB | 0.3/1.6 MB | 0.7/1.9 MB
Progress (5): 6.4/12 MB | 3.5/4.2 MB | 1.6/1.9 MB | 0.3/1.6 MB | 0.7/1.9 MB
Progress (5): 6.4/12 MB | 3.5/4.2 MB | 1.6/1.9 MB | 0.3/1.6 MB | 0.7/1.9 MB
Progress (5): 6.4/12 MB | 3.5/4.2 MB | 1.6/1.9 MB | 0.3/1.6 MB | 0.7/1.9 MB
Progress (5): 6.4/12 MB | 3.5/4.2 MB | 1.6/1.9 MB | 0.3/1.6 MB | 0.7/1.9 MB
Progress (5): 6.4/12 MB | 3.5/4.2 MB | 1.6/1.9 MB | 0.3/1.6 MB | 0.7/1.9 MB
Progress (5): 6.4/12 MB | 3.5/4.2 MB | 1.6/1.9 MB | 0.3/1.6 MB | 0.7/1.9 MB
Progress (5): 6.4/12 MB | 3.5/4.2 MB | 1.6/1.9 MB | 0.3/1.6 MB | 0.7/1.9 MB
Progress (5): 6.4/12 MB | 3.5/4.2 MB | 1.6/1.9 MB | 0.3/1.6 MB | 0.7/1.9 MB
Progress (5): 6.4/12 MB | 3.5/4.2 MB | 1.6/1.9 MB | 0.3/1.6 MB | 0.7/1.9 MB
Progress (5): 6.4/12 MB | 3.5/4.2 MB | 1.6/1.9 MB | 0.3/1.6 MB | 0.7/1.9 MB
Progress (5): 6.4/12 MB | 3.5/4.2 MB | 1.6/1.9 MB | 0.3/1.6 MB | 0.7/1.9 MB
Progress (5): 6.4/12 MB | 3.5/4.2 MB | 1.6/1.9 MB | 0.3/1.6 MB | 0.7/1.9 MB
Progress (5): 6.4/12 MB | 3.5/4.2 MB | 1.6/1.9 MB | 0.3/1.6 MB | 0.7/1.9 MB
Progress (5): 6.4/12 MB | 3.5/4.2 MB | 1.7/1.9 MB | 0.3/1.6 MB | 0.7/1.9 MB
Progress (5): 6.4/12 MB | 3.5/4.2 MB | 1.7/1.9 MB | 0.3/1.6 MB | 0.7/1.9 MB
Progress (5): 6.4/12 MB | 3.5/4.2 MB | 1.7/1.9 MB | 0.3/1.6 MB | 0.7/1.9 MB
Progress (5): 6.4/12 MB | 3.5/4.2 MB | 1.7/1.9 MB | 0.3/1.6 MB | 0.7/1.9 MB
Progress (5): 6.4/12 MB | 3.5/4.2 MB | 1.7/1.9 MB | 0.3/1.6 MB | 0.7/1.9 MB
Progress (5): 6.4/12 MB | 3.5/4.2 MB | 1.7/1.9 MB | 0.3/1.6 MB | 0.7/1.9 MB
Progress (5): 6.4/12 MB | 3.5/4.2 MB | 1.7/1.9 MB | 0.3/1.6 MB | 0.7/1.9 MB
Progress (5): 6.4/12 MB | 3.5/4.2 MB | 1.7/1.9 MB | 0.3/1.6 MB | 0.8/1.9 MB
Progress (5): 6.4/12 MB | 3.5/4.2 MB | 1.7/1.9 MB | 0.3/1.6 MB | 0.8/1.9 MB
Progress (5): 6.4/12 MB | 3.5/4.2 MB | 1.7/1.9 MB | 0.3/1.6 MB | 0.8/1.9 MB
Progress (5): 6.4/12 MB | 3.5/4.2 MB | 1.7/1.9 MB | 0.3/1.6 MB | 0.8/1.9 MB
Progress (5): 6.4/12 MB | 3.5/4.2 MB | 1.7/1.9 MB | 0.3/1.6 MB | 0.8/1.9 MB
Progress (5): 6.4/12 MB | 3.5/4.2 MB | 1.7/1.9 MB | 0.3/1.6 MB | 0.8/1.9 MB
Progress (5): 6.4/12 MB | 3.5/4.2 MB | 1.7/1.9 MB | 0.3/1.6 MB | 0.8/1.9 MB
Progress (5): 6.4/12 MB | 3.5/4.2 MB | 1.7/1.9 MB | 0.3/1.6 MB | 0.8/1.9 MB
Progress (5): 6.4/12 MB | 3.5/4.2 MB | 1.7/1.9 MB | 0.3/1.6 MB | 0.8/1.9 MB
Progress (5): 6.4/12 MB | 3.5/4.2 MB | 1.7/1.9 MB | 0.3/1.6 MB | 0.8/1.9 MB
Progress (5): 6.4/12 MB | 3.5/4.2 MB | 1.7/1.9 MB | 0.3/1.6 MB | 0.8/1.9 MB
Progress (5): 6.5/12 MB | 3.5/4.2 MB | 1.7/1.9 MB | 0.3/1.6 MB | 0.8/1.9 MB
Progress (5): 6.5/12 MB | 3.5/4.2 MB | 1.7/1.9 MB | 0.3/1.6 MB | 0.8/1.9 MB
Progress (5): 6.5/12 MB | 3.5/4.2 MB | 1.7/1.9 MB | 0.3/1.6 MB | 0.8/1.9 MB
Progress (5): 6.5/12 MB | 3.5/4.2 MB | 1.7/1.9 MB | 0.3/1.6 MB | 0.8/1.9 MB
Progress (5): 6.5/12 MB | 3.5/4.2 MB | 1.7/1.9 MB | 0.3/1.6 MB | 0.8/1.9 MB
Progress (5): 6.5/12 MB | 3.5/4.2 MB | 1.7/1.9 MB | 0.3/1.6 MB | 0.8/1.9 MB
Progress (5): 6.5/12 MB | 3.5/4.2 MB | 1.7/1.9 MB | 0.3/1.6 MB | 0.8/1.9 MB
Progress (5): 6.5/12 MB | 3.5/4.2 MB | 1.7/1.9 MB | 0.3/1.6 MB | 0.8/1.9 MB
Progress (5): 6.5/12 MB | 3.5/4.2 MB | 1.7/1.9 MB | 0.3/1.6 MB | 0.8/1.9 MB
Progress (5): 6.5/12 MB | 3.5/4.2 MB | 1.7/1.9 MB | 0.3/1.6 MB | 0.8/1.9 MB
Progress (5): 6.5/12 MB | 3.5/4.2 MB | 1.7/1.9 MB | 0.3/1.6 MB | 0.8/1.9 MB
Progress (5): 6.5/12 MB | 3.5/4.2 MB | 1.7/1.9 MB | 0.3/1.6 MB | 0.8/1.9 MB
Progress (5): 6.5/12 MB | 3.5/4.2 MB | 1.7/1.9 MB | 0.3/1.6 MB | 0.8/1.9 MB
Progress (5): 6.5/12 MB | 3.5/4.2 MB | 1.7/1.9 MB | 0.3/1.6 MB | 0.9/1.9 MB
Progress (5): 6.5/12 MB | 3.6/4.2 MB | 1.7/1.9 MB | 0.3/1.6 MB | 0.9/1.9 MB
Progress (5): 6.5/12 MB | 3.6/4.2 MB | 1.7/1.9 MB | 0.3/1.6 MB | 0.9/1.9 MB
Progress (5): 6.5/12 MB | 3.6/4.2 MB | 1.7/1.9 MB | 0.3/1.6 MB | 0.9/1.9 MB
Progress (5): 6.5/12 MB | 3.6/4.2 MB | 1.7/1.9 MB | 0.3/1.6 MB | 0.9/1.9 MB
Progress (5): 6.5/12 MB | 3.6/4.2 MB | 1.7/1.9 MB | 0.3/1.6 MB | 0.9/1.9 MB
Progress (5): 6.5/12 MB | 3.6/4.2 MB | 1.7/1.9 MB | 0.3/1.6 MB | 0.9/1.9 MB
Progress (5): 6.5/12 MB | 3.6/4.2 MB | 1.7/1.9 MB | 0.3/1.6 MB | 0.9/1.9 MB
Progress (5): 6.5/12 MB | 3.6/4.2 MB | 1.7/1.9 MB | 0.3/1.6 MB | 0.9/1.9 MB
Progress (5): 6.5/12 MB | 3.6/4.2 MB | 1.7/1.9 MB | 0.3/1.6 MB | 0.9/1.9 MB
Progress (5): 6.5/12 MB | 3.6/4.2 MB | 1.7/1.9 MB | 0.3/1.6 MB | 0.9/1.9 MB
Progress (5): 6.5/12 MB | 3.6/4.2 MB | 1.7/1.9 MB | 0.3/1.6 MB | 0.9/1.9 MB
Progress (5): 6.5/12 MB | 3.6/4.2 MB | 1.7/1.9 MB | 0.3/1.6 MB | 0.9/1.9 MB
Progress (5): 6.5/12 MB | 3.6/4.2 MB | 1.7/1.9 MB | 0.3/1.6 MB | 0.9/1.9 MB
Progress (5): 6.5/12 MB | 3.6/4.2 MB | 1.7/1.9 MB | 0.3/1.6 MB | 0.9/1.9 MB
Progress (5): 6.5/12 MB | 3.6/4.2 MB | 1.7/1.9 MB | 0.4/1.6 MB | 0.9/1.9 MB
Progress (5): 6.5/12 MB | 3.6/4.2 MB | 1.7/1.9 MB | 0.4/1.6 MB | 0.9/1.9 MB
Progress (5): 6.5/12 MB | 3.6/4.2 MB | 1.7/1.9 MB | 0.4/1.6 MB | 0.9/1.9 MB
Progress (5): 6.5/12 MB | 3.6/4.2 MB | 1.7/1.9 MB | 0.4/1.6 MB | 0.9/1.9 MB
Progress (5): 6.5/12 MB | 3.6/4.2 MB | 1.7/1.9 MB | 0.4/1.6 MB | 0.9/1.9 MB
Progress (5): 6.5/12 MB | 3.6/4.2 MB | 1.7/1.9 MB | 0.4/1.6 MB | 1.0/1.9 MB
Progress (5): 6.5/12 MB | 3.6/4.2 MB | 1.7/1.9 MB | 0.4/1.6 MB | 1.0/1.9 MB
Progress (5): 6.5/12 MB | 3.6/4.2 MB | 1.7/1.9 MB | 0.4/1.6 MB | 1.0/1.9 MB
Progress (5): 6.5/12 MB | 3.6/4.2 MB | 1.7/1.9 MB | 0.4/1.6 MB | 1.0/1.9 MB
Progress (5): 6.5/12 MB | 3.6/4.2 MB | 1.7/1.9 MB | 0.4/1.6 MB | 1.0/1.9 MB
Progress (5): 6.5/12 MB | 3.6/4.2 MB | 1.7/1.9 MB | 0.4/1.6 MB | 1.0/1.9 MB
Progress (5): 6.5/12 MB | 3.6/4.2 MB | 1.7/1.9 MB | 0.4/1.6 MB | 1.0/1.9 MB
Progress (5): 6.5/12 MB | 3.6/4.2 MB | 1.7/1.9 MB | 0.4/1.6 MB | 1.0/1.9 MB
Progress (5): 6.5/12 MB | 3.6/4.2 MB | 1.7/1.9 MB | 0.4/1.6 MB | 1.0/1.9 MB
Progress (5): 6.6/12 MB | 3.6/4.2 MB | 1.7/1.9 MB | 0.4/1.6 MB | 1.0/1.9 MB
Progress (5): 6.6/12 MB | 3.6/4.2 MB | 1.7/1.9 MB | 0.4/1.6 MB | 1.0/1.9 MB
Progress (5): 6.6/12 MB | 3.6/4.2 MB | 1.7/1.9 MB | 0.4/1.6 MB | 1.0/1.9 MB
Progress (5): 6.6/12 MB | 3.6/4.2 MB | 1.7/1.9 MB | 0.4/1.6 MB | 1.0/1.9 MB
Progress (5): 6.6/12 MB | 3.6/4.2 MB | 1.7/1.9 MB | 0.4/1.6 MB | 1.0/1.9 MB
Progress (5): 6.6/12 MB | 3.6/4.2 MB | 1.7/1.9 MB | 0.4/1.6 MB | 1.0/1.9 MB
Progress (5): 6.6/12 MB | 3.6/4.2 MB | 1.8/1.9 MB | 0.4/1.6 MB | 1.0/1.9 MB
Progress (5): 6.6/12 MB | 3.6/4.2 MB | 1.8/1.9 MB | 0.4/1.6 MB | 1.0/1.9 MB
Progress (5): 6.6/12 MB | 3.6/4.2 MB | 1.8/1.9 MB | 0.4/1.6 MB | 1.0/1.9 MB
Progress (5): 6.6/12 MB | 3.6/4.2 MB | 1.8/1.9 MB | 0.4/1.6 MB | 1.0/1.9 MB
Progress (5): 6.6/12 MB | 3.6/4.2 MB | 1.8/1.9 MB | 0.4/1.6 MB | 1.0/1.9 MB
Progress (5): 6.6/12 MB | 3.6/4.2 MB | 1.8/1.9 MB | 0.4/1.6 MB | 1.0/1.9 MB
Progress (5): 6.6/12 MB | 3.6/4.2 MB | 1.8/1.9 MB | 0.4/1.6 MB | 1.0/1.9 MB
Progress (5): 6.6/12 MB | 3.6/4.2 MB | 1.8/1.9 MB | 0.4/1.6 MB | 1.0/1.9 MB
Progress (5): 6.6/12 MB | 3.6/4.2 MB | 1.8/1.9 MB | 0.4/1.6 MB | 1.0/1.9 MB
Progress (5): 6.6/12 MB | 3.6/4.2 MB | 1.8/1.9 MB | 0.4/1.6 MB | 1.0/1.9 MB
Progress (5): 6.6/12 MB | 3.6/4.2 MB | 1.8/1.9 MB | 0.4/1.6 MB | 1.0/1.9 MB
Progress (5): 6.6/12 MB | 3.6/4.2 MB | 1.8/1.9 MB | 0.4/1.6 MB | 1.0/1.9 MB
Progress (5): 6.6/12 MB | 3.6/4.2 MB | 1.8/1.9 MB | 0.4/1.6 MB | 1.0/1.9 MB
Progress (5): 6.6/12 MB | 3.6/4.2 MB | 1.8/1.9 MB | 0.4/1.6 MB | 1.1/1.9 MB
Progress (5): 6.6/12 MB | 3.6/4.2 MB | 1.8/1.9 MB | 0.4/1.6 MB | 1.1/1.9 MB
Progress (5): 6.6/12 MB | 3.6/4.2 MB | 1.8/1.9 MB | 0.4/1.6 MB | 1.1/1.9 MB
Progress (5): 6.6/12 MB | 3.6/4.2 MB | 1.8/1.9 MB | 0.4/1.6 MB | 1.1/1.9 MB
Progress (5): 6.6/12 MB | 3.6/4.2 MB | 1.8/1.9 MB | 0.4/1.6 MB | 1.1/1.9 MB
Progress (5): 6.6/12 MB | 3.6/4.2 MB | 1.8/1.9 MB | 0.4/1.6 MB | 1.1/1.9 MB
Progress (5): 6.6/12 MB | 3.6/4.2 MB | 1.8/1.9 MB | 0.4/1.6 MB | 1.1/1.9 MB
Progress (5): 6.6/12 MB | 3.6/4.2 MB | 1.8/1.9 MB | 0.4/1.6 MB | 1.1/1.9 MB
Progress (5): 6.7/12 MB | 3.6/4.2 MB | 1.8/1.9 MB | 0.4/1.6 MB | 1.1/1.9 MB
Progress (5): 6.7/12 MB | 3.6/4.2 MB | 1.8/1.9 MB | 0.4/1.6 MB | 1.1/1.9 MB
Progress (5): 6.7/12 MB | 3.6/4.2 MB | 1.8/1.9 MB | 0.4/1.6 MB | 1.1/1.9 MB
Progress (5): 6.7/12 MB | 3.6/4.2 MB | 1.8/1.9 MB | 0.4/1.6 MB | 1.1/1.9 MB
Progress (5): 6.7/12 MB | 3.6/4.2 MB | 1.8/1.9 MB | 0.4/1.6 MB | 1.1/1.9 MB
Progress (5): 6.7/12 MB | 3.6/4.2 MB | 1.8/1.9 MB | 0.4/1.6 MB | 1.1/1.9 MB
Progress (5): 6.7/12 MB | 3.6/4.2 MB | 1.8/1.9 MB | 0.4/1.6 MB | 1.1/1.9 MB
Progress (5): 6.7/12 MB | 3.6/4.2 MB | 1.8/1.9 MB | 0.4/1.6 MB | 1.1/1.9 MB
Progress (5): 6.7/12 MB | 3.6/4.2 MB | 1.8/1.9 MB | 0.4/1.6 MB | 1.1/1.9 MB
Progress (5): 6.7/12 MB | 3.6/4.2 MB | 1.8/1.9 MB | 0.4/1.6 MB | 1.1/1.9 MB
Progress (5): 6.7/12 MB | 3.6/4.2 MB | 1.8/1.9 MB | 0.4/1.6 MB | 1.1/1.9 MB
Progress (5): 6.7/12 MB | 3.6/4.2 MB | 1.8/1.9 MB | 0.4/1.6 MB | 1.1/1.9 MB
Progress (5): 6.7/12 MB | 3.6/4.2 MB | 1.8/1.9 MB | 0.4/1.6 MB | 1.1/1.9 MB
Progress (5): 6.7/12 MB | 3.6/4.2 MB | 1.8/1.9 MB | 0.4/1.6 MB | 1.1/1.9 MB
Progress (5): 6.7/12 MB | 3.6/4.2 MB | 1.8/1.9 MB | 0.4/1.6 MB | 1.1/1.9 MB
Progress (5): 6.7/12 MB | 3.6/4.2 MB | 1.8/1.9 MB | 0.4/1.6 MB | 1.1/1.9 MB
Progress (5): 6.7/12 MB | 3.6/4.2 MB | 1.8/1.9 MB | 0.4/1.6 MB | 1.1/1.9 MB
Progress (5): 6.7/12 MB | 3.6/4.2 MB | 1.8/1.9 MB | 0.4/1.6 MB | 1.1/1.9 MB
Progress (5): 6.7/12 MB | 3.6/4.2 MB | 1.8/1.9 MB | 0.4/1.6 MB | 1.2/1.9 MB
Progress (5): 6.7/12 MB | 3.6/4.2 MB | 1.8/1.9 MB | 0.4/1.6 MB | 1.2/1.9 MB
Progress (5): 6.7/12 MB | 3.6/4.2 MB | 1.8/1.9 MB | 0.4/1.6 MB | 1.2/1.9 MB
Progress (5): 6.7/12 MB | 3.6/4.2 MB | 1.8/1.9 MB | 0.4/1.6 MB | 1.2/1.9 MB
Progress (5): 6.7/12 MB | 3.6/4.2 MB | 1.8/1.9 MB | 0.4/1.6 MB | 1.2/1.9 MB
Progress (5): 6.7/12 MB | 3.6/4.2 MB | 1.8/1.9 MB | 0.4/1.6 MB | 1.2/1.9 MB
Progress (5): 6.7/12 MB | 3.6/4.2 MB | 1.8/1.9 MB | 0.4/1.6 MB | 1.2/1.9 MB
Progress (5): 6.7/12 MB | 3.6/4.2 MB | 1.9/1.9 MB | 0.4/1.6 MB | 1.2/1.9 MB
Progress (5): 6.7/12 MB | 3.6/4.2 MB | 1.9/1.9 MB | 0.5/1.6 MB | 1.2/1.9 MB
Progress (5): 6.7/12 MB | 3.6/4.2 MB | 1.9/1.9 MB | 0.5/1.6 MB | 1.2/1.9 MB
Progress (5): 6.7/12 MB | 3.6/4.2 MB | 1.9/1.9 MB | 0.5/1.6 MB | 1.2/1.9 MB
Progress (5): 6.7/12 MB | 3.6/4.2 MB | 1.9/1.9 MB | 0.5/1.6 MB | 1.2/1.9 MB
Progress (5): 6.7/12 MB | 3.7/4.2 MB | 1.9/1.9 MB | 0.5/1.6 MB | 1.2/1.9 MB
Progress (5): 6.7/12 MB | 3.7/4.2 MB | 1.9/1.9 MB | 0.5/1.6 MB | 1.2/1.9 MB
Progress (5): 6.7/12 MB | 3.7/4.2 MB | 1.9/1.9 MB | 0.5/1.6 MB | 1.2/1.9 MB
Progress (5): 6.7/12 MB | 3.7/4.2 MB | 1.9/1.9 MB | 0.5/1.6 MB | 1.2/1.9 MB
Progress (5): 6.7/12 MB | 3.7/4.2 MB | 1.9/1.9 MB | 0.5/1.6 MB | 1.2/1.9 MB
Progress (5): 6.7/12 MB | 3.7/4.2 MB | 1.9/1.9 MB | 0.5/1.6 MB | 1.2/1.9 MB
Progress (5): 6.7/12 MB | 3.7/4.2 MB | 1.9 MB | 0.5/1.6 MB | 1.2/1.9 MB    
Progress (5): 6.7/12 MB | 3.7/4.2 MB | 1.9 MB | 0.5/1.6 MB | 1.2/1.9 MB
Progress (5): 6.7/12 MB | 3.7/4.2 MB | 1.9 MB | 0.5/1.6 MB | 1.2/1.9 MB
Progress (5): 6.7/12 MB | 3.7/4.2 MB | 1.9 MB | 0.5/1.6 MB | 1.3/1.9 MB
Progress (5): 6.7/12 MB | 3.7/4.2 MB | 1.9 MB | 0.5/1.6 MB | 1.3/1.9 MB
Progress (5): 6.7/12 MB | 3.7/4.2 MB | 1.9 MB | 0.5/1.6 MB | 1.3/1.9 MB
Progress (5): 6.7/12 MB | 3.7/4.2 MB | 1.9 MB | 0.5/1.6 MB | 1.3/1.9 MB
Progress (5): 6.7/12 MB | 3.7/4.2 MB | 1.9 MB | 0.5/1.6 MB | 1.3/1.9 MB
Progress (5): 6.7/12 MB | 3.7/4.2 MB | 1.9 MB | 0.5/1.6 MB | 1.3/1.9 MB
Progress (5): 6.7/12 MB | 3.7/4.2 MB | 1.9 MB | 0.5/1.6 MB | 1.3/1.9 MB
Progress (5): 6.7/12 MB | 3.7/4.2 MB | 1.9 MB | 0.5/1.6 MB | 1.3/1.9 MB
Progress (5): 6.7/12 MB | 3.7/4.2 MB | 1.9 MB | 0.5/1.6 MB | 1.3/1.9 MB
Progress (5): 6.7/12 MB | 3.7/4.2 MB | 1.9 MB | 0.5/1.6 MB | 1.3/1.9 MB
Progress (5): 6.7/12 MB | 3.7/4.2 MB | 1.9 MB | 0.5/1.6 MB | 1.3/1.9 MB
Progress (5): 6.7/12 MB | 3.7/4.2 MB | 1.9 MB | 0.5/1.6 MB | 1.3/1.9 MB
Progress (5): 6.7/12 MB | 3.7/4.2 MB | 1.9 MB | 0.5/1.6 MB | 1.3/1.9 MB
Progress (5): 6.7/12 MB | 3.7/4.2 MB | 1.9 MB | 0.5/1.6 MB | 1.3/1.9 MB
Progress (5): 6.7/12 MB | 3.7/4.2 MB | 1.9 MB | 0.5/1.6 MB | 1.3/1.9 MB
Progress (5): 6.7/12 MB | 3.7/4.2 MB | 1.9 MB | 0.5/1.6 MB | 1.3/1.9 MB
Progress (5): 6.8/12 MB | 3.7/4.2 MB | 1.9 MB | 0.5/1.6 MB | 1.3/1.9 MB
                                                                       
Downloaded from central: https://repo.maven.apache.org/maven2/org/springframework/spring-core/6.1.4/spring-core-6.1.4.jar (1.9 MB at 160 kB/s)
Downloading from central: https://repo.maven.apache.org/maven2/org/springframework/boot/spring-boot-starter-logging/3.2.3/spring-boot-starter-logging-3.2.3.jar
Progress (4): 6.8/12 MB | 3.7/4.2 MB | 0.5/1.6 MB | 1.3/1.9 MB
Progress (4): 6.8/12 MB | 3.7/4.2 MB | 0.5/1.6 MB | 1.3/1.9 MB
Progress (4): 6.8/12 MB | 3.7/4.2 MB | 0.5/1.6 MB | 1.3/1.9 MB
Progress (4): 6.8/12 MB | 3.7/4.2 MB | 0.5/1.6 MB | 1.3/1.9 MB
Progress (4): 6.8/12 MB | 3.7/4.2 MB | 0.5/1.6 MB | 1.4/1.9 MB
Progress (4): 6.8/12 MB | 3.7/4.2 MB | 0.5/1.6 MB | 1.4/1.9 MB
Progress (4): 6.8/12 MB | 3.7/4.2 MB | 0.5/1.6 MB | 1.4/1.9 MB
Progress (4): 6.8/12 MB | 3.7/4.2 MB | 0.5/1.6 MB | 1.4/1.9 MB
Progress (4): 6.8/12 MB | 3.7/4.2 MB | 0.5/1.6 MB | 1.4/1.9 MB
Progress (4): 6.8/12 MB | 3.7/4.2 MB | 0.5/1.6 MB | 1.4/1.9 MB
Progress (4): 6.8/12 MB | 3.7/4.2 MB | 0.5/1.6 MB | 1.4/1.9 MB
Progress (4): 6.8/12 MB | 3.7/4.2 MB | 0.5/1.6 MB | 1.4/1.9 MB
Progress (4): 6.8/12 MB | 3.7/4.2 MB | 0.5/1.6 MB | 1.4/1.9 MB
Progress (4): 6.8/12 MB | 3.7/4.2 MB | 0.5/1.6 MB | 1.4/1.9 MB
Progress (4): 6.8/12 MB | 3.7/4.2 MB | 0.5/1.6 MB | 1.4/1.9 MB
Progress (4): 6.8/12 MB | 3.7/4.2 MB | 0.5/1.6 MB | 1.4/1.9 MB
Progress (4): 6.8/12 MB | 3.7/4.2 MB | 0.5/1.6 MB | 1.4/1.9 MB
Progress (4): 6.8/12 MB | 3.7/4.2 MB | 0.5/1.6 MB | 1.4/1.9 MB
Progress (4): 6.8/12 MB | 3.7/4.2 MB | 0.5/1.6 MB | 1.4/1.9 MB
Progress (4): 6.8/12 MB | 3.7/4.2 MB | 0.5/1.6 MB | 1.4/1.9 MB
Progress (4): 6.8/12 MB | 3.7/4.2 MB | 0.5/1.6 MB | 1.4/1.9 MB
Progress (4): 6.8/12 MB | 3.7/4.2 MB | 0.5/1.6 MB | 1.4/1.9 MB
Progress (4): 6.8/12 MB | 3.7/4.2 MB | 0.5/1.6 MB | 1.4/1.9 MB
Progress (4): 6.8/12 MB | 3.7/4.2 MB | 0.5/1.6 MB | 1.5/1.9 MB
Progress (4): 6.8/12 MB | 3.7/4.2 MB | 0.5/1.6 MB | 1.5/1.9 MB
Progress (4): 6.8/12 MB | 3.7/4.2 MB | 0.6/1.6 MB | 1.5/1.9 MB
Progress (4): 6.8/12 MB | 3.7/4.2 MB | 0.6/1.6 MB | 1.5/1.9 MB
Progress (4): 6.8/12 MB | 3.7/4.2 MB | 0.6/1.6 MB | 1.5/1.9 MB
Progress (4): 6.8/12 MB | 3.7/4.2 MB | 0.6/1.6 MB | 1.5/1.9 MB
Progress (4): 6.8/12 MB | 3.7/4.2 MB | 0.6/1.6 MB | 1.5/1.9 MB
Progress (4): 6.8/12 MB | 3.7/4.2 MB | 0.6/1.6 MB | 1.5/1.9 MB
Progress (4): 6.8/12 MB | 3.7/4.2 MB | 0.6/1.6 MB | 1.5/1.9 MB
Progress (4): 6.8/12 MB | 3.7/4.2 MB | 0.6/1.6 MB | 1.5/1.9 MB
Progress (4): 6.8/12 MB | 3.8/4.2 MB | 0.6/1.6 MB | 1.5/1.9 MB
Progress (4): 6.8/12 MB | 3.8/4.2 MB | 0.6/1.6 MB | 1.5/1.9 MB
Progress (4): 6.8/12 MB | 3.8/4.2 MB | 0.6/1.6 MB | 1.5/1.9 MB
Progress (5): 6.8/12 MB | 3.8/4.2 MB | 0.6/1.6 MB | 1.5/1.9 MB | 4.1/4.8 kB
Progress (5): 6.8/12 MB | 3.8/4.2 MB | 0.6/1.6 MB | 1.5/1.9 MB | 4.8 kB    
Progress (5): 6.8/12 MB | 3.8/4.2 MB | 0.6/1.6 MB | 1.5/1.9 MB | 4.8 kB
Progress (5): 6.8/12 MB | 3.8/4.2 MB | 0.6/1.6 MB | 1.5/1.9 MB | 4.8 kB
Progress (5): 6.8/12 MB | 3.8/4.2 MB | 0.6/1.6 MB | 1.5/1.9 MB | 4.8 kB
Progress (5): 6.8/12 MB | 3.8/4.2 MB | 0.6/1.6 MB | 1.5/1.9 MB | 4.8 kB
Progress (5): 6.8/12 MB | 3.8/4.2 MB | 0.6/1.6 MB | 1.5/1.9 MB | 4.8 kB
Progress (5): 6.8/12 MB | 3.8/4.2 MB | 0.6/1.6 MB | 1.5/1.9 MB | 4.8 kB
Progress (5): 6.9/12 MB | 3.8/4.2 MB | 0.6/1.6 MB | 1.5/1.9 MB | 4.8 kB
Progress (5): 6.9/12 MB | 3.8/4.2 MB | 0.6/1.6 MB | 1.5/1.9 MB | 4.8 kB
Progress (5): 6.9/12 MB | 3.8/4.2 MB | 0.6/1.6 MB | 1.6/1.9 MB | 4.8 kB
Progress (5): 6.9/12 MB | 3.8/4.2 MB | 0.6/1.6 MB | 1.6/1.9 MB | 4.8 kB
Progress (5): 6.9/12 MB | 3.8/4.2 MB | 0.6/1.6 MB | 1.6/1.9 MB | 4.8 kB
Progress (5): 6.9/12 MB | 3.8/4.2 MB | 0.6/1.6 MB | 1.6/1.9 MB | 4.8 kB
Progress (5): 6.9/12 MB | 3.8/4.2 MB | 0.6/1.6 MB | 1.6/1.9 MB | 4.8 kB
Progress (5): 6.9/12 MB | 3.8/4.2 MB | 0.6/1.6 MB | 1.6/1.9 MB | 4.8 kB
Progress (5): 6.9/12 MB | 3.8/4.2 MB | 0.6/1.6 MB | 1.6/1.9 MB | 4.8 kB
Progress (5): 6.9/12 MB | 3.8/4.2 MB | 0.6/1.6 MB | 1.6/1.9 MB | 4.8 kB
Progress (5): 6.9/12 MB | 3.8/4.2 MB | 0.6/1.6 MB | 1.6/1.9 MB | 4.8 kB
Progress (5): 6.9/12 MB | 3.8/4.2 MB | 0.6/1.6 MB | 1.6/1.9 MB | 4.8 kB
Progress (5): 6.9/12 MB | 3.8/4.2 MB | 0.6/1.6 MB | 1.6/1.9 MB | 4.8 kB
Progress (5): 6.9/12 MB | 3.8/4.2 MB | 0.6/1.6 MB | 1.6/1.9 MB | 4.8 kB
Progress (5): 6.9/12 MB | 3.8/4.2 MB | 0.6/1.6 MB | 1.6/1.9 MB | 4.8 kB
Progress (5): 6.9/12 MB | 3.8/4.2 MB | 0.6/1.6 MB | 1.6/1.9 MB | 4.8 kB
Progress (5): 6.9/12 MB | 3.8/4.2 MB | 0.6/1.6 MB | 1.6/1.9 MB | 4.8 kB
Progress (5): 6.9/12 MB | 3.8/4.2 MB | 0.6/1.6 MB | 1.6/1.9 MB | 4.8 kB
Progress (5): 6.9/12 MB | 3.8/4.2 MB | 0.6/1.6 MB | 1.6/1.9 MB | 4.8 kB
Progress (5): 6.9/12 MB | 3.8/4.2 MB | 0.6/1.6 MB | 1.7/1.9 MB | 4.8 kB
                                                                       
Downloaded from central: https://repo.maven.apache.org/maven2/org/springframework/boot/spring-boot-starter-logging/3.2.3/spring-boot-starter-logging-3.2.3.jar (4.8 kB at 391 B/s)
Downloading from central: https://repo.maven.apache.org/maven2/ch/qos/logback/logback-classic/1.4.14/logback-classic-1.4.14.jar
Progress (4): 6.9/12 MB | 3.8/4.2 MB | 0.6/1.6 MB | 1.7/1.9 MB
Progress (4): 6.9/12 MB | 3.8/4.2 MB | 0.6/1.6 MB | 1.7/1.9 MB
Progress (4): 6.9/12 MB | 3.8/4.2 MB | 0.6/1.6 MB | 1.7/1.9 MB
Progress (4): 6.9/12 MB | 3.8/4.2 MB | 0.6/1.6 MB | 1.7/1.9 MB
Progress (4): 6.9/12 MB | 3.8/4.2 MB | 0.6/1.6 MB | 1.7/1.9 MB
Progress (4): 6.9/12 MB | 3.8/4.2 MB | 0.6/1.6 MB | 1.7/1.9 MB
Progress (4): 6.9/12 MB | 3.8/4.2 MB | 0.6/1.6 MB | 1.7/1.9 MB
Progress (4): 6.9/12 MB | 3.8/4.2 MB | 0.6/1.6 MB | 1.7/1.9 MB
Progress (4): 6.9/12 MB | 3.8/4.2 MB | 0.6/1.6 MB | 1.7/1.9 MB
Progress (4): 6.9/12 MB | 3.8/4.2 MB | 0.6/1.6 MB | 1.7/1.9 MB
Progress (4): 6.9/12 MB | 3.8/4.2 MB | 0.6/1.6 MB | 1.7/1.9 MB
Progress (4): 6.9/12 MB | 3.8/4.2 MB | 0.6/1.6 MB | 1.7/1.9 MB
Progress (4): 6.9/12 MB | 3.8/4.2 MB | 0.6/1.6 MB | 1.7/1.9 MB
Progress (4): 6.9/12 MB | 3.8/4.2 MB | 0.6/1.6 MB | 1.7/1.9 MB
Progress (5): 6.9/12 MB | 3.8/4.2 MB | 0.6/1.6 MB | 1.7/1.9 MB | 4.1/284 kB
Progress (5): 6.9/12 MB | 3.8/4.2 MB | 0.6/1.6 MB | 1.7/1.9 MB | 7.7/284 kB
Progress (5): 6.9/12 MB | 3.8/4.2 MB | 0.6/1.6 MB | 1.7/1.9 MB | 12/284 kB 
Progress (5): 6.9/12 MB | 3.8/4.2 MB | 0.6/1.6 MB | 1.7/1.9 MB | 16/284 kB
Progress (5): 6.9/12 MB | 3.8/4.2 MB | 0.6/1.6 MB | 1.7/1.9 MB | 20/284 kB
Progress (5): 6.9/12 MB | 3.8/4.2 MB | 0.6/1.6 MB | 1.7/1.9 MB | 24/284 kB
Progress (5): 6.9/12 MB | 3.8/4.2 MB | 0.6/1.6 MB | 1.7/1.9 MB | 28/284 kB
Progress (5): 6.9/12 MB | 3.8/4.2 MB | 0.6/1.6 MB | 1.7/1.9 MB | 28/284 kB
Progress (5): 6.9/12 MB | 3.8/4.2 MB | 0.6/1.6 MB | 1.8/1.9 MB | 28/284 kB
Progress (5): 6.9/12 MB | 3.8/4.2 MB | 0.6/1.6 MB | 1.8/1.9 MB | 28/284 kB
Progress (5): 6.9/12 MB | 3.8/4.2 MB | 0.7/1.6 MB | 1.8/1.9 MB | 28/284 kB
Progress (5): 6.9/12 MB | 3.8/4.2 MB | 0.7/1.6 MB | 1.8/1.9 MB | 28/284 kB
Progress (5): 6.9/12 MB | 3.8/4.2 MB | 0.7/1.6 MB | 1.8/1.9 MB | 28/284 kB
Progress (5): 7.0/12 MB | 3.8/4.2 MB | 0.7/1.6 MB | 1.8/1.9 MB | 28/284 kB
Progress (5): 7.0/12 MB | 3.8/4.2 MB | 0.7/1.6 MB | 1.8/1.9 MB | 28/284 kB
Progress (5): 7.0/12 MB | 3.8/4.2 MB | 0.7/1.6 MB | 1.8/1.9 MB | 28/284 kB
Progress (5): 7.0/12 MB | 3.8/4.2 MB | 0.7/1.6 MB | 1.8/1.9 MB | 28/284 kB
Progress (5): 7.0/12 MB | 3.8/4.2 MB | 0.7/1.6 MB | 1.8/1.9 MB | 28/284 kB
Progress (5): 7.0/12 MB | 3.8/4.2 MB | 0.7/1.6 MB | 1.8/1.9 MB | 28/284 kB
Progress (5): 7.0/12 MB | 3.8/4.2 MB | 0.7/1.6 MB | 1.8/1.9 MB | 28/284 kB
Progress (5): 7.0/12 MB | 3.8/4.2 MB | 0.7/1.6 MB | 1.8/1.9 MB | 28/284 kB
Progress (5): 7.0/12 MB | 3.8/4.2 MB | 0.7/1.6 MB | 1.8/1.9 MB | 28/284 kB
Progress (5): 7.0/12 MB | 3.8/4.2 MB | 0.7/1.6 MB | 1.8/1.9 MB | 28/284 kB
Progress (5): 7.0/12 MB | 3.9/4.2 MB | 0.7/1.6 MB | 1.8/1.9 MB | 28/284 kB
Progress (5): 7.0/12 MB | 3.9/4.2 MB | 0.7/1.6 MB | 1.8/1.9 MB | 28/284 kB
Progress (5): 7.0/12 MB | 3.9/4.2 MB | 0.7/1.6 MB | 1.8/1.9 MB | 28/284 kB
Progress (5): 7.0/12 MB | 3.9/4.2 MB | 0.7/1.6 MB | 1.8/1.9 MB | 28/284 kB
Progress (5): 7.0/12 MB | 3.9/4.2 MB | 0.7/1.6 MB | 1.8/1.9 MB | 28/284 kB
Progress (5): 7.0/12 MB | 3.9/4.2 MB | 0.7/1.6 MB | 1.8/1.9 MB | 32/284 kB
Progress (5): 7.0/12 MB | 3.9/4.2 MB | 0.7/1.6 MB | 1.8/1.9 MB | 36/284 kB
Progress (5): 7.0/12 MB | 3.9/4.2 MB | 0.7/1.6 MB | 1.8/1.9 MB | 40/284 kB
Progress (5): 7.0/12 MB | 3.9/4.2 MB | 0.7/1.6 MB | 1.8/1.9 MB | 44/284 kB
Progress (5): 7.0/12 MB | 3.9/4.2 MB | 0.7/1.6 MB | 1.8/1.9 MB | 48/284 kB
Progress (5): 7.0/12 MB | 3.9/4.2 MB | 0.7/1.6 MB | 1.8/1.9 MB | 53/284 kB
Progress (5): 7.0/12 MB | 3.9/4.2 MB | 0.7/1.6 MB | 1.8/1.9 MB | 57/284 kB
Progress (5): 7.0/12 MB | 3.9/4.2 MB | 0.7/1.6 MB | 1.8/1.9 MB | 61/284 kB
Progress (5): 7.0/12 MB | 3.9/4.2 MB | 0.7/1.6 MB | 1.8/1.9 MB | 65/284 kB
Progress (5): 7.0/12 MB | 3.9/4.2 MB | 0.7/1.6 MB | 1.8/1.9 MB | 69/284 kB
Progress (5): 7.0/12 MB | 3.9/4.2 MB | 0.7/1.6 MB | 1.8/1.9 MB | 73/284 kB
Progress (5): 7.0/12 MB | 3.9/4.2 MB | 0.7/1.6 MB | 1.8/1.9 MB | 77/284 kB
Progress (5): 7.0/12 MB | 3.9/4.2 MB | 0.7/1.6 MB | 1.8/1.9 MB | 77/284 kB
Progress (5): 7.0/12 MB | 3.9/4.2 MB | 0.7/1.6 MB | 1.9/1.9 MB | 77/284 kB
Progress (5): 7.0/12 MB | 3.9/4.2 MB | 0.7/1.6 MB | 1.9/1.9 MB | 77/284 kB
Progress (5): 7.0/12 MB | 3.9/4.2 MB | 0.7/1.6 MB | 1.9/1.9 MB | 77/284 kB
Progress (5): 7.0/12 MB | 3.9/4.2 MB | 0.7/1.6 MB | 1.9/1.9 MB | 77/284 kB
Progress (5): 7.0/12 MB | 3.9/4.2 MB | 0.7/1.6 MB | 1.9/1.9 MB | 77/284 kB
Progress (5): 7.0/12 MB | 3.9/4.2 MB | 0.7/1.6 MB | 1.9/1.9 MB | 77/284 kB
Progress (5): 7.0/12 MB | 3.9/4.2 MB | 0.7/1.6 MB | 1.9/1.9 MB | 77/284 kB
Progress (5): 7.0/12 MB | 3.9/4.2 MB | 0.7/1.6 MB | 1.9/1.9 MB | 77/284 kB
Progress (5): 7.0/12 MB | 3.9/4.2 MB | 0.7/1.6 MB | 1.9/1.9 MB | 77/284 kB
Progress (5): 7.0/12 MB | 3.9/4.2 MB | 0.7/1.6 MB | 1.9/1.9 MB | 77/284 kB
Progress (5): 7.0/12 MB | 3.9/4.2 MB | 0.7/1.6 MB | 1.9/1.9 MB | 77/284 kB
Progress (5): 7.1/12 MB | 3.9/4.2 MB | 0.7/1.6 MB | 1.9/1.9 MB | 77/284 kB
Progress (5): 7.1/12 MB | 3.9/4.2 MB | 0.7/1.6 MB | 1.9/1.9 MB | 77/284 kB
Progress (5): 7.1/12 MB | 3.9/4.2 MB | 0.7/1.6 MB | 1.9/1.9 MB | 77/284 kB
Progress (5): 7.1/12 MB | 3.9/4.2 MB | 0.7/1.6 MB | 1.9/1.9 MB | 77/284 kB
Progress (5): 7.1/12 MB | 3.9/4.2 MB | 0.7/1.6 MB | 1.9/1.9 MB | 81/284 kB
Progress (5): 7.1/12 MB | 3.9/4.2 MB | 0.7/1.6 MB | 1.9/1.9 MB | 85/284 kB
Progress (5): 7.1/12 MB | 3.9/4.2 MB | 0.7/1.6 MB | 1.9 MB | 85/284 kB    
Progress (5): 7.1/12 MB | 3.9/4.2 MB | 0.7/1.6 MB | 1.9 MB | 89/284 kB
Progress (5): 7.1/12 MB | 3.9/4.2 MB | 0.7/1.6 MB | 1.9 MB | 93/284 kB
Progress (5): 7.1/12 MB | 3.9/4.2 MB | 0.7/1.6 MB | 1.9 MB | 93/284 kB
Progress (5): 7.1/12 MB | 3.9/4.2 MB | 0.7/1.6 MB | 1.9 MB | 98/284 kB
Progress (5): 7.1/12 MB | 3.9/4.2 MB | 0.7/1.6 MB | 1.9 MB | 102/284 kB
Progress (5): 7.1/12 MB | 3.9/4.2 MB | 0.7/1.6 MB | 1.9 MB | 106/284 kB
Progress (5): 7.1/12 MB | 3.9/4.2 MB | 0.7/1.6 MB | 1.9 MB | 110/284 kB
Progress (5): 7.1/12 MB | 3.9/4.2 MB | 0.7/1.6 MB | 1.9 MB | 114/284 kB
Progress (5): 7.1/12 MB | 3.9/4.2 MB | 0.7/1.6 MB | 1.9 MB | 118/284 kB
Progress (5): 7.1/12 MB | 3.9/4.2 MB | 0.7/1.6 MB | 1.9 MB | 122/284 kB
Progress (5): 7.1/12 MB | 3.9/4.2 MB | 0.7/1.6 MB | 1.9 MB | 126/284 kB
Progress (5): 7.1/12 MB | 3.9/4.2 MB | 0.7/1.6 MB | 1.9 MB | 130/284 kB
Progress (5): 7.1/12 MB | 3.9/4.2 MB | 0.7/1.6 MB | 1.9 MB | 134/284 kB
Progress (5): 7.1/12 MB | 3.9/4.2 MB | 0.7/1.6 MB | 1.9 MB | 139/284 kB
Progress (5): 7.1/12 MB | 3.9/4.2 MB | 0.7/1.6 MB | 1.9 MB | 143/284 kB
Progress (5): 7.1/12 MB | 3.9/4.2 MB | 0.7/1.6 MB | 1.9 MB | 143/284 kB
Progress (5): 7.1/12 MB | 3.9/4.2 MB | 0.7/1.6 MB | 1.9 MB | 143/284 kB
Progress (5): 7.1/12 MB | 3.9/4.2 MB | 0.7/1.6 MB | 1.9 MB | 143/284 kB
Progress (5): 7.1/12 MB | 3.9/4.2 MB | 0.8/1.6 MB | 1.9 MB | 143/284 kB
Progress (5): 7.1/12 MB | 3.9/4.2 MB | 0.8/1.6 MB | 1.9 MB | 143/284 kB
Progress (5): 7.1/12 MB | 3.9/4.2 MB | 0.8/1.6 MB | 1.9 MB | 143/284 kB
Progress (5): 7.1/12 MB | 3.9/4.2 MB | 0.8/1.6 MB | 1.9 MB | 147/284 kB
Progress (5): 7.1/12 MB | 3.9/4.2 MB | 0.8/1.6 MB | 1.9 MB | 151/284 kB
Progress (5): 7.1/12 MB | 3.9/4.2 MB | 0.8/1.6 MB | 1.9 MB | 155/284 kB
Progress (5): 7.1/12 MB | 3.9/4.2 MB | 0.8/1.6 MB | 1.9 MB | 159/284 kB
Progress (5): 7.1/12 MB | 3.9/4.2 MB | 0.8/1.6 MB | 1.9 MB | 163/284 kB
Progress (5): 7.1/12 MB | 3.9/4.2 MB | 0.8/1.6 MB | 1.9 MB | 167/284 kB
Progress (5): 7.1/12 MB | 3.9/4.2 MB | 0.8/1.6 MB | 1.9 MB | 171/284 kB
Progress (5): 7.1/12 MB | 3.9/4.2 MB | 0.8/1.6 MB | 1.9 MB | 175/284 kB
Progress (5): 7.1/12 MB | 3.9/4.2 MB | 0.8/1.6 MB | 1.9 MB | 179/284 kB
Progress (5): 7.1/12 MB | 3.9/4.2 MB | 0.8/1.6 MB | 1.9 MB | 179/284 kB
                                                                       
Downloaded from central: https://repo.maven.apache.org/maven2/org/springframework/boot/spring-boot-autoconfigure/3.2.3/spring-boot-autoconfigure-3.2.3.jar (1.9 MB at 152 kB/s)
Downloading from central: https://repo.maven.apache.org/maven2/ch/qos/logback/logback-core/1.4.14/logback-core-1.4.14.jar
Progress (4): 7.1/12 MB | 3.9/4.2 MB | 0.8/1.6 MB | 179/284 kB
Progress (4): 7.1/12 MB | 3.9/4.2 MB | 0.8/1.6 MB | 179/284 kB
Progress (4): 7.1/12 MB | 3.9/4.2 MB | 0.8/1.6 MB | 179/284 kB
Progress (4): 7.1/12 MB | 3.9/4.2 MB | 0.8/1.6 MB | 179/284 kB
Progress (4): 7.2/12 MB | 3.9/4.2 MB | 0.8/1.6 MB | 179/284 kB
Progress (4): 7.2/12 MB | 3.9/4.2 MB | 0.8/1.6 MB | 184/284 kB
Progress (4): 7.2/12 MB | 3.9/4.2 MB | 0.8/1.6 MB | 188/284 kB
Progress (4): 7.2/12 MB | 3.9/4.2 MB | 0.8/1.6 MB | 192/284 kB
Progress (4): 7.2/12 MB | 3.9/4.2 MB | 0.8/1.6 MB | 196/284 kB
Progress (4): 7.2/12 MB | 3.9/4.2 MB | 0.8/1.6 MB | 200/284 kB
Progress (4): 7.2/12 MB | 3.9/4.2 MB | 0.8/1.6 MB | 204/284 kB
Progress (4): 7.2/12 MB | 3.9/4.2 MB | 0.8/1.6 MB | 208/284 kB
Progress (4): 7.2/12 MB | 3.9/4.2 MB | 0.8/1.6 MB | 212/284 kB
Progress (4): 7.2/12 MB | 3.9/4.2 MB | 0.8/1.6 MB | 216/284 kB
Progress (4): 7.2/12 MB | 3.9/4.2 MB | 0.8/1.6 MB | 220/284 kB
Progress (4): 7.2/12 MB | 3.9/4.2 MB | 0.8/1.6 MB | 225/284 kB
Progress (4): 7.2/12 MB | 3.9/4.2 MB | 0.8/1.6 MB | 229/284 kB
Progress (4): 7.2/12 MB | 3.9/4.2 MB | 0.8/1.6 MB | 229/284 kB
Progress (4): 7.2/12 MB | 3.9/4.2 MB | 0.8/1.6 MB | 229/284 kB
Progress (4): 7.2/12 MB | 4.0/4.2 MB | 0.8/1.6 MB | 229/284 kB
Progress (4): 7.2/12 MB | 4.0/4.2 MB | 0.8/1.6 MB | 229/284 kB
Progress (4): 7.2/12 MB | 4.0/4.2 MB | 0.8/1.6 MB | 229/284 kB
Progress (4): 7.2/12 MB | 4.0/4.2 MB | 0.8/1.6 MB | 229/284 kB
Progress (5): 7.2/12 MB | 4.0/4.2 MB | 0.8/1.6 MB | 229/284 kB | 4.1/597 kB
Progress (5): 7.2/12 MB | 4.0/4.2 MB | 0.8/1.6 MB | 229/284 kB | 7.7/597 kB
Progress (5): 7.2/12 MB | 4.0/4.2 MB | 0.8/1.6 MB | 229/284 kB | 12/597 kB 
Progress (5): 7.2/12 MB | 4.0/4.2 MB | 0.8/1.6 MB | 229/284 kB | 16/597 kB
Progress (5): 7.2/12 MB | 4.0/4.2 MB | 0.8/1.6 MB | 229/284 kB | 20/597 kB
Progress (5): 7.2/12 MB | 4.0/4.2 MB | 0.8/1.6 MB | 229/284 kB | 24/597 kB
Progress (5): 7.2/12 MB | 4.0/4.2 MB | 0.8/1.6 MB | 229/284 kB | 28/597 kB
Progress (5): 7.2/12 MB | 4.0/4.2 MB | 0.8/1.6 MB | 229/284 kB | 32/597 kB
Progress (5): 7.2/12 MB | 4.0/4.2 MB | 0.8/1.6 MB | 229/284 kB | 36/597 kB
Progress (5): 7.2/12 MB | 4.0/4.2 MB | 0.8/1.6 MB | 229/284 kB | 40/597 kB
Progress (5): 7.2/12 MB | 4.0/4.2 MB | 0.8/1.6 MB | 229/284 kB | 45/597 kB
Progress (5): 7.2/12 MB | 4.0/4.2 MB | 0.8/1.6 MB | 229/284 kB | 49/597 kB
Progress (5): 7.2/12 MB | 4.0/4.2 MB | 0.8/1.6 MB | 229/284 kB | 53/597 kB
Progress (5): 7.2/12 MB | 4.0/4.2 MB | 0.8/1.6 MB | 229/284 kB | 57/597 kB
Progress (5): 7.2/12 MB | 4.0/4.2 MB | 0.8/1.6 MB | 229/284 kB | 61/597 kB
Progress (5): 7.2/12 MB | 4.0/4.2 MB | 0.8/1.6 MB | 229/284 kB | 65/597 kB
Progress (5): 7.2/12 MB | 4.0/4.2 MB | 0.8/1.6 MB | 233/284 kB | 65/597 kB
Progress (5): 7.2/12 MB | 4.0/4.2 MB | 0.8/1.6 MB | 237/284 kB | 65/597 kB
Progress (5): 7.2/12 MB | 4.0/4.2 MB | 0.8/1.6 MB | 241/284 kB | 65/597 kB
Progress (5): 7.2/12 MB | 4.0/4.2 MB | 0.8/1.6 MB | 245/284 kB | 65/597 kB
Progress (5): 7.2/12 MB | 4.0/4.2 MB | 0.8/1.6 MB | 249/284 kB | 65/597 kB
Progress (5): 7.2/12 MB | 4.0/4.2 MB | 0.8/1.6 MB | 253/284 kB | 65/597 kB
Progress (5): 7.2/12 MB | 4.0/4.2 MB | 0.8/1.6 MB | 257/284 kB | 65/597 kB
Progress (5): 7.2/12 MB | 4.0/4.2 MB | 0.8/1.6 MB | 261/284 kB | 65/597 kB
Progress (5): 7.2/12 MB | 4.0/4.2 MB | 0.8/1.6 MB | 266/284 kB | 65/597 kB
Progress (5): 7.2/12 MB | 4.0/4.2 MB | 0.8/1.6 MB | 270/284 kB | 65/597 kB
Progress (5): 7.2/12 MB | 4.0/4.2 MB | 0.8/1.6 MB | 274/284 kB | 65/597 kB
Progress (5): 7.2/12 MB | 4.0/4.2 MB | 0.8/1.6 MB | 278/284 kB | 65/597 kB
Progress (5): 7.2/12 MB | 4.0/4.2 MB | 0.8/1.6 MB | 282/284 kB | 65/597 kB
Progress (5): 7.2/12 MB | 4.0/4.2 MB | 0.8/1.6 MB | 284 kB | 65/597 kB    
Progress (5): 7.2/12 MB | 4.0/4.2 MB | 0.8/1.6 MB | 284 kB | 65/597 kB
Progress (5): 7.2/12 MB | 4.0/4.2 MB | 0.8/1.6 MB | 284 kB | 65/597 kB
Progress (5): 7.2/12 MB | 4.0/4.2 MB | 0.8/1.6 MB | 284 kB | 65/597 kB
Progress (5): 7.2/12 MB | 4.0/4.2 MB | 0.8/1.6 MB | 284 kB | 65/597 kB
Progress (5): 7.2/12 MB | 4.0/4.2 MB | 0.9/1.6 MB | 284 kB | 65/597 kB
Progress (5): 7.2/12 MB | 4.0/4.2 MB | 0.9/1.6 MB | 284 kB | 69/597 kB
Progress (5): 7.2/12 MB | 4.0/4.2 MB | 0.9/1.6 MB | 284 kB | 73/597 kB
Progress (5): 7.2/12 MB | 4.0/4.2 MB | 0.9/1.6 MB | 284 kB | 77/597 kB
Progress (5): 7.2/12 MB | 4.0/4.2 MB | 0.9/1.6 MB | 284 kB | 81/597 kB
Progress (5): 7.2/12 MB | 4.0/4.2 MB | 0.9/1.6 MB | 284 kB | 86/597 kB
Progress (5): 7.2/12 MB | 4.0/4.2 MB | 0.9/1.6 MB | 284 kB | 90/597 kB
Progress (5): 7.2/12 MB | 4.0/4.2 MB | 0.9/1.6 MB | 284 kB | 94/597 kB
Progress (5): 7.2/12 MB | 4.0/4.2 MB | 0.9/1.6 MB | 284 kB | 98/597 kB
Progress (5): 7.2/12 MB | 4.0/4.2 MB | 0.9/1.6 MB | 284 kB | 102/597 kB
Progress (5): 7.2/12 MB | 4.0/4.2 MB | 0.9/1.6 MB | 284 kB | 106/597 kB
Progress (5): 7.2/12 MB | 4.0/4.2 MB | 0.9/1.6 MB | 284 kB | 110/597 kB
Progress (5): 7.2/12 MB | 4.0/4.2 MB | 0.9/1.6 MB | 284 kB | 114/597 kB
Progress (5): 7.2/12 MB | 4.0/4.2 MB | 0.9/1.6 MB | 284 kB | 118/597 kB
Progress (5): 7.2/12 MB | 4.0/4.2 MB | 0.9/1.6 MB | 284 kB | 122/597 kB
Progress (5): 7.2/12 MB | 4.0/4.2 MB | 0.9/1.6 MB | 284 kB | 126/597 kB
Progress (5): 7.2/12 MB | 4.0/4.2 MB | 0.9/1.6 MB | 284 kB | 131/597 kB
Progress (5): 7.3/12 MB | 4.0/4.2 MB | 0.9/1.6 MB | 284 kB | 131/597 kB
Progress (5): 7.3/12 MB | 4.0/4.2 MB | 0.9/1.6 MB | 284 kB | 135/597 kB
Progress (5): 7.3/12 MB | 4.0/4.2 MB | 0.9/1.6 MB | 284 kB | 139/597 kB
Progress (5): 7.3/12 MB | 4.0/4.2 MB | 0.9/1.6 MB | 284 kB | 143/597 kB
Progress (5): 7.3/12 MB | 4.0/4.2 MB | 0.9/1.6 MB | 284 kB | 147/597 kB
Progress (5): 7.3/12 MB | 4.0/4.2 MB | 0.9/1.6 MB | 284 kB | 151/597 kB
Progress (5): 7.3/12 MB | 4.0/4.2 MB | 0.9/1.6 MB | 284 kB | 155/597 kB
Progress (5): 7.3/12 MB | 4.0/4.2 MB | 0.9/1.6 MB | 284 kB | 159/597 kB
Progress (5): 7.3/12 MB | 4.0/4.2 MB | 0.9/1.6 MB | 284 kB | 163/597 kB
Progress (5): 7.3/12 MB | 4.0/4.2 MB | 0.9/1.6 MB | 284 kB | 163/597 kB
Progress (5): 7.3/12 MB | 4.0/4.2 MB | 0.9/1.6 MB | 284 kB | 163/597 kB
Progress (5): 7.3/12 MB | 4.0/4.2 MB | 0.9/1.6 MB | 284 kB | 163/597 kB
Progress (5): 7.3/12 MB | 4.0/4.2 MB | 0.9/1.6 MB | 284 kB | 163/597 kB
Progress (5): 7.3/12 MB | 4.0/4.2 MB | 0.9/1.6 MB | 284 kB | 163/597 kB
Progress (5): 7.3/12 MB | 4.0/4.2 MB | 0.9/1.6 MB | 284 kB | 163/597 kB
                                                                       
Downloaded from central: https://repo.maven.apache.org/maven2/ch/qos/logback/logback-classic/1.4.14/logback-classic-1.4.14.jar (284 kB at 22 kB/s)
Downloading from central: https://repo.maven.apache.org/maven2/org/apache/logging/log4j/log4j-to-slf4j/2.21.1/log4j-to-slf4j-2.21.1.jar
Progress (4): 7.3/12 MB | 4.0/4.2 MB | 0.9/1.6 MB | 167/597 kB
Progress (4): 7.3/12 MB | 4.0/4.2 MB | 0.9/1.6 MB | 172/597 kB
Progress (4): 7.3/12 MB | 4.0/4.2 MB | 0.9/1.6 MB | 176/597 kB
Progress (4): 7.3/12 MB | 4.0/4.2 MB | 0.9/1.6 MB | 180/597 kB
Progress (4): 7.3/12 MB | 4.0/4.2 MB | 0.9/1.6 MB | 184/597 kB
Progress (4): 7.3/12 MB | 4.0/4.2 MB | 0.9/1.6 MB | 188/597 kB
Progress (4): 7.3/12 MB | 4.0/4.2 MB | 0.9/1.6 MB | 192/597 kB
Progress (4): 7.3/12 MB | 4.0/4.2 MB | 0.9/1.6 MB | 196/597 kB
Progress (4): 7.3/12 MB | 4.0/4.2 MB | 0.9/1.6 MB | 200/597 kB
Progress (4): 7.3/12 MB | 4.0/4.2 MB | 0.9/1.6 MB | 204/597 kB
Progress (4): 7.3/12 MB | 4.0/4.2 MB | 0.9/1.6 MB | 208/597 kB
Progress (4): 7.3/12 MB | 4.0/4.2 MB | 0.9/1.6 MB | 212/597 kB
Progress (4): 7.3/12 MB | 4.0/4.2 MB | 0.9/1.6 MB | 217/597 kB
Progress (4): 7.3/12 MB | 4.0/4.2 MB | 0.9/1.6 MB | 221/597 kB
Progress (4): 7.3/12 MB | 4.0/4.2 MB | 0.9/1.6 MB | 225/597 kB
Progress (4): 7.3/12 MB | 4.0/4.2 MB | 0.9/1.6 MB | 229/597 kB
Progress (4): 7.3/12 MB | 4.0/4.2 MB | 0.9/1.6 MB | 233/597 kB
Progress (4): 7.3/12 MB | 4.0/4.2 MB | 0.9/1.6 MB | 237/597 kB
Progress (4): 7.3/12 MB | 4.0/4.2 MB | 0.9/1.6 MB | 241/597 kB
Progress (4): 7.3/12 MB | 4.0/4.2 MB | 0.9/1.6 MB | 245/597 kB
Progress (4): 7.3/12 MB | 4.0/4.2 MB | 0.9/1.6 MB | 249/597 kB
Progress (4): 7.3/12 MB | 4.0/4.2 MB | 0.9/1.6 MB | 253/597 kB
Progress (4): 7.3/12 MB | 4.0/4.2 MB | 0.9/1.6 MB | 253/597 kB
Progress (4): 7.3/12 MB | 4.0/4.2 MB | 0.9/1.6 MB | 253/597 kB
Progress (4): 7.3/12 MB | 4.0/4.2 MB | 0.9/1.6 MB | 253/597 kB
Progress (4): 7.3/12 MB | 4.0/4.2 MB | 0.9/1.6 MB | 253/597 kB
Progress (4): 7.3/12 MB | 4.0/4.2 MB | 0.9/1.6 MB | 253/597 kB
Progress (4): 7.3/12 MB | 4.1/4.2 MB | 0.9/1.6 MB | 253/597 kB
Progress (4): 7.3/12 MB | 4.1/4.2 MB | 0.9/1.6 MB | 257/597 kB
Progress (4): 7.3/12 MB | 4.1/4.2 MB | 0.9/1.6 MB | 261/597 kB
Progress (5): 7.3/12 MB | 4.1/4.2 MB | 0.9/1.6 MB | 261/597 kB | 4.1/23 kB
Progress (5): 7.3/12 MB | 4.1/4.2 MB | 0.9/1.6 MB | 261/597 kB | 7.7/23 kB
Progress (5): 7.3/12 MB | 4.1/4.2 MB | 0.9/1.6 MB | 261/597 kB | 12/23 kB 
Progress (5): 7.3/12 MB | 4.1/4.2 MB | 0.9/1.6 MB | 261/597 kB | 16/23 kB
Progress (5): 7.3/12 MB | 4.1/4.2 MB | 0.9/1.6 MB | 261/597 kB | 20/23 kB
Progress (5): 7.3/12 MB | 4.1/4.2 MB | 0.9/1.6 MB | 261/597 kB | 23 kB   
Progress (5): 7.3/12 MB | 4.1/4.2 MB | 0.9/1.6 MB | 265/597 kB | 23 kB
Progress (5): 7.3/12 MB | 4.1/4.2 MB | 0.9/1.6 MB | 269/597 kB | 23 kB
Progress (5): 7.3/12 MB | 4.1/4.2 MB | 0.9/1.6 MB | 273/597 kB | 23 kB
Progress (5): 7.3/12 MB | 4.1/4.2 MB | 0.9/1.6 MB | 278/597 kB | 23 kB
Progress (5): 7.3/12 MB | 4.1/4.2 MB | 0.9/1.6 MB | 282/597 kB | 23 kB
Progress (5): 7.3/12 MB | 4.1/4.2 MB | 0.9/1.6 MB | 286/597 kB | 23 kB
Progress (5): 7.3/12 MB | 4.1/4.2 MB | 0.9/1.6 MB | 290/597 kB | 23 kB
Progress (5): 7.3/12 MB | 4.1/4.2 MB | 0.9/1.6 MB | 294/597 kB | 23 kB
Progress (5): 7.3/12 MB | 4.1/4.2 MB | 0.9/1.6 MB | 298/597 kB | 23 kB
Progress (5): 7.3/12 MB | 4.1/4.2 MB | 0.9/1.6 MB | 302/597 kB | 23 kB
Progress (5): 7.3/12 MB | 4.1/4.2 MB | 0.9/1.6 MB | 306/597 kB | 23 kB
Progress (5): 7.3/12 MB | 4.1/4.2 MB | 0.9/1.6 MB | 310/597 kB | 23 kB
Progress (5): 7.3/12 MB | 4.1/4.2 MB | 0.9/1.6 MB | 314/597 kB | 23 kB
Progress (5): 7.3/12 MB | 4.1/4.2 MB | 0.9/1.6 MB | 319/597 kB | 23 kB
Progress (5): 7.3/12 MB | 4.1/4.2 MB | 0.9/1.6 MB | 323/597 kB | 23 kB
Progress (5): 7.3/12 MB | 4.1/4.2 MB | 0.9/1.6 MB | 327/597 kB | 23 kB
Progress (5): 7.3/12 MB | 4.1/4.2 MB | 0.9/1.6 MB | 327/597 kB | 23 kB
Progress (5): 7.3/12 MB | 4.1/4.2 MB | 0.9/1.6 MB | 327/597 kB | 23 kB
Progress (5): 7.3/12 MB | 4.1/4.2 MB | 0.9/1.6 MB | 327/597 kB | 23 kB
Progress (5): 7.3/12 MB | 4.1/4.2 MB | 0.9/1.6 MB | 327/597 kB | 23 kB
Progress (5): 7.3/12 MB | 4.1/4.2 MB | 1.0/1.6 MB | 327/597 kB | 23 kB
Progress (5): 7.4/12 MB | 4.1/4.2 MB | 1.0/1.6 MB | 327/597 kB | 23 kB
Progress (5): 7.4/12 MB | 4.1/4.2 MB | 1.0/1.6 MB | 331/597 kB | 23 kB
Progress (5): 7.4/12 MB | 4.1/4.2 MB | 1.0/1.6 MB | 335/597 kB | 23 kB
Progress (5): 7.4/12 MB | 4.1/4.2 MB | 1.0/1.6 MB | 339/597 kB | 23 kB
Progress (5): 7.4/12 MB | 4.1/4.2 MB | 1.0/1.6 MB | 343/597 kB | 23 kB
Progress (5): 7.4/12 MB | 4.1/4.2 MB | 1.0/1.6 MB | 347/597 kB | 23 kB
Progress (5): 7.4/12 MB | 4.1/4.2 MB | 1.0/1.6 MB | 351/597 kB | 23 kB
Progress (5): 7.4/12 MB | 4.1/4.2 MB | 1.0/1.6 MB | 355/597 kB | 23 kB
Progress (5): 7.4/12 MB | 4.1/4.2 MB | 1.0/1.6 MB | 359/597 kB | 23 kB
Progress (5): 7.4/12 MB | 4.1/4.2 MB | 1.0/1.6 MB | 359/597 kB | 23 kB
Progress (5): 7.4/12 MB | 4.1/4.2 MB | 1.0/1.6 MB | 359/597 kB | 23 kB
Progress (5): 7.4/12 MB | 4.1/4.2 MB | 1.0/1.6 MB | 364/597 kB | 23 kB
Progress (5): 7.4/12 MB | 4.1/4.2 MB | 1.0/1.6 MB | 368/597 kB | 23 kB
Progress (5): 7.4/12 MB | 4.1/4.2 MB | 1.0/1.6 MB | 372/597 kB | 23 kB
Progress (5): 7.4/12 MB | 4.1/4.2 MB | 1.0/1.6 MB | 376/597 kB | 23 kB
Progress (5): 7.4/12 MB | 4.1/4.2 MB | 1.0/1.6 MB | 380/597 kB | 23 kB
Progress (5): 7.4/12 MB | 4.1/4.2 MB | 1.0/1.6 MB | 384/597 kB | 23 kB
Progress (5): 7.4/12 MB | 4.1/4.2 MB | 1.0/1.6 MB | 388/597 kB | 23 kB
Progress (5): 7.4/12 MB | 4.1/4.2 MB | 1.0/1.6 MB | 392/597 kB | 23 kB
                                                                      
Downloaded from central: https://repo.maven.apache.org/maven2/org/apache/logging/log4j/log4j-to-slf4j/2.21.1/log4j-to-slf4j-2.21.1.jar (23 kB at 1.7 kB/s)
Downloading from central: https://repo.maven.apache.org/maven2/org/apache/logging/log4j/log4j-api/2.21.1/log4j-api-2.21.1.jar
Progress (4): 7.4/12 MB | 4.1/4.2 MB | 1.0/1.6 MB | 396/597 kB
Progress (4): 7.4/12 MB | 4.1/4.2 MB | 1.0/1.6 MB | 400/597 kB
Progress (4): 7.4/12 MB | 4.1/4.2 MB | 1.0/1.6 MB | 405/597 kB
Progress (4): 7.4/12 MB | 4.1/4.2 MB | 1.0/1.6 MB | 409/597 kB
Progress (4): 7.4/12 MB | 4.1/4.2 MB | 1.0/1.6 MB | 413/597 kB
Progress (4): 7.4/12 MB | 4.1/4.2 MB | 1.0/1.6 MB | 417/597 kB
Progress (4): 7.4/12 MB | 4.1/4.2 MB | 1.0/1.6 MB | 421/597 kB
Progress (4): 7.4/12 MB | 4.1/4.2 MB | 1.0/1.6 MB | 425/597 kB
Progress (4): 7.4/12 MB | 4.1/4.2 MB | 1.0/1.6 MB | 425/597 kB
Progress (4): 7.4/12 MB | 4.1/4.2 MB | 1.0/1.6 MB | 425/597 kB
Progress (4): 7.4/12 MB | 4.1/4.2 MB | 1.0/1.6 MB | 425/597 kB
Progress (4): 7.4/12 MB | 4.1/4.2 MB | 1.0/1.6 MB | 429/597 kB
Progress (4): 7.4/12 MB | 4.1/4.2 MB | 1.0/1.6 MB | 433/597 kB
Progress (4): 7.4/12 MB | 4.1/4.2 MB | 1.0/1.6 MB | 437/597 kB
Progress (4): 7.4/12 MB | 4.1/4.2 MB | 1.0/1.6 MB | 441/597 kB
Progress (4): 7.4/12 MB | 4.1/4.2 MB | 1.0/1.6 MB | 441/597 kB
Progress (4): 7.4/12 MB | 4.1/4.2 MB | 1.0/1.6 MB | 441/597 kB
Progress (4): 7.5/12 MB | 4.1/4.2 MB | 1.0/1.6 MB | 441/597 kB
Progress (4): 7.5/12 MB | 4.1/4.2 MB | 1.0/1.6 MB | 441/597 kB
Progress (4): 7.5/12 MB | 4.1/4.2 MB | 1.0/1.6 MB | 441/597 kB
Progress (4): 7.5/12 MB | 4.1/4.2 MB | 1.0/1.6 MB | 441/597 kB
Progress (4): 7.5/12 MB | 4.1/4.2 MB | 1.0/1.6 MB | 446/597 kB
Progress (4): 7.5/12 MB | 4.1/4.2 MB | 1.0/1.6 MB | 450/597 kB
Progress (4): 7.5/12 MB | 4.1/4.2 MB | 1.0/1.6 MB | 454/597 kB
Progress (4): 7.5/12 MB | 4.1/4.2 MB | 1.0/1.6 MB | 458/597 kB
Progress (4): 7.5/12 MB | 4.1/4.2 MB | 1.0/1.6 MB | 462/597 kB
Progress (4): 7.5/12 MB | 4.1/4.2 MB | 1.0/1.6 MB | 466/597 kB
Progress (4): 7.5/12 MB | 4.1/4.2 MB | 1.0/1.6 MB | 470/597 kB
Progress (4): 7.5/12 MB | 4.1/4.2 MB | 1.0/1.6 MB | 474/597 kB
Progress (4): 7.5/12 MB | 4.1/4.2 MB | 1.0/1.6 MB | 478/597 kB
Progress (4): 7.5/12 MB | 4.1/4.2 MB | 1.0/1.6 MB | 482/597 kB
Progress (4): 7.5/12 MB | 4.1/4.2 MB | 1.0/1.6 MB | 486/597 kB
Progress (4): 7.5/12 MB | 4.1/4.2 MB | 1.0/1.6 MB | 491/597 kB
Progress (4): 7.5/12 MB | 4.1/4.2 MB | 1.0/1.6 MB | 495/597 kB
Progress (4): 7.5/12 MB | 4.1/4.2 MB | 1.0/1.6 MB | 499/597 kB
Progress (4): 7.5/12 MB | 4.1/4.2 MB | 1.0/1.6 MB | 503/597 kB
Progress (4): 7.5/12 MB | 4.1/4.2 MB | 1.0/1.6 MB | 507/597 kB
Progress (4): 7.5/12 MB | 4.1/4.2 MB | 1.0/1.6 MB | 511/597 kB
Progress (4): 7.5/12 MB | 4.1/4.2 MB | 1.0/1.6 MB | 515/597 kB
Progress (4): 7.5/12 MB | 4.1/4.2 MB | 1.0/1.6 MB | 518/597 kB
Progress (5): 7.5/12 MB | 4.1/4.2 MB | 1.0/1.6 MB | 518/597 kB | 4.1/317 kB
Progress (5): 7.5/12 MB | 4.1/4.2 MB | 1.0/1.6 MB | 518/597 kB | 7.7/317 kB
Progress (5): 7.5/12 MB | 4.1/4.2 MB | 1.0/1.6 MB | 518/597 kB | 12/317 kB 
Progress (5): 7.5/12 MB | 4.1/4.2 MB | 1.0/1.6 MB | 518/597 kB | 16/317 kB
Progress (5): 7.5/12 MB | 4.1/4.2 MB | 1.0/1.6 MB | 518/597 kB | 20/317 kB
Progress (5): 7.5/12 MB | 4.1/4.2 MB | 1.0/1.6 MB | 518/597 kB | 24/317 kB
Progress (5): 7.5/12 MB | 4.1/4.2 MB | 1.0/1.6 MB | 518/597 kB | 28/317 kB
Progress (5): 7.5/12 MB | 4.1/4.2 MB | 1.0/1.6 MB | 518/597 kB | 32/317 kB
Progress (5): 7.5/12 MB | 4.1/4.2 MB | 1.0/1.6 MB | 518/597 kB | 36/317 kB
Progress (5): 7.5/12 MB | 4.1/4.2 MB | 1.0/1.6 MB | 518/597 kB | 40/317 kB
Progress (5): 7.5/12 MB | 4.1/4.2 MB | 1.0/1.6 MB | 518/597 kB | 44/317 kB
Progress (5): 7.5/12 MB | 4.1/4.2 MB | 1.0/1.6 MB | 518/597 kB | 48/317 kB
Progress (5): 7.5/12 MB | 4.1/4.2 MB | 1.0/1.6 MB | 518/597 kB | 48/317 kB
Progress (5): 7.5/12 MB | 4.1/4.2 MB | 1.0/1.6 MB | 518/597 kB | 48/317 kB
Progress (5): 7.5/12 MB | 4.1/4.2 MB | 1.0/1.6 MB | 518/597 kB | 48/317 kB
Progress (5): 7.5/12 MB | 4.1/4.2 MB | 1.0/1.6 MB | 522/597 kB | 48/317 kB
Progress (5): 7.5/12 MB | 4.1/4.2 MB | 1.0/1.6 MB | 526/597 kB | 48/317 kB
Progress (5): 7.5/12 MB | 4.1/4.2 MB | 1.0/1.6 MB | 530/597 kB | 48/317 kB
Progress (5): 7.5/12 MB | 4.1/4.2 MB | 1.0/1.6 MB | 534/597 kB | 48/317 kB
Progress (5): 7.5/12 MB | 4.1/4.2 MB | 1.0/1.6 MB | 534/597 kB | 48/317 kB
Progress (5): 7.5/12 MB | 4.1/4.2 MB | 1.0/1.6 MB | 534/597 kB | 48/317 kB
Progress (5): 7.5/12 MB | 4.2/4.2 MB | 1.0/1.6 MB | 534/597 kB | 48/317 kB
Progress (5): 7.5/12 MB | 4.2/4.2 MB | 1.0/1.6 MB | 534/597 kB | 48/317 kB
Progress (5): 7.5/12 MB | 4.2/4.2 MB | 1.0/1.6 MB | 538/597 kB | 48/317 kB
Progress (5): 7.5/12 MB | 4.2/4.2 MB | 1.0/1.6 MB | 543/597 kB | 48/317 kB
Progress (5): 7.5/12 MB | 4.2/4.2 MB | 1.0/1.6 MB | 547/597 kB | 48/317 kB
Progress (5): 7.5/12 MB | 4.2/4.2 MB | 1.0/1.6 MB | 551/597 kB | 48/317 kB
Progress (5): 7.5/12 MB | 4.2/4.2 MB | 1.0/1.6 MB | 555/597 kB | 48/317 kB
Progress (5): 7.5/12 MB | 4.2/4.2 MB | 1.0/1.6 MB | 559/597 kB | 48/317 kB
Progress (5): 7.5/12 MB | 4.2/4.2 MB | 1.0/1.6 MB | 563/597 kB | 48/317 kB
Progress (5): 7.5/12 MB | 4.2/4.2 MB | 1.0/1.6 MB | 567/597 kB | 48/317 kB
Progress (5): 7.5/12 MB | 4.2/4.2 MB | 1.1/1.6 MB | 567/597 kB | 48/317 kB
Progress (5): 7.5/12 MB | 4.2/4.2 MB | 1.1/1.6 MB | 567/597 kB | 48/317 kB
Progress (5): 7.5/12 MB | 4.2/4.2 MB | 1.1/1.6 MB | 571/597 kB | 48/317 kB
Progress (5): 7.5/12 MB | 4.2/4.2 MB | 1.1/1.6 MB | 575/597 kB | 48/317 kB
Progress (5): 7.5/12 MB | 4.2/4.2 MB | 1.1/1.6 MB | 579/597 kB | 48/317 kB
Progress (5): 7.5/12 MB | 4.2/4.2 MB | 1.1/1.6 MB | 583/597 kB | 48/317 kB
Progress (5): 7.5/12 MB | 4.2/4.2 MB | 1.1/1.6 MB | 583/597 kB | 53/317 kB
Progress (5): 7.5/12 MB | 4.2/4.2 MB | 1.1/1.6 MB | 583/597 kB | 57/317 kB
Progress (5): 7.5/12 MB | 4.2/4.2 MB | 1.1/1.6 MB | 583/597 kB | 61/317 kB
Progress (5): 7.5/12 MB | 4.2/4.2 MB | 1.1/1.6 MB | 583/597 kB | 65/317 kB
Progress (5): 7.5/12 MB | 4.2/4.2 MB | 1.1/1.6 MB | 588/597 kB | 65/317 kB
Progress (5): 7.5/12 MB | 4.2/4.2 MB | 1.1/1.6 MB | 592/597 kB | 65/317 kB
Progress (5): 7.5/12 MB | 4.2/4.2 MB | 1.1/1.6 MB | 596/597 kB | 65/317 kB
Progress (5): 7.5/12 MB | 4.2/4.2 MB | 1.1/1.6 MB | 597 kB | 65/317 kB    
Progress (5): 7.5/12 MB | 4.2/4.2 MB | 1.1/1.6 MB | 597 kB | 69/317 kB
Progress (5): 7.5/12 MB | 4.2/4.2 MB | 1.1/1.6 MB | 597 kB | 73/317 kB
Progress (5): 7.5/12 MB | 4.2/4.2 MB | 1.1/1.6 MB | 597 kB | 77/317 kB
Progress (5): 7.5/12 MB | 4.2/4.2 MB | 1.1/1.6 MB | 597 kB | 81/317 kB
Progress (5): 7.5/12 MB | 4.2/4.2 MB | 1.1/1.6 MB | 597 kB | 81/317 kB
Progress (5): 7.5/12 MB | 4.2/4.2 MB | 1.1/1.6 MB | 597 kB | 81/317 kB
Progress (5): 7.5/12 MB | 4.2/4.2 MB | 1.1/1.6 MB | 597 kB | 85/317 kB
Progress (5): 7.5/12 MB | 4.2/4.2 MB | 1.1/1.6 MB | 597 kB | 89/317 kB
Progress (5): 7.5/12 MB | 4.2/4.2 MB | 1.1/1.6 MB | 597 kB | 93/317 kB
Progress (5): 7.5/12 MB | 4.2/4.2 MB | 1.1/1.6 MB | 597 kB | 98/317 kB
Progress (5): 7.6/12 MB | 4.2/4.2 MB | 1.1/1.6 MB | 597 kB | 98/317 kB
Progress (5): 7.6/12 MB | 4.2/4.2 MB | 1.1/1.6 MB | 597 kB | 98/317 kB
Progress (5): 7.6/12 MB | 4.2 MB | 1.1/1.6 MB | 597 kB | 98/317 kB    
Progress (5): 7.6/12 MB | 4.2 MB | 1.1/1.6 MB | 597 kB | 98/317 kB
Progress (5): 7.6/12 MB | 4.2 MB | 1.1/1.6 MB | 597 kB | 98/317 kB
Progress (5): 7.6/12 MB | 4.2 MB | 1.1/1.6 MB | 597 kB | 98/317 kB
Progress (5): 7.6/12 MB | 4.2 MB | 1.1/1.6 MB | 597 kB | 98/317 kB
Progress (5): 7.6/12 MB | 4.2 MB | 1.1/1.6 MB | 597 kB | 98/317 kB
Progress (5): 7.6/12 MB | 4.2 MB | 1.1/1.6 MB | 597 kB | 102/317 kB
Progress (5): 7.6/12 MB | 4.2 MB | 1.1/1.6 MB | 597 kB | 106/317 kB
Progress (5): 7.6/12 MB | 4.2 MB | 1.1/1.6 MB | 597 kB | 110/317 kB
Progress (5): 7.6/12 MB | 4.2 MB | 1.1/1.6 MB | 597 kB | 114/317 kB
Progress (5): 7.6/12 MB | 4.2 MB | 1.1/1.6 MB | 597 kB | 118/317 kB
Progress (5): 7.6/12 MB | 4.2 MB | 1.1/1.6 MB | 597 kB | 122/317 kB
Progress (5): 7.6/12 MB | 4.2 MB | 1.1/1.6 MB | 597 kB | 126/317 kB
Progress (5): 7.6/12 MB | 4.2 MB | 1.1/1.6 MB | 597 kB | 130/317 kB
Progress (5): 7.6/12 MB | 4.2 MB | 1.1/1.6 MB | 597 kB | 134/317 kB
Progress (5): 7.6/12 MB | 4.2 MB | 1.1/1.6 MB | 597 kB | 139/317 kB
Progress (5): 7.6/12 MB | 4.2 MB | 1.1/1.6 MB | 597 kB | 143/317 kB
Progress (5): 7.6/12 MB | 4.2 MB | 1.1/1.6 MB | 597 kB | 147/317 kB
                                                                   
Downloaded from central: https://repo.maven.apache.org/maven2/ch/qos/logback/logback-core/1.4.14/logback-core-1.4.14.jar (597 kB at 43 kB/s)
Downloading from central: https://repo.maven.apache.org/maven2/org/slf4j/jul-to-slf4j/2.0.12/jul-to-slf4j-2.0.12.jar
Progress (4): 7.6/12 MB | 4.2 MB | 1.1/1.6 MB | 151/317 kB
Progress (4): 7.6/12 MB | 4.2 MB | 1.1/1.6 MB | 155/317 kB
Progress (4): 7.6/12 MB | 4.2 MB | 1.1/1.6 MB | 159/317 kB
Progress (4): 7.6/12 MB | 4.2 MB | 1.1/1.6 MB | 163/317 kB
Progress (4): 7.6/12 MB | 4.2 MB | 1.1/1.6 MB | 163/317 kB
Progress (4): 7.6/12 MB | 4.2 MB | 1.1/1.6 MB | 163/317 kB
                                                          
Downloaded from central: https://repo.maven.apache.org/maven2/net/bytebuddy/byte-buddy/1.14.12/byte-buddy-1.14.12.jar (4.2 MB at 300 kB/s)
Downloading from central: https://repo.maven.apache.org/maven2/org/yaml/snakeyaml/2.2/snakeyaml-2.2.jar
Progress (3): 7.6/12 MB | 1.1/1.6 MB | 163/317 kB
Progress (3): 7.6/12 MB | 1.1/1.6 MB | 163/317 kB
Progress (3): 7.6/12 MB | 1.2/1.6 MB | 163/317 kB
Progress (3): 7.6/12 MB | 1.2/1.6 MB | 163/317 kB
Progress (3): 7.7/12 MB | 1.2/1.6 MB | 163/317 kB
Progress (3): 7.7/12 MB | 1.2/1.6 MB | 167/317 kB
Progress (3): 7.7/12 MB | 1.2/1.6 MB | 171/317 kB
Progress (3): 7.7/12 MB | 1.2/1.6 MB | 175/317 kB
Progress (3): 7.7/12 MB | 1.2/1.6 MB | 179/317 kB
Progress (3): 7.7/12 MB | 1.2/1.6 MB | 184/317 kB
Progress (3): 7.7/12 MB | 1.2/1.6 MB | 188/317 kB
Progress (3): 7.7/12 MB | 1.2/1.6 MB | 192/317 kB
Progress (3): 7.7/12 MB | 1.2/1.6 MB | 196/317 kB
Progress (3): 7.7/12 MB | 1.2/1.6 MB | 200/317 kB
Progress (3): 7.7/12 MB | 1.2/1.6 MB | 204/317 kB
Progress (3): 7.7/12 MB | 1.2/1.6 MB | 208/317 kB
Progress (3): 7.7/12 MB | 1.2/1.6 MB | 212/317 kB
Progress (3): 7.7/12 MB | 1.2/1.6 MB | 212/317 kB
Progress (3): 7.7/12 MB | 1.2/1.6 MB | 212/317 kB
Progress (4): 7.7/12 MB | 1.2/1.6 MB | 212/317 kB | 3.3/6.3 kB
Progress (4): 7.7/12 MB | 1.2/1.6 MB | 212/317 kB | 6.3 kB    
Progress (4): 7.7/12 MB | 1.2/1.6 MB | 212/317 kB | 6.3 kB
Progress (4): 7.7/12 MB | 1.2/1.6 MB | 212/317 kB | 6.3 kB
Progress (5): 7.7/12 MB | 1.2/1.6 MB | 212/317 kB | 6.3 kB | 4.1/334 kB
Progress (5): 7.7/12 MB | 1.2/1.6 MB | 212/317 kB | 6.3 kB | 7.7/334 kB
Progress (5): 7.7/12 MB | 1.2/1.6 MB | 212/317 kB | 6.3 kB | 12/334 kB 
Progress (5): 7.7/12 MB | 1.2/1.6 MB | 212/317 kB | 6.3 kB | 16/334 kB
Progress (5): 7.8/12 MB | 1.2/1.6 MB | 212/317 kB | 6.3 kB | 16/334 kB
Progress (5): 7.8/12 MB | 1.2/1.6 MB | 212/317 kB | 6.3 kB | 16/334 kB
Progress (5): 7.8/12 MB | 1.2/1.6 MB | 212/317 kB | 6.3 kB | 16/334 kB
Progress (5): 7.8/12 MB | 1.2/1.6 MB | 216/317 kB | 6.3 kB | 16/334 kB
Progress (5): 7.8/12 MB | 1.2/1.6 MB | 220/317 kB | 6.3 kB | 16/334 kB
Progress (5): 7.8/12 MB | 1.2/1.6 MB | 225/317 kB | 6.3 kB | 16/334 kB
Progress (5): 7.8/12 MB | 1.2/1.6 MB | 229/317 kB | 6.3 kB | 16/334 kB
Progress (5): 7.8/12 MB | 1.2/1.6 MB | 233/317 kB | 6.3 kB | 16/334 kB
Progress (5): 7.8/12 MB | 1.2/1.6 MB | 237/317 kB | 6.3 kB | 16/334 kB
Progress (5): 7.8/12 MB | 1.2/1.6 MB | 241/317 kB | 6.3 kB | 16/334 kB
Progress (5): 7.8/12 MB | 1.2/1.6 MB | 245/317 kB | 6.3 kB | 16/334 kB
Progress (5): 7.8/12 MB | 1.2/1.6 MB | 249/317 kB | 6.3 kB | 16/334 kB
Progress (5): 7.8/12 MB | 1.2/1.6 MB | 253/317 kB | 6.3 kB | 16/334 kB
Progress (5): 7.8/12 MB | 1.2/1.6 MB | 257/317 kB | 6.3 kB | 16/334 kB
Progress (5): 7.8/12 MB | 1.2/1.6 MB | 261/317 kB | 6.3 kB | 16/334 kB
Progress (5): 7.8/12 MB | 1.2/1.6 MB | 261/317 kB | 6.3 kB | 16/334 kB
Progress (5): 7.8/12 MB | 1.2/1.6 MB | 261/317 kB | 6.3 kB | 16/334 kB
Progress (5): 7.8/12 MB | 1.2/1.6 MB | 261/317 kB | 6.3 kB | 20/334 kB
Progress (5): 7.8/12 MB | 1.2/1.6 MB | 261/317 kB | 6.3 kB | 24/334 kB
Progress (5): 7.8/12 MB | 1.2/1.6 MB | 261/317 kB | 6.3 kB | 28/334 kB
Progress (5): 7.8/12 MB | 1.2/1.6 MB | 261/317 kB | 6.3 kB | 32/334 kB
Progress (5): 7.8/12 MB | 1.2/1.6 MB | 261/317 kB | 6.3 kB | 36/334 kB
Progress (5): 7.8/12 MB | 1.2/1.6 MB | 261/317 kB | 6.3 kB | 40/334 kB
Progress (5): 7.8/12 MB | 1.2/1.6 MB | 261/317 kB | 6.3 kB | 44/334 kB
Progress (5): 7.8/12 MB | 1.2/1.6 MB | 261/317 kB | 6.3 kB | 48/334 kB
Progress (5): 7.8/12 MB | 1.2/1.6 MB | 261/317 kB | 6.3 kB | 48/334 kB
Progress (5): 7.8/12 MB | 1.2/1.6 MB | 261/317 kB | 6.3 kB | 48/334 kB
                                                                      
Downloaded from central: https://repo.maven.apache.org/maven2/org/slf4j/jul-to-slf4j/2.0.12/jul-to-slf4j-2.0.12.jar (6.3 kB at 444 B/s)
Downloading from central: https://repo.maven.apache.org/maven2/org/springframework/boot/spring-boot-starter-json/3.2.3/spring-boot-starter-json-3.2.3.jar
Progress (4): 7.8/12 MB | 1.2/1.6 MB | 261/317 kB | 48/334 kB
Progress (4): 7.8/12 MB | 1.3/1.6 MB | 261/317 kB | 48/334 kB
Progress (4): 7.8/12 MB | 1.3/1.6 MB | 261/317 kB | 48/334 kB
Progress (4): 7.8/12 MB | 1.3/1.6 MB | 266/317 kB | 48/334 kB
Progress (4): 7.8/12 MB | 1.3/1.6 MB | 270/317 kB | 48/334 kB
Progress (4): 7.8/12 MB | 1.3/1.6 MB | 274/317 kB | 48/334 kB
Progress (4): 7.8/12 MB | 1.3/1.6 MB | 278/317 kB | 48/334 kB
Progress (4): 7.8/12 MB | 1.3/1.6 MB | 282/317 kB | 48/334 kB
Progress (4): 7.8/12 MB | 1.3/1.6 MB | 286/317 kB | 48/334 kB
Progress (4): 7.8/12 MB | 1.3/1.6 MB | 290/317 kB | 48/334 kB
Progress (4): 7.8/12 MB | 1.3/1.6 MB | 294/317 kB | 48/334 kB
Progress (4): 7.8/12 MB | 1.3/1.6 MB | 294/317 kB | 48/334 kB
Progress (4): 7.8/12 MB | 1.3/1.6 MB | 294/317 kB | 48/334 kB
Progress (4): 7.8/12 MB | 1.3/1.6 MB | 298/317 kB | 48/334 kB
Progress (4): 7.8/12 MB | 1.3/1.6 MB | 302/317 kB | 48/334 kB
Progress (4): 7.8/12 MB | 1.3/1.6 MB | 306/317 kB | 48/334 kB
Progress (4): 7.8/12 MB | 1.3/1.6 MB | 311/317 kB | 48/334 kB
Progress (4): 7.8/12 MB | 1.3/1.6 MB | 315/317 kB | 48/334 kB
Progress (4): 7.8/12 MB | 1.3/1.6 MB | 317 kB | 48/334 kB    
Progress (4): 7.8/12 MB | 1.3/1.6 MB | 317 kB | 53/334 kB
Progress (4): 7.8/12 MB | 1.3/1.6 MB | 317 kB | 57/334 kB
Progress (4): 7.8/12 MB | 1.3/1.6 MB | 317 kB | 61/334 kB
Progress (4): 7.8/12 MB | 1.3/1.6 MB | 317 kB | 65/334 kB
Progress (4): 7.8/12 MB | 1.3/1.6 MB | 317 kB | 69/334 kB
Progress (4): 7.8/12 MB | 1.3/1.6 MB | 317 kB | 69/334 kB
Progress (4): 7.8/12 MB | 1.3/1.6 MB | 317 kB | 73/334 kB
Progress (4): 7.8/12 MB | 1.3/1.6 MB | 317 kB | 73/334 kB
Progress (4): 7.8/12 MB | 1.3/1.6 MB | 317 kB | 77/334 kB
Progress (4): 7.8/12 MB | 1.3/1.6 MB | 317 kB | 81/334 kB
Progress (4): 7.8/12 MB | 1.3/1.6 MB | 317 kB | 81/334 kB
Progress (4): 7.8/12 MB | 1.3/1.6 MB | 317 kB | 81/334 kB
Progress (4): 7.9/12 MB | 1.3/1.6 MB | 317 kB | 81/334 kB
Progress (5): 7.9/12 MB | 1.3/1.6 MB | 317 kB | 81/334 kB | 4.1/4.7 kB
Progress (5): 7.9/12 MB | 1.3/1.6 MB | 317 kB | 81/334 kB | 4.7 kB    
Progress (5): 7.9/12 MB | 1.3/1.6 MB | 317 kB | 81/334 kB | 4.7 kB
Progress (5): 7.9/12 MB | 1.3/1.6 MB | 317 kB | 81/334 kB | 4.7 kB
Progress (5): 7.9/12 MB | 1.3/1.6 MB | 317 kB | 81/334 kB | 4.7 kB
Progress (5): 7.9/12 MB | 1.3/1.6 MB | 317 kB | 81/334 kB | 4.7 kB
Progress (5): 7.9/12 MB | 1.3/1.6 MB | 317 kB | 85/334 kB | 4.7 kB
Progress (5): 7.9/12 MB | 1.3/1.6 MB | 317 kB | 89/334 kB | 4.7 kB
Progress (5): 7.9/12 MB | 1.3/1.6 MB | 317 kB | 93/334 kB | 4.7 kB
Progress (5): 7.9/12 MB | 1.3/1.6 MB | 317 kB | 98/334 kB | 4.7 kB
Progress (5): 7.9/12 MB | 1.3/1.6 MB | 317 kB | 102/334 kB | 4.7 kB
Progress (5): 7.9/12 MB | 1.3/1.6 MB | 317 kB | 106/334 kB | 4.7 kB
Progress (5): 7.9/12 MB | 1.3/1.6 MB | 317 kB | 110/334 kB | 4.7 kB
Progress (5): 7.9/12 MB | 1.3/1.6 MB | 317 kB | 114/334 kB | 4.7 kB
Progress (5): 7.9/12 MB | 1.3/1.6 MB | 317 kB | 118/334 kB | 4.7 kB
Progress (5): 7.9/12 MB | 1.3/1.6 MB | 317 kB | 122/334 kB | 4.7 kB
Progress (5): 7.9/12 MB | 1.3/1.6 MB | 317 kB | 126/334 kB | 4.7 kB
Progress (5): 7.9/12 MB | 1.3/1.6 MB | 317 kB | 130/334 kB | 4.7 kB
                                                                   
Downloaded from central: https://repo.maven.apache.org/maven2/org/apache/logging/log4j/log4j-api/2.21.1/log4j-api-2.21.1.jar (317 kB at 22 kB/s)
Downloading from central: https://repo.maven.apache.org/maven2/com/fasterxml/jackson/core/jackson-databind/2.15.4/jackson-databind-2.15.4.jar
Progress (4): 7.9/12 MB | 1.3/1.6 MB | 130/334 kB | 4.7 kB
Progress (4): 7.9/12 MB | 1.4/1.6 MB | 130/334 kB | 4.7 kB
Progress (4): 7.9/12 MB | 1.4/1.6 MB | 130/334 kB | 4.7 kB
Progress (4): 7.9/12 MB | 1.4/1.6 MB | 130/334 kB | 4.7 kB
Progress (4): 7.9/12 MB | 1.4/1.6 MB | 130/334 kB | 4.7 kB
Progress (4): 7.9/12 MB | 1.4/1.6 MB | 134/334 kB | 4.7 kB
Progress (4): 7.9/12 MB | 1.4/1.6 MB | 139/334 kB | 4.7 kB
Progress (4): 7.9/12 MB | 1.4/1.6 MB | 143/334 kB | 4.7 kB
Progress (4): 7.9/12 MB | 1.4/1.6 MB | 147/334 kB | 4.7 kB
Progress (4): 7.9/12 MB | 1.4/1.6 MB | 151/334 kB | 4.7 kB
Progress (4): 7.9/12 MB | 1.4/1.6 MB | 155/334 kB | 4.7 kB
Progress (4): 7.9/12 MB | 1.4/1.6 MB | 159/334 kB | 4.7 kB
Progress (4): 7.9/12 MB | 1.4/1.6 MB | 163/334 kB | 4.7 kB
                                                          
Downloaded from central: https://repo.maven.apache.org/maven2/org/springframework/boot/spring-boot-starter-json/3.2.3/spring-boot-starter-json-3.2.3.jar (4.7 kB at 325 B/s)
Downloading from central: https://repo.maven.apache.org/maven2/com/fasterxml/jackson/core/jackson-annotations/2.15.4/jackson-annotations-2.15.4.jar
Progress (3): 8.0/12 MB | 1.4/1.6 MB | 163/334 kB
Progress (3): 8.0/12 MB | 1.4/1.6 MB | 163/334 kB
Progress (3): 8.0/12 MB | 1.4/1.6 MB | 163/334 kB
Progress (3): 8.0/12 MB | 1.4/1.6 MB | 163/334 kB
Progress (3): 8.0/12 MB | 1.4/1.6 MB | 163/334 kB
Progress (3): 8.0/12 MB | 1.4/1.6 MB | 163/334 kB
Progress (3): 8.0/12 MB | 1.4/1.6 MB | 163/334 kB
Progress (4): 8.0/12 MB | 1.4/1.6 MB | 163/334 kB | 0/1.6 MB
Progress (4): 8.0/12 MB | 1.4/1.6 MB | 163/334 kB | 0/1.6 MB
Progress (4): 8.0/12 MB | 1.4/1.6 MB | 163/334 kB | 0/1.6 MB
Progress (4): 8.0/12 MB | 1.4/1.6 MB | 163/334 kB | 0/1.6 MB
Progress (4): 8.0/12 MB | 1.4/1.6 MB | 163/334 kB | 0/1.6 MB
Progress (4): 8.0/12 MB | 1.4/1.6 MB | 167/334 kB | 0/1.6 MB
Progress (4): 8.0/12 MB | 1.4/1.6 MB | 171/334 kB | 0/1.6 MB
Progress (4): 8.0/12 MB | 1.4/1.6 MB | 175/334 kB | 0/1.6 MB
Progress (4): 8.0/12 MB | 1.4/1.6 MB | 179/334 kB | 0/1.6 MB
Progress (4): 8.0/12 MB | 1.4/1.6 MB | 179/334 kB | 0/1.6 MB
Progress (4): 8.0/12 MB | 1.4/1.6 MB | 184/334 kB | 0/1.6 MB
Progress (4): 8.0/12 MB | 1.4/1.6 MB | 188/334 kB | 0/1.6 MB
Progress (4): 8.0/12 MB | 1.4/1.6 MB | 192/334 kB | 0/1.6 MB
Progress (4): 8.0/12 MB | 1.4/1.6 MB | 196/334 kB | 0/1.6 MB
Progress (5): 8.0/12 MB | 1.4/1.6 MB | 196/334 kB | 0/1.6 MB | 4.1/76 kB
Progress (5): 8.0/12 MB | 1.4/1.6 MB | 196/334 kB | 0/1.6 MB | 7.7/76 kB
Progress (5): 8.0/12 MB | 1.4/1.6 MB | 196/334 kB | 0/1.6 MB | 12/76 kB 
Progress (5): 8.0/12 MB | 1.4/1.6 MB | 196/334 kB | 0/1.6 MB | 16/76 kB
Progress (5): 8.0/12 MB | 1.4/1.6 MB | 196/334 kB | 0/1.6 MB | 20/76 kB
Progress (5): 8.0/12 MB | 1.4/1.6 MB | 196/334 kB | 0/1.6 MB | 24/76 kB
Progress (5): 8.0/12 MB | 1.4/1.6 MB | 196/334 kB | 0/1.6 MB | 28/76 kB
Progress (5): 8.0/12 MB | 1.4/1.6 MB | 196/334 kB | 0/1.6 MB | 32/76 kB
Progress (5): 8.0/12 MB | 1.4/1.6 MB | 196/334 kB | 0/1.6 MB | 36/76 kB
Progress (5): 8.0/12 MB | 1.4/1.6 MB | 196/334 kB | 0/1.6 MB | 40/76 kB
Progress (5): 8.0/12 MB | 1.4/1.6 MB | 196/334 kB | 0/1.6 MB | 45/76 kB
Progress (5): 8.0/12 MB | 1.4/1.6 MB | 196/334 kB | 0/1.6 MB | 49/76 kB
Progress (5): 8.0/12 MB | 1.4/1.6 MB | 196/334 kB | 0/1.6 MB | 53/76 kB
Progress (5): 8.0/12 MB | 1.4/1.6 MB | 196/334 kB | 0/1.6 MB | 57/76 kB
Progress (5): 8.0/12 MB | 1.4/1.6 MB | 196/334 kB | 0/1.6 MB | 61/76 kB
Progress (5): 8.0/12 MB | 1.4/1.6 MB | 196/334 kB | 0/1.6 MB | 65/76 kB
Progress (5): 8.0/12 MB | 1.4/1.6 MB | 196/334 kB | 0/1.6 MB | 69/76 kB
Progress (5): 8.0/12 MB | 1.4/1.6 MB | 196/334 kB | 0/1.6 MB | 73/76 kB
Progress (5): 8.0/12 MB | 1.4/1.6 MB | 196/334 kB | 0/1.6 MB | 76 kB   
Progress (5): 8.0/12 MB | 1.4/1.6 MB | 200/334 kB | 0/1.6 MB | 76 kB
Progress (5): 8.0/12 MB | 1.4/1.6 MB | 204/334 kB | 0/1.6 MB | 76 kB
Progress (5): 8.0/12 MB | 1.4/1.6 MB | 208/334 kB | 0/1.6 MB | 76 kB
Progress (5): 8.0/12 MB | 1.4/1.6 MB | 212/334 kB | 0/1.6 MB | 76 kB
Progress (5): 8.0/12 MB | 1.4/1.6 MB | 212/334 kB | 0/1.6 MB | 76 kB
Progress (5): 8.0/12 MB | 1.4/1.6 MB | 212/334 kB | 0/1.6 MB | 76 kB
Progress (5): 8.0/12 MB | 1.4/1.6 MB | 212/334 kB | 0/1.6 MB | 76 kB
Progress (5): 8.0/12 MB | 1.5/1.6 MB | 212/334 kB | 0/1.6 MB | 76 kB
Progress (5): 8.0/12 MB | 1.5/1.6 MB | 212/334 kB | 0/1.6 MB | 76 kB
Progress (5): 8.0/12 MB | 1.5/1.6 MB | 212/334 kB | 0.1/1.6 MB | 76 kB
Progress (5): 8.0/12 MB | 1.5/1.6 MB | 212/334 kB | 0.1/1.6 MB | 76 kB
Progress (5): 8.0/12 MB | 1.5/1.6 MB | 212/334 kB | 0.1/1.6 MB | 76 kB
Progress (5): 8.0/12 MB | 1.5/1.6 MB | 216/334 kB | 0.1/1.6 MB | 76 kB
Progress (5): 8.0/12 MB | 1.5/1.6 MB | 220/334 kB | 0.1/1.6 MB | 76 kB
Progress (5): 8.0/12 MB | 1.5/1.6 MB | 225/334 kB | 0.1/1.6 MB | 76 kB
Progress (5): 8.0/12 MB | 1.5/1.6 MB | 229/334 kB | 0.1/1.6 MB | 76 kB
Progress (5): 8.0/12 MB | 1.5/1.6 MB | 233/334 kB | 0.1/1.6 MB | 76 kB
Progress (5): 8.0/12 MB | 1.5/1.6 MB | 237/334 kB | 0.1/1.6 MB | 76 kB
Progress (5): 8.0/12 MB | 1.5/1.6 MB | 241/334 kB | 0.1/1.6 MB | 76 kB
Progress (5): 8.0/12 MB | 1.5/1.6 MB | 245/334 kB | 0.1/1.6 MB | 76 kB
Progress (5): 8.1/12 MB | 1.5/1.6 MB | 245/334 kB | 0.1/1.6 MB | 76 kB
Progress (5): 8.1/12 MB | 1.5/1.6 MB | 245/334 kB | 0.1/1.6 MB | 76 kB
Progress (5): 8.1/12 MB | 1.5/1.6 MB | 245/334 kB | 0.1/1.6 MB | 76 kB
Progress (5): 8.1/12 MB | 1.5/1.6 MB | 245/334 kB | 0.1/1.6 MB | 76 kB
Progress (5): 8.1/12 MB | 1.5/1.6 MB | 245/334 kB | 0.1/1.6 MB | 76 kB
Progress (5): 8.1/12 MB | 1.5/1.6 MB | 245/334 kB | 0.1/1.6 MB | 76 kB
Progress (5): 8.1/12 MB | 1.5/1.6 MB | 245/334 kB | 0.1/1.6 MB | 76 kB
Progress (5): 8.1/12 MB | 1.5/1.6 MB | 245/334 kB | 0.1/1.6 MB | 76 kB
Progress (5): 8.1/12 MB | 1.5/1.6 MB | 245/334 kB | 0.1/1.6 MB | 76 kB
                                                                      
Downloaded from central: https://repo.maven.apache.org/maven2/com/fasterxml/jackson/core/jackson-annotations/2.15.4/jackson-annotations-2.15.4.jar (76 kB at 5.1 kB/s)
Downloading from central: https://repo.maven.apache.org/maven2/com/fasterxml/jackson/core/jackson-core/2.15.4/jackson-core-2.15.4.jar
Progress (4): 8.1/12 MB | 1.5/1.6 MB | 245/334 kB | 0.1/1.6 MB
Progress (4): 8.1/12 MB | 1.5/1.6 MB | 245/334 kB | 0.1/1.6 MB
Progress (4): 8.1/12 MB | 1.5/1.6 MB | 245/334 kB | 0.1/1.6 MB
Progress (4): 8.1/12 MB | 1.5/1.6 MB | 245/334 kB | 0.1/1.6 MB
Progress (4): 8.1/12 MB | 1.5/1.6 MB | 245/334 kB | 0.1/1.6 MB
Progress (4): 8.1/12 MB | 1.5/1.6 MB | 245/334 kB | 0.1/1.6 MB
Progress (4): 8.2/12 MB | 1.5/1.6 MB | 245/334 kB | 0.1/1.6 MB
Progress (4): 8.2/12 MB | 1.5/1.6 MB | 249/334 kB | 0.1/1.6 MB
Progress (4): 8.2/12 MB | 1.5/1.6 MB | 253/334 kB | 0.1/1.6 MB
Progress (4): 8.2/12 MB | 1.5/1.6 MB | 257/334 kB | 0.1/1.6 MB
Progress (4): 8.2/12 MB | 1.5/1.6 MB | 261/334 kB | 0.1/1.6 MB
Progress (4): 8.2/12 MB | 1.5/1.6 MB | 266/334 kB | 0.1/1.6 MB
Progress (4): 8.2/12 MB | 1.5/1.6 MB | 270/334 kB | 0.1/1.6 MB
Progress (4): 8.2/12 MB | 1.5/1.6 MB | 274/334 kB | 0.1/1.6 MB
Progress (4): 8.2/12 MB | 1.5/1.6 MB | 278/334 kB | 0.1/1.6 MB
Progress (4): 8.2/12 MB | 1.5/1.6 MB | 278/334 kB | 0.1/1.6 MB
Progress (4): 8.2/12 MB | 1.5/1.6 MB | 278/334 kB | 0.1/1.6 MB
Progress (4): 8.2/12 MB | 1.5/1.6 MB | 278/334 kB | 0.1/1.6 MB
Progress (4): 8.2/12 MB | 1.5/1.6 MB | 278/334 kB | 0.1/1.6 MB
Progress (4): 8.2/12 MB | 1.5/1.6 MB | 278/334 kB | 0.1/1.6 MB
Progress (4): 8.2/12 MB | 1.6/1.6 MB | 278/334 kB | 0.1/1.6 MB
Progress (4): 8.2/12 MB | 1.6/1.6 MB | 278/334 kB | 0.1/1.6 MB
Progress (4): 8.2/12 MB | 1.6/1.6 MB | 278/334 kB | 0.2/1.6 MB
Progress (4): 8.2/12 MB | 1.6/1.6 MB | 278/334 kB | 0.2/1.6 MB
Progress (4): 8.2/12 MB | 1.6/1.6 MB | 278/334 kB | 0.2/1.6 MB
Progress (4): 8.2/12 MB | 1.6/1.6 MB | 278/334 kB | 0.2/1.6 MB
Progress (4): 8.2/12 MB | 1.6/1.6 MB | 278/334 kB | 0.2/1.6 MB
Progress (4): 8.2/12 MB | 1.6/1.6 MB | 278/334 kB | 0.2/1.6 MB
Progress (5): 8.2/12 MB | 1.6/1.6 MB | 278/334 kB | 0.2/1.6 MB | 4.1/548 kB
Progress (5): 8.2/12 MB | 1.6/1.6 MB | 278/334 kB | 0.2/1.6 MB | 7.7/548 kB
Progress (5): 8.2/12 MB | 1.6/1.6 MB | 278/334 kB | 0.2/1.6 MB | 12/548 kB 
Progress (5): 8.2/12 MB | 1.6/1.6 MB | 278/334 kB | 0.2/1.6 MB | 16/548 kB
Progress (5): 8.2/12 MB | 1.6/1.6 MB | 278/334 kB | 0.2/1.6 MB | 20/548 kB
Progress (5): 8.2/12 MB | 1.6/1.6 MB | 278/334 kB | 0.2/1.6 MB | 24/548 kB
Progress (5): 8.2/12 MB | 1.6/1.6 MB | 278/334 kB | 0.2/1.6 MB | 28/548 kB
Progress (5): 8.2/12 MB | 1.6/1.6 MB | 278/334 kB | 0.2/1.6 MB | 32/548 kB
Progress (5): 8.2/12 MB | 1.6/1.6 MB | 278/334 kB | 0.2/1.6 MB | 36/548 kB
Progress (5): 8.2/12 MB | 1.6/1.6 MB | 278/334 kB | 0.2/1.6 MB | 40/548 kB
Progress (5): 8.2/12 MB | 1.6/1.6 MB | 278/334 kB | 0.2/1.6 MB | 44/548 kB
Progress (5): 8.2/12 MB | 1.6/1.6 MB | 282/334 kB | 0.2/1.6 MB | 44/548 kB
Progress (5): 8.2/12 MB | 1.6/1.6 MB | 286/334 kB | 0.2/1.6 MB | 44/548 kB
Progress (5): 8.2/12 MB | 1.6/1.6 MB | 290/334 kB | 0.2/1.6 MB | 44/548 kB
Progress (5): 8.2/12 MB | 1.6/1.6 MB | 294/334 kB | 0.2/1.6 MB | 44/548 kB
Progress (5): 8.2/12 MB | 1.6/1.6 MB | 294/334 kB | 0.2/1.6 MB | 48/548 kB
Progress (5): 8.2/12 MB | 1.6/1.6 MB | 294/334 kB | 0.2/1.6 MB | 53/548 kB
Progress (5): 8.2/12 MB | 1.6/1.6 MB | 294/334 kB | 0.2/1.6 MB | 57/548 kB
Progress (5): 8.2/12 MB | 1.6/1.6 MB | 294/334 kB | 0.2/1.6 MB | 61/548 kB
Progress (5): 8.2/12 MB | 1.6/1.6 MB | 294/334 kB | 0.2/1.6 MB | 65/548 kB
Progress (5): 8.2/12 MB | 1.6/1.6 MB | 294/334 kB | 0.2/1.6 MB | 69/548 kB
Progress (5): 8.2/12 MB | 1.6/1.6 MB | 294/334 kB | 0.2/1.6 MB | 73/548 kB
Progress (5): 8.2/12 MB | 1.6/1.6 MB | 294/334 kB | 0.2/1.6 MB | 77/548 kB
Progress (5): 8.2/12 MB | 1.6/1.6 MB | 298/334 kB | 0.2/1.6 MB | 77/548 kB
Progress (5): 8.2/12 MB | 1.6/1.6 MB | 302/334 kB | 0.2/1.6 MB | 77/548 kB
Progress (5): 8.2/12 MB | 1.6/1.6 MB | 306/334 kB | 0.2/1.6 MB | 77/548 kB
Progress (5): 8.2/12 MB | 1.6/1.6 MB | 311/334 kB | 0.2/1.6 MB | 77/548 kB
Progress (5): 8.2/12 MB | 1.6/1.6 MB | 311/334 kB | 0.2/1.6 MB | 77/548 kB
Progress (5): 8.2/12 MB | 1.6/1.6 MB | 311/334 kB | 0.2/1.6 MB | 77/548 kB
Progress (5): 8.2/12 MB | 1.6/1.6 MB | 315/334 kB | 0.2/1.6 MB | 77/548 kB
Progress (5): 8.2/12 MB | 1.6/1.6 MB | 315/334 kB | 0.2/1.6 MB | 77/548 kB
Progress (5): 8.2/12 MB | 1.6/1.6 MB | 319/334 kB | 0.2/1.6 MB | 77/548 kB
Progress (5): 8.2/12 MB | 1.6/1.6 MB | 323/334 kB | 0.2/1.6 MB | 77/548 kB
Progress (5): 8.2/12 MB | 1.6/1.6 MB | 323/334 kB | 0.2/1.6 MB | 77/548 kB
Progress (5): 8.2/12 MB | 1.6/1.6 MB | 327/334 kB | 0.2/1.6 MB | 77/548 kB
Progress (5): 8.2/12 MB | 1.6/1.6 MB | 327/334 kB | 0.2/1.6 MB | 77/548 kB
Progress (5): 8.2/12 MB | 1.6/1.6 MB | 327/334 kB | 0.2/1.6 MB | 77/548 kB
Progress (5): 8.2/12 MB | 1.6 MB | 327/334 kB | 0.2/1.6 MB | 77/548 kB    
Progress (5): 8.2/12 MB | 1.6 MB | 331/334 kB | 0.2/1.6 MB | 77/548 kB
Progress (5): 8.2/12 MB | 1.6 MB | 334 kB | 0.2/1.6 MB | 77/548 kB    
Progress (5): 8.2/12 MB | 1.6 MB | 334 kB | 0.2/1.6 MB | 77/548 kB
Progress (5): 8.2/12 MB | 1.6 MB | 334 kB | 0.2/1.6 MB | 77/548 kB
Progress (5): 8.2/12 MB | 1.6 MB | 334 kB | 0.2/1.6 MB | 77/548 kB
Progress (5): 8.2/12 MB | 1.6 MB | 334 kB | 0.2/1.6 MB | 77/548 kB
Progress (5): 8.3/12 MB | 1.6 MB | 334 kB | 0.2/1.6 MB | 77/548 kB
Progress (5): 8.3/12 MB | 1.6 MB | 334 kB | 0.2/1.6 MB | 77/548 kB
Progress (5): 8.3/12 MB | 1.6 MB | 334 kB | 0.2/1.6 MB | 77/548 kB
Progress (5): 8.3/12 MB | 1.6 MB | 334 kB | 0.2/1.6 MB | 81/548 kB
Progress (5): 8.3/12 MB | 1.6 MB | 334 kB | 0.2/1.6 MB | 85/548 kB
Progress (5): 8.3/12 MB | 1.6 MB | 334 kB | 0.2/1.6 MB | 89/548 kB
Progress (5): 8.3/12 MB | 1.6 MB | 334 kB | 0.2/1.6 MB | 93/548 kB
Progress (5): 8.3/12 MB | 1.6 MB | 334 kB | 0.2/1.6 MB | 93/548 kB
Progress (5): 8.3/12 MB | 1.6 MB | 334 kB | 0.3/1.6 MB | 93/548 kB
Progress (5): 8.3/12 MB | 1.6 MB | 334 kB | 0.3/1.6 MB | 98/548 kB
Progress (5): 8.3/12 MB | 1.6 MB | 334 kB | 0.3/1.6 MB | 102/548 kB
Progress (5): 8.3/12 MB | 1.6 MB | 334 kB | 0.3/1.6 MB | 106/548 kB
Progress (5): 8.3/12 MB | 1.6 MB | 334 kB | 0.3/1.6 MB | 110/548 kB
Progress (5): 8.3/12 MB | 1.6 MB | 334 kB | 0.3/1.6 MB | 114/548 kB
Progress (5): 8.3/12 MB | 1.6 MB | 334 kB | 0.3/1.6 MB | 118/548 kB
Progress (5): 8.3/12 MB | 1.6 MB | 334 kB | 0.3/1.6 MB | 122/548 kB
Progress (5): 8.3/12 MB | 1.6 MB | 334 kB | 0.3/1.6 MB | 126/548 kB
Progress (5): 8.3/12 MB | 1.6 MB | 334 kB | 0.3/1.6 MB | 130/548 kB
Progress (5): 8.3/12 MB | 1.6 MB | 334 kB | 0.3/1.6 MB | 134/548 kB
Progress (5): 8.3/12 MB | 1.6 MB | 334 kB | 0.3/1.6 MB | 139/548 kB
Progress (5): 8.3/12 MB | 1.6 MB | 334 kB | 0.3/1.6 MB | 143/548 kB
Progress (5): 8.3/12 MB | 1.6 MB | 334 kB | 0.3/1.6 MB | 147/548 kB
Progress (5): 8.3/12 MB | 1.6 MB | 334 kB | 0.3/1.6 MB | 151/548 kB
Progress (5): 8.3/12 MB | 1.6 MB | 334 kB | 0.3/1.6 MB | 155/548 kB
Progress (5): 8.3/12 MB | 1.6 MB | 334 kB | 0.3/1.6 MB | 159/548 kB
Progress (5): 8.3/12 MB | 1.6 MB | 334 kB | 0.3/1.6 MB | 159/548 kB
Progress (5): 8.3/12 MB | 1.6 MB | 334 kB | 0.3/1.6 MB | 159/548 kB
Progress (5): 8.3/12 MB | 1.6 MB | 334 kB | 0.3/1.6 MB | 159/548 kB
Progress (5): 8.3/12 MB | 1.6 MB | 334 kB | 0.3/1.6 MB | 159/548 kB
Progress (5): 8.3/12 MB | 1.6 MB | 334 kB | 0.3/1.6 MB | 159/548 kB
Progress (5): 8.3/12 MB | 1.6 MB | 334 kB | 0.3/1.6 MB | 159/548 kB
Progress (5): 8.3/12 MB | 1.6 MB | 334 kB | 0.3/1.6 MB | 163/548 kB
Progress (5): 8.3/12 MB | 1.6 MB | 334 kB | 0.3/1.6 MB | 163/548 kB
Progress (5): 8.3/12 MB | 1.6 MB | 334 kB | 0.3/1.6 MB | 167/548 kB
Progress (5): 8.3/12 MB | 1.6 MB | 334 kB | 0.3/1.6 MB | 171/548 kB
Progress (5): 8.3/12 MB | 1.6 MB | 334 kB | 0.3/1.6 MB | 175/548 kB
Progress (5): 8.3/12 MB | 1.6 MB | 334 kB | 0.3/1.6 MB | 175/548 kB
Progress (5): 8.3/12 MB | 1.6 MB | 334 kB | 0.3/1.6 MB | 179/548 kB
Progress (5): 8.3/12 MB | 1.6 MB | 334 kB | 0.3/1.6 MB | 184/548 kB
Progress (5): 8.3/12 MB | 1.6 MB | 334 kB | 0.3/1.6 MB | 188/548 kB
Progress (5): 8.3/12 MB | 1.6 MB | 334 kB | 0.3/1.6 MB | 192/548 kB
Progress (5): 8.3/12 MB | 1.6 MB | 334 kB | 0.3/1.6 MB | 196/548 kB
Progress (5): 8.3/12 MB | 1.6 MB | 334 kB | 0.3/1.6 MB | 200/548 kB
Progress (5): 8.3/12 MB | 1.6 MB | 334 kB | 0.3/1.6 MB | 204/548 kB
Progress (5): 8.3/12 MB | 1.6 MB | 334 kB | 0.3/1.6 MB | 208/548 kB
Progress (5): 8.3/12 MB | 1.6 MB | 334 kB | 0.3/1.6 MB | 212/548 kB
Progress (5): 8.3/12 MB | 1.6 MB | 334 kB | 0.3/1.6 MB | 216/548 kB
Progress (5): 8.3/12 MB | 1.6 MB | 334 kB | 0.3/1.6 MB | 220/548 kB
Progress (5): 8.3/12 MB | 1.6 MB | 334 kB | 0.3/1.6 MB | 225/548 kB
                                                                   
Downloaded from central: https://repo.maven.apache.org/maven2/org/springframework/boot/spring-boot/3.2.3/spring-boot-3.2.3.jar (1.6 MB at 105 kB/s)
Downloading from central: https://repo.maven.apache.org/maven2/com/fasterxml/jackson/datatype/jackson-datatype-jdk8/2.15.4/jackson-datatype-jdk8-2.15.4.jar
Downloaded from central: https://repo.maven.apache.org/maven2/org/yaml/snakeyaml/2.2/snakeyaml-2.2.jar (334 kB at 22 kB/s)
Downloading from central: https://repo.maven.apache.org/maven2/com/fasterxml/jackson/datatype/jackson-datatype-jsr310/2.15.4/jackson-datatype-jsr310-2.15.4.jar
Progress (3): 8.4/12 MB | 0.3/1.6 MB | 225/548 kB
Progress (3): 8.4/12 MB | 0.3/1.6 MB | 229/548 kB
Progress (3): 8.4/12 MB | 0.3/1.6 MB | 233/548 kB
Progress (3): 8.4/12 MB | 0.3/1.6 MB | 237/548 kB
Progress (3): 8.4/12 MB | 0.3/1.6 MB | 241/548 kB
Progress (3): 8.4/12 MB | 0.3/1.6 MB | 245/548 kB
Progress (3): 8.4/12 MB | 0.3/1.6 MB | 249/548 kB
Progress (3): 8.4/12 MB | 0.3/1.6 MB | 253/548 kB
Progress (3): 8.4/12 MB | 0.3/1.6 MB | 257/548 kB
Progress (3): 8.4/12 MB | 0.3/1.6 MB | 257/548 kB
Progress (3): 8.4/12 MB | 0.3/1.6 MB | 257/548 kB
Progress (3): 8.4/12 MB | 0.3/1.6 MB | 257/548 kB
Progress (3): 8.4/12 MB | 0.3/1.6 MB | 257/548 kB
Progress (3): 8.4/12 MB | 0.4/1.6 MB | 257/548 kB
Progress (3): 8.4/12 MB | 0.4/1.6 MB | 257/548 kB
Progress (3): 8.4/12 MB | 0.4/1.6 MB | 261/548 kB
Progress (3): 8.4/12 MB | 0.4/1.6 MB | 266/548 kB
Progress (3): 8.4/12 MB | 0.4/1.6 MB | 270/548 kB
Progress (3): 8.4/12 MB | 0.4/1.6 MB | 274/548 kB
Progress (3): 8.4/12 MB | 0.4/1.6 MB | 278/548 kB
Progress (3): 8.4/12 MB | 0.4/1.6 MB | 282/548 kB
Progress (3): 8.4/12 MB | 0.4/1.6 MB | 286/548 kB
Progress (3): 8.4/12 MB | 0.4/1.6 MB | 290/548 kB
Progress (3): 8.4/12 MB | 0.4/1.6 MB | 294/548 kB
Progress (3): 8.4/12 MB | 0.4/1.6 MB | 298/548 kB
Progress (3): 8.4/12 MB | 0.4/1.6 MB | 302/548 kB
Progress (3): 8.4/12 MB | 0.4/1.6 MB | 306/548 kB
Progress (4): 8.4/12 MB | 0.4/1.6 MB | 306/548 kB | 4.1/36 kB
Progress (4): 8.4/12 MB | 0.4/1.6 MB | 306/548 kB | 7.7/36 kB
Progress (4): 8.4/12 MB | 0.4/1.6 MB | 306/548 kB | 12/36 kB 
Progress (4): 8.4/12 MB | 0.4/1.6 MB | 306/548 kB | 16/36 kB
Progress (4): 8.4/12 MB | 0.4/1.6 MB | 306/548 kB | 20/36 kB
Progress (4): 8.4/12 MB | 0.4/1.6 MB | 306/548 kB | 24/36 kB
Progress (5): 8.4/12 MB | 0.4/1.6 MB | 306/548 kB | 24/36 kB | 4.1/123 kB
Progress (5): 8.4/12 MB | 0.4/1.6 MB | 306/548 kB | 24/36 kB | 8.2/123 kB
Progress (5): 8.4/12 MB | 0.4/1.6 MB | 306/548 kB | 24/36 kB | 12/123 kB 
Progress (5): 8.4/12 MB | 0.4/1.6 MB | 306/548 kB | 24/36 kB | 16/123 kB
Progress (5): 8.4/12 MB | 0.4/1.6 MB | 306/548 kB | 24/36 kB | 20/123 kB
Progress (5): 8.4/12 MB | 0.4/1.6 MB | 306/548 kB | 24/36 kB | 20/123 kB
Progress (5): 8.4/12 MB | 0.4/1.6 MB | 306/548 kB | 24/36 kB | 20/123 kB
Progress (5): 8.4/12 MB | 0.4/1.6 MB | 306/548 kB | 24/36 kB | 20/123 kB
Progress (5): 8.4/12 MB | 0.4/1.6 MB | 306/548 kB | 24/36 kB | 20/123 kB
Progress (5): 8.4/12 MB | 0.4/1.6 MB | 306/548 kB | 24/36 kB | 20/123 kB
Progress (5): 8.4/12 MB | 0.4/1.6 MB | 311/548 kB | 24/36 kB | 20/123 kB
Progress (5): 8.4/12 MB | 0.4/1.6 MB | 315/548 kB | 24/36 kB | 20/123 kB
Progress (5): 8.4/12 MB | 0.4/1.6 MB | 319/548 kB | 24/36 kB | 20/123 kB
Progress (5): 8.4/12 MB | 0.4/1.6 MB | 323/548 kB | 24/36 kB | 20/123 kB
Progress (5): 8.4/12 MB | 0.4/1.6 MB | 327/548 kB | 24/36 kB | 20/123 kB
Progress (5): 8.4/12 MB | 0.4/1.6 MB | 331/548 kB | 24/36 kB | 20/123 kB
Progress (5): 8.4/12 MB | 0.4/1.6 MB | 335/548 kB | 24/36 kB | 20/123 kB
Progress (5): 8.4/12 MB | 0.4/1.6 MB | 339/548 kB | 24/36 kB | 20/123 kB
Progress (5): 8.4/12 MB | 0.4/1.6 MB | 339/548 kB | 28/36 kB | 20/123 kB
Progress (5): 8.4/12 MB | 0.4/1.6 MB | 339/548 kB | 32/36 kB | 20/123 kB
Progress (5): 8.4/12 MB | 0.4/1.6 MB | 339/548 kB | 36 kB | 20/123 kB   
Progress (5): 8.4/12 MB | 0.4/1.6 MB | 343/548 kB | 36 kB | 20/123 kB
Progress (5): 8.4/12 MB | 0.4/1.6 MB | 347/548 kB | 36 kB | 20/123 kB
Progress (5): 8.4/12 MB | 0.4/1.6 MB | 352/548 kB | 36 kB | 20/123 kB
Progress (5): 8.4/12 MB | 0.4/1.6 MB | 356/548 kB | 36 kB | 20/123 kB
Progress (5): 8.4/12 MB | 0.4/1.6 MB | 360/548 kB | 36 kB | 20/123 kB
Progress (5): 8.4/12 MB | 0.4/1.6 MB | 364/548 kB | 36 kB | 20/123 kB
Progress (5): 8.4/12 MB | 0.4/1.6 MB | 368/548 kB | 36 kB | 20/123 kB
Progress (5): 8.4/12 MB | 0.4/1.6 MB | 372/548 kB | 36 kB | 20/123 kB
Progress (5): 8.4/12 MB | 0.4/1.6 MB | 372/548 kB | 36 kB | 20/123 kB
Progress (5): 8.4/12 MB | 0.4/1.6 MB | 372/548 kB | 36 kB | 20/123 kB
Progress (5): 8.4/12 MB | 0.4/1.6 MB | 376/548 kB | 36 kB | 20/123 kB
Progress (5): 8.4/12 MB | 0.4/1.6 MB | 380/548 kB | 36 kB | 20/123 kB
Progress (5): 8.4/12 MB | 0.4/1.6 MB | 384/548 kB | 36 kB | 20/123 kB
Progress (5): 8.4/12 MB | 0.4/1.6 MB | 388/548 kB | 36 kB | 20/123 kB
Progress (5): 8.4/12 MB | 0.4/1.6 MB | 392/548 kB | 36 kB | 20/123 kB
Progress (5): 8.4/12 MB | 0.4/1.6 MB | 397/548 kB | 36 kB | 20/123 kB
Progress (5): 8.4/12 MB | 0.4/1.6 MB | 401/548 kB | 36 kB | 20/123 kB
Progress (5): 8.4/12 MB | 0.4/1.6 MB | 405/548 kB | 36 kB | 20/123 kB
Progress (5): 8.4/12 MB | 0.4/1.6 MB | 405/548 kB | 36 kB | 20/123 kB
Progress (5): 8.4/12 MB | 0.4/1.6 MB | 405/548 kB | 36 kB | 25/123 kB
Progress (5): 8.4/12 MB | 0.4/1.6 MB | 405/548 kB | 36 kB | 25/123 kB
Progress (5): 8.4/12 MB | 0.4/1.6 MB | 405/548 kB | 36 kB | 29/123 kB
Progress (5): 8.4/12 MB | 0.4/1.6 MB | 405/548 kB | 36 kB | 33/123 kB
Progress (5): 8.4/12 MB | 0.4/1.6 MB | 405/548 kB | 36 kB | 37/123 kB
Progress (5): 8.4/12 MB | 0.4/1.6 MB | 405/548 kB | 36 kB | 41/123 kB
Progress (5): 8.4/12 MB | 0.4/1.6 MB | 405/548 kB | 36 kB | 45/123 kB
Progress (5): 8.4/12 MB | 0.4/1.6 MB | 405/548 kB | 36 kB | 49/123 kB
Progress (5): 8.4/12 MB | 0.4/1.6 MB | 405/548 kB | 36 kB | 53/123 kB
Progress (5): 8.4/12 MB | 0.4/1.6 MB | 405/548 kB | 36 kB | 57/123 kB
Progress (5): 8.4/12 MB | 0.4/1.6 MB | 405/548 kB | 36 kB | 61/123 kB
Progress (5): 8.4/12 MB | 0.4/1.6 MB | 405/548 kB | 36 kB | 66/123 kB
Progress (5): 8.4/12 MB | 0.4/1.6 MB | 405/548 kB | 36 kB | 70/123 kB
Progress (5): 8.4/12 MB | 0.4/1.6 MB | 405/548 kB | 36 kB | 74/123 kB
Progress (5): 8.4/12 MB | 0.4/1.6 MB | 405/548 kB | 36 kB | 78/123 kB
Progress (5): 8.5/12 MB | 0.4/1.6 MB | 405/548 kB | 36 kB | 78/123 kB
Progress (5): 8.5/12 MB | 0.4/1.6 MB | 405/548 kB | 36 kB | 78/123 kB
Progress (5): 8.5/12 MB | 0.4/1.6 MB | 405/548 kB | 36 kB | 78/123 kB
Progress (5): 8.5/12 MB | 0.5/1.6 MB | 405/548 kB | 36 kB | 78/123 kB
Progress (5): 8.5/12 MB | 0.5/1.6 MB | 409/548 kB | 36 kB | 78/123 kB
Progress (5): 8.5/12 MB | 0.5/1.6 MB | 413/548 kB | 36 kB | 78/123 kB
Progress (5): 8.5/12 MB | 0.5/1.6 MB | 413/548 kB | 36 kB | 78/123 kB
Progress (5): 8.5/12 MB | 0.5/1.6 MB | 417/548 kB | 36 kB | 78/123 kB
Progress (5): 8.5/12 MB | 0.5/1.6 MB | 421/548 kB | 36 kB | 78/123 kB
Progress (5): 8.5/12 MB | 0.5/1.6 MB | 425/548 kB | 36 kB | 78/123 kB
                                                                     
Downloaded from central: https://repo.maven.apache.org/maven2/com/fasterxml/jackson/datatype/jackson-datatype-jdk8/2.15.4/jackson-datatype-jdk8-2.15.4.jar (36 kB at 2.3 kB/s)
Downloading from central: https://repo.maven.apache.org/maven2/com/fasterxml/jackson/module/jackson-module-parameter-names/2.15.4/jackson-module-parameter-names-2.15.4.jar
Progress (4): 8.5/12 MB | 0.5/1.6 MB | 429/548 kB | 78/123 kB
Progress (4): 8.5/12 MB | 0.5/1.6 MB | 433/548 kB | 78/123 kB
Progress (4): 8.5/12 MB | 0.5/1.6 MB | 438/548 kB | 78/123 kB
Progress (4): 8.5/12 MB | 0.5/1.6 MB | 442/548 kB | 78/123 kB
Progress (4): 8.5/12 MB | 0.5/1.6 MB | 446/548 kB | 78/123 kB
Progress (4): 8.5/12 MB | 0.5/1.6 MB | 450/548 kB | 78/123 kB
Progress (4): 8.5/12 MB | 0.5/1.6 MB | 454/548 kB | 78/123 kB
Progress (4): 8.5/12 MB | 0.5/1.6 MB | 458/548 kB | 78/123 kB
Progress (4): 8.5/12 MB | 0.5/1.6 MB | 462/548 kB | 78/123 kB
Progress (4): 8.5/12 MB | 0.5/1.6 MB | 466/548 kB | 78/123 kB
Progress (4): 8.5/12 MB | 0.5/1.6 MB | 470/548 kB | 78/123 kB
Progress (4): 8.5/12 MB | 0.5/1.6 MB | 474/548 kB | 78/123 kB
Progress (4): 8.5/12 MB | 0.5/1.6 MB | 479/548 kB | 78/123 kB
Progress (4): 8.5/12 MB | 0.5/1.6 MB | 483/548 kB | 78/123 kB
Progress (4): 8.5/12 MB | 0.5/1.6 MB | 487/548 kB | 78/123 kB
Progress (4): 8.5/12 MB | 0.5/1.6 MB | 487/548 kB | 82/123 kB
Progress (4): 8.5/12 MB | 0.5/1.6 MB | 487/548 kB | 86/123 kB
Progress (4): 8.5/12 MB | 0.5/1.6 MB | 487/548 kB | 90/123 kB
Progress (4): 8.5/12 MB | 0.5/1.6 MB | 487/548 kB | 90/123 kB
Progress (4): 8.5/12 MB | 0.5/1.6 MB | 487/548 kB | 90/123 kB
Progress (4): 8.5/12 MB | 0.5/1.6 MB | 487/548 kB | 94/123 kB
Progress (4): 8.5/12 MB | 0.5/1.6 MB | 487/548 kB | 98/123 kB
Progress (4): 8.5/12 MB | 0.5/1.6 MB | 487/548 kB | 102/123 kB
Progress (4): 8.5/12 MB | 0.5/1.6 MB | 487/548 kB | 106/123 kB
Progress (4): 8.5/12 MB | 0.5/1.6 MB | 487/548 kB | 111/123 kB
Progress (4): 8.6/12 MB | 0.5/1.6 MB | 487/548 kB | 111/123 kB
Progress (4): 8.6/12 MB | 0.5/1.6 MB | 487/548 kB | 111/123 kB
Progress (4): 8.6/12 MB | 0.5/1.6 MB | 487/548 kB | 111/123 kB
Progress (4): 8.6/12 MB | 0.5/1.6 MB | 487/548 kB | 111/123 kB
Progress (4): 8.6/12 MB | 0.5/1.6 MB | 487/548 kB | 111/123 kB
Progress (4): 8.6/12 MB | 0.5/1.6 MB | 491/548 kB | 111/123 kB
Progress (4): 8.6/12 MB | 0.5/1.6 MB | 495/548 kB | 111/123 kB
Progress (4): 8.6/12 MB | 0.5/1.6 MB | 499/548 kB | 111/123 kB
Progress (4): 8.6/12 MB | 0.5/1.6 MB | 503/548 kB | 111/123 kB
Progress (4): 8.6/12 MB | 0.5/1.6 MB | 507/548 kB | 111/123 kB
Progress (4): 8.6/12 MB | 0.5/1.6 MB | 511/548 kB | 111/123 kB
Progress (4): 8.6/12 MB | 0.5/1.6 MB | 515/548 kB | 111/123 kB
Progress (4): 8.6/12 MB | 0.5/1.6 MB | 519/548 kB | 111/123 kB
Progress (4): 8.6/12 MB | 0.5/1.6 MB | 524/548 kB | 111/123 kB
Progress (4): 8.6/12 MB | 0.5/1.6 MB | 528/548 kB | 111/123 kB
Progress (4): 8.6/12 MB | 0.5/1.6 MB | 532/548 kB | 111/123 kB
Progress (4): 8.6/12 MB | 0.5/1.6 MB | 536/548 kB | 111/123 kB
Progress (5): 8.6/12 MB | 0.5/1.6 MB | 536/548 kB | 111/123 kB | 3.4/10 kB
Progress (5): 8.6/12 MB | 0.5/1.6 MB | 536/548 kB | 111/123 kB | 3.4/10 kB
Progress (5): 8.6/12 MB | 0.5/1.6 MB | 536/548 kB | 111/123 kB | 3.4/10 kB
Progress (5): 8.6/12 MB | 0.5/1.6 MB | 536/548 kB | 115/123 kB | 3.4/10 kB
Progress (5): 8.6/12 MB | 0.5/1.6 MB | 536/548 kB | 119/123 kB | 3.4/10 kB
Progress (5): 8.6/12 MB | 0.5/1.6 MB | 536/548 kB | 123/123 kB | 3.4/10 kB
Progress (5): 8.6/12 MB | 0.5/1.6 MB | 536/548 kB | 123 kB | 3.4/10 kB    
Progress (5): 8.6/12 MB | 0.5/1.6 MB | 536/548 kB | 123 kB | 3.4/10 kB
Progress (5): 8.6/12 MB | 0.5/1.6 MB | 536/548 kB | 123 kB | 3.4/10 kB
Progress (5): 8.6/12 MB | 0.5/1.6 MB | 536/548 kB | 123 kB | 7.5/10 kB
Progress (5): 8.6/12 MB | 0.5/1.6 MB | 540/548 kB | 123 kB | 7.5/10 kB
Progress (5): 8.6/12 MB | 0.5/1.6 MB | 540/548 kB | 123 kB | 10 kB    
Progress (5): 8.6/12 MB | 0.5/1.6 MB | 544/548 kB | 123 kB | 10 kB
Progress (5): 8.6/12 MB | 0.5/1.6 MB | 548/548 kB | 123 kB | 10 kB
Progress (5): 8.6/12 MB | 0.5/1.6 MB | 548 kB | 123 kB | 10 kB    
Progress (5): 8.6/12 MB | 0.5/1.6 MB | 548 kB | 123 kB | 10 kB
Progress (5): 8.6/12 MB | 0.5/1.6 MB | 548 kB | 123 kB | 10 kB
Progress (5): 8.6/12 MB | 0.6/1.6 MB | 548 kB | 123 kB | 10 kB
Progress (5): 8.6/12 MB | 0.6/1.6 MB | 548 kB | 123 kB | 10 kB
Progress (5): 8.6/12 MB | 0.6/1.6 MB | 548 kB | 123 kB | 10 kB
Progress (5): 8.6/12 MB | 0.6/1.6 MB | 548 kB | 123 kB | 10 kB
Progress (5): 8.6/12 MB | 0.6/1.6 MB | 548 kB | 123 kB | 10 kB
Progress (5): 8.7/12 MB | 0.6/1.6 MB | 548 kB | 123 kB | 10 kB
                                                              
Downloaded from central: https://repo.maven.apache.org/maven2/com/fasterxml/jackson/core/jackson-core/2.15.4/jackson-core-2.15.4.jar (548 kB at 34 kB/s)
Downloading from central: https://repo.maven.apache.org/maven2/org/springframework/boot/spring-boot-starter-tomcat/3.2.3/spring-boot-starter-tomcat-3.2.3.jar
Progress (4): 8.7/12 MB | 0.6/1.6 MB | 123 kB | 10 kB
Progress (4): 8.7/12 MB | 0.6/1.6 MB | 123 kB | 10 kB
                                                     
Downloaded from central: https://repo.maven.apache.org/maven2/com/fasterxml/jackson/datatype/jackson-datatype-jsr310/2.15.4/jackson-datatype-jsr310-2.15.4.jar (123 kB at 7.7 kB/s)
Downloading from central: https://repo.maven.apache.org/maven2/org/apache/tomcat/embed/tomcat-embed-core/10.1.19/tomcat-embed-core-10.1.19.jar
Downloaded from central: https://repo.maven.apache.org/maven2/com/fasterxml/jackson/module/jackson-module-parameter-names/2.15.4/jackson-module-parameter-names-2.15.4.jar (10 kB at 649 B/s)
Downloading from central: https://repo.maven.apache.org/maven2/org/apache/tomcat/embed/tomcat-embed-websocket/10.1.19/tomcat-embed-websocket-10.1.19.jar
Progress (2): 8.7/12 MB | 0.6/1.6 MB
Progress (2): 8.7/12 MB | 0.6/1.6 MB
Progress (2): 8.7/12 MB | 0.6/1.6 MB
Progress (2): 8.7/12 MB | 0.6/1.6 MB
Progress (2): 8.7/12 MB | 0.6/1.6 MB
Progress (2): 8.7/12 MB | 0.7/1.6 MB
Progress (2): 8.7/12 MB | 0.7/1.6 MB
Progress (3): 8.7/12 MB | 0.7/1.6 MB | 0/3.5 MB
Progress (3): 8.7/12 MB | 0.7/1.6 MB | 0/3.5 MB
Progress (3): 8.7/12 MB | 0.7/1.6 MB | 0/3.5 MB
Progress (3): 8.8/12 MB | 0.7/1.6 MB | 0/3.5 MB
Progress (3): 8.8/12 MB | 0.7/1.6 MB | 0/3.5 MB
Progress (3): 8.8/12 MB | 0.7/1.6 MB | 0/3.5 MB
Progress (3): 8.8/12 MB | 0.7/1.6 MB | 0/3.5 MB
Progress (3): 8.8/12 MB | 0.7/1.6 MB | 0/3.5 MB
Progress (4): 8.8/12 MB | 0.7/1.6 MB | 0/3.5 MB | 4.1/4.8 kB
Progress (4): 8.8/12 MB | 0.7/1.6 MB | 0/3.5 MB | 4.8 kB    
Progress (5): 8.8/12 MB | 0.7/1.6 MB | 0/3.5 MB | 4.8 kB | 4.1/282 kB
Progress (5): 8.8/12 MB | 0.7/1.6 MB | 0/3.5 MB | 4.8 kB | 7.7/282 kB
Progress (5): 8.8/12 MB | 0.7/1.6 MB | 0/3.5 MB | 4.8 kB | 12/282 kB 
Progress (5): 8.8/12 MB | 0.7/1.6 MB | 0/3.5 MB | 4.8 kB | 16/282 kB
Progress (5): 8.8/12 MB | 0.7/1.6 MB | 0/3.5 MB | 4.8 kB | 20/282 kB
Progress (5): 8.8/12 MB | 0.7/1.6 MB | 0/3.5 MB | 4.8 kB | 24/282 kB
Progress (5): 8.8/12 MB | 0.7/1.6 MB | 0/3.5 MB | 4.8 kB | 28/282 kB
Progress (5): 8.8/12 MB | 0.7/1.6 MB | 0/3.5 MB | 4.8 kB | 32/282 kB
Progress (5): 8.8/12 MB | 0.7/1.6 MB | 0/3.5 MB | 4.8 kB | 36/282 kB
Progress (5): 8.8/12 MB | 0.7/1.6 MB | 0/3.5 MB | 4.8 kB | 40/282 kB
Progress (5): 8.8/12 MB | 0.7/1.6 MB | 0/3.5 MB | 4.8 kB | 44/282 kB
Progress (5): 8.8/12 MB | 0.7/1.6 MB | 0/3.5 MB | 4.8 kB | 48/282 kB
Progress (5): 8.8/12 MB | 0.7/1.6 MB | 0/3.5 MB | 4.8 kB | 53/282 kB
Progress (5): 8.8/12 MB | 0.7/1.6 MB | 0/3.5 MB | 4.8 kB | 57/282 kB
Progress (5): 8.8/12 MB | 0.7/1.6 MB | 0/3.5 MB | 4.8 kB | 61/282 kB
Progress (5): 8.8/12 MB | 0.7/1.6 MB | 0/3.5 MB | 4.8 kB | 65/282 kB
Progress (5): 8.8/12 MB | 0.7/1.6 MB | 0/3.5 MB | 4.8 kB | 69/282 kB
Progress (5): 8.8/12 MB | 0.7/1.6 MB | 0/3.5 MB | 4.8 kB | 73/282 kB
Progress (5): 8.8/12 MB | 0.7/1.6 MB | 0/3.5 MB | 4.8 kB | 77/282 kB
Progress (5): 8.8/12 MB | 0.7/1.6 MB | 0/3.5 MB | 4.8 kB | 77/282 kB
Progress (5): 8.8/12 MB | 0.7/1.6 MB | 0/3.5 MB | 4.8 kB | 77/282 kB
Progress (5): 8.8/12 MB | 0.7/1.6 MB | 0/3.5 MB | 4.8 kB | 77/282 kB
Progress (5): 8.8/12 MB | 0.7/1.6 MB | 0.1/3.5 MB | 4.8 kB | 77/282 kB
Progress (5): 8.8/12 MB | 0.7/1.6 MB | 0.1/3.5 MB | 4.8 kB | 77/282 kB
Progress (5): 8.8/12 MB | 0.7/1.6 MB | 0.1/3.5 MB | 4.8 kB | 77/282 kB
Progress (5): 8.8/12 MB | 0.7/1.6 MB | 0.1/3.5 MB | 4.8 kB | 77/282 kB
Progress (5): 8.8/12 MB | 0.7/1.6 MB | 0.1/3.5 MB | 4.8 kB | 77/282 kB
Progress (5): 8.8/12 MB | 0.7/1.6 MB | 0.1/3.5 MB | 4.8 kB | 77/282 kB
Progress (5): 8.8/12 MB | 0.8/1.6 MB | 0.1/3.5 MB | 4.8 kB | 77/282 kB
Progress (5): 8.8/12 MB | 0.8/1.6 MB | 0.1/3.5 MB | 4.8 kB | 77/282 kB
Progress (5): 8.8/12 MB | 0.8/1.6 MB | 0.1/3.5 MB | 4.8 kB | 77/282 kB
Progress (5): 8.8/12 MB | 0.8/1.6 MB | 0.1/3.5 MB | 4.8 kB | 81/282 kB
Progress (5): 8.8/12 MB | 0.8/1.6 MB | 0.1/3.5 MB | 4.8 kB | 85/282 kB
Progress (5): 8.8/12 MB | 0.8/1.6 MB | 0.1/3.5 MB | 4.8 kB | 89/282 kB
Progress (5): 8.8/12 MB | 0.8/1.6 MB | 0.1/3.5 MB | 4.8 kB | 93/282 kB
Progress (5): 8.8/12 MB | 0.8/1.6 MB | 0.1/3.5 MB | 4.8 kB | 98/282 kB
Progress (5): 8.8/12 MB | 0.8/1.6 MB | 0.1/3.5 MB | 4.8 kB | 102/282 kB
Progress (5): 8.8/12 MB | 0.8/1.6 MB | 0.1/3.5 MB | 4.8 kB | 106/282 kB
Progress (5): 8.8/12 MB | 0.8/1.6 MB | 0.1/3.5 MB | 4.8 kB | 110/282 kB
Progress (5): 8.8/12 MB | 0.8/1.6 MB | 0.1/3.5 MB | 4.8 kB | 114/282 kB
Progress (5): 8.8/12 MB | 0.8/1.6 MB | 0.1/3.5 MB | 4.8 kB | 118/282 kB
Progress (5): 8.8/12 MB | 0.8/1.6 MB | 0.1/3.5 MB | 4.8 kB | 122/282 kB
Progress (5): 8.8/12 MB | 0.8/1.6 MB | 0.1/3.5 MB | 4.8 kB | 126/282 kB
                                                                       
Downloaded from central: https://repo.maven.apache.org/maven2/org/springframework/boot/spring-boot-starter-tomcat/3.2.3/spring-boot-starter-tomcat-3.2.3.jar (4.8 kB at 294 B/s)
Downloading from central: https://repo.maven.apache.org/maven2/org/springframework/spring-web/6.1.4/spring-web-6.1.4.jar
Progress (4): 8.8/12 MB | 0.8/1.6 MB | 0.1/3.5 MB | 130/282 kB
Progress (4): 8.8/12 MB | 0.8/1.6 MB | 0.1/3.5 MB | 134/282 kB
Progress (4): 8.8/12 MB | 0.8/1.6 MB | 0.1/3.5 MB | 139/282 kB
Progress (4): 8.8/12 MB | 0.8/1.6 MB | 0.1/3.5 MB | 143/282 kB
Progress (4): 8.8/12 MB | 0.8/1.6 MB | 0.1/3.5 MB | 147/282 kB
Progress (4): 8.8/12 MB | 0.8/1.6 MB | 0.1/3.5 MB | 151/282 kB
Progress (4): 8.8/12 MB | 0.8/1.6 MB | 0.1/3.5 MB | 155/282 kB
Progress (4): 8.8/12 MB | 0.8/1.6 MB | 0.1/3.5 MB | 159/282 kB
Progress (4): 8.8/12 MB | 0.8/1.6 MB | 0.1/3.5 MB | 163/282 kB
Progress (4): 8.8/12 MB | 0.8/1.6 MB | 0.1/3.5 MB | 163/282 kB
Progress (4): 8.8/12 MB | 0.8/1.6 MB | 0.1/3.5 MB | 163/282 kB
Progress (4): 8.8/12 MB | 0.8/1.6 MB | 0.1/3.5 MB | 163/282 kB
Progress (4): 8.9/12 MB | 0.8/1.6 MB | 0.1/3.5 MB | 163/282 kB
Progress (4): 8.9/12 MB | 0.8/1.6 MB | 0.1/3.5 MB | 163/282 kB
Progress (4): 8.9/12 MB | 0.8/1.6 MB | 0.1/3.5 MB | 163/282 kB
Progress (4): 8.9/12 MB | 0.8/1.6 MB | 0.1/3.5 MB | 163/282 kB
Progress (4): 8.9/12 MB | 0.8/1.6 MB | 0.1/3.5 MB | 163/282 kB
Progress (4): 8.9/12 MB | 0.8/1.6 MB | 0.1/3.5 MB | 163/282 kB
Progress (4): 8.9/12 MB | 0.8/1.6 MB | 0.1/3.5 MB | 163/282 kB
Progress (4): 8.9/12 MB | 0.8/1.6 MB | 0.1/3.5 MB | 163/282 kB
Progress (4): 8.9/12 MB | 0.8/1.6 MB | 0.1/3.5 MB | 163/282 kB
Progress (4): 8.9/12 MB | 0.8/1.6 MB | 0.1/3.5 MB | 163/282 kB
Progress (4): 8.9/12 MB | 0.8/1.6 MB | 0.1/3.5 MB | 167/282 kB
Progress (4): 8.9/12 MB | 0.8/1.6 MB | 0.1/3.5 MB | 171/282 kB
Progress (4): 8.9/12 MB | 0.8/1.6 MB | 0.1/3.5 MB | 175/282 kB
Progress (4): 8.9/12 MB | 0.8/1.6 MB | 0.1/3.5 MB | 179/282 kB
Progress (4): 8.9/12 MB | 0.8/1.6 MB | 0.1/3.5 MB | 184/282 kB
Progress (4): 8.9/12 MB | 0.8/1.6 MB | 0.1/3.5 MB | 188/282 kB
Progress (4): 8.9/12 MB | 0.8/1.6 MB | 0.1/3.5 MB | 192/282 kB
Progress (4): 8.9/12 MB | 0.8/1.6 MB | 0.1/3.5 MB | 196/282 kB
Progress (4): 8.9/12 MB | 0.8/1.6 MB | 0.1/3.5 MB | 200/282 kB
Progress (4): 8.9/12 MB | 0.8/1.6 MB | 0.1/3.5 MB | 204/282 kB
Progress (4): 8.9/12 MB | 0.8/1.6 MB | 0.1/3.5 MB | 208/282 kB
Progress (4): 8.9/12 MB | 0.8/1.6 MB | 0.1/3.5 MB | 212/282 kB
Progress (4): 8.9/12 MB | 0.8/1.6 MB | 0.1/3.5 MB | 216/282 kB
Progress (4): 8.9/12 MB | 0.8/1.6 MB | 0.1/3.5 MB | 220/282 kB
Progress (4): 8.9/12 MB | 0.8/1.6 MB | 0.1/3.5 MB | 225/282 kB
Progress (4): 8.9/12 MB | 0.8/1.6 MB | 0.1/3.5 MB | 229/282 kB
Progress (4): 8.9/12 MB | 0.8/1.6 MB | 0.1/3.5 MB | 233/282 kB
Progress (4): 8.9/12 MB | 0.8/1.6 MB | 0.1/3.5 MB | 237/282 kB
Progress (4): 8.9/12 MB | 0.8/1.6 MB | 0.1/3.5 MB | 241/282 kB
Progress (4): 8.9/12 MB | 0.8/1.6 MB | 0.1/3.5 MB | 245/282 kB
Progress (5): 8.9/12 MB | 0.8/1.6 MB | 0.1/3.5 MB | 245/282 kB | 0/1.9 MB
Progress (5): 8.9/12 MB | 0.8/1.6 MB | 0.1/3.5 MB | 245/282 kB | 0/1.9 MB
Progress (5): 8.9/12 MB | 0.8/1.6 MB | 0.2/3.5 MB | 245/282 kB | 0/1.9 MB
Progress (5): 8.9/12 MB | 0.8/1.6 MB | 0.2/3.5 MB | 245/282 kB | 0/1.9 MB
Progress (5): 9.0/12 MB | 0.8/1.6 MB | 0.2/3.5 MB | 245/282 kB | 0/1.9 MB
Progress (5): 9.0/12 MB | 0.8/1.6 MB | 0.2/3.5 MB | 245/282 kB | 0/1.9 MB
Progress (5): 9.0/12 MB | 0.8/1.6 MB | 0.2/3.5 MB | 245/282 kB | 0/1.9 MB
Progress (5): 9.0/12 MB | 0.8/1.6 MB | 0.2/3.5 MB | 245/282 kB | 0/1.9 MB
Progress (5): 9.0/12 MB | 0.9/1.6 MB | 0.2/3.5 MB | 245/282 kB | 0/1.9 MB
Progress (5): 9.0/12 MB | 0.9/1.6 MB | 0.2/3.5 MB | 245/282 kB | 0/1.9 MB
Progress (5): 9.0/12 MB | 0.9/1.6 MB | 0.2/3.5 MB | 245/282 kB | 0/1.9 MB
Progress (5): 9.0/12 MB | 0.9/1.6 MB | 0.2/3.5 MB | 245/282 kB | 0/1.9 MB
Progress (5): 9.0/12 MB | 0.9/1.6 MB | 0.2/3.5 MB | 245/282 kB | 0/1.9 MB
Progress (5): 9.0/12 MB | 0.9/1.6 MB | 0.2/3.5 MB | 249/282 kB | 0/1.9 MB
Progress (5): 9.0/12 MB | 0.9/1.6 MB | 0.2/3.5 MB | 253/282 kB | 0/1.9 MB
Progress (5): 9.0/12 MB | 0.9/1.6 MB | 0.2/3.5 MB | 257/282 kB | 0/1.9 MB
Progress (5): 9.0/12 MB | 0.9/1.6 MB | 0.2/3.5 MB | 261/282 kB | 0/1.9 MB
Progress (5): 9.0/12 MB | 0.9/1.6 MB | 0.2/3.5 MB | 261/282 kB | 0/1.9 MB
Progress (5): 9.0/12 MB | 0.9/1.6 MB | 0.2/3.5 MB | 261/282 kB | 0/1.9 MB
Progress (5): 9.0/12 MB | 0.9/1.6 MB | 0.2/3.5 MB | 261/282 kB | 0/1.9 MB
Progress (5): 9.0/12 MB | 0.9/1.6 MB | 0.2/3.5 MB | 261/282 kB | 0/1.9 MB
Progress (5): 9.0/12 MB | 0.9/1.6 MB | 0.2/3.5 MB | 266/282 kB | 0/1.9 MB
Progress (5): 9.0/12 MB | 0.9/1.6 MB | 0.2/3.5 MB | 270/282 kB | 0/1.9 MB
Progress (5): 9.0/12 MB | 0.9/1.6 MB | 0.2/3.5 MB | 274/282 kB | 0/1.9 MB
Progress (5): 9.0/12 MB | 0.9/1.6 MB | 0.2/3.5 MB | 278/282 kB | 0/1.9 MB
Progress (5): 9.0/12 MB | 0.9/1.6 MB | 0.2/3.5 MB | 282 kB | 0/1.9 MB    
Progress (5): 9.0/12 MB | 0.9/1.6 MB | 0.2/3.5 MB | 282 kB | 0/1.9 MB
Progress (5): 9.0/12 MB | 0.9/1.6 MB | 0.2/3.5 MB | 282 kB | 0/1.9 MB
Progress (5): 9.0/12 MB | 0.9/1.6 MB | 0.2/3.5 MB | 282 kB | 0.1/1.9 MB
Progress (5): 9.0/12 MB | 0.9/1.6 MB | 0.2/3.5 MB | 282 kB | 0.1/1.9 MB
Progress (5): 9.0/12 MB | 0.9/1.6 MB | 0.2/3.5 MB | 282 kB | 0.1/1.9 MB
Progress (5): 9.0/12 MB | 0.9/1.6 MB | 0.2/3.5 MB | 282 kB | 0.1/1.9 MB
Progress (5): 9.0/12 MB | 0.9/1.6 MB | 0.2/3.5 MB | 282 kB | 0.1/1.9 MB
Progress (5): 9.1/12 MB | 0.9/1.6 MB | 0.2/3.5 MB | 282 kB | 0.1/1.9 MB
Progress (5): 9.1/12 MB | 0.9/1.6 MB | 0.2/3.5 MB | 282 kB | 0.1/1.9 MB
Progress (5): 9.1/12 MB | 0.9/1.6 MB | 0.2/3.5 MB | 282 kB | 0.1/1.9 MB
Progress (5): 9.1/12 MB | 0.9/1.6 MB | 0.2/3.5 MB | 282 kB | 0.1/1.9 MB
Progress (5): 9.1/12 MB | 0.9/1.6 MB | 0.2/3.5 MB | 282 kB | 0.1/1.9 MB
Progress (5): 9.1/12 MB | 1.0/1.6 MB | 0.2/3.5 MB | 282 kB | 0.1/1.9 MB
Progress (5): 9.1/12 MB | 1.0/1.6 MB | 0.2/3.5 MB | 282 kB | 0.1/1.9 MB
Progress (5): 9.1/12 MB | 1.0/1.6 MB | 0.2/3.5 MB | 282 kB | 0.1/1.9 MB
Progress (5): 9.1/12 MB | 1.0/1.6 MB | 0.2/3.5 MB | 282 kB | 0.1/1.9 MB
Progress (5): 9.1/12 MB | 1.0/1.6 MB | 0.3/3.5 MB | 282 kB | 0.1/1.9 MB
Progress (5): 9.1/12 MB | 1.0/1.6 MB | 0.3/3.5 MB | 282 kB | 0.1/1.9 MB
Progress (5): 9.1/12 MB | 1.0/1.6 MB | 0.3/3.5 MB | 282 kB | 0.1/1.9 MB
Progress (5): 9.1/12 MB | 1.0/1.6 MB | 0.3/3.5 MB | 282 kB | 0.1/1.9 MB
                                                                       
Downloaded from central: https://repo.maven.apache.org/maven2/org/apache/tomcat/embed/tomcat-embed-websocket/10.1.19/tomcat-embed-websocket-10.1.19.jar (282 kB at 17 kB/s)
Downloading from central: https://repo.maven.apache.org/maven2/org/springframework/spring-webmvc/6.1.4/spring-webmvc-6.1.4.jar
Progress (4): 9.1/12 MB | 1.0/1.6 MB | 0.3/3.5 MB | 0.1/1.9 MB
Progress (4): 9.1/12 MB | 1.0/1.6 MB | 0.3/3.5 MB | 0.1/1.9 MB
Progress (4): 9.1/12 MB | 1.0/1.6 MB | 0.3/3.5 MB | 0.1/1.9 MB
Progress (4): 9.1/12 MB | 1.0/1.6 MB | 0.3/3.5 MB | 0.1/1.9 MB
Progress (4): 9.1/12 MB | 1.0/1.6 MB | 0.3/3.5 MB | 0.1/1.9 MB
Progress (4): 9.1/12 MB | 1.0/1.6 MB | 0.3/3.5 MB | 0.1/1.9 MB
Progress (4): 9.1/12 MB | 1.0/1.6 MB | 0.3/3.5 MB | 0.1/1.9 MB
Progress (4): 9.1/12 MB | 1.0/1.6 MB | 0.3/3.5 MB | 0.1/1.9 MB
Progress (4): 9.1/12 MB | 1.0/1.6 MB | 0.3/3.5 MB | 0.1/1.9 MB
Progress (4): 9.1/12 MB | 1.0/1.6 MB | 0.3/3.5 MB | 0.1/1.9 MB
Progress (4): 9.1/12 MB | 1.0/1.6 MB | 0.3/3.5 MB | 0.1/1.9 MB
Progress (4): 9.1/12 MB | 1.0/1.6 MB | 0.3/3.5 MB | 0.1/1.9 MB
Progress (4): 9.1/12 MB | 1.0/1.6 MB | 0.3/3.5 MB | 0.1/1.9 MB
Progress (4): 9.1/12 MB | 1.0/1.6 MB | 0.3/3.5 MB | 0.1/1.9 MB
Progress (4): 9.2/12 MB | 1.0/1.6 MB | 0.3/3.5 MB | 0.1/1.9 MB
Progress (4): 9.2/12 MB | 1.0/1.6 MB | 0.3/3.5 MB | 0.1/1.9 MB
Progress (4): 9.2/12 MB | 1.0/1.6 MB | 0.3/3.5 MB | 0.1/1.9 MB
Progress (4): 9.2/12 MB | 1.0/1.6 MB | 0.3/3.5 MB | 0.1/1.9 MB
Progress (4): 9.2/12 MB | 1.0/1.6 MB | 0.3/3.5 MB | 0.1/1.9 MB
Progress (4): 9.2/12 MB | 1.0/1.6 MB | 0.3/3.5 MB | 0.1/1.9 MB
Progress (4): 9.2/12 MB | 1.0/1.6 MB | 0.3/3.5 MB | 0.1/1.9 MB
Progress (4): 9.2/12 MB | 1.0/1.6 MB | 0.3/3.5 MB | 0.1/1.9 MB
Progress (4): 9.2/12 MB | 1.1/1.6 MB | 0.3/3.5 MB | 0.1/1.9 MB
Progress (4): 9.2/12 MB | 1.1/1.6 MB | 0.3/3.5 MB | 0.1/1.9 MB
Progress (5): 9.2/12 MB | 1.1/1.6 MB | 0.3/3.5 MB | 0.1/1.9 MB | 0/1.0 MB
Progress (5): 9.2/12 MB | 1.1/1.6 MB | 0.3/3.5 MB | 0.1/1.9 MB | 0/1.0 MB
Progress (5): 9.2/12 MB | 1.1/1.6 MB | 0.3/3.5 MB | 0.1/1.9 MB | 0/1.0 MB
Progress (5): 9.2/12 MB | 1.1/1.6 MB | 0.3/3.5 MB | 0.1/1.9 MB | 0/1.0 MB
Progress (5): 9.2/12 MB | 1.1/1.6 MB | 0.3/3.5 MB | 0.1/1.9 MB | 0/1.0 MB
Progress (5): 9.2/12 MB | 1.1/1.6 MB | 0.3/3.5 MB | 0.1/1.9 MB | 0/1.0 MB
Progress (5): 9.2/12 MB | 1.1/1.6 MB | 0.3/3.5 MB | 0.1/1.9 MB | 0.1/1.0 MB
Progress (5): 9.2/12 MB | 1.1/1.6 MB | 0.3/3.5 MB | 0.1/1.9 MB | 0.1/1.0 MB
Progress (5): 9.2/12 MB | 1.1/1.6 MB | 0.3/3.5 MB | 0.1/1.9 MB | 0.1/1.0 MB
Progress (5): 9.2/12 MB | 1.1/1.6 MB | 0.3/3.5 MB | 0.2/1.9 MB | 0.1/1.0 MB
Progress (5): 9.2/12 MB | 1.1/1.6 MB | 0.3/3.5 MB | 0.2/1.9 MB | 0.1/1.0 MB
Progress (5): 9.2/12 MB | 1.1/1.6 MB | 0.3/3.5 MB | 0.2/1.9 MB | 0.1/1.0 MB
Progress (5): 9.2/12 MB | 1.1/1.6 MB | 0.3/3.5 MB | 0.2/1.9 MB | 0.1/1.0 MB
Progress (5): 9.2/12 MB | 1.1/1.6 MB | 0.3/3.5 MB | 0.2/1.9 MB | 0.1/1.0 MB
Progress (5): 9.2/12 MB | 1.1/1.6 MB | 0.4/3.5 MB | 0.2/1.9 MB | 0.1/1.0 MB
Progress (5): 9.2/12 MB | 1.1/1.6 MB | 0.4/3.5 MB | 0.2/1.9 MB | 0.1/1.0 MB
Progress (5): 9.2/12 MB | 1.1/1.6 MB | 0.4/3.5 MB | 0.2/1.9 MB | 0.1/1.0 MB
Progress (5): 9.2/12 MB | 1.1/1.6 MB | 0.4/3.5 MB | 0.2/1.9 MB | 0.1/1.0 MB
Progress (5): 9.2/12 MB | 1.1/1.6 MB | 0.4/3.5 MB | 0.2/1.9 MB | 0.1/1.0 MB
Progress (5): 9.2/12 MB | 1.1/1.6 MB | 0.4/3.5 MB | 0.2/1.9 MB | 0.1/1.0 MB
Progress (5): 9.2/12 MB | 1.1/1.6 MB | 0.4/3.5 MB | 0.2/1.9 MB | 0.1/1.0 MB
Progress (5): 9.2/12 MB | 1.1/1.6 MB | 0.4/3.5 MB | 0.2/1.9 MB | 0.1/1.0 MB
Progress (5): 9.2/12 MB | 1.1/1.6 MB | 0.4/3.5 MB | 0.2/1.9 MB | 0.1/1.0 MB
Progress (5): 9.2/12 MB | 1.1/1.6 MB | 0.4/3.5 MB | 0.2/1.9 MB | 0.1/1.0 MB
Progress (5): 9.2/12 MB | 1.1/1.6 MB | 0.4/3.5 MB | 0.2/1.9 MB | 0.1/1.0 MB
Progress (5): 9.2/12 MB | 1.1/1.6 MB | 0.4/3.5 MB | 0.2/1.9 MB | 0.1/1.0 MB
Progress (5): 9.2/12 MB | 1.1/1.6 MB | 0.4/3.5 MB | 0.2/1.9 MB | 0.1/1.0 MB
Progress (5): 9.2/12 MB | 1.1/1.6 MB | 0.4/3.5 MB | 0.2/1.9 MB | 0.1/1.0 MB
Progress (5): 9.2/12 MB | 1.1/1.6 MB | 0.4/3.5 MB | 0.2/1.9 MB | 0.1/1.0 MB
Progress (5): 9.2/12 MB | 1.1/1.6 MB | 0.4/3.5 MB | 0.2/1.9 MB | 0.1/1.0 MB
Progress (5): 9.2/12 MB | 1.1/1.6 MB | 0.4/3.5 MB | 0.2/1.9 MB | 0.1/1.0 MB
Progress (5): 9.2/12 MB | 1.1/1.6 MB | 0.4/3.5 MB | 0.2/1.9 MB | 0.1/1.0 MB
Progress (5): 9.2/12 MB | 1.1/1.6 MB | 0.4/3.5 MB | 0.2/1.9 MB | 0.1/1.0 MB
Progress (5): 9.2/12 MB | 1.1/1.6 MB | 0.4/3.5 MB | 0.2/1.9 MB | 0.1/1.0 MB
Progress (5): 9.2/12 MB | 1.1/1.6 MB | 0.4/3.5 MB | 0.2/1.9 MB | 0.1/1.0 MB
Progress (5): 9.3/12 MB | 1.1/1.6 MB | 0.4/3.5 MB | 0.2/1.9 MB | 0.1/1.0 MB
Progress (5): 9.3/12 MB | 1.1/1.6 MB | 0.4/3.5 MB | 0.2/1.9 MB | 0.1/1.0 MB
Progress (5): 9.3/12 MB | 1.1/1.6 MB | 0.4/3.5 MB | 0.2/1.9 MB | 0.1/1.0 MB
Progress (5): 9.3/12 MB | 1.1/1.6 MB | 0.4/3.5 MB | 0.2/1.9 MB | 0.1/1.0 MB
Progress (5): 9.3/12 MB | 1.1/1.6 MB | 0.4/3.5 MB | 0.2/1.9 MB | 0.1/1.0 MB
Progress (5): 9.3/12 MB | 1.1/1.6 MB | 0.4/3.5 MB | 0.2/1.9 MB | 0.1/1.0 MB
Progress (5): 9.3/12 MB | 1.1/1.6 MB | 0.4/3.5 MB | 0.2/1.9 MB | 0.2/1.0 MB
Progress (5): 9.3/12 MB | 1.1/1.6 MB | 0.4/3.5 MB | 0.2/1.9 MB | 0.2/1.0 MB
Progress (5): 9.3/12 MB | 1.1/1.6 MB | 0.4/3.5 MB | 0.2/1.9 MB | 0.2/1.0 MB
Progress (5): 9.3/12 MB | 1.2/1.6 MB | 0.4/3.5 MB | 0.2/1.9 MB | 0.2/1.0 MB
Progress (5): 9.3/12 MB | 1.2/1.6 MB | 0.4/3.5 MB | 0.2/1.9 MB | 0.2/1.0 MB
Progress (5): 9.3/12 MB | 1.2/1.6 MB | 0.4/3.5 MB | 0.2/1.9 MB | 0.2/1.0 MB
Progress (5): 9.3/12 MB | 1.2/1.6 MB | 0.4/3.5 MB | 0.2/1.9 MB | 0.2/1.0 MB
Progress (5): 9.3/12 MB | 1.2/1.6 MB | 0.4/3.5 MB | 0.2/1.9 MB | 0.2/1.0 MB
Progress (5): 9.4/12 MB | 1.2/1.6 MB | 0.4/3.5 MB | 0.2/1.9 MB | 0.2/1.0 MB
Progress (5): 9.4/12 MB | 1.2/1.6 MB | 0.4/3.5 MB | 0.2/1.9 MB | 0.2/1.0 MB
Progress (5): 9.4/12 MB | 1.2/1.6 MB | 0.4/3.5 MB | 0.2/1.9 MB | 0.2/1.0 MB
Progress (5): 9.4/12 MB | 1.2/1.6 MB | 0.4/3.5 MB | 0.2/1.9 MB | 0.2/1.0 MB
Progress (5): 9.4/12 MB | 1.2/1.6 MB | 0.4/3.5 MB | 0.2/1.9 MB | 0.2/1.0 MB
Progress (5): 9.4/12 MB | 1.2/1.6 MB | 0.4/3.5 MB | 0.2/1.9 MB | 0.2/1.0 MB
Progress (5): 9.4/12 MB | 1.2/1.6 MB | 0.4/3.5 MB | 0.2/1.9 MB | 0.2/1.0 MB
Progress (5): 9.4/12 MB | 1.2/1.6 MB | 0.4/3.5 MB | 0.2/1.9 MB | 0.2/1.0 MB
Progress (5): 9.4/12 MB | 1.2/1.6 MB | 0.4/3.5 MB | 0.2/1.9 MB | 0.2/1.0 MB
Progress (5): 9.4/12 MB | 1.2/1.6 MB | 0.4/3.5 MB | 0.2/1.9 MB | 0.2/1.0 MB
Progress (5): 9.4/12 MB | 1.2/1.6 MB | 0.4/3.5 MB | 0.2/1.9 MB | 0.2/1.0 MB
Progress (5): 9.4/12 MB | 1.2/1.6 MB | 0.5/3.5 MB | 0.2/1.9 MB | 0.2/1.0 MB
Progress (5): 9.4/12 MB | 1.2/1.6 MB | 0.5/3.5 MB | 0.2/1.9 MB | 0.2/1.0 MB
Progress (5): 9.4/12 MB | 1.2/1.6 MB | 0.5/3.5 MB | 0.2/1.9 MB | 0.2/1.0 MB
Progress (5): 9.4/12 MB | 1.2/1.6 MB | 0.5/3.5 MB | 0.2/1.9 MB | 0.2/1.0 MB
Progress (5): 9.4/12 MB | 1.2/1.6 MB | 0.5/3.5 MB | 0.2/1.9 MB | 0.2/1.0 MB
Progress (5): 9.4/12 MB | 1.2/1.6 MB | 0.5/3.5 MB | 0.2/1.9 MB | 0.2/1.0 MB
Progress (5): 9.4/12 MB | 1.2/1.6 MB | 0.5/3.5 MB | 0.2/1.9 MB | 0.2/1.0 MB
Progress (5): 9.4/12 MB | 1.2/1.6 MB | 0.5/3.5 MB | 0.2/1.9 MB | 0.2/1.0 MB
Progress (5): 9.4/12 MB | 1.2/1.6 MB | 0.5/3.5 MB | 0.2/1.9 MB | 0.2/1.0 MB
Progress (5): 9.4/12 MB | 1.2/1.6 MB | 0.5/3.5 MB | 0.2/1.9 MB | 0.2/1.0 MB
Progress (5): 9.4/12 MB | 1.2/1.6 MB | 0.5/3.5 MB | 0.2/1.9 MB | 0.2/1.0 MB
Progress (5): 9.4/12 MB | 1.2/1.6 MB | 0.5/3.5 MB | 0.3/1.9 MB | 0.2/1.0 MB
Progress (5): 9.4/12 MB | 1.2/1.6 MB | 0.5/3.5 MB | 0.3/1.9 MB | 0.2/1.0 MB
Progress (5): 9.4/12 MB | 1.2/1.6 MB | 0.5/3.5 MB | 0.3/1.9 MB | 0.2/1.0 MB
Progress (5): 9.4/12 MB | 1.2/1.6 MB | 0.5/3.5 MB | 0.3/1.9 MB | 0.2/1.0 MB
Progress (5): 9.4/12 MB | 1.2/1.6 MB | 0.5/3.5 MB | 0.3/1.9 MB | 0.3/1.0 MB
Progress (5): 9.4/12 MB | 1.2/1.6 MB | 0.5/3.5 MB | 0.3/1.9 MB | 0.3/1.0 MB
Progress (5): 9.4/12 MB | 1.2/1.6 MB | 0.5/3.5 MB | 0.3/1.9 MB | 0.3/1.0 MB
Progress (5): 9.4/12 MB | 1.2/1.6 MB | 0.5/3.5 MB | 0.3/1.9 MB | 0.3/1.0 MB
Progress (5): 9.4/12 MB | 1.2/1.6 MB | 0.5/3.5 MB | 0.3/1.9 MB | 0.3/1.0 MB
Progress (5): 9.4/12 MB | 1.2/1.6 MB | 0.5/3.5 MB | 0.3/1.9 MB | 0.3/1.0 MB
Progress (5): 9.4/12 MB | 1.2/1.6 MB | 0.5/3.5 MB | 0.3/1.9 MB | 0.3/1.0 MB
Progress (5): 9.4/12 MB | 1.2/1.6 MB | 0.5/3.5 MB | 0.3/1.9 MB | 0.3/1.0 MB
Progress (5): 9.4/12 MB | 1.2/1.6 MB | 0.5/3.5 MB | 0.3/1.9 MB | 0.3/1.0 MB
Progress (5): 9.4/12 MB | 1.2/1.6 MB | 0.5/3.5 MB | 0.3/1.9 MB | 0.3/1.0 MB
Progress (5): 9.4/12 MB | 1.2/1.6 MB | 0.5/3.5 MB | 0.3/1.9 MB | 0.3/1.0 MB
Progress (5): 9.4/12 MB | 1.2/1.6 MB | 0.5/3.5 MB | 0.3/1.9 MB | 0.3/1.0 MB
Progress (5): 9.4/12 MB | 1.2/1.6 MB | 0.6/3.5 MB | 0.3/1.9 MB | 0.3/1.0 MB
Progress (5): 9.4/12 MB | 1.2/1.6 MB | 0.6/3.5 MB | 0.3/1.9 MB | 0.3/1.0 MB
Progress (5): 9.4/12 MB | 1.2/1.6 MB | 0.6/3.5 MB | 0.3/1.9 MB | 0.3/1.0 MB
Progress (5): 9.4/12 MB | 1.2/1.6 MB | 0.6/3.5 MB | 0.3/1.9 MB | 0.3/1.0 MB
Progress (5): 9.4/12 MB | 1.2/1.6 MB | 0.6/3.5 MB | 0.3/1.9 MB | 0.3/1.0 MB
Progress (5): 9.4/12 MB | 1.2/1.6 MB | 0.6/3.5 MB | 0.3/1.9 MB | 0.3/1.0 MB
Progress (5): 9.4/12 MB | 1.2/1.6 MB | 0.6/3.5 MB | 0.3/1.9 MB | 0.3/1.0 MB
Progress (5): 9.4/12 MB | 1.2/1.6 MB | 0.6/3.5 MB | 0.3/1.9 MB | 0.3/1.0 MB
Progress (5): 9.4/12 MB | 1.2/1.6 MB | 0.6/3.5 MB | 0.3/1.9 MB | 0.3/1.0 MB
Progress (5): 9.4/12 MB | 1.2/1.6 MB | 0.6/3.5 MB | 0.3/1.9 MB | 0.3/1.0 MB
Progress (5): 9.4/12 MB | 1.3/1.6 MB | 0.6/3.5 MB | 0.3/1.9 MB | 0.3/1.0 MB
Progress (5): 9.4/12 MB | 1.3/1.6 MB | 0.6/3.5 MB | 0.3/1.9 MB | 0.3/1.0 MB
Progress (5): 9.4/12 MB | 1.3/1.6 MB | 0.6/3.5 MB | 0.3/1.9 MB | 0.3/1.0 MB
Progress (5): 9.4/12 MB | 1.3/1.6 MB | 0.6/3.5 MB | 0.3/1.9 MB | 0.3/1.0 MB
Progress (5): 9.4/12 MB | 1.3/1.6 MB | 0.6/3.5 MB | 0.3/1.9 MB | 0.3/1.0 MB
Progress (5): 9.4/12 MB | 1.3/1.6 MB | 0.6/3.5 MB | 0.3/1.9 MB | 0.3/1.0 MB
Progress (5): 9.4/12 MB | 1.3/1.6 MB | 0.6/3.5 MB | 0.3/1.9 MB | 0.3/1.0 MB
Progress (5): 9.4/12 MB | 1.3/1.6 MB | 0.6/3.5 MB | 0.3/1.9 MB | 0.3/1.0 MB
Progress (5): 9.4/12 MB | 1.3/1.6 MB | 0.6/3.5 MB | 0.3/1.9 MB | 0.3/1.0 MB
Progress (5): 9.5/12 MB | 1.3/1.6 MB | 0.6/3.5 MB | 0.3/1.9 MB | 0.3/1.0 MB
Progress (5): 9.5/12 MB | 1.3/1.6 MB | 0.6/3.5 MB | 0.3/1.9 MB | 0.3/1.0 MB
Progress (5): 9.5/12 MB | 1.3/1.6 MB | 0.6/3.5 MB | 0.3/1.9 MB | 0.3/1.0 MB
Progress (5): 9.5/12 MB | 1.3/1.6 MB | 0.6/3.5 MB | 0.3/1.9 MB | 0.3/1.0 MB
Progress (5): 9.5/12 MB | 1.3/1.6 MB | 0.6/3.5 MB | 0.4/1.9 MB | 0.3/1.0 MB
Progress (5): 9.5/12 MB | 1.3/1.6 MB | 0.7/3.5 MB | 0.4/1.9 MB | 0.3/1.0 MB
Progress (5): 9.5/12 MB | 1.3/1.6 MB | 0.7/3.5 MB | 0.4/1.9 MB | 0.3/1.0 MB
Progress (5): 9.5/12 MB | 1.3/1.6 MB | 0.7/3.5 MB | 0.4/1.9 MB | 0.3/1.0 MB
Progress (5): 9.5/12 MB | 1.3/1.6 MB | 0.7/3.5 MB | 0.4/1.9 MB | 0.3/1.0 MB
Progress (5): 9.5/12 MB | 1.3/1.6 MB | 0.7/3.5 MB | 0.4/1.9 MB | 0.3/1.0 MB
Progress (5): 9.5/12 MB | 1.3/1.6 MB | 0.7/3.5 MB | 0.4/1.9 MB | 0.3/1.0 MB
Progress (5): 9.5/12 MB | 1.3/1.6 MB | 0.7/3.5 MB | 0.4/1.9 MB | 0.3/1.0 MB
Progress (5): 9.5/12 MB | 1.3/1.6 MB | 0.7/3.5 MB | 0.4/1.9 MB | 0.3/1.0 MB
Progress (5): 9.5/12 MB | 1.3/1.6 MB | 0.7/3.5 MB | 0.4/1.9 MB | 0.3/1.0 MB
Progress (5): 9.5/12 MB | 1.3/1.6 MB | 0.7/3.5 MB | 0.4/1.9 MB | 0.3/1.0 MB
Progress (5): 9.5/12 MB | 1.3/1.6 MB | 0.7/3.5 MB | 0.4/1.9 MB | 0.3/1.0 MB
Progress (5): 9.5/12 MB | 1.3/1.6 MB | 0.7/3.5 MB | 0.4/1.9 MB | 0.3/1.0 MB
Progress (5): 9.5/12 MB | 1.3/1.6 MB | 0.7/3.5 MB | 0.4/1.9 MB | 0.3/1.0 MB
Progress (5): 9.5/12 MB | 1.3/1.6 MB | 0.7/3.5 MB | 0.4/1.9 MB | 0.3/1.0 MB
Progress (5): 9.5/12 MB | 1.3/1.6 MB | 0.7/3.5 MB | 0.4/1.9 MB | 0.3/1.0 MB
Progress (5): 9.5/12 MB | 1.3/1.6 MB | 0.7/3.5 MB | 0.4/1.9 MB | 0.3/1.0 MB
Progress (5): 9.5/12 MB | 1.3/1.6 MB | 0.7/3.5 MB | 0.4/1.9 MB | 0.3/1.0 MB
Progress (5): 9.5/12 MB | 1.3/1.6 MB | 0.7/3.5 MB | 0.4/1.9 MB | 0.3/1.0 MB
Progress (5): 9.5/12 MB | 1.3/1.6 MB | 0.7/3.5 MB | 0.4/1.9 MB | 0.3/1.0 MB
Progress (5): 9.5/12 MB | 1.3/1.6 MB | 0.7/3.5 MB | 0.4/1.9 MB | 0.3/1.0 MB
Progress (5): 9.6/12 MB | 1.3/1.6 MB | 0.7/3.5 MB | 0.4/1.9 MB | 0.3/1.0 MB
Progress (5): 9.6/12 MB | 1.3/1.6 MB | 0.7/3.5 MB | 0.4/1.9 MB | 0.3/1.0 MB
Progress (5): 9.6/12 MB | 1.3/1.6 MB | 0.7/3.5 MB | 0.4/1.9 MB | 0.3/1.0 MB
Progress (5): 9.6/12 MB | 1.3/1.6 MB | 0.7/3.5 MB | 0.4/1.9 MB | 0.4/1.0 MB
Progress (5): 9.6/12 MB | 1.3/1.6 MB | 0.7/3.5 MB | 0.4/1.9 MB | 0.4/1.0 MB
Progress (5): 9.6/12 MB | 1.4/1.6 MB | 0.7/3.5 MB | 0.4/1.9 MB | 0.4/1.0 MB
Progress (5): 9.6/12 MB | 1.4/1.6 MB | 0.7/3.5 MB | 0.4/1.9 MB | 0.4/1.0 MB
Progress (5): 9.6/12 MB | 1.4/1.6 MB | 0.7/3.5 MB | 0.4/1.9 MB | 0.4/1.0 MB
Progress (5): 9.6/12 MB | 1.4/1.6 MB | 0.7/3.5 MB | 0.4/1.9 MB | 0.4/1.0 MB
Progress (5): 9.6/12 MB | 1.4/1.6 MB | 0.7/3.5 MB | 0.4/1.9 MB | 0.4/1.0 MB
Progress (5): 9.6/12 MB | 1.4/1.6 MB | 0.7/3.5 MB | 0.4/1.9 MB | 0.4/1.0 MB
Progress (5): 9.6/12 MB | 1.4/1.6 MB | 0.7/3.5 MB | 0.4/1.9 MB | 0.4/1.0 MB
Progress (5): 9.6/12 MB | 1.4/1.6 MB | 0.7/3.5 MB | 0.4/1.9 MB | 0.4/1.0 MB
Progress (5): 9.6/12 MB | 1.4/1.6 MB | 0.7/3.5 MB | 0.4/1.9 MB | 0.4/1.0 MB
Progress (5): 9.6/12 MB | 1.4/1.6 MB | 0.7/3.5 MB | 0.4/1.9 MB | 0.4/1.0 MB
Progress (5): 9.6/12 MB | 1.4/1.6 MB | 0.7/3.5 MB | 0.4/1.9 MB | 0.4/1.0 MB
Progress (5): 9.6/12 MB | 1.4/1.6 MB | 0.7/3.5 MB | 0.4/1.9 MB | 0.4/1.0 MB
Progress (5): 9.6/12 MB | 1.4/1.6 MB | 0.7/3.5 MB | 0.4/1.9 MB | 0.4/1.0 MB
Progress (5): 9.6/12 MB | 1.4/1.6 MB | 0.7/3.5 MB | 0.4/1.9 MB | 0.4/1.0 MB
Progress (5): 9.6/12 MB | 1.4/1.6 MB | 0.7/3.5 MB | 0.4/1.9 MB | 0.4/1.0 MB
Progress (5): 9.6/12 MB | 1.4/1.6 MB | 0.7/3.5 MB | 0.4/1.9 MB | 0.4/1.0 MB
Progress (5): 9.6/12 MB | 1.4/1.6 MB | 0.7/3.5 MB | 0.4/1.9 MB | 0.4/1.0 MB
Progress (5): 9.6/12 MB | 1.4/1.6 MB | 0.7/3.5 MB | 0.4/1.9 MB | 0.4/1.0 MB
Progress (5): 9.6/12 MB | 1.4/1.6 MB | 0.7/3.5 MB | 0.4/1.9 MB | 0.4/1.0 MB
Progress (5): 9.6/12 MB | 1.4/1.6 MB | 0.7/3.5 MB | 0.4/1.9 MB | 0.4/1.0 MB
Progress (5): 9.6/12 MB | 1.4/1.6 MB | 0.7/3.5 MB | 0.4/1.9 MB | 0.4/1.0 MB
Progress (5): 9.6/12 MB | 1.4/1.6 MB | 0.7/3.5 MB | 0.4/1.9 MB | 0.4/1.0 MB
Progress (5): 9.6/12 MB | 1.4/1.6 MB | 0.7/3.5 MB | 0.4/1.9 MB | 0.4/1.0 MB
Progress (5): 9.6/12 MB | 1.4/1.6 MB | 0.7/3.5 MB | 0.4/1.9 MB | 0.4/1.0 MB
Progress (5): 9.6/12 MB | 1.4/1.6 MB | 0.7/3.5 MB | 0.4/1.9 MB | 0.4/1.0 MB
Progress (5): 9.7/12 MB | 1.4/1.6 MB | 0.7/3.5 MB | 0.4/1.9 MB | 0.4/1.0 MB
Progress (5): 9.7/12 MB | 1.4/1.6 MB | 0.7/3.5 MB | 0.4/1.9 MB | 0.4/1.0 MB
Progress (5): 9.7/12 MB | 1.4/1.6 MB | 0.8/3.5 MB | 0.4/1.9 MB | 0.4/1.0 MB
Progress (5): 9.7/12 MB | 1.4/1.6 MB | 0.8/3.5 MB | 0.4/1.9 MB | 0.4/1.0 MB
Progress (5): 9.7/12 MB | 1.4/1.6 MB | 0.8/3.5 MB | 0.4/1.9 MB | 0.4/1.0 MB
Progress (5): 9.7/12 MB | 1.4/1.6 MB | 0.8/3.5 MB | 0.5/1.9 MB | 0.4/1.0 MB
Progress (5): 9.7/12 MB | 1.4/1.6 MB | 0.8/3.5 MB | 0.5/1.9 MB | 0.4/1.0 MB
Progress (5): 9.7/12 MB | 1.4/1.6 MB | 0.8/3.5 MB | 0.5/1.9 MB | 0.4/1.0 MB
Progress (5): 9.7/12 MB | 1.4/1.6 MB | 0.8/3.5 MB | 0.5/1.9 MB | 0.4/1.0 MB
Progress (5): 9.7/12 MB | 1.4/1.6 MB | 0.8/3.5 MB | 0.5/1.9 MB | 0.4/1.0 MB
Progress (5): 9.7/12 MB | 1.4/1.6 MB | 0.8/3.5 MB | 0.5/1.9 MB | 0.4/1.0 MB
Progress (5): 9.7/12 MB | 1.4/1.6 MB | 0.8/3.5 MB | 0.5/1.9 MB | 0.4/1.0 MB
Progress (5): 9.7/12 MB | 1.4/1.6 MB | 0.8/3.5 MB | 0.5/1.9 MB | 0.4/1.0 MB
Progress (5): 9.7/12 MB | 1.4/1.6 MB | 0.8/3.5 MB | 0.5/1.9 MB | 0.4/1.0 MB
Progress (5): 9.7/12 MB | 1.4/1.6 MB | 0.8/3.5 MB | 0.5/1.9 MB | 0.4/1.0 MB
Progress (5): 9.7/12 MB | 1.4/1.6 MB | 0.8/3.5 MB | 0.5/1.9 MB | 0.4/1.0 MB
Progress (5): 9.7/12 MB | 1.5/1.6 MB | 0.8/3.5 MB | 0.5/1.9 MB | 0.4/1.0 MB
Progress (5): 9.7/12 MB | 1.5/1.6 MB | 0.8/3.5 MB | 0.5/1.9 MB | 0.4/1.0 MB
Progress (5): 9.7/12 MB | 1.5/1.6 MB | 0.8/3.5 MB | 0.5/1.9 MB | 0.5/1.0 MB
Progress (5): 9.7/12 MB | 1.5/1.6 MB | 0.8/3.5 MB | 0.5/1.9 MB | 0.5/1.0 MB
Progress (5): 9.7/12 MB | 1.5/1.6 MB | 0.8/3.5 MB | 0.5/1.9 MB | 0.5/1.0 MB
Progress (5): 9.7/12 MB | 1.5/1.6 MB | 0.8/3.5 MB | 0.5/1.9 MB | 0.5/1.0 MB
Progress (5): 9.7/12 MB | 1.5/1.6 MB | 0.8/3.5 MB | 0.5/1.9 MB | 0.5/1.0 MB
Progress (5): 9.7/12 MB | 1.5/1.6 MB | 0.8/3.5 MB | 0.5/1.9 MB | 0.5/1.0 MB
Progress (5): 9.7/12 MB | 1.5/1.6 MB | 0.8/3.5 MB | 0.5/1.9 MB | 0.5/1.0 MB
Progress (5): 9.7/12 MB | 1.5/1.6 MB | 0.8/3.5 MB | 0.5/1.9 MB | 0.5/1.0 MB
Progress (5): 9.7/12 MB | 1.5/1.6 MB | 0.8/3.5 MB | 0.5/1.9 MB | 0.5/1.0 MB
Progress (5): 9.7/12 MB | 1.5/1.6 MB | 0.8/3.5 MB | 0.5/1.9 MB | 0.5/1.0 MB
Progress (5): 9.7/12 MB | 1.5/1.6 MB | 0.8/3.5 MB | 0.5/1.9 MB | 0.5/1.0 MB
Progress (5): 9.8/12 MB | 1.5/1.6 MB | 0.8/3.5 MB | 0.5/1.9 MB | 0.5/1.0 MB
Progress (5): 9.8/12 MB | 1.5/1.6 MB | 0.8/3.5 MB | 0.5/1.9 MB | 0.5/1.0 MB
Progress (5): 9.8/12 MB | 1.5/1.6 MB | 0.8/3.5 MB | 0.5/1.9 MB | 0.5/1.0 MB
Progress (5): 9.8/12 MB | 1.5/1.6 MB | 0.8/3.5 MB | 0.5/1.9 MB | 0.5/1.0 MB
Progress (5): 9.8/12 MB | 1.5/1.6 MB | 0.8/3.5 MB | 0.5/1.9 MB | 0.5/1.0 MB
Progress (5): 9.8/12 MB | 1.5/1.6 MB | 0.8/3.5 MB | 0.5/1.9 MB | 0.5/1.0 MB
Progress (5): 9.8/12 MB | 1.5/1.6 MB | 0.8/3.5 MB | 0.5/1.9 MB | 0.5/1.0 MB
Progress (5): 9.8/12 MB | 1.5/1.6 MB | 0.8/3.5 MB | 0.5/1.9 MB | 0.5/1.0 MB
Progress (5): 9.8/12 MB | 1.5/1.6 MB | 0.8/3.5 MB | 0.5/1.9 MB | 0.5/1.0 MB
Progress (5): 9.8/12 MB | 1.5/1.6 MB | 0.8/3.5 MB | 0.5/1.9 MB | 0.5/1.0 MB
Progress (5): 9.8/12 MB | 1.5/1.6 MB | 0.8/3.5 MB | 0.5/1.9 MB | 0.5/1.0 MB
Progress (5): 9.8/12 MB | 1.5/1.6 MB | 0.8/3.5 MB | 0.5/1.9 MB | 0.5/1.0 MB
Progress (5): 9.8/12 MB | 1.5/1.6 MB | 0.8/3.5 MB | 0.5/1.9 MB | 0.6/1.0 MB
Progress (5): 9.8/12 MB | 1.5/1.6 MB | 0.8/3.5 MB | 0.5/1.9 MB | 0.6/1.0 MB
Progress (5): 9.8/12 MB | 1.5/1.6 MB | 0.8/3.5 MB | 0.5/1.9 MB | 0.6/1.0 MB
Progress (5): 9.8/12 MB | 1.5/1.6 MB | 0.8/3.5 MB | 0.5/1.9 MB | 0.6/1.0 MB
Progress (5): 9.8/12 MB | 1.5/1.6 MB | 0.8/3.5 MB | 0.5/1.9 MB | 0.6/1.0 MB
Progress (5): 9.8/12 MB | 1.5/1.6 MB | 0.8/3.5 MB | 0.5/1.9 MB | 0.6/1.0 MB
Progress (5): 9.8/12 MB | 1.5/1.6 MB | 0.8/3.5 MB | 0.5/1.9 MB | 0.6/1.0 MB
Progress (5): 9.8/12 MB | 1.5/1.6 MB | 0.8/3.5 MB | 0.5/1.9 MB | 0.6/1.0 MB
Progress (5): 9.8/12 MB | 1.5/1.6 MB | 0.8/3.5 MB | 0.5/1.9 MB | 0.6/1.0 MB
Progress (5): 9.8/12 MB | 1.5/1.6 MB | 0.8/3.5 MB | 0.5/1.9 MB | 0.6/1.0 MB
Progress (5): 9.8/12 MB | 1.5/1.6 MB | 0.8/3.5 MB | 0.5/1.9 MB | 0.6/1.0 MB
Progress (5): 9.8/12 MB | 1.5/1.6 MB | 0.8/3.5 MB | 0.5/1.9 MB | 0.6/1.0 MB
Progress (5): 9.8/12 MB | 1.5/1.6 MB | 0.8/3.5 MB | 0.5/1.9 MB | 0.6/1.0 MB
Progress (5): 9.8/12 MB | 1.5/1.6 MB | 0.8/3.5 MB | 0.5/1.9 MB | 0.6/1.0 MB
Progress (5): 9.8/12 MB | 1.5/1.6 MB | 0.8/3.5 MB | 0.5/1.9 MB | 0.6/1.0 MB
Progress (5): 9.8/12 MB | 1.5/1.6 MB | 0.8/3.5 MB | 0.5/1.9 MB | 0.6/1.0 MB
Progress (5): 9.8/12 MB | 1.5/1.6 MB | 0.8/3.5 MB | 0.5/1.9 MB | 0.6/1.0 MB
Progress (5): 9.8/12 MB | 1.5/1.6 MB | 0.8/3.5 MB | 0.5/1.9 MB | 0.6/1.0 MB
Progress (5): 9.8/12 MB | 1.5/1.6 MB | 0.8/3.5 MB | 0.5/1.9 MB | 0.6/1.0 MB
Progress (5): 9.8/12 MB | 1.5/1.6 MB | 0.8/3.5 MB | 0.6/1.9 MB | 0.6/1.0 MB
Progress (5): 9.8/12 MB | 1.5/1.6 MB | 0.8/3.5 MB | 0.6/1.9 MB | 0.6/1.0 MB
Progress (5): 9.8/12 MB | 1.5/1.6 MB | 0.8/3.5 MB | 0.6/1.9 MB | 0.6/1.0 MB
Progress (5): 9.8/12 MB | 1.5/1.6 MB | 0.8/3.5 MB | 0.6/1.9 MB | 0.6/1.0 MB
Progress (5): 9.8/12 MB | 1.5/1.6 MB | 0.8/3.5 MB | 0.6/1.9 MB | 0.6/1.0 MB
Progress (5): 9.8/12 MB | 1.5/1.6 MB | 0.8/3.5 MB | 0.6/1.9 MB | 0.6/1.0 MB
Progress (5): 9.8/12 MB | 1.5/1.6 MB | 0.9/3.5 MB | 0.6/1.9 MB | 0.6/1.0 MB
Progress (5): 9.8/12 MB | 1.5/1.6 MB | 0.9/3.5 MB | 0.6/1.9 MB | 0.6/1.0 MB
Progress (5): 9.8/12 MB | 1.5/1.6 MB | 0.9/3.5 MB | 0.6/1.9 MB | 0.6/1.0 MB
Progress (5): 9.8/12 MB | 1.5/1.6 MB | 0.9/3.5 MB | 0.6/1.9 MB | 0.7/1.0 MB
Progress (5): 9.8/12 MB | 1.5/1.6 MB | 0.9/3.5 MB | 0.6/1.9 MB | 0.7/1.0 MB
Progress (5): 9.8/12 MB | 1.6/1.6 MB | 0.9/3.5 MB | 0.6/1.9 MB | 0.7/1.0 MB
Progress (5): 9.8/12 MB | 1.6/1.6 MB | 0.9/3.5 MB | 0.6/1.9 MB | 0.7/1.0 MB
Progress (5): 9.8/12 MB | 1.6/1.6 MB | 0.9/3.5 MB | 0.6/1.9 MB | 0.7/1.0 MB
Progress (5): 9.9/12 MB | 1.6/1.6 MB | 0.9/3.5 MB | 0.6/1.9 MB | 0.7/1.0 MB
Progress (5): 9.9/12 MB | 1.6/1.6 MB | 0.9/3.5 MB | 0.6/1.9 MB | 0.7/1.0 MB
Progress (5): 9.9/12 MB | 1.6/1.6 MB | 0.9/3.5 MB | 0.6/1.9 MB | 0.7/1.0 MB
Progress (5): 9.9/12 MB | 1.6/1.6 MB | 0.9/3.5 MB | 0.6/1.9 MB | 0.7/1.0 MB
Progress (5): 9.9/12 MB | 1.6/1.6 MB | 0.9/3.5 MB | 0.6/1.9 MB | 0.7/1.0 MB
Progress (5): 9.9/12 MB | 1.6/1.6 MB | 0.9/3.5 MB | 0.6/1.9 MB | 0.7/1.0 MB
Progress (5): 9.9/12 MB | 1.6/1.6 MB | 0.9/3.5 MB | 0.6/1.9 MB | 0.7/1.0 MB
Progress (5): 9.9/12 MB | 1.6/1.6 MB | 0.9/3.5 MB | 0.6/1.9 MB | 0.7/1.0 MB
Progress (5): 9.9/12 MB | 1.6/1.6 MB | 0.9/3.5 MB | 0.6/1.9 MB | 0.7/1.0 MB
Progress (5): 9.9/12 MB | 1.6/1.6 MB | 0.9/3.5 MB | 0.6/1.9 MB | 0.7/1.0 MB
Progress (5): 9.9/12 MB | 1.6/1.6 MB | 0.9/3.5 MB | 0.6/1.9 MB | 0.7/1.0 MB
Progress (5): 9.9/12 MB | 1.6/1.6 MB | 0.9/3.5 MB | 0.6/1.9 MB | 0.7/1.0 MB
Progress (5): 9.9/12 MB | 1.6/1.6 MB | 0.9/3.5 MB | 0.6/1.9 MB | 0.7/1.0 MB
Progress (5): 9.9/12 MB | 1.6/1.6 MB | 0.9/3.5 MB | 0.6/1.9 MB | 0.7/1.0 MB
Progress (5): 9.9/12 MB | 1.6/1.6 MB | 0.9/3.5 MB | 0.6/1.9 MB | 0.7/1.0 MB
Progress (5): 9.9/12 MB | 1.6/1.6 MB | 0.9/3.5 MB | 0.6/1.9 MB | 0.7/1.0 MB
Progress (5): 9.9/12 MB | 1.6/1.6 MB | 0.9/3.5 MB | 0.6/1.9 MB | 0.7/1.0 MB
Progress (5): 9.9/12 MB | 1.6/1.6 MB | 0.9/3.5 MB | 0.6/1.9 MB | 0.7/1.0 MB
Progress (5): 9.9/12 MB | 1.6 MB | 0.9/3.5 MB | 0.6/1.9 MB | 0.7/1.0 MB    
Progress (5): 9.9/12 MB | 1.6 MB | 0.9/3.5 MB | 0.6/1.9 MB | 0.7/1.0 MB
Progress (5): 9.9/12 MB | 1.6 MB | 0.9/3.5 MB | 0.6/1.9 MB | 0.7/1.0 MB
Progress (5): 9.9/12 MB | 1.6 MB | 0.9/3.5 MB | 0.6/1.9 MB | 0.7/1.0 MB
Progress (5): 9.9/12 MB | 1.6 MB | 0.9/3.5 MB | 0.6/1.9 MB | 0.7/1.0 MB
Progress (5): 9.9/12 MB | 1.6 MB | 0.9/3.5 MB | 0.6/1.9 MB | 0.7/1.0 MB
Progress (5): 9.9/12 MB | 1.6 MB | 0.9/3.5 MB | 0.6/1.9 MB | 0.7/1.0 MB
Progress (5): 9.9/12 MB | 1.6 MB | 0.9/3.5 MB | 0.6/1.9 MB | 0.7/1.0 MB
Progress (5): 9.9/12 MB | 1.6 MB | 0.9/3.5 MB | 0.6/1.9 MB | 0.7/1.0 MB
Progress (5): 9.9/12 MB | 1.6 MB | 0.9/3.5 MB | 0.6/1.9 MB | 0.7/1.0 MB
Progress (5): 9.9/12 MB | 1.6 MB | 0.9/3.5 MB | 0.6/1.9 MB | 0.7/1.0 MB
Progress (5): 9.9/12 MB | 1.6 MB | 0.9/3.5 MB | 0.6/1.9 MB | 0.7/1.0 MB
Progress (5): 9.9/12 MB | 1.6 MB | 0.9/3.5 MB | 0.6/1.9 MB | 0.7/1.0 MB
Progress (5): 9.9/12 MB | 1.6 MB | 0.9/3.5 MB | 0.6/1.9 MB | 0.7/1.0 MB
Progress (5): 9.9/12 MB | 1.6 MB | 0.9/3.5 MB | 0.6/1.9 MB | 0.7/1.0 MB
Progress (5): 9.9/12 MB | 1.6 MB | 1.0/3.5 MB | 0.6/1.9 MB | 0.7/1.0 MB
                                                                       
Downloaded from central: https://repo.maven.apache.org/maven2/com/fasterxml/jackson/core/jackson-databind/2.15.4/jackson-databind-2.15.4.jar (1.6 MB at 88 kB/s)
Downloading from central: https://repo.maven.apache.org/maven2/org/springframework/boot/spring-boot-starter-validation/3.2.3/spring-boot-starter-validation-3.2.3.jar
Progress (4): 9.9/12 MB | 1.0/3.5 MB | 0.6/1.9 MB | 0.7/1.0 MB
Progress (4): 9.9/12 MB | 1.0/3.5 MB | 0.7/1.9 MB | 0.7/1.0 MB
Progress (4): 9.9/12 MB | 1.0/3.5 MB | 0.7/1.9 MB | 0.7/1.0 MB
Progress (4): 10.0/12 MB | 1.0/3.5 MB | 0.7/1.9 MB | 0.7/1.0 MB
Progress (4): 10.0/12 MB | 1.0/3.5 MB | 0.7/1.9 MB | 0.8/1.0 MB
Progress (4): 10.0/12 MB | 1.0/3.5 MB | 0.7/1.9 MB | 0.8/1.0 MB
Progress (4): 10.0/12 MB | 1.0/3.5 MB | 0.7/1.9 MB | 0.8/1.0 MB
Progress (4): 10.0/12 MB | 1.0/3.5 MB | 0.7/1.9 MB | 0.8/1.0 MB
Progress (4): 10.0/12 MB | 1.0/3.5 MB | 0.7/1.9 MB | 0.8/1.0 MB
Progress (4): 10.0/12 MB | 1.0/3.5 MB | 0.7/1.9 MB | 0.8/1.0 MB
Progress (4): 10.0/12 MB | 1.0/3.5 MB | 0.7/1.9 MB | 0.8/1.0 MB
Progress (4): 10.0/12 MB | 1.0/3.5 MB | 0.7/1.9 MB | 0.8/1.0 MB
Progress (4): 10.0/12 MB | 1.0/3.5 MB | 0.7/1.9 MB | 0.8/1.0 MB
Progress (4): 10.0/12 MB | 1.0/3.5 MB | 0.7/1.9 MB | 0.8/1.0 MB
Progress (4): 10.0/12 MB | 1.0/3.5 MB | 0.7/1.9 MB | 0.8/1.0 MB
Progress (4): 10.0/12 MB | 1.0/3.5 MB | 0.7/1.9 MB | 0.8/1.0 MB
Progress (4): 10.0/12 MB | 1.0/3.5 MB | 0.7/1.9 MB | 0.8/1.0 MB
Progress (4): 10/12 MB | 1.0/3.5 MB | 0.7/1.9 MB | 0.8/1.0 MB  
Progress (4): 10/12 MB | 1.0/3.5 MB | 0.7/1.9 MB | 0.8/1.0 MB
Progress (5): 10/12 MB | 1.0/3.5 MB | 0.7/1.9 MB | 0.8/1.0 MB | 4.1/4.8 kB
Progress (5): 10/12 MB | 1.0/3.5 MB | 0.7/1.9 MB | 0.8/1.0 MB | 4.8 kB    
Progress (5): 10/12 MB | 1.0/3.5 MB | 0.7/1.9 MB | 0.8/1.0 MB | 4.8 kB
Progress (5): 10/12 MB | 1.0/3.5 MB | 0.7/1.9 MB | 0.8/1.0 MB | 4.8 kB
Progress (5): 10/12 MB | 1.0/3.5 MB | 0.7/1.9 MB | 0.8/1.0 MB | 4.8 kB
Progress (5): 10/12 MB | 1.0/3.5 MB | 0.7/1.9 MB | 0.8/1.0 MB | 4.8 kB
Progress (5): 10/12 MB | 1.0/3.5 MB | 0.7/1.9 MB | 0.8/1.0 MB | 4.8 kB
Progress (5): 10/12 MB | 1.0/3.5 MB | 0.7/1.9 MB | 0.8/1.0 MB | 4.8 kB
Progress (5): 10/12 MB | 1.0/3.5 MB | 0.7/1.9 MB | 0.8/1.0 MB | 4.8 kB
Progress (5): 10/12 MB | 1.0/3.5 MB | 0.7/1.9 MB | 0.8/1.0 MB | 4.8 kB
Progress (5): 10/12 MB | 1.0/3.5 MB | 0.7/1.9 MB | 0.9/1.0 MB | 4.8 kB
Progress (5): 10/12 MB | 1.0/3.5 MB | 0.7/1.9 MB | 0.9/1.0 MB | 4.8 kB
Progress (5): 10/12 MB | 1.0/3.5 MB | 0.7/1.9 MB | 0.9/1.0 MB | 4.8 kB
Progress (5): 10/12 MB | 1.0/3.5 MB | 0.7/1.9 MB | 0.9/1.0 MB | 4.8 kB
Progress (5): 10/12 MB | 1.0/3.5 MB | 0.7/1.9 MB | 0.9/1.0 MB | 4.8 kB
Progress (5): 10/12 MB | 1.1/3.5 MB | 0.7/1.9 MB | 0.9/1.0 MB | 4.8 kB
Progress (5): 10/12 MB | 1.1/3.5 MB | 0.7/1.9 MB | 0.9/1.0 MB | 4.8 kB
Progress (5): 10/12 MB | 1.1/3.5 MB | 0.7/1.9 MB | 0.9/1.0 MB | 4.8 kB
Progress (5): 10/12 MB | 1.1/3.5 MB | 0.7/1.9 MB | 0.9/1.0 MB | 4.8 kB
Progress (5): 10/12 MB | 1.1/3.5 MB | 0.7/1.9 MB | 0.9/1.0 MB | 4.8 kB
                                                                      
Downloaded from central: https://repo.maven.apache.org/maven2/org/springframework/boot/spring-boot-starter-validation/3.2.3/spring-boot-starter-validation-3.2.3.jar (4.8 kB at 254 B/s)
Downloading from central: https://repo.maven.apache.org/maven2/org/apache/tomcat/embed/tomcat-embed-el/10.1.19/tomcat-embed-el-10.1.19.jar
Progress (4): 10/12 MB | 1.1/3.5 MB | 0.7/1.9 MB | 0.9/1.0 MB
Progress (4): 10/12 MB | 1.1/3.5 MB | 0.7/1.9 MB | 0.9/1.0 MB
Progress (4): 10/12 MB | 1.1/3.5 MB | 0.7/1.9 MB | 0.9/1.0 MB
Progress (4): 10/12 MB | 1.1/3.5 MB | 0.7/1.9 MB | 0.9/1.0 MB
Progress (4): 10/12 MB | 1.1/3.5 MB | 0.7/1.9 MB | 0.9/1.0 MB
Progress (4): 10/12 MB | 1.1/3.5 MB | 0.7/1.9 MB | 0.9/1.0 MB
Progress (4): 10/12 MB | 1.1/3.5 MB | 0.8/1.9 MB | 0.9/1.0 MB
Progress (4): 10/12 MB | 1.1/3.5 MB | 0.8/1.9 MB | 0.9/1.0 MB
Progress (4): 10/12 MB | 1.1/3.5 MB | 0.8/1.9 MB | 0.9/1.0 MB
Progress (4): 10/12 MB | 1.1/3.5 MB | 0.8/1.9 MB | 0.9/1.0 MB
Progress (4): 10/12 MB | 1.1/3.5 MB | 0.8/1.9 MB | 0.9/1.0 MB
Progress (4): 10/12 MB | 1.1/3.5 MB | 0.8/1.9 MB | 0.9/1.0 MB
Progress (4): 10/12 MB | 1.1/3.5 MB | 0.8/1.9 MB | 0.9/1.0 MB
Progress (4): 10/12 MB | 1.1/3.5 MB | 0.8/1.9 MB | 0.9/1.0 MB
Progress (4): 10/12 MB | 1.1/3.5 MB | 0.8/1.9 MB | 0.9/1.0 MB
Progress (4): 10/12 MB | 1.1/3.5 MB | 0.8/1.9 MB | 1.0/1.0 MB
Progress (4): 10/12 MB | 1.1/3.5 MB | 0.8/1.9 MB | 1.0/1.0 MB
Progress (4): 10/12 MB | 1.1/3.5 MB | 0.8/1.9 MB | 1.0/1.0 MB
Progress (4): 10/12 MB | 1.1/3.5 MB | 0.8/1.9 MB | 1.0/1.0 MB
Progress (4): 10/12 MB | 1.1/3.5 MB | 0.8/1.9 MB | 1.0/1.0 MB
Progress (5): 10/12 MB | 1.1/3.5 MB | 0.8/1.9 MB | 1.0/1.0 MB | 4.1/261 kB
Progress (5): 10/12 MB | 1.1/3.5 MB | 0.8/1.9 MB | 1.0/1.0 MB | 7.7/261 kB
Progress (5): 10/12 MB | 1.1/3.5 MB | 0.8/1.9 MB | 1.0/1.0 MB | 12/261 kB 
Progress (5): 10/12 MB | 1.1/3.5 MB | 0.8/1.9 MB | 1.0/1.0 MB | 16/261 kB
Progress (5): 10/12 MB | 1.1/3.5 MB | 0.8/1.9 MB | 1.0/1.0 MB | 20/261 kB
Progress (5): 10/12 MB | 1.1/3.5 MB | 0.8/1.9 MB | 1.0/1.0 MB | 24/261 kB
Progress (5): 10/12 MB | 1.1/3.5 MB | 0.8/1.9 MB | 1.0/1.0 MB | 28/261 kB
Progress (5): 10/12 MB | 1.1/3.5 MB | 0.8/1.9 MB | 1.0/1.0 MB | 28/261 kB
Progress (5): 10/12 MB | 1.1/3.5 MB | 0.8/1.9 MB | 1.0/1.0 MB | 28/261 kB
Progress (5): 10/12 MB | 1.1/3.5 MB | 0.8/1.9 MB | 1.0/1.0 MB | 28/261 kB
Progress (5): 10/12 MB | 1.1/3.5 MB | 0.8/1.9 MB | 1.0/1.0 MB | 28/261 kB
Progress (5): 10/12 MB | 1.1/3.5 MB | 0.8/1.9 MB | 1.0/1.0 MB | 28/261 kB
Progress (5): 10/12 MB | 1.1/3.5 MB | 0.8/1.9 MB | 1.0/1.0 MB | 28/261 kB
Progress (5): 10/12 MB | 1.1/3.5 MB | 0.8/1.9 MB | 1.0/1.0 MB | 28/261 kB
Progress (5): 10/12 MB | 1.1/3.5 MB | 0.8/1.9 MB | 1.0/1.0 MB | 28/261 kB
Progress (5): 10/12 MB | 1.1/3.5 MB | 0.8/1.9 MB | 1.0/1.0 MB | 28/261 kB
Progress (5): 10/12 MB | 1.1/3.5 MB | 0.8/1.9 MB | 1.0/1.0 MB | 28/261 kB
Progress (5): 10/12 MB | 1.1/3.5 MB | 0.8/1.9 MB | 1.0/1.0 MB | 28/261 kB
Progress (5): 10/12 MB | 1.1/3.5 MB | 0.8/1.9 MB | 1.0/1.0 MB | 28/261 kB
Progress (5): 10/12 MB | 1.1/3.5 MB | 0.8/1.9 MB | 1.0/1.0 MB | 28/261 kB
Progress (5): 10/12 MB | 1.1/3.5 MB | 0.8/1.9 MB | 1.0/1.0 MB | 32/261 kB
Progress (5): 10/12 MB | 1.1/3.5 MB | 0.8/1.9 MB | 1.0/1.0 MB | 36/261 kB
Progress (5): 10/12 MB | 1.1/3.5 MB | 0.8/1.9 MB | 1.0/1.0 MB | 40/261 kB
Progress (5): 10/12 MB | 1.1/3.5 MB | 0.8/1.9 MB | 1.0/1.0 MB | 45/261 kB
Progress (5): 10/12 MB | 1.1/3.5 MB | 0.8/1.9 MB | 1.0/1.0 MB | 49/261 kB
Progress (5): 10/12 MB | 1.1/3.5 MB | 0.8/1.9 MB | 1.0/1.0 MB | 53/261 kB
Progress (5): 10/12 MB | 1.1/3.5 MB | 0.8/1.9 MB | 1.0/1.0 MB | 57/261 kB
Progress (5): 10/12 MB | 1.1/3.5 MB | 0.8/1.9 MB | 1.0/1.0 MB | 61/261 kB
Progress (5): 10/12 MB | 1.1/3.5 MB | 0.8/1.9 MB | 1.0/1.0 MB | 61/261 kB
Progress (5): 10/12 MB | 1.1/3.5 MB | 0.8/1.9 MB | 1.0/1.0 MB | 61/261 kB
Progress (5): 10/12 MB | 1.2/3.5 MB | 0.8/1.9 MB | 1.0/1.0 MB | 61/261 kB
Progress (5): 10/12 MB | 1.2/3.5 MB | 0.8/1.9 MB | 1.0/1.0 MB | 61/261 kB
Progress (5): 10/12 MB | 1.2/3.5 MB | 0.8/1.9 MB | 1.0/1.0 MB | 61/261 kB
Progress (5): 10/12 MB | 1.2/3.5 MB | 0.8/1.9 MB | 1.0/1.0 MB | 61/261 kB
Progress (5): 10/12 MB | 1.2/3.5 MB | 0.8/1.9 MB | 1.0/1.0 MB | 61/261 kB
Progress (5): 10/12 MB | 1.2/3.5 MB | 0.8/1.9 MB | 1.0/1.0 MB | 61/261 kB
Progress (5): 10/12 MB | 1.2/3.5 MB | 0.8/1.9 MB | 1.0/1.0 MB | 61/261 kB
Progress (5): 10/12 MB | 1.2/3.5 MB | 0.8/1.9 MB | 1.0 MB | 61/261 kB    
Progress (5): 10/12 MB | 1.2/3.5 MB | 0.8/1.9 MB | 1.0 MB | 61/261 kB
Progress (5): 10/12 MB | 1.2/3.5 MB | 0.8/1.9 MB | 1.0 MB | 61/261 kB
Progress (5): 10/12 MB | 1.2/3.5 MB | 0.8/1.9 MB | 1.0 MB | 65/261 kB
Progress (5): 10/12 MB | 1.2/3.5 MB | 0.8/1.9 MB | 1.0 MB | 69/261 kB
Progress (5): 10/12 MB | 1.2/3.5 MB | 0.8/1.9 MB | 1.0 MB | 73/261 kB
Progress (5): 10/12 MB | 1.2/3.5 MB | 0.8/1.9 MB | 1.0 MB | 77/261 kB
Progress (5): 10/12 MB | 1.2/3.5 MB | 0.8/1.9 MB | 1.0 MB | 77/261 kB
Progress (5): 10/12 MB | 1.2/3.5 MB | 0.8/1.9 MB | 1.0 MB | 81/261 kB
Progress (5): 10/12 MB | 1.2/3.5 MB | 0.8/1.9 MB | 1.0 MB | 86/261 kB
Progress (5): 10/12 MB | 1.2/3.5 MB | 0.8/1.9 MB | 1.0 MB | 90/261 kB
Progress (5): 10/12 MB | 1.2/3.5 MB | 0.8/1.9 MB | 1.0 MB | 94/261 kB
Progress (5): 10/12 MB | 1.2/3.5 MB | 0.9/1.9 MB | 1.0 MB | 94/261 kB
Progress (5): 10/12 MB | 1.2/3.5 MB | 0.9/1.9 MB | 1.0 MB | 94/261 kB
Progress (5): 10/12 MB | 1.2/3.5 MB | 0.9/1.9 MB | 1.0 MB | 94/261 kB
Progress (5): 10/12 MB | 1.2/3.5 MB | 0.9/1.9 MB | 1.0 MB | 98/261 kB
Progress (5): 10/12 MB | 1.2/3.5 MB | 0.9/1.9 MB | 1.0 MB | 102/261 kB
Progress (5): 10/12 MB | 1.2/3.5 MB | 0.9/1.9 MB | 1.0 MB | 106/261 kB
Progress (5): 10/12 MB | 1.2/3.5 MB | 0.9/1.9 MB | 1.0 MB | 110/261 kB
Progress (5): 10/12 MB | 1.2/3.5 MB | 0.9/1.9 MB | 1.0 MB | 110/261 kB
Progress (5): 10/12 MB | 1.2/3.5 MB | 0.9/1.9 MB | 1.0 MB | 114/261 kB
Progress (5): 10/12 MB | 1.2/3.5 MB | 0.9/1.9 MB | 1.0 MB | 118/261 kB
Progress (5): 10/12 MB | 1.2/3.5 MB | 0.9/1.9 MB | 1.0 MB | 122/261 kB
Progress (5): 10/12 MB | 1.2/3.5 MB | 0.9/1.9 MB | 1.0 MB | 126/261 kB
Progress (5): 10/12 MB | 1.2/3.5 MB | 0.9/1.9 MB | 1.0 MB | 131/261 kB
Progress (5): 10/12 MB | 1.2/3.5 MB | 0.9/1.9 MB | 1.0 MB | 135/261 kB
Progress (5): 10/12 MB | 1.2/3.5 MB | 0.9/1.9 MB | 1.0 MB | 139/261 kB
Progress (5): 10/12 MB | 1.2/3.5 MB | 0.9/1.9 MB | 1.0 MB | 143/261 kB
Progress (5): 10/12 MB | 1.2/3.5 MB | 0.9/1.9 MB | 1.0 MB | 143/261 kB
Progress (5): 10/12 MB | 1.2/3.5 MB | 0.9/1.9 MB | 1.0 MB | 143/261 kB
Progress (5): 10/12 MB | 1.2/3.5 MB | 0.9/1.9 MB | 1.0 MB | 143/261 kB
Progress (5): 10/12 MB | 1.2/3.5 MB | 0.9/1.9 MB | 1.0 MB | 143/261 kB
Progress (5): 10/12 MB | 1.2/3.5 MB | 0.9/1.9 MB | 1.0 MB | 143/261 kB
Progress (5): 10/12 MB | 1.2/3.5 MB | 0.9/1.9 MB | 1.0 MB | 143/261 kB
Progress (5): 10/12 MB | 1.2/3.5 MB | 0.9/1.9 MB | 1.0 MB | 143/261 kB
                                                                      
Downloaded from central: https://repo.maven.apache.org/maven2/org/springframework/spring-webmvc/6.1.4/spring-webmvc-6.1.4.jar (1.0 MB at 55 kB/s)
Downloading from central: https://repo.maven.apache.org/maven2/org/hibernate/validator/hibernate-validator/8.0.1.Final/hibernate-validator-8.0.1.Final.jar
Progress (4): 10/12 MB | 1.2/3.5 MB | 0.9/1.9 MB | 147/261 kB
Progress (4): 10/12 MB | 1.2/3.5 MB | 0.9/1.9 MB | 151/261 kB
Progress (4): 10/12 MB | 1.2/3.5 MB | 0.9/1.9 MB | 155/261 kB
Progress (4): 10/12 MB | 1.2/3.5 MB | 0.9/1.9 MB | 159/261 kB
Progress (4): 10/12 MB | 1.3/3.5 MB | 0.9/1.9 MB | 159/261 kB
Progress (4): 10/12 MB | 1.3/3.5 MB | 0.9/1.9 MB | 159/261 kB
Progress (4): 10/12 MB | 1.3/3.5 MB | 0.9/1.9 MB | 159/261 kB
Progress (4): 10/12 MB | 1.3/3.5 MB | 0.9/1.9 MB | 163/261 kB
Progress (4): 10/12 MB | 1.3/3.5 MB | 0.9/1.9 MB | 167/261 kB
Progress (4): 10/12 MB | 1.3/3.5 MB | 0.9/1.9 MB | 172/261 kB
Progress (4): 10/12 MB | 1.3/3.5 MB | 0.9/1.9 MB | 176/261 kB
Progress (4): 10/12 MB | 1.3/3.5 MB | 0.9/1.9 MB | 176/261 kB
Progress (4): 10/12 MB | 1.3/3.5 MB | 0.9/1.9 MB | 176/261 kB
Progress (4): 10/12 MB | 1.3/3.5 MB | 0.9/1.9 MB | 176/261 kB
Progress (4): 10/12 MB | 1.3/3.5 MB | 0.9/1.9 MB | 176/261 kB
Progress (4): 10/12 MB | 1.3/3.5 MB | 0.9/1.9 MB | 176/261 kB
Progress (5): 10/12 MB | 1.3/3.5 MB | 0.9/1.9 MB | 176/261 kB | 0/1.3 MB
Progress (5): 10/12 MB | 1.3/3.5 MB | 0.9/1.9 MB | 176/261 kB | 0/1.3 MB
Progress (5): 10/12 MB | 1.3/3.5 MB | 0.9/1.9 MB | 176/261 kB | 0/1.3 MB
Progress (5): 10/12 MB | 1.3/3.5 MB | 0.9/1.9 MB | 176/261 kB | 0/1.3 MB
Progress (5): 10/12 MB | 1.3/3.5 MB | 0.9/1.9 MB | 180/261 kB | 0/1.3 MB
Progress (5): 10/12 MB | 1.3/3.5 MB | 0.9/1.9 MB | 184/261 kB | 0/1.3 MB
Progress (5): 10/12 MB | 1.3/3.5 MB | 0.9/1.9 MB | 188/261 kB | 0/1.3 MB
Progress (5): 10/12 MB | 1.3/3.5 MB | 0.9/1.9 MB | 192/261 kB | 0/1.3 MB
Progress (5): 10/12 MB | 1.3/3.5 MB | 0.9/1.9 MB | 192/261 kB | 0/1.3 MB
Progress (5): 10/12 MB | 1.3/3.5 MB | 0.9/1.9 MB | 192/261 kB | 0/1.3 MB
Progress (5): 10/12 MB | 1.3/3.5 MB | 0.9/1.9 MB | 196/261 kB | 0/1.3 MB
Progress (5): 10/12 MB | 1.3/3.5 MB | 0.9/1.9 MB | 200/261 kB | 0/1.3 MB
Progress (5): 10/12 MB | 1.3/3.5 MB | 0.9/1.9 MB | 204/261 kB | 0/1.3 MB
Progress (5): 10/12 MB | 1.3/3.5 MB | 0.9/1.9 MB | 208/261 kB | 0/1.3 MB
Progress (5): 10/12 MB | 1.3/3.5 MB | 0.9/1.9 MB | 213/261 kB | 0/1.3 MB
Progress (5): 10/12 MB | 1.3/3.5 MB | 0.9/1.9 MB | 217/261 kB | 0/1.3 MB
Progress (5): 10/12 MB | 1.3/3.5 MB | 0.9/1.9 MB | 221/261 kB | 0/1.3 MB
Progress (5): 10/12 MB | 1.3/3.5 MB | 0.9/1.9 MB | 225/261 kB | 0/1.3 MB
Progress (5): 10/12 MB | 1.3/3.5 MB | 0.9/1.9 MB | 225/261 kB | 0/1.3 MB
Progress (5): 10/12 MB | 1.3/3.5 MB | 0.9/1.9 MB | 225/261 kB | 0/1.3 MB
Progress (5): 11/12 MB | 1.3/3.5 MB | 0.9/1.9 MB | 225/261 kB | 0/1.3 MB
Progress (5): 11/12 MB | 1.3/3.5 MB | 0.9/1.9 MB | 225/261 kB | 0/1.3 MB
Progress (5): 11/12 MB | 1.3/3.5 MB | 0.9/1.9 MB | 225/261 kB | 0/1.3 MB
Progress (5): 11/12 MB | 1.3/3.5 MB | 1.0/1.9 MB | 225/261 kB | 0/1.3 MB
Progress (5): 11/12 MB | 1.3/3.5 MB | 1.0/1.9 MB | 225/261 kB | 0/1.3 MB
Progress (5): 11/12 MB | 1.3/3.5 MB | 1.0/1.9 MB | 225/261 kB | 0/1.3 MB
Progress (5): 11/12 MB | 1.3/3.5 MB | 1.0/1.9 MB | 225/261 kB | 0.1/1.3 MB
Progress (5): 11/12 MB | 1.3/3.5 MB | 1.0/1.9 MB | 225/261 kB | 0.1/1.3 MB
Progress (5): 11/12 MB | 1.3/3.5 MB | 1.0/1.9 MB | 225/261 kB | 0.1/1.3 MB
Progress (5): 11/12 MB | 1.3/3.5 MB | 1.0/1.9 MB | 225/261 kB | 0.1/1.3 MB
Progress (5): 11/12 MB | 1.3/3.5 MB | 1.0/1.9 MB | 225/261 kB | 0.1/1.3 MB
Progress (5): 11/12 MB | 1.3/3.5 MB | 1.0/1.9 MB | 225/261 kB | 0.1/1.3 MB
Progress (5): 11/12 MB | 1.3/3.5 MB | 1.0/1.9 MB | 229/261 kB | 0.1/1.3 MB
Progress (5): 11/12 MB | 1.3/3.5 MB | 1.0/1.9 MB | 229/261 kB | 0.1/1.3 MB
Progress (5): 11/12 MB | 1.3/3.5 MB | 1.0/1.9 MB | 233/261 kB | 0.1/1.3 MB
Progress (5): 11/12 MB | 1.3/3.5 MB | 1.0/1.9 MB | 233/261 kB | 0.1/1.3 MB
Progress (5): 11/12 MB | 1.4/3.5 MB | 1.0/1.9 MB | 233/261 kB | 0.1/1.3 MB
Progress (5): 11/12 MB | 1.4/3.5 MB | 1.0/1.9 MB | 237/261 kB | 0.1/1.3 MB
Progress (5): 11/12 MB | 1.4/3.5 MB | 1.0/1.9 MB | 241/261 kB | 0.1/1.3 MB
Progress (5): 11/12 MB | 1.4/3.5 MB | 1.0/1.9 MB | 245/261 kB | 0.1/1.3 MB
Progress (5): 11/12 MB | 1.4/3.5 MB | 1.0/1.9 MB | 249/261 kB | 0.1/1.3 MB
Progress (5): 11/12 MB | 1.4/3.5 MB | 1.0/1.9 MB | 253/261 kB | 0.1/1.3 MB
Progress (5): 11/12 MB | 1.4/3.5 MB | 1.0/1.9 MB | 258/261 kB | 0.1/1.3 MB
Progress (5): 11/12 MB | 1.4/3.5 MB | 1.0/1.9 MB | 261 kB | 0.1/1.3 MB    
Progress (5): 11/12 MB | 1.4/3.5 MB | 1.0/1.9 MB | 261 kB | 0.1/1.3 MB
Progress (5): 11/12 MB | 1.4/3.5 MB | 1.0/1.9 MB | 261 kB | 0.1/1.3 MB
Progress (5): 11/12 MB | 1.4/3.5 MB | 1.0/1.9 MB | 261 kB | 0.1/1.3 MB
Progress (5): 11/12 MB | 1.4/3.5 MB | 1.0/1.9 MB | 261 kB | 0.1/1.3 MB
Progress (5): 11/12 MB | 1.4/3.5 MB | 1.0/1.9 MB | 261 kB | 0.1/1.3 MB
Progress (5): 11/12 MB | 1.4/3.5 MB | 1.0/1.9 MB | 261 kB | 0.1/1.3 MB
Progress (5): 11/12 MB | 1.4/3.5 MB | 1.0/1.9 MB | 261 kB | 0.1/1.3 MB
Progress (5): 11/12 MB | 1.4/3.5 MB | 1.0/1.9 MB | 261 kB | 0.1/1.3 MB
Progress (5): 11/12 MB | 1.4/3.5 MB | 1.0/1.9 MB | 261 kB | 0.1/1.3 MB
Progress (5): 11/12 MB | 1.4/3.5 MB | 1.0/1.9 MB | 261 kB | 0.1/1.3 MB
Progress (5): 11/12 MB | 1.4/3.5 MB | 1.0/1.9 MB | 261 kB | 0.1/1.3 MB
Progress (5): 11/12 MB | 1.4/3.5 MB | 1.0/1.9 MB | 261 kB | 0.1/1.3 MB
Progress (5): 11/12 MB | 1.4/3.5 MB | 1.0/1.9 MB | 261 kB | 0.1/1.3 MB
Progress (5): 11/12 MB | 1.4/3.5 MB | 1.0/1.9 MB | 261 kB | 0.1/1.3 MB
                                                                      
Downloaded from central: https://repo.maven.apache.org/maven2/org/apache/tomcat/embed/tomcat-embed-el/10.1.19/tomcat-embed-el-10.1.19.jar (261 kB at 13 kB/s)
Downloading from central: https://repo.maven.apache.org/maven2/jakarta/validation/jakarta.validation-api/3.0.2/jakarta.validation-api-3.0.2.jar
Progress (4): 11/12 MB | 1.4/3.5 MB | 1.0/1.9 MB | 0.1/1.3 MB
Progress (4): 11/12 MB | 1.4/3.5 MB | 1.0/1.9 MB | 0.1/1.3 MB
Progress (4): 11/12 MB | 1.4/3.5 MB | 1.0/1.9 MB | 0.1/1.3 MB
Progress (4): 11/12 MB | 1.4/3.5 MB | 1.0/1.9 MB | 0.2/1.3 MB
Progress (4): 11/12 MB | 1.4/3.5 MB | 1.0/1.9 MB | 0.2/1.3 MB
Progress (4): 11/12 MB | 1.4/3.5 MB | 1.0/1.9 MB | 0.2/1.3 MB
Progress (4): 11/12 MB | 1.4/3.5 MB | 1.0/1.9 MB | 0.2/1.3 MB
Progress (4): 11/12 MB | 1.4/3.5 MB | 1.0/1.9 MB | 0.2/1.3 MB
Progress (4): 11/12 MB | 1.4/3.5 MB | 1.0/1.9 MB | 0.2/1.3 MB
Progress (4): 11/12 MB | 1.4/3.5 MB | 1.0/1.9 MB | 0.2/1.3 MB
Progress (4): 11/12 MB | 1.4/3.5 MB | 1.0/1.9 MB | 0.2/1.3 MB
Progress (4): 11/12 MB | 1.4/3.5 MB | 1.0/1.9 MB | 0.2/1.3 MB
Progress (4): 11/12 MB | 1.4/3.5 MB | 1.0/1.9 MB | 0.2/1.3 MB
Progress (4): 11/12 MB | 1.5/3.5 MB | 1.0/1.9 MB | 0.2/1.3 MB
Progress (4): 11/12 MB | 1.5/3.5 MB | 1.0/1.9 MB | 0.2/1.3 MB
Progress (4): 11/12 MB | 1.5/3.5 MB | 1.0/1.9 MB | 0.2/1.3 MB
Progress (4): 11/12 MB | 1.5/3.5 MB | 1.1/1.9 MB | 0.2/1.3 MB
Progress (4): 11/12 MB | 1.5/3.5 MB | 1.1/1.9 MB | 0.2/1.3 MB
Progress (4): 11/12 MB | 1.5/3.5 MB | 1.1/1.9 MB | 0.2/1.3 MB
Progress (4): 11/12 MB | 1.5/3.5 MB | 1.1/1.9 MB | 0.2/1.3 MB
Progress (4): 11/12 MB | 1.5/3.5 MB | 1.1/1.9 MB | 0.2/1.3 MB
Progress (4): 11/12 MB | 1.5/3.5 MB | 1.1/1.9 MB | 0.2/1.3 MB
Progress (4): 11/12 MB | 1.5/3.5 MB | 1.1/1.9 MB | 0.2/1.3 MB
Progress (4): 11/12 MB | 1.5/3.5 MB | 1.1/1.9 MB | 0.2/1.3 MB
Progress (4): 11/12 MB | 1.5/3.5 MB | 1.1/1.9 MB | 0.2/1.3 MB
Progress (5): 11/12 MB | 1.5/3.5 MB | 1.1/1.9 MB | 0.2/1.3 MB | 3.4/93 kB
Progress (5): 11/12 MB | 1.5/3.5 MB | 1.1/1.9 MB | 0.2/1.3 MB | 7.5/93 kB
Progress (5): 11/12 MB | 1.5/3.5 MB | 1.1/1.9 MB | 0.2/1.3 MB | 12/93 kB 
Progress (5): 11/12 MB | 1.5/3.5 MB | 1.1/1.9 MB | 0.2/1.3 MB | 16/93 kB
Progress (5): 11/12 MB | 1.5/3.5 MB | 1.1/1.9 MB | 0.2/1.3 MB | 20/93 kB
Progress (5): 11/12 MB | 1.5/3.5 MB | 1.1/1.9 MB | 0.2/1.3 MB | 20/93 kB
Progress (5): 11/12 MB | 1.5/3.5 MB | 1.1/1.9 MB | 0.2/1.3 MB | 20/93 kB
Progress (5): 11/12 MB | 1.5/3.5 MB | 1.1/1.9 MB | 0.3/1.3 MB | 20/93 kB
Progress (5): 11/12 MB | 1.5/3.5 MB | 1.1/1.9 MB | 0.3/1.3 MB | 20/93 kB
Progress (5): 11/12 MB | 1.5/3.5 MB | 1.1/1.9 MB | 0.3/1.3 MB | 20/93 kB
Progress (5): 11/12 MB | 1.5/3.5 MB | 1.1/1.9 MB | 0.3/1.3 MB | 20/93 kB
Progress (5): 11/12 MB | 1.5/3.5 MB | 1.1/1.9 MB | 0.3/1.3 MB | 20/93 kB
Progress (5): 11/12 MB | 1.5/3.5 MB | 1.1/1.9 MB | 0.3/1.3 MB | 20/93 kB
Progress (5): 11/12 MB | 1.5/3.5 MB | 1.1/1.9 MB | 0.3/1.3 MB | 20/93 kB
Progress (5): 11/12 MB | 1.5/3.5 MB | 1.1/1.9 MB | 0.3/1.3 MB | 20/93 kB
Progress (5): 11/12 MB | 1.5/3.5 MB | 1.1/1.9 MB | 0.3/1.3 MB | 20/93 kB
Progress (5): 11/12 MB | 1.5/3.5 MB | 1.1/1.9 MB | 0.3/1.3 MB | 20/93 kB
Progress (5): 11/12 MB | 1.5/3.5 MB | 1.1/1.9 MB | 0.3/1.3 MB | 20/93 kB
Progress (5): 11/12 MB | 1.5/3.5 MB | 1.1/1.9 MB | 0.3/1.3 MB | 20/93 kB
Progress (5): 11/12 MB | 1.5/3.5 MB | 1.1/1.9 MB | 0.3/1.3 MB | 24/93 kB
Progress (5): 11/12 MB | 1.5/3.5 MB | 1.1/1.9 MB | 0.3/1.3 MB | 28/93 kB
Progress (5): 11/12 MB | 1.5/3.5 MB | 1.1/1.9 MB | 0.3/1.3 MB | 32/93 kB
Progress (5): 11/12 MB | 1.5/3.5 MB | 1.1/1.9 MB | 0.3/1.3 MB | 36/93 kB
Progress (5): 11/12 MB | 1.5/3.5 MB | 1.1/1.9 MB | 0.3/1.3 MB | 40/93 kB
Progress (5): 11/12 MB | 1.5/3.5 MB | 1.1/1.9 MB | 0.3/1.3 MB | 40/93 kB
Progress (5): 11/12 MB | 1.5/3.5 MB | 1.1/1.9 MB | 0.3/1.3 MB | 44/93 kB
Progress (5): 11/12 MB | 1.5/3.5 MB | 1.1/1.9 MB | 0.3/1.3 MB | 48/93 kB
Progress (5): 11/12 MB | 1.5/3.5 MB | 1.1/1.9 MB | 0.3/1.3 MB | 53/93 kB
Progress (5): 11/12 MB | 1.5/3.5 MB | 1.1/1.9 MB | 0.3/1.3 MB | 57/93 kB
Progress (5): 11/12 MB | 1.5/3.5 MB | 1.1/1.9 MB | 0.3/1.3 MB | 61/93 kB
Progress (5): 11/12 MB | 1.5/3.5 MB | 1.1/1.9 MB | 0.3/1.3 MB | 61/93 kB
Progress (5): 11/12 MB | 1.5/3.5 MB | 1.1/1.9 MB | 0.3/1.3 MB | 61/93 kB
Progress (5): 11/12 MB | 1.5/3.5 MB | 1.1/1.9 MB | 0.3/1.3 MB | 61/93 kB
Progress (5): 11/12 MB | 1.5/3.5 MB | 1.1/1.9 MB | 0.3/1.3 MB | 61/93 kB
Progress (5): 11/12 MB | 1.5/3.5 MB | 1.1/1.9 MB | 0.3/1.3 MB | 61/93 kB
Progress (5): 11/12 MB | 1.6/3.5 MB | 1.1/1.9 MB | 0.3/1.3 MB | 61/93 kB
Progress (5): 11/12 MB | 1.6/3.5 MB | 1.1/1.9 MB | 0.3/1.3 MB | 61/93 kB
Progress (5): 11/12 MB | 1.6/3.5 MB | 1.2/1.9 MB | 0.3/1.3 MB | 61/93 kB
Progress (5): 11/12 MB | 1.6/3.5 MB | 1.2/1.9 MB | 0.3/1.3 MB | 61/93 kB
Progress (5): 11/12 MB | 1.6/3.5 MB | 1.2/1.9 MB | 0.3/1.3 MB | 61/93 kB
Progress (5): 11/12 MB | 1.6/3.5 MB | 1.2/1.9 MB | 0.3/1.3 MB | 61/93 kB
Progress (5): 11/12 MB | 1.6/3.5 MB | 1.2/1.9 MB | 0.3/1.3 MB | 61/93 kB
Progress (5): 11/12 MB | 1.6/3.5 MB | 1.2/1.9 MB | 0.3/1.3 MB | 61/93 kB
Progress (5): 11/12 MB | 1.6/3.5 MB | 1.2/1.9 MB | 0.3/1.3 MB | 61/93 kB
Progress (5): 11/12 MB | 1.6/3.5 MB | 1.2/1.9 MB | 0.3/1.3 MB | 65/93 kB
Progress (5): 11/12 MB | 1.6/3.5 MB | 1.2/1.9 MB | 0.3/1.3 MB | 69/93 kB
Progress (5): 11/12 MB | 1.6/3.5 MB | 1.2/1.9 MB | 0.3/1.3 MB | 73/93 kB
Progress (5): 11/12 MB | 1.6/3.5 MB | 1.2/1.9 MB | 0.3/1.3 MB | 77/93 kB
Progress (5): 11/12 MB | 1.6/3.5 MB | 1.2/1.9 MB | 0.3/1.3 MB | 77/93 kB
Progress (5): 11/12 MB | 1.6/3.5 MB | 1.2/1.9 MB | 0.3/1.3 MB | 77/93 kB
Progress (5): 11/12 MB | 1.6/3.5 MB | 1.2/1.9 MB | 0.4/1.3 MB | 77/93 kB
Progress (5): 11/12 MB | 1.6/3.5 MB | 1.2/1.9 MB | 0.4/1.3 MB | 77/93 kB
Progress (5): 11/12 MB | 1.6/3.5 MB | 1.2/1.9 MB | 0.4/1.3 MB | 77/93 kB
Progress (5): 11/12 MB | 1.6/3.5 MB | 1.2/1.9 MB | 0.4/1.3 MB | 77/93 kB
Progress (5): 11/12 MB | 1.6/3.5 MB | 1.2/1.9 MB | 0.4/1.3 MB | 77/93 kB
Progress (5): 11/12 MB | 1.6/3.5 MB | 1.2/1.9 MB | 0.4/1.3 MB | 81/93 kB
Progress (5): 11/12 MB | 1.6/3.5 MB | 1.2/1.9 MB | 0.4/1.3 MB | 85/93 kB
Progress (5): 11/12 MB | 1.6/3.5 MB | 1.2/1.9 MB | 0.4/1.3 MB | 89/93 kB
Progress (5): 11/12 MB | 1.6/3.5 MB | 1.2/1.9 MB | 0.4/1.3 MB | 93 kB   
Progress (5): 11/12 MB | 1.6/3.5 MB | 1.2/1.9 MB | 0.4/1.3 MB | 93 kB
Progress (5): 11/12 MB | 1.6/3.5 MB | 1.2/1.9 MB | 0.4/1.3 MB | 93 kB
Progress (5): 11/12 MB | 1.6/3.5 MB | 1.2/1.9 MB | 0.4/1.3 MB | 93 kB
Progress (5): 11/12 MB | 1.6/3.5 MB | 1.2/1.9 MB | 0.4/1.3 MB | 93 kB
Progress (5): 11/12 MB | 1.6/3.5 MB | 1.2/1.9 MB | 0.4/1.3 MB | 93 kB
Progress (5): 11/12 MB | 1.6/3.5 MB | 1.2/1.9 MB | 0.4/1.3 MB | 93 kB
Progress (5): 11/12 MB | 1.6/3.5 MB | 1.2/1.9 MB | 0.4/1.3 MB | 93 kB
Progress (5): 11/12 MB | 1.6/3.5 MB | 1.2/1.9 MB | 0.4/1.3 MB | 93 kB
Progress (5): 11/12 MB | 1.6/3.5 MB | 1.2/1.9 MB | 0.4/1.3 MB | 93 kB
Progress (5): 11/12 MB | 1.6/3.5 MB | 1.2/1.9 MB | 0.4/1.3 MB | 93 kB
Progress (5): 11/12 MB | 1.6/3.5 MB | 1.2/1.9 MB | 0.4/1.3 MB | 93 kB
Progress (5): 11/12 MB | 1.6/3.5 MB | 1.2/1.9 MB | 0.4/1.3 MB | 93 kB
Progress (5): 11/12 MB | 1.6/3.5 MB | 1.2/1.9 MB | 0.4/1.3 MB | 93 kB
Progress (5): 11/12 MB | 1.6/3.5 MB | 1.2/1.9 MB | 0.4/1.3 MB | 93 kB
Progress (5): 11/12 MB | 1.6/3.5 MB | 1.2/1.9 MB | 0.4/1.3 MB | 93 kB
Progress (5): 11/12 MB | 1.7/3.5 MB | 1.2/1.9 MB | 0.4/1.3 MB | 93 kB
Progress (5): 11/12 MB | 1.7/3.5 MB | 1.2/1.9 MB | 0.4/1.3 MB | 93 kB
                                                                     
Downloaded from central: https://repo.maven.apache.org/maven2/jakarta/validation/jakarta.validation-api/3.0.2/jakarta.validation-api-3.0.2.jar (93 kB at 4.6 kB/s)
Downloading from central: https://repo.maven.apache.org/maven2/com/microsoft/sqlserver/mssql-jdbc/12.4.2.jre11/mssql-jdbc-12.4.2.jre11.jar
Progress (4): 11/12 MB | 1.7/3.5 MB | 1.2/1.9 MB | 0.4/1.3 MB
Progress (4): 11/12 MB | 1.7/3.5 MB | 1.2/1.9 MB | 0.4/1.3 MB
Progress (4): 11/12 MB | 1.7/3.5 MB | 1.2/1.9 MB | 0.4/1.3 MB
Progress (4): 11/12 MB | 1.7/3.5 MB | 1.2/1.9 MB | 0.5/1.3 MB
Progress (4): 11/12 MB | 1.7/3.5 MB | 1.2/1.9 MB | 0.5/1.3 MB
Progress (4): 11/12 MB | 1.7/3.5 MB | 1.2/1.9 MB | 0.5/1.3 MB
Progress (4): 11/12 MB | 1.7/3.5 MB | 1.2/1.9 MB | 0.5/1.3 MB
Progress (4): 11/12 MB | 1.7/3.5 MB | 1.2/1.9 MB | 0.5/1.3 MB
Progress (4): 11/12 MB | 1.7/3.5 MB | 1.2/1.9 MB | 0.5/1.3 MB
Progress (4): 11/12 MB | 1.7/3.5 MB | 1.2/1.9 MB | 0.5/1.3 MB
Progress (4): 11/12 MB | 1.7/3.5 MB | 1.2/1.9 MB | 0.5/1.3 MB
Progress (4): 11/12 MB | 1.7/3.5 MB | 1.2/1.9 MB | 0.5/1.3 MB
Progress (4): 11/12 MB | 1.7/3.5 MB | 1.2/1.9 MB | 0.5/1.3 MB
Progress (4): 11/12 MB | 1.7/3.5 MB | 1.2/1.9 MB | 0.5/1.3 MB
Progress (4): 11/12 MB | 1.7/3.5 MB | 1.3/1.9 MB | 0.5/1.3 MB
Progress (4): 11/12 MB | 1.7/3.5 MB | 1.3/1.9 MB | 0.5/1.3 MB
Progress (4): 11/12 MB | 1.7/3.5 MB | 1.3/1.9 MB | 0.5/1.3 MB
Progress (4): 11/12 MB | 1.7/3.5 MB | 1.3/1.9 MB | 0.5/1.3 MB
Progress (4): 11/12 MB | 1.7/3.5 MB | 1.3/1.9 MB | 0.5/1.3 MB
Progress (4): 11/12 MB | 1.7/3.5 MB | 1.3/1.9 MB | 0.5/1.3 MB
Progress (4): 11/12 MB | 1.7/3.5 MB | 1.3/1.9 MB | 0.5/1.3 MB
Progress (5): 11/12 MB | 1.7/3.5 MB | 1.3/1.9 MB | 0.5/1.3 MB | 0/1.5 MB
Progress (5): 11/12 MB | 1.7/3.5 MB | 1.3/1.9 MB | 0.5/1.3 MB | 0/1.5 MB
Progress (5): 11/12 MB | 1.7/3.5 MB | 1.3/1.9 MB | 0.5/1.3 MB | 0/1.5 MB
Progress (5): 11/12 MB | 1.7/3.5 MB | 1.3/1.9 MB | 0.5/1.3 MB | 0/1.5 MB
Progress (5): 11/12 MB | 1.7/3.5 MB | 1.3/1.9 MB | 0.5/1.3 MB | 0/1.5 MB
Progress (5): 11/12 MB | 1.7/3.5 MB | 1.3/1.9 MB | 0.5/1.3 MB | 0/1.5 MB
Progress (5): 11/12 MB | 1.7/3.5 MB | 1.3/1.9 MB | 0.5/1.3 MB | 0/1.5 MB
Progress (5): 11/12 MB | 1.7/3.5 MB | 1.3/1.9 MB | 0.5/1.3 MB | 0/1.5 MB
Progress (5): 11/12 MB | 1.7/3.5 MB | 1.3/1.9 MB | 0.5/1.3 MB | 0/1.5 MB
Progress (5): 11/12 MB | 1.8/3.5 MB | 1.3/1.9 MB | 0.5/1.3 MB | 0/1.5 MB
Progress (5): 11/12 MB | 1.8/3.5 MB | 1.3/1.9 MB | 0.5/1.3 MB | 0/1.5 MB
Progress (5): 11/12 MB | 1.8/3.5 MB | 1.3/1.9 MB | 0.5/1.3 MB | 0/1.5 MB
Progress (5): 11/12 MB | 1.8/3.5 MB | 1.3/1.9 MB | 0.5/1.3 MB | 0/1.5 MB
Progress (5): 11/12 MB | 1.8/3.5 MB | 1.3/1.9 MB | 0.5/1.3 MB | 0/1.5 MB
Progress (5): 11/12 MB | 1.8/3.5 MB | 1.3/1.9 MB | 0.5/1.3 MB | 0/1.5 MB
Progress (5): 11/12 MB | 1.8/3.5 MB | 1.3/1.9 MB | 0.5/1.3 MB | 0/1.5 MB
Progress (5): 11/12 MB | 1.8/3.5 MB | 1.3/1.9 MB | 0.5/1.3 MB | 0/1.5 MB
Progress (5): 11/12 MB | 1.8/3.5 MB | 1.3/1.9 MB | 0.5/1.3 MB | 0/1.5 MB
Progress (5): 11/12 MB | 1.8/3.5 MB | 1.3/1.9 MB | 0.6/1.3 MB | 0/1.5 MB
Progress (5): 11/12 MB | 1.8/3.5 MB | 1.3/1.9 MB | 0.6/1.3 MB | 0/1.5 MB
Progress (5): 11/12 MB | 1.8/3.5 MB | 1.3/1.9 MB | 0.6/1.3 MB | 0/1.5 MB
Progress (5): 11/12 MB | 1.8/3.5 MB | 1.3/1.9 MB | 0.6/1.3 MB | 0/1.5 MB
Progress (5): 11/12 MB | 1.8/3.5 MB | 1.3/1.9 MB | 0.6/1.3 MB | 0/1.5 MB
Progress (5): 11/12 MB | 1.8/3.5 MB | 1.3/1.9 MB | 0.6/1.3 MB | 0/1.5 MB
Progress (5): 11/12 MB | 1.8/3.5 MB | 1.3/1.9 MB | 0.6/1.3 MB | 0.1/1.5 MB
Progress (5): 11/12 MB | 1.8/3.5 MB | 1.3/1.9 MB | 0.6/1.3 MB | 0.1/1.5 MB
Progress (5): 11/12 MB | 1.8/3.5 MB | 1.3/1.9 MB | 0.6/1.3 MB | 0.1/1.5 MB
Progress (5): 11/12 MB | 1.8/3.5 MB | 1.3/1.9 MB | 0.6/1.3 MB | 0.1/1.5 MB
Progress (5): 11/12 MB | 1.8/3.5 MB | 1.3/1.9 MB | 0.6/1.3 MB | 0.1/1.5 MB
Progress (5): 11/12 MB | 1.8/3.5 MB | 1.3/1.9 MB | 0.6/1.3 MB | 0.1/1.5 MB
Progress (5): 11/12 MB | 1.8/3.5 MB | 1.3/1.9 MB | 0.6/1.3 MB | 0.1/1.5 MB
Progress (5): 11/12 MB | 1.8/3.5 MB | 1.3/1.9 MB | 0.6/1.3 MB | 0.1/1.5 MB
Progress (5): 11/12 MB | 1.8/3.5 MB | 1.3/1.9 MB | 0.6/1.3 MB | 0.1/1.5 MB
Progress (5): 11/12 MB | 1.8/3.5 MB | 1.3/1.9 MB | 0.6/1.3 MB | 0.1/1.5 MB
Progress (5): 11/12 MB | 1.8/3.5 MB | 1.3/1.9 MB | 0.6/1.3 MB | 0.1/1.5 MB
Progress (5): 11/12 MB | 1.8/3.5 MB | 1.3/1.9 MB | 0.6/1.3 MB | 0.1/1.5 MB
Progress (5): 11/12 MB | 1.8/3.5 MB | 1.3/1.9 MB | 0.6/1.3 MB | 0.1/1.5 MB
Progress (5): 11/12 MB | 1.8/3.5 MB | 1.3/1.9 MB | 0.6/1.3 MB | 0.1/1.5 MB
Progress (5): 11/12 MB | 1.8/3.5 MB | 1.4/1.9 MB | 0.6/1.3 MB | 0.1/1.5 MB
Progress (5): 11/12 MB | 1.8/3.5 MB | 1.4/1.9 MB | 0.6/1.3 MB | 0.1/1.5 MB
Progress (5): 11/12 MB | 1.8/3.5 MB | 1.4/1.9 MB | 0.6/1.3 MB | 0.1/1.5 MB
Progress (5): 11/12 MB | 1.8/3.5 MB | 1.4/1.9 MB | 0.6/1.3 MB | 0.1/1.5 MB
Progress (5): 11/12 MB | 1.8/3.5 MB | 1.4/1.9 MB | 0.6/1.3 MB | 0.1/1.5 MB
Progress (5): 11/12 MB | 1.8/3.5 MB | 1.4/1.9 MB | 0.6/1.3 MB | 0.1/1.5 MB
Progress (5): 11/12 MB | 1.8/3.5 MB | 1.4/1.9 MB | 0.6/1.3 MB | 0.1/1.5 MB
Progress (5): 11/12 MB | 1.8/3.5 MB | 1.4/1.9 MB | 0.6/1.3 MB | 0.1/1.5 MB
Progress (5): 11/12 MB | 1.8/3.5 MB | 1.4/1.9 MB | 0.6/1.3 MB | 0.1/1.5 MB
Progress (5): 11/12 MB | 1.8/3.5 MB | 1.4/1.9 MB | 0.6/1.3 MB | 0.1/1.5 MB
Progress (5): 11/12 MB | 1.8/3.5 MB | 1.4/1.9 MB | 0.6/1.3 MB | 0.1/1.5 MB
Progress (5): 11/12 MB | 1.8/3.5 MB | 1.4/1.9 MB | 0.6/1.3 MB | 0.1/1.5 MB
Progress (5): 11/12 MB | 1.8/3.5 MB | 1.4/1.9 MB | 0.6/1.3 MB | 0.1/1.5 MB
Progress (5): 11/12 MB | 1.8/3.5 MB | 1.4/1.9 MB | 0.6/1.3 MB | 0.1/1.5 MB
Progress (5): 11/12 MB | 1.8/3.5 MB | 1.4/1.9 MB | 0.6/1.3 MB | 0.1/1.5 MB
Progress (5): 11/12 MB | 1.8/3.5 MB | 1.4/1.9 MB | 0.6/1.3 MB | 0.1/1.5 MB
Progress (5): 11/12 MB | 1.8/3.5 MB | 1.4/1.9 MB | 0.6/1.3 MB | 0.1/1.5 MB
Progress (5): 11/12 MB | 1.8/3.5 MB | 1.4/1.9 MB | 0.7/1.3 MB | 0.1/1.5 MB
Progress (5): 11/12 MB | 1.9/3.5 MB | 1.4/1.9 MB | 0.7/1.3 MB | 0.1/1.5 MB
Progress (5): 11/12 MB | 1.9/3.5 MB | 1.4/1.9 MB | 0.7/1.3 MB | 0.1/1.5 MB
Progress (5): 11/12 MB | 1.9/3.5 MB | 1.4/1.9 MB | 0.7/1.3 MB | 0.1/1.5 MB
Progress (5): 11/12 MB | 1.9/3.5 MB | 1.4/1.9 MB | 0.7/1.3 MB | 0.1/1.5 MB
Progress (5): 11/12 MB | 1.9/3.5 MB | 1.4/1.9 MB | 0.7/1.3 MB | 0.1/1.5 MB
Progress (5): 11/12 MB | 1.9/3.5 MB | 1.4/1.9 MB | 0.7/1.3 MB | 0.1/1.5 MB
Progress (5): 11/12 MB | 1.9/3.5 MB | 1.4/1.9 MB | 0.7/1.3 MB | 0.1/1.5 MB
Progress (5): 11/12 MB | 1.9/3.5 MB | 1.4/1.9 MB | 0.7/1.3 MB | 0.1/1.5 MB
Progress (5): 11/12 MB | 1.9/3.5 MB | 1.4/1.9 MB | 0.7/1.3 MB | 0.1/1.5 MB
Progress (5): 11/12 MB | 1.9/3.5 MB | 1.4/1.9 MB | 0.7/1.3 MB | 0.1/1.5 MB
Progress (5): 11/12 MB | 1.9/3.5 MB | 1.4/1.9 MB | 0.7/1.3 MB | 0.1/1.5 MB
Progress (5): 11/12 MB | 1.9/3.5 MB | 1.4/1.9 MB | 0.7/1.3 MB | 0.1/1.5 MB
Progress (5): 11/12 MB | 1.9/3.5 MB | 1.4/1.9 MB | 0.7/1.3 MB | 0.1/1.5 MB
Progress (5): 11/12 MB | 1.9/3.5 MB | 1.4/1.9 MB | 0.7/1.3 MB | 0.1/1.5 MB
Progress (5): 11/12 MB | 1.9/3.5 MB | 1.4/1.9 MB | 0.7/1.3 MB | 0.1/1.5 MB
Progress (5): 11/12 MB | 1.9/3.5 MB | 1.4/1.9 MB | 0.7/1.3 MB | 0.1/1.5 MB
Progress (5): 11/12 MB | 1.9/3.5 MB | 1.4/1.9 MB | 0.7/1.3 MB | 0.2/1.5 MB
Progress (5): 11/12 MB | 1.9/3.5 MB | 1.4/1.9 MB | 0.7/1.3 MB | 0.2/1.5 MB
Progress (5): 11/12 MB | 1.9/3.5 MB | 1.4/1.9 MB | 0.7/1.3 MB | 0.2/1.5 MB
Progress (5): 11/12 MB | 1.9/3.5 MB | 1.4/1.9 MB | 0.7/1.3 MB | 0.2/1.5 MB
Progress (5): 11/12 MB | 1.9/3.5 MB | 1.4/1.9 MB | 0.7/1.3 MB | 0.2/1.5 MB
Progress (5): 11/12 MB | 1.9/3.5 MB | 1.4/1.9 MB | 0.7/1.3 MB | 0.2/1.5 MB
Progress (5): 11/12 MB | 1.9/3.5 MB | 1.4/1.9 MB | 0.7/1.3 MB | 0.2/1.5 MB
Progress (5): 11/12 MB | 1.9/3.5 MB | 1.4/1.9 MB | 0.7/1.3 MB | 0.2/1.5 MB
Progress (5): 11/12 MB | 1.9/3.5 MB | 1.4/1.9 MB | 0.7/1.3 MB | 0.2/1.5 MB
Progress (5): 11/12 MB | 1.9/3.5 MB | 1.4/1.9 MB | 0.7/1.3 MB | 0.2/1.5 MB
Progress (5): 11/12 MB | 1.9/3.5 MB | 1.4/1.9 MB | 0.7/1.3 MB | 0.2/1.5 MB
Progress (5): 11/12 MB | 1.9/3.5 MB | 1.4/1.9 MB | 0.8/1.3 MB | 0.2/1.5 MB
Progress (5): 11/12 MB | 1.9/3.5 MB | 1.4/1.9 MB | 0.8/1.3 MB | 0.2/1.5 MB
Progress (5): 11/12 MB | 1.9/3.5 MB | 1.4/1.9 MB | 0.8/1.3 MB | 0.2/1.5 MB
Progress (5): 11/12 MB | 1.9/3.5 MB | 1.4/1.9 MB | 0.8/1.3 MB | 0.2/1.5 MB
Progress (5): 11/12 MB | 1.9/3.5 MB | 1.4/1.9 MB | 0.8/1.3 MB | 0.2/1.5 MB
Progress (5): 11/12 MB | 1.9/3.5 MB | 1.4/1.9 MB | 0.8/1.3 MB | 0.2/1.5 MB
Progress (5): 11/12 MB | 1.9/3.5 MB | 1.4/1.9 MB | 0.8/1.3 MB | 0.2/1.5 MB
Progress (5): 11/12 MB | 1.9/3.5 MB | 1.4/1.9 MB | 0.8/1.3 MB | 0.2/1.5 MB
Progress (5): 11/12 MB | 1.9/3.5 MB | 1.4/1.9 MB | 0.8/1.3 MB | 0.2/1.5 MB
Progress (5): 11/12 MB | 1.9/3.5 MB | 1.4/1.9 MB | 0.8/1.3 MB | 0.2/1.5 MB
Progress (5): 11/12 MB | 1.9/3.5 MB | 1.4/1.9 MB | 0.8/1.3 MB | 0.2/1.5 MB
Progress (5): 11/12 MB | 1.9/3.5 MB | 1.4/1.9 MB | 0.8/1.3 MB | 0.2/1.5 MB
Progress (5): 11/12 MB | 1.9/3.5 MB | 1.4/1.9 MB | 0.8/1.3 MB | 0.2/1.5 MB
Progress (5): 11/12 MB | 1.9/3.5 MB | 1.4/1.9 MB | 0.8/1.3 MB | 0.2/1.5 MB
Progress (5): 11/12 MB | 1.9/3.5 MB | 1.4/1.9 MB | 0.8/1.3 MB | 0.2/1.5 MB
Progress (5): 11/12 MB | 1.9/3.5 MB | 1.4/1.9 MB | 0.8/1.3 MB | 0.2/1.5 MB
Progress (5): 11/12 MB | 1.9/3.5 MB | 1.4/1.9 MB | 0.8/1.3 MB | 0.2/1.5 MB
Progress (5): 11/12 MB | 1.9/3.5 MB | 1.4/1.9 MB | 0.8/1.3 MB | 0.2/1.5 MB
Progress (5): 11/12 MB | 1.9/3.5 MB | 1.4/1.9 MB | 0.8/1.3 MB | 0.3/1.5 MB
Progress (5): 11/12 MB | 1.9/3.5 MB | 1.4/1.9 MB | 0.8/1.3 MB | 0.3/1.5 MB
Progress (5): 11/12 MB | 1.9/3.5 MB | 1.5/1.9 MB | 0.8/1.3 MB | 0.3/1.5 MB
Progress (5): 11/12 MB | 1.9/3.5 MB | 1.5/1.9 MB | 0.8/1.3 MB | 0.3/1.5 MB
Progress (5): 11/12 MB | 2.0/3.5 MB | 1.5/1.9 MB | 0.8/1.3 MB | 0.3/1.5 MB
Progress (5): 11/12 MB | 2.0/3.5 MB | 1.5/1.9 MB | 0.8/1.3 MB | 0.3/1.5 MB
Progress (5): 11/12 MB | 2.0/3.5 MB | 1.5/1.9 MB | 0.8/1.3 MB | 0.3/1.5 MB
Progress (5): 11/12 MB | 2.0/3.5 MB | 1.5/1.9 MB | 0.8/1.3 MB | 0.3/1.5 MB
Progress (5): 11/12 MB | 2.0/3.5 MB | 1.5/1.9 MB | 0.8/1.3 MB | 0.3/1.5 MB
Progress (5): 11/12 MB | 2.0/3.5 MB | 1.5/1.9 MB | 0.8/1.3 MB | 0.3/1.5 MB
Progress (5): 11/12 MB | 2.0/3.5 MB | 1.5/1.9 MB | 0.8/1.3 MB | 0.3/1.5 MB
Progress (5): 11/12 MB | 2.0/3.5 MB | 1.5/1.9 MB | 0.8/1.3 MB | 0.3/1.5 MB
Progress (5): 11/12 MB | 2.0/3.5 MB | 1.5/1.9 MB | 0.8/1.3 MB | 0.3/1.5 MB
Progress (5): 11/12 MB | 2.0/3.5 MB | 1.5/1.9 MB | 0.8/1.3 MB | 0.3/1.5 MB
Progress (5): 11/12 MB | 2.0/3.5 MB | 1.5/1.9 MB | 0.8/1.3 MB | 0.3/1.5 MB
Progress (5): 11/12 MB | 2.0/3.5 MB | 1.5/1.9 MB | 0.8/1.3 MB | 0.3/1.5 MB
Progress (5): 11/12 MB | 2.0/3.5 MB | 1.5/1.9 MB | 0.8/1.3 MB | 0.3/1.5 MB
Progress (5): 11/12 MB | 2.0/3.5 MB | 1.5/1.9 MB | 0.8/1.3 MB | 0.3/1.5 MB
Progress (5): 11/12 MB | 2.0/3.5 MB | 1.5/1.9 MB | 0.8/1.3 MB | 0.3/1.5 MB
Progress (5): 11/12 MB | 2.0/3.5 MB | 1.5/1.9 MB | 0.8/1.3 MB | 0.3/1.5 MB
Progress (5): 11/12 MB | 2.0/3.5 MB | 1.5/1.9 MB | 0.8/1.3 MB | 0.3/1.5 MB
Progress (5): 11/12 MB | 2.0/3.5 MB | 1.5/1.9 MB | 0.8/1.3 MB | 0.3/1.5 MB
Progress (5): 11/12 MB | 2.0/3.5 MB | 1.5/1.9 MB | 0.8/1.3 MB | 0.3/1.5 MB
Progress (5): 11/12 MB | 2.0/3.5 MB | 1.5/1.9 MB | 0.8/1.3 MB | 0.3/1.5 MB
Progress (5): 11/12 MB | 2.0/3.5 MB | 1.5/1.9 MB | 0.8/1.3 MB | 0.3/1.5 MB
Progress (5): 11/12 MB | 2.0/3.5 MB | 1.5/1.9 MB | 0.8/1.3 MB | 0.3/1.5 MB
Progress (5): 11/12 MB | 2.0/3.5 MB | 1.5/1.9 MB | 0.8/1.3 MB | 0.3/1.5 MB
Progress (5): 11/12 MB | 2.0/3.5 MB | 1.5/1.9 MB | 0.8/1.3 MB | 0.3/1.5 MB
Progress (5): 11/12 MB | 2.0/3.5 MB | 1.5/1.9 MB | 0.8/1.3 MB | 0.3/1.5 MB
Progress (5): 11/12 MB | 2.0/3.5 MB | 1.5/1.9 MB | 0.8/1.3 MB | 0.3/1.5 MB
Progress (5): 11/12 MB | 2.0/3.5 MB | 1.5/1.9 MB | 0.8/1.3 MB | 0.3/1.5 MB
Progress (5): 11/12 MB | 2.1/3.5 MB | 1.5/1.9 MB | 0.8/1.3 MB | 0.3/1.5 MB
Progress (5): 11/12 MB | 2.1/3.5 MB | 1.5/1.9 MB | 0.8/1.3 MB | 0.3/1.5 MB
Progress (5): 11/12 MB | 2.1/3.5 MB | 1.5/1.9 MB | 0.8/1.3 MB | 0.3/1.5 MB
Progress (5): 11/12 MB | 2.1/3.5 MB | 1.5/1.9 MB | 0.8/1.3 MB | 0.3/1.5 MB
Progress (5): 11/12 MB | 2.1/3.5 MB | 1.5/1.9 MB | 0.8/1.3 MB | 0.3/1.5 MB
Progress (5): 11/12 MB | 2.1/3.5 MB | 1.5/1.9 MB | 0.8/1.3 MB | 0.3/1.5 MB
Progress (5): 11/12 MB | 2.1/3.5 MB | 1.5/1.9 MB | 0.8/1.3 MB | 0.3/1.5 MB
Progress (5): 11/12 MB | 2.1/3.5 MB | 1.5/1.9 MB | 0.8/1.3 MB | 0.3/1.5 MB
Progress (5): 11/12 MB | 2.1/3.5 MB | 1.5/1.9 MB | 0.8/1.3 MB | 0.3/1.5 MB
Progress (5): 11/12 MB | 2.1/3.5 MB | 1.5/1.9 MB | 0.8/1.3 MB | 0.3/1.5 MB
Progress (5): 11/12 MB | 2.1/3.5 MB | 1.5/1.9 MB | 0.8/1.3 MB | 0.3/1.5 MB
Progress (5): 11/12 MB | 2.1/3.5 MB | 1.5/1.9 MB | 0.8/1.3 MB | 0.3/1.5 MB
Progress (5): 11/12 MB | 2.1/3.5 MB | 1.5/1.9 MB | 0.9/1.3 MB | 0.3/1.5 MB
Progress (5): 11/12 MB | 2.1/3.5 MB | 1.5/1.9 MB | 0.9/1.3 MB | 0.3/1.5 MB
Progress (5): 11/12 MB | 2.1/3.5 MB | 1.5/1.9 MB | 0.9/1.3 MB | 0.3/1.5 MB
Progress (5): 11/12 MB | 2.1/3.5 MB | 1.5/1.9 MB | 0.9/1.3 MB | 0.3/1.5 MB
Progress (5): 11/12 MB | 2.1/3.5 MB | 1.5/1.9 MB | 0.9/1.3 MB | 0.4/1.5 MB
Progress (5): 11/12 MB | 2.1/3.5 MB | 1.5/1.9 MB | 0.9/1.3 MB | 0.4/1.5 MB
Progress (5): 11/12 MB | 2.1/3.5 MB | 1.5/1.9 MB | 0.9/1.3 MB | 0.4/1.5 MB
Progress (5): 11/12 MB | 2.1/3.5 MB | 1.5/1.9 MB | 0.9/1.3 MB | 0.4/1.5 MB
Progress (5): 11/12 MB | 2.1/3.5 MB | 1.6/1.9 MB | 0.9/1.3 MB | 0.4/1.5 MB
Progress (5): 11/12 MB | 2.1/3.5 MB | 1.6/1.9 MB | 0.9/1.3 MB | 0.4/1.5 MB
Progress (5): 11/12 MB | 2.1/3.5 MB | 1.6/1.9 MB | 0.9/1.3 MB | 0.4/1.5 MB
Progress (5): 11/12 MB | 2.1/3.5 MB | 1.6/1.9 MB | 0.9/1.3 MB | 0.4/1.5 MB
Progress (5): 11/12 MB | 2.1/3.5 MB | 1.6/1.9 MB | 0.9/1.3 MB | 0.4/1.5 MB
Progress (5): 11/12 MB | 2.1/3.5 MB | 1.6/1.9 MB | 0.9/1.3 MB | 0.4/1.5 MB
Progress (5): 11/12 MB | 2.1/3.5 MB | 1.6/1.9 MB | 0.9/1.3 MB | 0.4/1.5 MB
Progress (5): 11/12 MB | 2.1/3.5 MB | 1.6/1.9 MB | 0.9/1.3 MB | 0.4/1.5 MB
Progress (5): 11/12 MB | 2.1/3.5 MB | 1.6/1.9 MB | 0.9/1.3 MB | 0.4/1.5 MB
Progress (5): 11/12 MB | 2.1/3.5 MB | 1.6/1.9 MB | 0.9/1.3 MB | 0.4/1.5 MB
Progress (5): 11/12 MB | 2.1/3.5 MB | 1.6/1.9 MB | 0.9/1.3 MB | 0.4/1.5 MB
Progress (5): 11/12 MB | 2.1/3.5 MB | 1.6/1.9 MB | 0.9/1.3 MB | 0.4/1.5 MB
Progress (5): 11/12 MB | 2.1/3.5 MB | 1.6/1.9 MB | 0.9/1.3 MB | 0.4/1.5 MB
Progress (5): 11/12 MB | 2.1/3.5 MB | 1.6/1.9 MB | 0.9/1.3 MB | 0.4/1.5 MB
Progress (5): 11/12 MB | 2.1/3.5 MB | 1.6/1.9 MB | 0.9/1.3 MB | 0.4/1.5 MB
Progress (5): 11/12 MB | 2.1/3.5 MB | 1.6/1.9 MB | 0.9/1.3 MB | 0.4/1.5 MB
Progress (5): 11/12 MB | 2.1/3.5 MB | 1.6/1.9 MB | 0.9/1.3 MB | 0.4/1.5 MB
Progress (5): 11/12 MB | 2.1/3.5 MB | 1.6/1.9 MB | 0.9/1.3 MB | 0.4/1.5 MB
Progress (5): 11/12 MB | 2.1/3.5 MB | 1.6/1.9 MB | 0.9/1.3 MB | 0.4/1.5 MB
Progress (5): 11/12 MB | 2.1/3.5 MB | 1.6/1.9 MB | 0.9/1.3 MB | 0.4/1.5 MB
Progress (5): 11/12 MB | 2.1/3.5 MB | 1.6/1.9 MB | 0.9/1.3 MB | 0.4/1.5 MB
Progress (5): 11/12 MB | 2.1/3.5 MB | 1.6/1.9 MB | 0.9/1.3 MB | 0.4/1.5 MB
Progress (5): 11/12 MB | 2.1/3.5 MB | 1.6/1.9 MB | 0.9/1.3 MB | 0.4/1.5 MB
Progress (5): 11/12 MB | 2.1/3.5 MB | 1.6/1.9 MB | 0.9/1.3 MB | 0.4/1.5 MB
Progress (5): 11/12 MB | 2.1/3.5 MB | 1.6/1.9 MB | 0.9/1.3 MB | 0.4/1.5 MB
Progress (5): 12/12 MB | 2.1/3.5 MB | 1.6/1.9 MB | 0.9/1.3 MB | 0.4/1.5 MB
Progress (5): 12/12 MB | 2.1/3.5 MB | 1.6/1.9 MB | 0.9/1.3 MB | 0.4/1.5 MB
Progress (5): 12/12 MB | 2.1/3.5 MB | 1.6/1.9 MB | 0.9/1.3 MB | 0.4/1.5 MB
Progress (5): 12/12 MB | 2.1/3.5 MB | 1.6/1.9 MB | 0.9/1.3 MB | 0.4/1.5 MB
Progress (5): 12/12 MB | 2.1/3.5 MB | 1.6/1.9 MB | 0.9/1.3 MB | 0.4/1.5 MB
Progress (5): 12/12 MB | 2.1/3.5 MB | 1.6/1.9 MB | 0.9/1.3 MB | 0.4/1.5 MB
Progress (5): 12/12 MB | 2.1/3.5 MB | 1.6/1.9 MB | 0.9/1.3 MB | 0.4/1.5 MB
Progress (5): 12 MB | 2.1/3.5 MB | 1.6/1.9 MB | 0.9/1.3 MB | 0.4/1.5 MB   
Progress (5): 12 MB | 2.1/3.5 MB | 1.6/1.9 MB | 0.9/1.3 MB | 0.4/1.5 MB
Progress (5): 12 MB | 2.2/3.5 MB | 1.6/1.9 MB | 0.9/1.3 MB | 0.4/1.5 MB
Progress (5): 12 MB | 2.2/3.5 MB | 1.6/1.9 MB | 0.9/1.3 MB | 0.4/1.5 MB
Progress (5): 12 MB | 2.2/3.5 MB | 1.6/1.9 MB | 0.9/1.3 MB | 0.4/1.5 MB
Progress (5): 12 MB | 2.2/3.5 MB | 1.6/1.9 MB | 0.9/1.3 MB | 0.5/1.5 MB
Progress (5): 12 MB | 2.2/3.5 MB | 1.6/1.9 MB | 0.9/1.3 MB | 0.5/1.5 MB
Progress (5): 12 MB | 2.2/3.5 MB | 1.6/1.9 MB | 0.9/1.3 MB | 0.5/1.5 MB
Progress (5): 12 MB | 2.2/3.5 MB | 1.7/1.9 MB | 0.9/1.3 MB | 0.5/1.5 MB
Progress (5): 12 MB | 2.2/3.5 MB | 1.7/1.9 MB | 0.9/1.3 MB | 0.5/1.5 MB
Progress (5): 12 MB | 2.2/3.5 MB | 1.7/1.9 MB | 0.9/1.3 MB | 0.5/1.5 MB
Progress (5): 12 MB | 2.2/3.5 MB | 1.7/1.9 MB | 0.9/1.3 MB | 0.5/1.5 MB
Progress (5): 12 MB | 2.2/3.5 MB | 1.7/1.9 MB | 1.0/1.3 MB | 0.5/1.5 MB
Progress (5): 12 MB | 2.2/3.5 MB | 1.7/1.9 MB | 1.0/1.3 MB | 0.5/1.5 MB
Progress (5): 12 MB | 2.2/3.5 MB | 1.7/1.9 MB | 1.0/1.3 MB | 0.5/1.5 MB
Progress (5): 12 MB | 2.2/3.5 MB | 1.7/1.9 MB | 1.0/1.3 MB | 0.5/1.5 MB
Progress (5): 12 MB | 2.2/3.5 MB | 1.7/1.9 MB | 1.0/1.3 MB | 0.5/1.5 MB
                                                                       
Downloaded from central: https://repo.maven.apache.org/maven2/org/hibernate/orm/hibernate-core/6.4.4.Final/hibernate-core-6.4.4.Final.jar (12 MB at 537 kB/s)
Downloading from central: https://repo.maven.apache.org/maven2/org/projectlombok/lombok/1.18.30/lombok-1.18.30.jar
Progress (4): 2.2/3.5 MB | 1.7/1.9 MB | 1.0/1.3 MB | 0.5/1.5 MB
Progress (4): 2.2/3.5 MB | 1.7/1.9 MB | 1.0/1.3 MB | 0.5/1.5 MB
Progress (4): 2.2/3.5 MB | 1.7/1.9 MB | 1.0/1.3 MB | 0.5/1.5 MB
Progress (4): 2.2/3.5 MB | 1.7/1.9 MB | 1.0/1.3 MB | 0.5/1.5 MB
Progress (4): 2.2/3.5 MB | 1.7/1.9 MB | 1.0/1.3 MB | 0.5/1.5 MB
Progress (4): 2.2/3.5 MB | 1.7/1.9 MB | 1.0/1.3 MB | 0.5/1.5 MB
Progress (4): 2.2/3.5 MB | 1.7/1.9 MB | 1.0/1.3 MB | 0.5/1.5 MB
Progress (4): 2.2/3.5 MB | 1.7/1.9 MB | 1.0/1.3 MB | 0.5/1.5 MB
Progress (4): 2.2/3.5 MB | 1.7/1.9 MB | 1.0/1.3 MB | 0.5/1.5 MB
Progress (4): 2.2/3.5 MB | 1.7/1.9 MB | 1.0/1.3 MB | 0.5/1.5 MB
Progress (4): 2.2/3.5 MB | 1.7/1.9 MB | 1.0/1.3 MB | 0.5/1.5 MB
Progress (4): 2.2/3.5 MB | 1.7/1.9 MB | 1.0/1.3 MB | 0.5/1.5 MB
Progress (4): 2.2/3.5 MB | 1.7/1.9 MB | 1.0/1.3 MB | 0.5/1.5 MB
Progress (4): 2.2/3.5 MB | 1.7/1.9 MB | 1.0/1.3 MB | 0.5/1.5 MB
Progress (4): 2.2/3.5 MB | 1.7/1.9 MB | 1.0/1.3 MB | 0.5/1.5 MB
Progress (4): 2.2/3.5 MB | 1.7/1.9 MB | 1.0/1.3 MB | 0.5/1.5 MB
Progress (5): 2.2/3.5 MB | 1.7/1.9 MB | 1.0/1.3 MB | 0.5/1.5 MB | 0/2.0 MB
Progress (5): 2.2/3.5 MB | 1.7/1.9 MB | 1.0/1.3 MB | 0.5/1.5 MB | 0/2.0 MB
Progress (5): 2.2/3.5 MB | 1.7/1.9 MB | 1.0/1.3 MB | 0.5/1.5 MB | 0/2.0 MB
Progress (5): 2.2/3.5 MB | 1.7/1.9 MB | 1.0/1.3 MB | 0.5/1.5 MB | 0/2.0 MB
Progress (5): 2.2/3.5 MB | 1.7/1.9 MB | 1.0/1.3 MB | 0.5/1.5 MB | 0/2.0 MB
Progress (5): 2.2/3.5 MB | 1.7/1.9 MB | 1.0/1.3 MB | 0.5/1.5 MB | 0/2.0 MB
Progress (5): 2.2/3.5 MB | 1.7/1.9 MB | 1.0/1.3 MB | 0.5/1.5 MB | 0/2.0 MB
Progress (5): 2.2/3.5 MB | 1.7/1.9 MB | 1.0/1.3 MB | 0.5/1.5 MB | 0/2.0 MB
Progress (5): 2.2/3.5 MB | 1.7/1.9 MB | 1.0/1.3 MB | 0.5/1.5 MB | 0/2.0 MB
Progress (5): 2.2/3.5 MB | 1.7/1.9 MB | 1.0/1.3 MB | 0.5/1.5 MB | 0/2.0 MB
Progress (5): 2.2/3.5 MB | 1.7/1.9 MB | 1.0/1.3 MB | 0.5/1.5 MB | 0/2.0 MB
Progress (5): 2.2/3.5 MB | 1.7/1.9 MB | 1.0/1.3 MB | 0.5/1.5 MB | 0/2.0 MB
Progress (5): 2.3/3.5 MB | 1.7/1.9 MB | 1.0/1.3 MB | 0.5/1.5 MB | 0/2.0 MB
Progress (5): 2.3/3.5 MB | 1.7/1.9 MB | 1.0/1.3 MB | 0.5/1.5 MB | 0/2.0 MB
Progress (5): 2.3/3.5 MB | 1.7/1.9 MB | 1.0/1.3 MB | 0.5/1.5 MB | 0/2.0 MB
Progress (5): 2.3/3.5 MB | 1.7/1.9 MB | 1.0/1.3 MB | 0.6/1.5 MB | 0/2.0 MB
Progress (5): 2.3/3.5 MB | 1.7/1.9 MB | 1.0/1.3 MB | 0.6/1.5 MB | 0/2.0 MB
Progress (5): 2.3/3.5 MB | 1.7/1.9 MB | 1.0/1.3 MB | 0.6/1.5 MB | 0/2.0 MB
Progress (5): 2.3/3.5 MB | 1.7/1.9 MB | 1.0/1.3 MB | 0.6/1.5 MB | 0/2.0 MB
Progress (5): 2.3/3.5 MB | 1.7/1.9 MB | 1.0/1.3 MB | 0.6/1.5 MB | 0/2.0 MB
Progress (5): 2.3/3.5 MB | 1.7/1.9 MB | 1.0/1.3 MB | 0.6/1.5 MB | 0.1/2.0 MB
Progress (5): 2.3/3.5 MB | 1.7/1.9 MB | 1.0/1.3 MB | 0.6/1.5 MB | 0.1/2.0 MB
Progress (5): 2.3/3.5 MB | 1.7/1.9 MB | 1.0/1.3 MB | 0.6/1.5 MB | 0.1/2.0 MB
Progress (5): 2.3/3.5 MB | 1.7/1.9 MB | 1.0/1.3 MB | 0.6/1.5 MB | 0.1/2.0 MB
Progress (5): 2.3/3.5 MB | 1.7/1.9 MB | 1.0/1.3 MB | 0.6/1.5 MB | 0.1/2.0 MB
Progress (5): 2.3/3.5 MB | 1.7/1.9 MB | 1.0/1.3 MB | 0.6/1.5 MB | 0.1/2.0 MB
Progress (5): 2.3/3.5 MB | 1.7/1.9 MB | 1.0/1.3 MB | 0.6/1.5 MB | 0.1/2.0 MB
Progress (5): 2.3/3.5 MB | 1.7/1.9 MB | 1.0/1.3 MB | 0.6/1.5 MB | 0.1/2.0 MB
Progress (5): 2.3/3.5 MB | 1.8/1.9 MB | 1.0/1.3 MB | 0.6/1.5 MB | 0.1/2.0 MB
Progress (5): 2.3/3.5 MB | 1.8/1.9 MB | 1.0/1.3 MB | 0.6/1.5 MB | 0.1/2.0 MB
Progress (5): 2.3/3.5 MB | 1.8/1.9 MB | 1.0/1.3 MB | 0.6/1.5 MB | 0.1/2.0 MB
Progress (5): 2.3/3.5 MB | 1.8/1.9 MB | 1.0/1.3 MB | 0.6/1.5 MB | 0.1/2.0 MB
Progress (5): 2.3/3.5 MB | 1.8/1.9 MB | 1.0/1.3 MB | 0.6/1.5 MB | 0.1/2.0 MB
Progress (5): 2.3/3.5 MB | 1.8/1.9 MB | 1.0/1.3 MB | 0.6/1.5 MB | 0.1/2.0 MB
Progress (5): 2.3/3.5 MB | 1.8/1.9 MB | 1.0/1.3 MB | 0.6/1.5 MB | 0.1/2.0 MB
Progress (5): 2.3/3.5 MB | 1.8/1.9 MB | 1.0/1.3 MB | 0.6/1.5 MB | 0.1/2.0 MB
Progress (5): 2.3/3.5 MB | 1.8/1.9 MB | 1.0/1.3 MB | 0.6/1.5 MB | 0.1/2.0 MB
Progress (5): 2.3/3.5 MB | 1.8/1.9 MB | 1.0/1.3 MB | 0.6/1.5 MB | 0.1/2.0 MB
Progress (5): 2.3/3.5 MB | 1.8/1.9 MB | 1.1/1.3 MB | 0.6/1.5 MB | 0.1/2.0 MB
Progress (5): 2.3/3.5 MB | 1.8/1.9 MB | 1.1/1.3 MB | 0.6/1.5 MB | 0.1/2.0 MB
Progress (5): 2.3/3.5 MB | 1.8/1.9 MB | 1.1/1.3 MB | 0.6/1.5 MB | 0.1/2.0 MB
Progress (5): 2.3/3.5 MB | 1.8/1.9 MB | 1.1/1.3 MB | 0.6/1.5 MB | 0.1/2.0 MB
Progress (5): 2.3/3.5 MB | 1.8/1.9 MB | 1.1/1.3 MB | 0.6/1.5 MB | 0.1/2.0 MB
Progress (5): 2.3/3.5 MB | 1.8/1.9 MB | 1.1/1.3 MB | 0.6/1.5 MB | 0.1/2.0 MB
Progress (5): 2.3/3.5 MB | 1.8/1.9 MB | 1.1/1.3 MB | 0.6/1.5 MB | 0.1/2.0 MB
Progress (5): 2.3/3.5 MB | 1.8/1.9 MB | 1.1/1.3 MB | 0.6/1.5 MB | 0.1/2.0 MB
Progress (5): 2.3/3.5 MB | 1.8/1.9 MB | 1.1/1.3 MB | 0.6/1.5 MB | 0.1/2.0 MB
Progress (5): 2.3/3.5 MB | 1.8/1.9 MB | 1.1/1.3 MB | 0.6/1.5 MB | 0.1/2.0 MB
Progress (5): 2.3/3.5 MB | 1.8/1.9 MB | 1.1/1.3 MB | 0.6/1.5 MB | 0.1/2.0 MB
Progress (5): 2.3/3.5 MB | 1.8/1.9 MB | 1.1/1.3 MB | 0.6/1.5 MB | 0.1/2.0 MB
Progress (5): 2.3/3.5 MB | 1.8/1.9 MB | 1.1/1.3 MB | 0.6/1.5 MB | 0.1/2.0 MB
Progress (5): 2.3/3.5 MB | 1.8/1.9 MB | 1.1/1.3 MB | 0.6/1.5 MB | 0.1/2.0 MB
Progress (5): 2.3/3.5 MB | 1.8/1.9 MB | 1.1/1.3 MB | 0.6/1.5 MB | 0.1/2.0 MB
Progress (5): 2.3/3.5 MB | 1.8/1.9 MB | 1.1/1.3 MB | 0.6/1.5 MB | 0.1/2.0 MB
Progress (5): 2.3/3.5 MB | 1.8/1.9 MB | 1.1/1.3 MB | 0.6/1.5 MB | 0.1/2.0 MB
Progress (5): 2.3/3.5 MB | 1.8/1.9 MB | 1.1/1.3 MB | 0.6/1.5 MB | 0.1/2.0 MB
Progress (5): 2.3/3.5 MB | 1.8/1.9 MB | 1.1/1.3 MB | 0.6/1.5 MB | 0.1/2.0 MB
Progress (5): 2.3/3.5 MB | 1.8/1.9 MB | 1.1/1.3 MB | 0.6/1.5 MB | 0.1/2.0 MB
Progress (5): 2.3/3.5 MB | 1.8/1.9 MB | 1.1/1.3 MB | 0.6/1.5 MB | 0.1/2.0 MB
Progress (5): 2.3/3.5 MB | 1.8/1.9 MB | 1.1/1.3 MB | 0.6/1.5 MB | 0.1/2.0 MB
Progress (5): 2.3/3.5 MB | 1.8/1.9 MB | 1.1/1.3 MB | 0.6/1.5 MB | 0.1/2.0 MB
Progress (5): 2.3/3.5 MB | 1.8/1.9 MB | 1.1/1.3 MB | 0.6/1.5 MB | 0.1/2.0 MB
Progress (5): 2.3/3.5 MB | 1.8/1.9 MB | 1.1/1.3 MB | 0.6/1.5 MB | 0.1/2.0 MB
Progress (5): 2.3/3.5 MB | 1.8/1.9 MB | 1.1/1.3 MB | 0.6/1.5 MB | 0.2/2.0 MB
Progress (5): 2.3/3.5 MB | 1.8/1.9 MB | 1.1/1.3 MB | 0.6/1.5 MB | 0.2/2.0 MB
Progress (5): 2.3/3.5 MB | 1.8/1.9 MB | 1.1/1.3 MB | 0.6/1.5 MB | 0.2/2.0 MB
Progress (5): 2.3/3.5 MB | 1.8/1.9 MB | 1.1/1.3 MB | 0.6/1.5 MB | 0.2/2.0 MB
Progress (5): 2.3/3.5 MB | 1.8/1.9 MB | 1.1/1.3 MB | 0.6/1.5 MB | 0.2/2.0 MB
Progress (5): 2.3/3.5 MB | 1.8/1.9 MB | 1.1/1.3 MB | 0.6/1.5 MB | 0.2/2.0 MB
Progress (5): 2.3/3.5 MB | 1.8/1.9 MB | 1.1/1.3 MB | 0.6/1.5 MB | 0.2/2.0 MB
Progress (5): 2.3/3.5 MB | 1.8/1.9 MB | 1.1/1.3 MB | 0.6/1.5 MB | 0.2/2.0 MB
Progress (5): 2.3/3.5 MB | 1.8/1.9 MB | 1.1/1.3 MB | 0.7/1.5 MB | 0.2/2.0 MB
Progress (5): 2.3/3.5 MB | 1.8/1.9 MB | 1.1/1.3 MB | 0.7/1.5 MB | 0.2/2.0 MB
Progress (5): 2.3/3.5 MB | 1.9/1.9 MB | 1.1/1.3 MB | 0.7/1.5 MB | 0.2/2.0 MB
Progress (5): 2.3/3.5 MB | 1.9/1.9 MB | 1.1/1.3 MB | 0.7/1.5 MB | 0.2/2.0 MB
Progress (5): 2.3/3.5 MB | 1.9/1.9 MB | 1.1/1.3 MB | 0.7/1.5 MB | 0.2/2.0 MB
Progress (5): 2.3/3.5 MB | 1.9/1.9 MB | 1.1/1.3 MB | 0.7/1.5 MB | 0.2/2.0 MB
Progress (5): 2.3/3.5 MB | 1.9/1.9 MB | 1.1/1.3 MB | 0.7/1.5 MB | 0.2/2.0 MB
Progress (5): 2.3/3.5 MB | 1.9/1.9 MB | 1.1/1.3 MB | 0.7/1.5 MB | 0.2/2.0 MB
Progress (5): 2.3/3.5 MB | 1.9/1.9 MB | 1.1/1.3 MB | 0.7/1.5 MB | 0.2/2.0 MB
Progress (5): 2.3/3.5 MB | 1.9/1.9 MB | 1.1/1.3 MB | 0.7/1.5 MB | 0.2/2.0 MB
Progress (5): 2.3/3.5 MB | 1.9/1.9 MB | 1.1/1.3 MB | 0.7/1.5 MB | 0.2/2.0 MB
Progress (5): 2.3/3.5 MB | 1.9/1.9 MB | 1.1/1.3 MB | 0.7/1.5 MB | 0.2/2.0 MB
Progress (5): 2.3/3.5 MB | 1.9/1.9 MB | 1.1/1.3 MB | 0.7/1.5 MB | 0.2/2.0 MB
Progress (5): 2.3/3.5 MB | 1.9/1.9 MB | 1.1/1.3 MB | 0.7/1.5 MB | 0.2/2.0 MB
Progress (5): 2.3/3.5 MB | 1.9/1.9 MB | 1.1/1.3 MB | 0.7/1.5 MB | 0.2/2.0 MB
Progress (5): 2.4/3.5 MB | 1.9/1.9 MB | 1.1/1.3 MB | 0.7/1.5 MB | 0.2/2.0 MB
Progress (5): 2.4/3.5 MB | 1.9/1.9 MB | 1.1/1.3 MB | 0.7/1.5 MB | 0.2/2.0 MB
Progress (5): 2.4/3.5 MB | 1.9/1.9 MB | 1.1/1.3 MB | 0.7/1.5 MB | 0.2/2.0 MB
Progress (5): 2.4/3.5 MB | 1.9/1.9 MB | 1.1/1.3 MB | 0.7/1.5 MB | 0.2/2.0 MB
Progress (5): 2.4/3.5 MB | 1.9/1.9 MB | 1.1/1.3 MB | 0.7/1.5 MB | 0.2/2.0 MB
Progress (5): 2.4/3.5 MB | 1.9/1.9 MB | 1.1/1.3 MB | 0.7/1.5 MB | 0.2/2.0 MB
Progress (5): 2.4/3.5 MB | 1.9/1.9 MB | 1.1/1.3 MB | 0.7/1.5 MB | 0.2/2.0 MB
Progress (5): 2.4/3.5 MB | 1.9/1.9 MB | 1.1/1.3 MB | 0.7/1.5 MB | 0.2/2.0 MB
Progress (5): 2.4/3.5 MB | 1.9/1.9 MB | 1.1/1.3 MB | 0.7/1.5 MB | 0.2/2.0 MB
Progress (5): 2.4/3.5 MB | 1.9/1.9 MB | 1.1/1.3 MB | 0.7/1.5 MB | 0.3/2.0 MB
Progress (5): 2.4/3.5 MB | 1.9/1.9 MB | 1.1/1.3 MB | 0.7/1.5 MB | 0.3/2.0 MB
Progress (5): 2.4/3.5 MB | 1.9/1.9 MB | 1.1/1.3 MB | 0.7/1.5 MB | 0.3/2.0 MB
Progress (5): 2.4/3.5 MB | 1.9/1.9 MB | 1.1/1.3 MB | 0.7/1.5 MB | 0.3/2.0 MB
Progress (5): 2.4/3.5 MB | 1.9/1.9 MB | 1.1/1.3 MB | 0.7/1.5 MB | 0.3/2.0 MB
Progress (5): 2.4/3.5 MB | 1.9 MB | 1.1/1.3 MB | 0.7/1.5 MB | 0.3/2.0 MB    
Progress (5): 2.4/3.5 MB | 1.9 MB | 1.1/1.3 MB | 0.7/1.5 MB | 0.3/2.0 MB
Progress (5): 2.4/3.5 MB | 1.9 MB | 1.1/1.3 MB | 0.7/1.5 MB | 0.3/2.0 MB
Progress (5): 2.4/3.5 MB | 1.9 MB | 1.1/1.3 MB | 0.7/1.5 MB | 0.3/2.0 MB
Progress (5): 2.4/3.5 MB | 1.9 MB | 1.1/1.3 MB | 0.7/1.5 MB | 0.3/2.0 MB
Progress (5): 2.4/3.5 MB | 1.9 MB | 1.2/1.3 MB | 0.7/1.5 MB | 0.3/2.0 MB
Progress (5): 2.4/3.5 MB | 1.9 MB | 1.2/1.3 MB | 0.7/1.5 MB | 0.3/2.0 MB
Progress (5): 2.4/3.5 MB | 1.9 MB | 1.2/1.3 MB | 0.7/1.5 MB | 0.3/2.0 MB
Progress (5): 2.4/3.5 MB | 1.9 MB | 1.2/1.3 MB | 0.7/1.5 MB | 0.3/2.0 MB
Progress (5): 2.4/3.5 MB | 1.9 MB | 1.2/1.3 MB | 0.7/1.5 MB | 0.3/2.0 MB
Progress (5): 2.4/3.5 MB | 1.9 MB | 1.2/1.3 MB | 0.7/1.5 MB | 0.3/2.0 MB
Progress (5): 2.4/3.5 MB | 1.9 MB | 1.2/1.3 MB | 0.7/1.5 MB | 0.3/2.0 MB
Progress (5): 2.4/3.5 MB | 1.9 MB | 1.2/1.3 MB | 0.7/1.5 MB | 0.3/2.0 MB
Progress (5): 2.4/3.5 MB | 1.9 MB | 1.2/1.3 MB | 0.7/1.5 MB | 0.3/2.0 MB
Progress (5): 2.4/3.5 MB | 1.9 MB | 1.2/1.3 MB | 0.7/1.5 MB | 0.3/2.0 MB
Progress (5): 2.4/3.5 MB | 1.9 MB | 1.2/1.3 MB | 0.7/1.5 MB | 0.3/2.0 MB
Progress (5): 2.4/3.5 MB | 1.9 MB | 1.2/1.3 MB | 0.7/1.5 MB | 0.3/2.0 MB
Progress (5): 2.4/3.5 MB | 1.9 MB | 1.2/1.3 MB | 0.7/1.5 MB | 0.3/2.0 MB
Progress (5): 2.4/3.5 MB | 1.9 MB | 1.2/1.3 MB | 0.7/1.5 MB | 0.3/2.0 MB
Progress (5): 2.4/3.5 MB | 1.9 MB | 1.2/1.3 MB | 0.7/1.5 MB | 0.3/2.0 MB
Progress (5): 2.4/3.5 MB | 1.9 MB | 1.2/1.3 MB | 0.7/1.5 MB | 0.3/2.0 MB
Progress (5): 2.4/3.5 MB | 1.9 MB | 1.2/1.3 MB | 0.7/1.5 MB | 0.3/2.0 MB
Progress (5): 2.4/3.5 MB | 1.9 MB | 1.2/1.3 MB | 0.7/1.5 MB | 0.3/2.0 MB
Progress (5): 2.4/3.5 MB | 1.9 MB | 1.2/1.3 MB | 0.7/1.5 MB | 0.3/2.0 MB
Progress (5): 2.4/3.5 MB | 1.9 MB | 1.2/1.3 MB | 0.8/1.5 MB | 0.3/2.0 MB
                                                                        
Downloaded from central: https://repo.maven.apache.org/maven2/org/springframework/spring-web/6.1.4/spring-web-6.1.4.jar (1.9 MB at 84 kB/s)
Progress (4): 2.4/3.5 MB | 1.2/1.3 MB | 0.8/1.5 MB | 0.3/2.0 MB
Progress (4): 2.4/3.5 MB | 1.2/1.3 MB | 0.8/1.5 MB | 0.3/2.0 MB
Progress (4): 2.4/3.5 MB | 1.2/1.3 MB | 0.8/1.5 MB | 0.3/2.0 MB
Progress (4): 2.5/3.5 MB | 1.2/1.3 MB | 0.8/1.5 MB | 0.3/2.0 MB
Progress (4): 2.5/3.5 MB | 1.2/1.3 MB | 0.8/1.5 MB | 0.4/2.0 MB
Progress (4): 2.5/3.5 MB | 1.2/1.3 MB | 0.8/1.5 MB | 0.4/2.0 MB
Progress (4): 2.5/3.5 MB | 1.2/1.3 MB | 0.8/1.5 MB | 0.4/2.0 MB
Progress (4): 2.5/3.5 MB | 1.2/1.3 MB | 0.8/1.5 MB | 0.4/2.0 MB
Progress (4): 2.5/3.5 MB | 1.2/1.3 MB | 0.8/1.5 MB | 0.4/2.0 MB
Progress (4): 2.5/3.5 MB | 1.2/1.3 MB | 0.8/1.5 MB | 0.4/2.0 MB
Progress (4): 2.5/3.5 MB | 1.2/1.3 MB | 0.8/1.5 MB | 0.4/2.0 MB
Progress (4): 2.5/3.5 MB | 1.2/1.3 MB | 0.8/1.5 MB | 0.4/2.0 MB
Progress (4): 2.5/3.5 MB | 1.2/1.3 MB | 0.8/1.5 MB | 0.4/2.0 MB
Progress (4): 2.5/3.5 MB | 1.2/1.3 MB | 0.8/1.5 MB | 0.4/2.0 MB
Progress (4): 2.5/3.5 MB | 1.2/1.3 MB | 0.8/1.5 MB | 0.4/2.0 MB
Progress (4): 2.5/3.5 MB | 1.2/1.3 MB | 0.8/1.5 MB | 0.4/2.0 MB
Progress (4): 2.5/3.5 MB | 1.2/1.3 MB | 0.8/1.5 MB | 0.4/2.0 MB
Progress (4): 2.5/3.5 MB | 1.2/1.3 MB | 0.8/1.5 MB | 0.4/2.0 MB
Progress (4): 2.5/3.5 MB | 1.2/1.3 MB | 0.8/1.5 MB | 0.4/2.0 MB
Progress (4): 2.5/3.5 MB | 1.2/1.3 MB | 0.8/1.5 MB | 0.4/2.0 MB
Progress (4): 2.5/3.5 MB | 1.2/1.3 MB | 0.8/1.5 MB | 0.4/2.0 MB
Progress (4): 2.5/3.5 MB | 1.2/1.3 MB | 0.8/1.5 MB | 0.4/2.0 MB
Progress (4): 2.5/3.5 MB | 1.2/1.3 MB | 0.8/1.5 MB | 0.4/2.0 MB
Progress (4): 2.5/3.5 MB | 1.2/1.3 MB | 0.8/1.5 MB | 0.4/2.0 MB
Progress (4): 2.5/3.5 MB | 1.2/1.3 MB | 0.8/1.5 MB | 0.4/2.0 MB
Progress (4): 2.5/3.5 MB | 1.2/1.3 MB | 0.8/1.5 MB | 0.4/2.0 MB
Progress (4): 2.5/3.5 MB | 1.2/1.3 MB | 0.8/1.5 MB | 0.4/2.0 MB
Progress (4): 2.5/3.5 MB | 1.2/1.3 MB | 0.8/1.5 MB | 0.4/2.0 MB
Progress (4): 2.5/3.5 MB | 1.2/1.3 MB | 0.8/1.5 MB | 0.4/2.0 MB
Progress (4): 2.5/3.5 MB | 1.3/1.3 MB | 0.8/1.5 MB | 0.4/2.0 MB
Progress (4): 2.5/3.5 MB | 1.3/1.3 MB | 0.8/1.5 MB | 0.4/2.0 MB
Progress (4): 2.5/3.5 MB | 1.3/1.3 MB | 0.8/1.5 MB | 0.4/2.0 MB
Progress (4): 2.5/3.5 MB | 1.3/1.3 MB | 0.8/1.5 MB | 0.4/2.0 MB
Progress (4): 2.5/3.5 MB | 1.3/1.3 MB | 0.8/1.5 MB | 0.4/2.0 MB
Progress (4): 2.5/3.5 MB | 1.3/1.3 MB | 0.8/1.5 MB | 0.4/2.0 MB
Progress (4): 2.5/3.5 MB | 1.3/1.3 MB | 0.8/1.5 MB | 0.4/2.0 MB
Progress (4): 2.5/3.5 MB | 1.3/1.3 MB | 0.8/1.5 MB | 0.4/2.0 MB
Progress (4): 2.5/3.5 MB | 1.3/1.3 MB | 0.8/1.5 MB | 0.4/2.0 MB
Progress (4): 2.5/3.5 MB | 1.3/1.3 MB | 0.8/1.5 MB | 0.4/2.0 MB
Progress (4): 2.5/3.5 MB | 1.3/1.3 MB | 0.8/1.5 MB | 0.5/2.0 MB
Progress (4): 2.5/3.5 MB | 1.3/1.3 MB | 0.8/1.5 MB | 0.5/2.0 MB
Progress (4): 2.5/3.5 MB | 1.3/1.3 MB | 0.8/1.5 MB | 0.5/2.0 MB
Progress (4): 2.5/3.5 MB | 1.3/1.3 MB | 0.8/1.5 MB | 0.5/2.0 MB
Progress (4): 2.5/3.5 MB | 1.3/1.3 MB | 0.8/1.5 MB | 0.5/2.0 MB
Progress (4): 2.5/3.5 MB | 1.3/1.3 MB | 0.8/1.5 MB | 0.5/2.0 MB
Progress (4): 2.5/3.5 MB | 1.3/1.3 MB | 0.8/1.5 MB | 0.5/2.0 MB
Progress (4): 2.5/3.5 MB | 1.3/1.3 MB | 0.9/1.5 MB | 0.5/2.0 MB
Progress (4): 2.5/3.5 MB | 1.3/1.3 MB | 0.9/1.5 MB | 0.5/2.0 MB
Progress (4): 2.5/3.5 MB | 1.3/1.3 MB | 0.9/1.5 MB | 0.5/2.0 MB
Progress (4): 2.5/3.5 MB | 1.3/1.3 MB | 0.9/1.5 MB | 0.5/2.0 MB
Progress (4): 2.5/3.5 MB | 1.3/1.3 MB | 0.9/1.5 MB | 0.5/2.0 MB
Progress (4): 2.5/3.5 MB | 1.3/1.3 MB | 0.9/1.5 MB | 0.5/2.0 MB
Progress (4): 2.5/3.5 MB | 1.3/1.3 MB | 0.9/1.5 MB | 0.5/2.0 MB
Progress (4): 2.5/3.5 MB | 1.3/1.3 MB | 0.9/1.5 MB | 0.5/2.0 MB
Progress (4): 2.5/3.5 MB | 1.3/1.3 MB | 0.9/1.5 MB | 0.5/2.0 MB
Progress (4): 2.5/3.5 MB | 1.3/1.3 MB | 0.9/1.5 MB | 0.5/2.0 MB
Progress (4): 2.5/3.5 MB | 1.3/1.3 MB | 0.9/1.5 MB | 0.5/2.0 MB
Progress (4): 2.5/3.5 MB | 1.3/1.3 MB | 0.9/1.5 MB | 0.5/2.0 MB
Progress (4): 2.5/3.5 MB | 1.3/1.3 MB | 0.9/1.5 MB | 0.5/2.0 MB
Progress (4): 2.5/3.5 MB | 1.3/1.3 MB | 0.9/1.5 MB | 0.5/2.0 MB
Progress (4): 2.5/3.5 MB | 1.3/1.3 MB | 0.9/1.5 MB | 0.5/2.0 MB
Progress (4): 2.5/3.5 MB | 1.3/1.3 MB | 0.9/1.5 MB | 0.5/2.0 MB
Progress (4): 2.5/3.5 MB | 1.3/1.3 MB | 0.9/1.5 MB | 0.5/2.0 MB
Progress (4): 2.5/3.5 MB | 1.3 MB | 0.9/1.5 MB | 0.5/2.0 MB    
Progress (4): 2.5/3.5 MB | 1.3 MB | 0.9/1.5 MB | 0.5/2.0 MB
Progress (4): 2.5/3.5 MB | 1.3 MB | 0.9/1.5 MB | 0.5/2.0 MB
Progress (4): 2.5/3.5 MB | 1.3 MB | 0.9/1.5 MB | 0.5/2.0 MB
Progress (4): 2.5/3.5 MB | 1.3 MB | 0.9/1.5 MB | 0.5/2.0 MB
Progress (4): 2.6/3.5 MB | 1.3 MB | 0.9/1.5 MB | 0.5/2.0 MB
Progress (4): 2.6/3.5 MB | 1.3 MB | 0.9/1.5 MB | 0.6/2.0 MB
Progress (4): 2.6/3.5 MB | 1.3 MB | 0.9/1.5 MB | 0.6/2.0 MB
Progress (4): 2.6/3.5 MB | 1.3 MB | 0.9/1.5 MB | 0.6/2.0 MB
Progress (4): 2.6/3.5 MB | 1.3 MB | 0.9/1.5 MB | 0.6/2.0 MB
Progress (4): 2.6/3.5 MB | 1.3 MB | 0.9/1.5 MB | 0.6/2.0 MB
Progress (4): 2.6/3.5 MB | 1.3 MB | 0.9/1.5 MB | 0.6/2.0 MB
Progress (4): 2.6/3.5 MB | 1.3 MB | 0.9/1.5 MB | 0.6/2.0 MB
Progress (4): 2.6/3.5 MB | 1.3 MB | 0.9/1.5 MB | 0.6/2.0 MB
Progress (4): 2.6/3.5 MB | 1.3 MB | 0.9/1.5 MB | 0.6/2.0 MB
Progress (4): 2.6/3.5 MB | 1.3 MB | 0.9/1.5 MB | 0.6/2.0 MB
Progress (4): 2.6/3.5 MB | 1.3 MB | 0.9/1.5 MB | 0.6/2.0 MB
Progress (4): 2.6/3.5 MB | 1.3 MB | 0.9/1.5 MB | 0.6/2.0 MB
Progress (4): 2.6/3.5 MB | 1.3 MB | 0.9/1.5 MB | 0.6/2.0 MB
Progress (4): 2.6/3.5 MB | 1.3 MB | 0.9/1.5 MB | 0.6/2.0 MB
                                                           
Downloaded from central: https://repo.maven.apache.org/maven2/org/hibernate/validator/hibernate-validator/8.0.1.Final/hibernate-validator-8.0.1.Final.jar (1.3 MB at 58 kB/s)
Progress (3): 2.6/3.5 MB | 0.9/1.5 MB | 0.6/2.0 MB
Progress (3): 2.6/3.5 MB | 1.0/1.5 MB | 0.6/2.0 MB
Progress (3): 2.6/3.5 MB | 1.0/1.5 MB | 0.6/2.0 MB
Progress (3): 2.6/3.5 MB | 1.0/1.5 MB | 0.6/2.0 MB
Progress (3): 2.6/3.5 MB | 1.0/1.5 MB | 0.6/2.0 MB
Progress (3): 2.6/3.5 MB | 1.0/1.5 MB | 0.6/2.0 MB
Progress (3): 2.6/3.5 MB | 1.0/1.5 MB | 0.7/2.0 MB
Progress (3): 2.6/3.5 MB | 1.0/1.5 MB | 0.7/2.0 MB
Progress (3): 2.6/3.5 MB | 1.0/1.5 MB | 0.7/2.0 MB
Progress (3): 2.6/3.5 MB | 1.0/1.5 MB | 0.7/2.0 MB
Progress (3): 2.6/3.5 MB | 1.0/1.5 MB | 0.7/2.0 MB
Progress (3): 2.6/3.5 MB | 1.0/1.5 MB | 0.7/2.0 MB
Progress (3): 2.6/3.5 MB | 1.0/1.5 MB | 0.7/2.0 MB
Progress (3): 2.6/3.5 MB | 1.0/1.5 MB | 0.7/2.0 MB
Progress (3): 2.6/3.5 MB | 1.0/1.5 MB | 0.7/2.0 MB
Progress (3): 2.6/3.5 MB | 1.0/1.5 MB | 0.7/2.0 MB
Progress (3): 2.6/3.5 MB | 1.0/1.5 MB | 0.7/2.0 MB
Progress (3): 2.6/3.5 MB | 1.0/1.5 MB | 0.7/2.0 MB
Progress (3): 2.6/3.5 MB | 1.0/1.5 MB | 0.7/2.0 MB
Progress (3): 2.6/3.5 MB | 1.0/1.5 MB | 0.7/2.0 MB
Progress (3): 2.6/3.5 MB | 1.0/1.5 MB | 0.7/2.0 MB
Progress (3): 2.6/3.5 MB | 1.0/1.5 MB | 0.7/2.0 MB
Progress (3): 2.6/3.5 MB | 1.0/1.5 MB | 0.7/2.0 MB
Progress (3): 2.6/3.5 MB | 1.0/1.5 MB | 0.7/2.0 MB
Progress (3): 2.7/3.5 MB | 1.0/1.5 MB | 0.7/2.0 MB
Progress (3): 2.7/3.5 MB | 1.0/1.5 MB | 0.7/2.0 MB
Progress (3): 2.7/3.5 MB | 1.0/1.5 MB | 0.7/2.0 MB
Progress (3): 2.7/3.5 MB | 1.0/1.5 MB | 0.7/2.0 MB
Progress (3): 2.7/3.5 MB | 1.0/1.5 MB | 0.7/2.0 MB
Progress (3): 2.7/3.5 MB | 1.0/1.5 MB | 0.7/2.0 MB
Progress (3): 2.7/3.5 MB | 1.0/1.5 MB | 0.7/2.0 MB
Progress (3): 2.7/3.5 MB | 1.0/1.5 MB | 0.7/2.0 MB
Progress (3): 2.7/3.5 MB | 1.0/1.5 MB | 0.7/2.0 MB
Progress (3): 2.7/3.5 MB | 1.0/1.5 MB | 0.7/2.0 MB
Progress (3): 2.7/3.5 MB | 1.0/1.5 MB | 0.7/2.0 MB
Progress (3): 2.7/3.5 MB | 1.0/1.5 MB | 0.8/2.0 MB
Progress (3): 2.7/3.5 MB | 1.0/1.5 MB | 0.8/2.0 MB
Progress (3): 2.7/3.5 MB | 1.0/1.5 MB | 0.8/2.0 MB
Progress (3): 2.7/3.5 MB | 1.0/1.5 MB | 0.8/2.0 MB
Progress (3): 2.7/3.5 MB | 1.0/1.5 MB | 0.8/2.0 MB
Progress (3): 2.7/3.5 MB | 1.0/1.5 MB | 0.8/2.0 MB
Progress (3): 2.7/3.5 MB | 1.0/1.5 MB | 0.8/2.0 MB
Progress (3): 2.7/3.5 MB | 1.0/1.5 MB | 0.8/2.0 MB
Progress (3): 2.7/3.5 MB | 1.0/1.5 MB | 0.8/2.0 MB
Progress (3): 2.7/3.5 MB | 1.0/1.5 MB | 0.8/2.0 MB
Progress (3): 2.7/3.5 MB | 1.1/1.5 MB | 0.8/2.0 MB
Progress (3): 2.7/3.5 MB | 1.1/1.5 MB | 0.8/2.0 MB
Progress (3): 2.7/3.5 MB | 1.1/1.5 MB | 0.8/2.0 MB
Progress (3): 2.7/3.5 MB | 1.1/1.5 MB | 0.8/2.0 MB
Progress (3): 2.7/3.5 MB | 1.1/1.5 MB | 0.8/2.0 MB
Progress (3): 2.7/3.5 MB | 1.1/1.5 MB | 0.8/2.0 MB
Progress (3): 2.7/3.5 MB | 1.1/1.5 MB | 0.8/2.0 MB
Progress (3): 2.7/3.5 MB | 1.1/1.5 MB | 0.8/2.0 MB
Progress (3): 2.7/3.5 MB | 1.1/1.5 MB | 0.8/2.0 MB
Progress (3): 2.7/3.5 MB | 1.1/1.5 MB | 0.8/2.0 MB
Progress (3): 2.7/3.5 MB | 1.1/1.5 MB | 0.9/2.0 MB
Progress (3): 2.7/3.5 MB | 1.1/1.5 MB | 0.9/2.0 MB
Progress (3): 2.7/3.5 MB | 1.1/1.5 MB | 0.9/2.0 MB
Progress (3): 2.7/3.5 MB | 1.1/1.5 MB | 0.9/2.0 MB
Progress (3): 2.7/3.5 MB | 1.1/1.5 MB | 0.9/2.0 MB
Progress (3): 2.7/3.5 MB | 1.1/1.5 MB | 0.9/2.0 MB
Progress (3): 2.7/3.5 MB | 1.1/1.5 MB | 0.9/2.0 MB
Progress (3): 2.7/3.5 MB | 1.1/1.5 MB | 0.9/2.0 MB
Progress (3): 2.7/3.5 MB | 1.1/1.5 MB | 0.9/2.0 MB
Progress (3): 2.7/3.5 MB | 1.1/1.5 MB | 0.9/2.0 MB
Progress (3): 2.7/3.5 MB | 1.1/1.5 MB | 0.9/2.0 MB
Progress (3): 2.7/3.5 MB | 1.1/1.5 MB | 0.9/2.0 MB
Progress (3): 2.7/3.5 MB | 1.1/1.5 MB | 0.9/2.0 MB
Progress (3): 2.7/3.5 MB | 1.1/1.5 MB | 0.9/2.0 MB
Progress (3): 2.7/3.5 MB | 1.1/1.5 MB | 0.9/2.0 MB
Progress (3): 2.7/3.5 MB | 1.2/1.5 MB | 0.9/2.0 MB
Progress (3): 2.7/3.5 MB | 1.2/1.5 MB | 0.9/2.0 MB
Progress (3): 2.7/3.5 MB | 1.2/1.5 MB | 0.9/2.0 MB
Progress (3): 2.7/3.5 MB | 1.2/1.5 MB | 0.9/2.0 MB
Progress (3): 2.7/3.5 MB | 1.2/1.5 MB | 0.9/2.0 MB
Progress (3): 2.8/3.5 MB | 1.2/1.5 MB | 0.9/2.0 MB
Progress (3): 2.8/3.5 MB | 1.2/1.5 MB | 0.9/2.0 MB
Progress (3): 2.8/3.5 MB | 1.2/1.5 MB | 1.0/2.0 MB
Progress (3): 2.8/3.5 MB | 1.2/1.5 MB | 1.0/2.0 MB
Progress (3): 2.8/3.5 MB | 1.2/1.5 MB | 1.0/2.0 MB
Progress (3): 2.8/3.5 MB | 1.2/1.5 MB | 1.0/2.0 MB
Progress (3): 2.8/3.5 MB | 1.2/1.5 MB | 1.0/2.0 MB
Progress (3): 2.8/3.5 MB | 1.2/1.5 MB | 1.0/2.0 MB
Progress (3): 2.8/3.5 MB | 1.2/1.5 MB | 1.0/2.0 MB
Progress (3): 2.8/3.5 MB | 1.2/1.5 MB | 1.0/2.0 MB
Progress (3): 2.8/3.5 MB | 1.2/1.5 MB | 1.0/2.0 MB
Progress (3): 2.8/3.5 MB | 1.2/1.5 MB | 1.0/2.0 MB
Progress (3): 2.8/3.5 MB | 1.2/1.5 MB | 1.0/2.0 MB
Progress (3): 2.8/3.5 MB | 1.2/1.5 MB | 1.0/2.0 MB
Progress (3): 2.8/3.5 MB | 1.2/1.5 MB | 1.0/2.0 MB
Progress (3): 2.8/3.5 MB | 1.2/1.5 MB | 1.0/2.0 MB
Progress (3): 2.8/3.5 MB | 1.2/1.5 MB | 1.0/2.0 MB
Progress (3): 2.8/3.5 MB | 1.2/1.5 MB | 1.0/2.0 MB
Progress (3): 2.8/3.5 MB | 1.2/1.5 MB | 1.0/2.0 MB
Progress (3): 2.8/3.5 MB | 1.2/1.5 MB | 1.0/2.0 MB
Progress (3): 2.8/3.5 MB | 1.2/1.5 MB | 1.0/2.0 MB
Progress (3): 2.8/3.5 MB | 1.2/1.5 MB | 1.0/2.0 MB
Progress (3): 2.8/3.5 MB | 1.2/1.5 MB | 1.0/2.0 MB
Progress (3): 2.8/3.5 MB | 1.2/1.5 MB | 1.0/2.0 MB
Progress (3): 2.8/3.5 MB | 1.2/1.5 MB | 1.0/2.0 MB
Progress (3): 2.8/3.5 MB | 1.2/1.5 MB | 1.0/2.0 MB
Progress (3): 2.8/3.5 MB | 1.2/1.5 MB | 1.0/2.0 MB
Progress (3): 2.8/3.5 MB | 1.2/1.5 MB | 1.0/2.0 MB
Progress (3): 2.8/3.5 MB | 1.2/1.5 MB | 1.0/2.0 MB
Progress (3): 2.8/3.5 MB | 1.2/1.5 MB | 1.0/2.0 MB
Progress (3): 2.8/3.5 MB | 1.2/1.5 MB | 1.1/2.0 MB
Progress (3): 2.8/3.5 MB | 1.2/1.5 MB | 1.1/2.0 MB
Progress (3): 2.8/3.5 MB | 1.2/1.5 MB | 1.1/2.0 MB
Progress (3): 2.8/3.5 MB | 1.2/1.5 MB | 1.1/2.0 MB
Progress (3): 2.8/3.5 MB | 1.2/1.5 MB | 1.1/2.0 MB
Progress (3): 2.8/3.5 MB | 1.2/1.5 MB | 1.1/2.0 MB
Progress (3): 2.8/3.5 MB | 1.2/1.5 MB | 1.1/2.0 MB
Progress (3): 2.9/3.5 MB | 1.2/1.5 MB | 1.1/2.0 MB
Progress (3): 2.9/3.5 MB | 1.2/1.5 MB | 1.1/2.0 MB
Progress (3): 2.9/3.5 MB | 1.2/1.5 MB | 1.1/2.0 MB
Progress (3): 2.9/3.5 MB | 1.3/1.5 MB | 1.1/2.0 MB
Progress (3): 2.9/3.5 MB | 1.3/1.5 MB | 1.1/2.0 MB
Progress (3): 2.9/3.5 MB | 1.3/1.5 MB | 1.1/2.0 MB
Progress (3): 2.9/3.5 MB | 1.3/1.5 MB | 1.1/2.0 MB
Progress (3): 2.9/3.5 MB | 1.3/1.5 MB | 1.1/2.0 MB
Progress (3): 2.9/3.5 MB | 1.3/1.5 MB | 1.1/2.0 MB
Progress (3): 2.9/3.5 MB | 1.3/1.5 MB | 1.1/2.0 MB
Progress (3): 2.9/3.5 MB | 1.3/1.5 MB | 1.1/2.0 MB
Progress (3): 2.9/3.5 MB | 1.3/1.5 MB | 1.1/2.0 MB
Progress (3): 2.9/3.5 MB | 1.3/1.5 MB | 1.1/2.0 MB
Progress (3): 2.9/3.5 MB | 1.3/1.5 MB | 1.1/2.0 MB
Progress (3): 2.9/3.5 MB | 1.3/1.5 MB | 1.1/2.0 MB
Progress (3): 2.9/3.5 MB | 1.3/1.5 MB | 1.2/2.0 MB
Progress (3): 2.9/3.5 MB | 1.3/1.5 MB | 1.2/2.0 MB
Progress (3): 2.9/3.5 MB | 1.3/1.5 MB | 1.2/2.0 MB
Progress (3): 2.9/3.5 MB | 1.3/1.5 MB | 1.2/2.0 MB
Progress (3): 2.9/3.5 MB | 1.3/1.5 MB | 1.2/2.0 MB
Progress (3): 2.9/3.5 MB | 1.3/1.5 MB | 1.2/2.0 MB
Progress (3): 2.9/3.5 MB | 1.3/1.5 MB | 1.2/2.0 MB
Progress (3): 2.9/3.5 MB | 1.3/1.5 MB | 1.2/2.0 MB
Progress (3): 2.9/3.5 MB | 1.3/1.5 MB | 1.2/2.0 MB
Progress (3): 2.9/3.5 MB | 1.3/1.5 MB | 1.2/2.0 MB
Progress (3): 2.9/3.5 MB | 1.3/1.5 MB | 1.2/2.0 MB
Progress (3): 2.9/3.5 MB | 1.3/1.5 MB | 1.2/2.0 MB
Progress (3): 2.9/3.5 MB | 1.3/1.5 MB | 1.2/2.0 MB
Progress (3): 2.9/3.5 MB | 1.3/1.5 MB | 1.2/2.0 MB
Progress (3): 2.9/3.5 MB | 1.3/1.5 MB | 1.2/2.0 MB
Progress (3): 2.9/3.5 MB | 1.3/1.5 MB | 1.2/2.0 MB
Progress (3): 2.9/3.5 MB | 1.3/1.5 MB | 1.2/2.0 MB
Progress (3): 2.9/3.5 MB | 1.3/1.5 MB | 1.2/2.0 MB
Progress (3): 2.9/3.5 MB | 1.3/1.5 MB | 1.2/2.0 MB
Progress (3): 2.9/3.5 MB | 1.4/1.5 MB | 1.2/2.0 MB
Progress (3): 2.9/3.5 MB | 1.4/1.5 MB | 1.2/2.0 MB
Progress (3): 2.9/3.5 MB | 1.4/1.5 MB | 1.2/2.0 MB
Progress (3): 2.9/3.5 MB | 1.4/1.5 MB | 1.2/2.0 MB
Progress (3): 2.9/3.5 MB | 1.4/1.5 MB | 1.2/2.0 MB
Progress (3): 2.9/3.5 MB | 1.4/1.5 MB | 1.2/2.0 MB
Progress (3): 2.9/3.5 MB | 1.4/1.5 MB | 1.2/2.0 MB
Progress (3): 2.9/3.5 MB | 1.4/1.5 MB | 1.2/2.0 MB
Progress (3): 2.9/3.5 MB | 1.4/1.5 MB | 1.3/2.0 MB
Progress (3): 2.9/3.5 MB | 1.4/1.5 MB | 1.3/2.0 MB
Progress (3): 2.9/3.5 MB | 1.4/1.5 MB | 1.3/2.0 MB
Progress (3): 3.0/3.5 MB | 1.4/1.5 MB | 1.3/2.0 MB
Progress (3): 3.0/3.5 MB | 1.4/1.5 MB | 1.3/2.0 MB
Progress (3): 3.0/3.5 MB | 1.4/1.5 MB | 1.3/2.0 MB
Progress (3): 3.0/3.5 MB | 1.4/1.5 MB | 1.3/2.0 MB
Progress (3): 3.0/3.5 MB | 1.4/1.5 MB | 1.3/2.0 MB
Progress (3): 3.0/3.5 MB | 1.4/1.5 MB | 1.3/2.0 MB
Progress (3): 3.0/3.5 MB | 1.4/1.5 MB | 1.3/2.0 MB
Progress (3): 3.0/3.5 MB | 1.4/1.5 MB | 1.3/2.0 MB
Progress (3): 3.0/3.5 MB | 1.4/1.5 MB | 1.3/2.0 MB
Progress (3): 3.0/3.5 MB | 1.4/1.5 MB | 1.3/2.0 MB
Progress (3): 3.0/3.5 MB | 1.4/1.5 MB | 1.3/2.0 MB
Progress (3): 3.0/3.5 MB | 1.4/1.5 MB | 1.3/2.0 MB
Progress (3): 3.0/3.5 MB | 1.4/1.5 MB | 1.3/2.0 MB
Progress (3): 3.0/3.5 MB | 1.4/1.5 MB | 1.3/2.0 MB
Progress (3): 3.0/3.5 MB | 1.4/1.5 MB | 1.3/2.0 MB
Progress (3): 3.0/3.5 MB | 1.4/1.5 MB | 1.3/2.0 MB
Progress (3): 3.0/3.5 MB | 1.4/1.5 MB | 1.3/2.0 MB
Progress (3): 3.0/3.5 MB | 1.5 MB | 1.3/2.0 MB    
Progress (3): 3.0/3.5 MB | 1.5 MB | 1.3/2.0 MB
Progress (3): 3.0/3.5 MB | 1.5 MB | 1.3/2.0 MB
Progress (3): 3.0/3.5 MB | 1.5 MB | 1.3/2.0 MB
Progress (3): 3.0/3.5 MB | 1.5 MB | 1.4/2.0 MB
Progress (3): 3.0/3.5 MB | 1.5 MB | 1.4/2.0 MB
Progress (3): 3.0/3.5 MB | 1.5 MB | 1.4/2.0 MB
Progress (3): 3.0/3.5 MB | 1.5 MB | 1.4/2.0 MB
Progress (3): 3.0/3.5 MB | 1.5 MB | 1.4/2.0 MB
Progress (3): 3.0/3.5 MB | 1.5 MB | 1.4/2.0 MB
Progress (3): 3.0/3.5 MB | 1.5 MB | 1.4/2.0 MB
Progress (3): 3.0/3.5 MB | 1.5 MB | 1.4/2.0 MB
Progress (3): 3.0/3.5 MB | 1.5 MB | 1.4/2.0 MB
Progress (3): 3.0/3.5 MB | 1.5 MB | 1.4/2.0 MB
                                              
Downloaded from central: https://repo.maven.apache.org/maven2/com/microsoft/sqlserver/mssql-jdbc/12.4.2.jre11/mssql-jdbc-12.4.2.jre11.jar (1.5 MB at 61 kB/s)
Progress (2): 3.1/3.5 MB | 1.4/2.0 MB
Progress (2): 3.1/3.5 MB | 1.4/2.0 MB
Progress (2): 3.1/3.5 MB | 1.4/2.0 MB
Progress (2): 3.1/3.5 MB | 1.4/2.0 MB
Progress (2): 3.1/3.5 MB | 1.4/2.0 MB
Progress (2): 3.1/3.5 MB | 1.4/2.0 MB
Progress (2): 3.1/3.5 MB | 1.4/2.0 MB
Progress (2): 3.1/3.5 MB | 1.5/2.0 MB
Progress (2): 3.1/3.5 MB | 1.5/2.0 MB
Progress (2): 3.1/3.5 MB | 1.5/2.0 MB
Progress (2): 3.1/3.5 MB | 1.5/2.0 MB
Progress (2): 3.1/3.5 MB | 1.5/2.0 MB
Progress (2): 3.1/3.5 MB | 1.5/2.0 MB
Progress (2): 3.1/3.5 MB | 1.5/2.0 MB
Progress (2): 3.1/3.5 MB | 1.5/2.0 MB
Progress (2): 3.1/3.5 MB | 1.5/2.0 MB
Progress (2): 3.1/3.5 MB | 1.5/2.0 MB
Progress (2): 3.1/3.5 MB | 1.5/2.0 MB
Progress (2): 3.1/3.5 MB | 1.5/2.0 MB
Progress (2): 3.1/3.5 MB | 1.5/2.0 MB
Progress (2): 3.1/3.5 MB | 1.5/2.0 MB
Progress (2): 3.1/3.5 MB | 1.5/2.0 MB
Progress (2): 3.2/3.5 MB | 1.5/2.0 MB
Progress (2): 3.2/3.5 MB | 1.5/2.0 MB
Progress (2): 3.2/3.5 MB | 1.6/2.0 MB
Progress (2): 3.2/3.5 MB | 1.6/2.0 MB
Progress (2): 3.2/3.5 MB | 1.6/2.0 MB
Progress (2): 3.2/3.5 MB | 1.6/2.0 MB
Progress (2): 3.2/3.5 MB | 1.6/2.0 MB
Progress (2): 3.2/3.5 MB | 1.6/2.0 MB
Progress (2): 3.2/3.5 MB | 1.6/2.0 MB
Progress (2): 3.2/3.5 MB | 1.6/2.0 MB
Progress (2): 3.2/3.5 MB | 1.6/2.0 MB
Progress (2): 3.2/3.5 MB | 1.6/2.0 MB
Progress (2): 3.2/3.5 MB | 1.6/2.0 MB
Progress (2): 3.2/3.5 MB | 1.6/2.0 MB
Progress (2): 3.2/3.5 MB | 1.6/2.0 MB
Progress (2): 3.2/3.5 MB | 1.6/2.0 MB
Progress (2): 3.2/3.5 MB | 1.6/2.0 MB
Progress (2): 3.2/3.5 MB | 1.6/2.0 MB
Progress (2): 3.2/3.5 MB | 1.7/2.0 MB
Progress (2): 3.2/3.5 MB | 1.7/2.0 MB
Progress (2): 3.2/3.5 MB | 1.7/2.0 MB
Progress (2): 3.2/3.5 MB | 1.7/2.0 MB
Progress (2): 3.3/3.5 MB | 1.7/2.0 MB
Progress (2): 3.3/3.5 MB | 1.7/2.0 MB
Progress (2): 3.3/3.5 MB | 1.7/2.0 MB
Progress (2): 3.3/3.5 MB | 1.7/2.0 MB
Progress (2): 3.3/3.5 MB | 1.7/2.0 MB
Progress (2): 3.3/3.5 MB | 1.7/2.0 MB
Progress (2): 3.3/3.5 MB | 1.7/2.0 MB
Progress (2): 3.3/3.5 MB | 1.7/2.0 MB
Progress (2): 3.3/3.5 MB | 1.7/2.0 MB
Progress (2): 3.3/3.5 MB | 1.7/2.0 MB
Progress (2): 3.3/3.5 MB | 1.7/2.0 MB
Progress (2): 3.3/3.5 MB | 1.7/2.0 MB
Progress (2): 3.3/3.5 MB | 1.7/2.0 MB
Progress (2): 3.3/3.5 MB | 1.7/2.0 MB
Progress (2): 3.3/3.5 MB | 1.8/2.0 MB
Progress (2): 3.3/3.5 MB | 1.8/2.0 MB
Progress (2): 3.3/3.5 MB | 1.8/2.0 MB
Progress (2): 3.3/3.5 MB | 1.8/2.0 MB
Progress (2): 3.3/3.5 MB | 1.8/2.0 MB
Progress (2): 3.3/3.5 MB | 1.8/2.0 MB
Progress (2): 3.3/3.5 MB | 1.8/2.0 MB
Progress (2): 3.3/3.5 MB | 1.8/2.0 MB
Progress (2): 3.4/3.5 MB | 1.8/2.0 MB
Progress (2): 3.4/3.5 MB | 1.8/2.0 MB
Progress (2): 3.4/3.5 MB | 1.8/2.0 MB
Progress (2): 3.4/3.5 MB | 1.8/2.0 MB
Progress (2): 3.4/3.5 MB | 1.8/2.0 MB
Progress (2): 3.4/3.5 MB | 1.8/2.0 MB
Progress (2): 3.4/3.5 MB | 1.8/2.0 MB
Progress (2): 3.4/3.5 MB | 1.9/2.0 MB
Progress (2): 3.4/3.5 MB | 1.9/2.0 MB
Progress (2): 3.4/3.5 MB | 1.9/2.0 MB
Progress (2): 3.4/3.5 MB | 1.9/2.0 MB
Progress (2): 3.4/3.5 MB | 1.9/2.0 MB
Progress (2): 3.4/3.5 MB | 1.9/2.0 MB
Progress (2): 3.4/3.5 MB | 1.9/2.0 MB
Progress (2): 3.4/3.5 MB | 1.9/2.0 MB
Progress (2): 3.4/3.5 MB | 1.9/2.0 MB
Progress (2): 3.4/3.5 MB | 1.9/2.0 MB
Progress (2): 3.4/3.5 MB | 1.9/2.0 MB
Progress (2): 3.4/3.5 MB | 1.9/2.0 MB
Progress (2): 3.4/3.5 MB | 1.9/2.0 MB
Progress (2): 3.4/3.5 MB | 1.9/2.0 MB
Progress (2): 3.4/3.5 MB | 1.9/2.0 MB
Progress (2): 3.5/3.5 MB | 1.9/2.0 MB
Progress (2): 3.5/3.5 MB | 1.9/2.0 MB
Progress (2): 3.5/3.5 MB | 2.0/2.0 MB
Progress (2): 3.5/3.5 MB | 2.0/2.0 MB
Progress (2): 3.5/3.5 MB | 2.0/2.0 MB
Progress (2): 3.5/3.5 MB | 2.0/2.0 MB
Progress (2): 3.5/3.5 MB | 2.0/2.0 MB
Progress (2): 3.5/3.5 MB | 2.0/2.0 MB
Progress (2): 3.5/3.5 MB | 2.0/2.0 MB
Progress (2): 3.5/3.5 MB | 2.0/2.0 MB
Progress (2): 3.5/3.5 MB | 2.0/2.0 MB
Progress (2): 3.5/3.5 MB | 2.0/2.0 MB
Progress (2): 3.5/3.5 MB | 2.0/2.0 MB
Progress (2): 3.5/3.5 MB | 2.0 MB    
Progress (2): 3.5/3.5 MB | 2.0 MB
Progress (2): 3.5 MB | 2.0 MB    
                             
Downloaded from central: https://repo.maven.apache.org/maven2/org/projectlombok/lombok/1.18.30/lombok-1.18.30.jar (2.0 MB at 80 kB/s)
Downloaded from central: https://repo.maven.apache.org/maven2/org/apache/tomcat/embed/tomcat-embed-core/10.1.19/tomcat-embed-core-10.1.19.jar (3.5 MB at 141 kB/s)
[INFO] 
[INFO] --- maven-clean-plugin:2.5:clean (default-clean) @ patient-service ---
[INFO] Deleting /app/patient-service/target
[INFO] 
[INFO] --- maven-resources-plugin:2.6:resources (default-resources) @ patient-service ---
Downloading from central: https://repo.maven.apache.org/maven2/org/apache/maven/maven-project/2.0.6/maven-project-2.0.6.pom
Progress (1): 2.6 kB
                    
Downloaded from central: https://repo.maven.apache.org/maven2/org/apache/maven/maven-project/2.0.6/maven-project-2.0.6.pom (2.6 kB at 13 kB/s)
Downloading from central: https://repo.maven.apache.org/maven2/org/apache/maven/maven-settings/2.0.6/maven-settings-2.0.6.pom
Progress (1): 2.0 kB
                    
Downloaded from central: https://repo.maven.apache.org/maven2/org/apache/maven/maven-settings/2.0.6/maven-settings-2.0.6.pom (2.0 kB at 9.9 kB/s)
Downloading from central: https://repo.maven.apache.org/maven2/org/apache/maven/maven-model/2.0.6/maven-model-2.0.6.pom
Progress (1): 3.0 kB
                    
Downloaded from central: https://repo.maven.apache.org/maven2/org/apache/maven/maven-model/2.0.6/maven-model-2.0.6.pom (3.0 kB at 11 kB/s)
Downloading from central: https://repo.maven.apache.org/maven2/org/codehaus/plexus/plexus-utils/1.4.1/plexus-utils-1.4.1.pom
Progress (1): 1.9 kB
                    
Downloaded from central: https://repo.maven.apache.org/maven2/org/codehaus/plexus/plexus-utils/1.4.1/plexus-utils-1.4.1.pom (1.9 kB at 7.9 kB/s)
Downloading from central: https://repo.maven.apache.org/maven2/org/codehaus/plexus/plexus/1.0.11/plexus-1.0.11.pom
Progress (1): 4.1 kB
Progress (1): 8.2 kB
Progress (1): 9.0 kB
                    
Downloaded from central: https://repo.maven.apache.org/maven2/org/codehaus/plexus/plexus/1.0.11/plexus-1.0.11.pom (9.0 kB at 34 kB/s)
Downloading from central: https://repo.maven.apache.org/maven2/org/codehaus/plexus/plexus-container-default/1.0-alpha-9-stable-1/plexus-container-default-1.0-alpha-9-stable-1.pom
Progress (1): 3.9 kB
                    
Downloaded from central: https://repo.maven.apache.org/maven2/org/codehaus/plexus/plexus-container-default/1.0-alpha-9-stable-1/plexus-container-default-1.0-alpha-9-stable-1.pom (3.9 kB at 23 kB/s)
Downloading from central: https://repo.maven.apache.org/maven2/org/codehaus/plexus/plexus-containers/1.0.3/plexus-containers-1.0.3.pom
Progress (1): 492 B
                   
Downloaded from central: https://repo.maven.apache.org/maven2/org/codehaus/plexus/plexus-containers/1.0.3/plexus-containers-1.0.3.pom (492 B at 2.3 kB/s)
Downloading from central: https://repo.maven.apache.org/maven2/org/codehaus/plexus/plexus/1.0.4/plexus-1.0.4.pom
Progress (1): 4.1 kB
Progress (1): 5.7 kB
                    
Downloaded from central: https://repo.maven.apache.org/maven2/org/codehaus/plexus/plexus/1.0.4/plexus-1.0.4.pom (5.7 kB at 22 kB/s)
Downloading from central: https://repo.maven.apache.org/maven2/junit/junit/3.8.1/junit-3.8.1.pom
Progress (1): 998 B
                   
Downloaded from central: https://repo.maven.apache.org/maven2/junit/junit/3.8.1/junit-3.8.1.pom (998 B at 4.6 kB/s)
Downloading from central: https://repo.maven.apache.org/maven2/org/codehaus/plexus/plexus-utils/1.0.4/plexus-utils-1.0.4.pom
Progress (1): 4.1 kB
Progress (1): 6.9 kB
                    
Downloaded from central: https://repo.maven.apache.org/maven2/org/codehaus/plexus/plexus-utils/1.0.4/plexus-utils-1.0.4.pom (6.9 kB at 26 kB/s)
Downloading from central: https://repo.maven.apache.org/maven2/classworlds/classworlds/1.1-alpha-2/classworlds-1.1-alpha-2.pom
Progress (1): 3.1 kB
                    
Downloaded from central: https://repo.maven.apache.org/maven2/classworlds/classworlds/1.1-alpha-2/classworlds-1.1-alpha-2.pom (3.1 kB at 13 kB/s)
Downloading from central: https://repo.maven.apache.org/maven2/org/apache/maven/maven-profile/2.0.6/maven-profile-2.0.6.pom
Progress (1): 2.0 kB
                    
Downloaded from central: https://repo.maven.apache.org/maven2/org/apache/maven/maven-profile/2.0.6/maven-profile-2.0.6.pom (2.0 kB at 9.1 kB/s)
Downloading from central: https://repo.maven.apache.org/maven2/org/apache/maven/maven-artifact-manager/2.0.6/maven-artifact-manager-2.0.6.pom
Progress (1): 2.6 kB
                    
Downloaded from central: https://repo.maven.apache.org/maven2/org/apache/maven/maven-artifact-manager/2.0.6/maven-artifact-manager-2.0.6.pom (2.6 kB at 10 kB/s)
Downloading from central: https://repo.maven.apache.org/maven2/org/apache/maven/maven-repository-metadata/2.0.6/maven-repository-metadata-2.0.6.pom
Progress (1): 1.9 kB
                    
Downloaded from central: https://repo.maven.apache.org/maven2/org/apache/maven/maven-repository-metadata/2.0.6/maven-repository-metadata-2.0.6.pom (1.9 kB at 8.6 kB/s)
Downloading from central: https://repo.maven.apache.org/maven2/org/apache/maven/maven-artifact/2.0.6/maven-artifact-2.0.6.pom
Progress (1): 1.6 kB
                    
Downloaded from central: https://repo.maven.apache.org/maven2/org/apache/maven/maven-artifact/2.0.6/maven-artifact-2.0.6.pom (1.6 kB at 6.4 kB/s)
Downloading from central: https://repo.maven.apache.org/maven2/org/apache/maven/maven-plugin-registry/2.0.6/maven-plugin-registry-2.0.6.pom
Progress (1): 1.9 kB
                    
Downloaded from central: https://repo.maven.apache.org/maven2/org/apache/maven/maven-plugin-registry/2.0.6/maven-plugin-registry-2.0.6.pom (1.9 kB at 9.5 kB/s)
Downloading from central: https://repo.maven.apache.org/maven2/org/apache/maven/maven-core/2.0.6/maven-core-2.0.6.pom
Progress (1): 4.1 kB
Progress (1): 6.7 kB
                    
Downloaded from central: https://repo.maven.apache.org/maven2/org/apache/maven/maven-core/2.0.6/maven-core-2.0.6.pom (6.7 kB at 22 kB/s)
Downloading from central: https://repo.maven.apache.org/maven2/org/apache/maven/maven-plugin-parameter-documenter/2.0.6/maven-plugin-parameter-documenter-2.0.6.pom
Progress (1): 1.9 kB
                    
Downloaded from central: https://repo.maven.apache.org/maven2/org/apache/maven/maven-plugin-parameter-documenter/2.0.6/maven-plugin-parameter-documenter-2.0.6.pom (1.9 kB at 9.9 kB/s)
Downloading from central: https://repo.maven.apache.org/maven2/org/apache/maven/reporting/maven-reporting-api/2.0.6/maven-reporting-api-2.0.6.pom
Progress (1): 1.8 kB
                    
Downloaded from central: https://repo.maven.apache.org/maven2/org/apache/maven/reporting/maven-reporting-api/2.0.6/maven-reporting-api-2.0.6.pom (1.8 kB at 6.0 kB/s)
Downloading from central: https://repo.maven.apache.org/maven2/org/apache/maven/reporting/maven-reporting/2.0.6/maven-reporting-2.0.6.pom
Progress (1): 1.4 kB
                    
Downloaded from central: https://repo.maven.apache.org/maven2/org/apache/maven/reporting/maven-reporting/2.0.6/maven-reporting-2.0.6.pom (1.4 kB at 5.3 kB/s)
Downloading from central: https://repo.maven.apache.org/maven2/org/apache/maven/doxia/doxia-sink-api/1.0-alpha-7/doxia-sink-api-1.0-alpha-7.pom
Progress (1): 424 B
                   
Downloaded from central: https://repo.maven.apache.org/maven2/org/apache/maven/doxia/doxia-sink-api/1.0-alpha-7/doxia-sink-api-1.0-alpha-7.pom (424 B at 2.0 kB/s)
Downloading from central: https://repo.maven.apache.org/maven2/org/apache/maven/doxia/doxia/1.0-alpha-7/doxia-1.0-alpha-7.pom
Progress (1): 3.9 kB
                    
Downloaded from central: https://repo.maven.apache.org/maven2/org/apache/maven/doxia/doxia/1.0-alpha-7/doxia-1.0-alpha-7.pom (3.9 kB at 15 kB/s)
Downloading from central: https://repo.maven.apache.org/maven2/org/apache/maven/maven-error-diagnostics/2.0.6/maven-error-diagnostics-2.0.6.pom
Progress (1): 1.7 kB
                    
Downloaded from central: https://repo.maven.apache.org/maven2/org/apache/maven/maven-error-diagnostics/2.0.6/maven-error-diagnostics-2.0.6.pom (1.7 kB at 8.9 kB/s)
Downloading from central: https://repo.maven.apache.org/maven2/commons-cli/commons-cli/1.0/commons-cli-1.0.pom
Progress (1): 2.1 kB
                    
Downloaded from central: https://repo.maven.apache.org/maven2/commons-cli/commons-cli/1.0/commons-cli-1.0.pom (2.1 kB at 11 kB/s)
Downloading from central: https://repo.maven.apache.org/maven2/org/apache/maven/maven-plugin-descriptor/2.0.6/maven-plugin-descriptor-2.0.6.pom
Progress (1): 2.0 kB
                    
Downloaded from central: https://repo.maven.apache.org/maven2/org/apache/maven/maven-plugin-descriptor/2.0.6/maven-plugin-descriptor-2.0.6.pom (2.0 kB at 8.6 kB/s)
Downloading from central: https://repo.maven.apache.org/maven2/org/codehaus/plexus/plexus-interactivity-api/1.0-alpha-4/plexus-interactivity-api-1.0-alpha-4.pom
Progress (1): 4.1 kB
Progress (1): 7.1 kB
                    
Downloaded from central: https://repo.maven.apache.org/maven2/org/codehaus/plexus/plexus-interactivity-api/1.0-alpha-4/plexus-interactivity-api-1.0-alpha-4.pom (7.1 kB at 29 kB/s)
Downloading from central: https://repo.maven.apache.org/maven2/org/apache/maven/maven-monitor/2.0.6/maven-monitor-2.0.6.pom
Progress (1): 1.3 kB
                    
Downloaded from central: https://repo.maven.apache.org/maven2/org/apache/maven/maven-monitor/2.0.6/maven-monitor-2.0.6.pom (1.3 kB at 6.0 kB/s)
Downloading from central: https://repo.maven.apache.org/maven2/classworlds/classworlds/1.1/classworlds-1.1.pom
Progress (1): 3.3 kB
                    
Downloaded from central: https://repo.maven.apache.org/maven2/classworlds/classworlds/1.1/classworlds-1.1.pom (3.3 kB at 19 kB/s)
Downloading from central: https://repo.maven.apache.org/maven2/org/codehaus/plexus/plexus-utils/2.0.5/plexus-utils-2.0.5.pom
Progress (1): 3.3 kB
                    
Downloaded from central: https://repo.maven.apache.org/maven2/org/codehaus/plexus/plexus-utils/2.0.5/plexus-utils-2.0.5.pom (3.3 kB at 11 kB/s)
Downloading from central: https://repo.maven.apache.org/maven2/org/codehaus/plexus/plexus/2.0.6/plexus-2.0.6.pom
Progress (1): 4.1 kB
Progress (1): 8.2 kB
Progress (1): 12 kB 
Progress (1): 16 kB
Progress (1): 17 kB
                   
Downloaded from central: https://repo.maven.apache.org/maven2/org/codehaus/plexus/plexus/2.0.6/plexus-2.0.6.pom (17 kB at 86 kB/s)
Downloading from central: https://repo.maven.apache.org/maven2/org/apache/maven/shared/maven-filtering/1.1/maven-filtering-1.1.pom
Progress (1): 4.1 kB
Progress (1): 5.8 kB
                    
Downloaded from central: https://repo.maven.apache.org/maven2/org/apache/maven/shared/maven-filtering/1.1/maven-filtering-1.1.pom (5.8 kB at 22 kB/s)
Downloading from central: https://repo.maven.apache.org/maven2/org/apache/maven/shared/maven-shared-components/17/maven-shared-components-17.pom
Progress (1): 4.1 kB
Progress (1): 8.2 kB
Progress (1): 8.7 kB
                    
Downloaded from central: https://repo.maven.apache.org/maven2/org/apache/maven/shared/maven-shared-components/17/maven-shared-components-17.pom (8.7 kB at 28 kB/s)
Downloading from central: https://repo.maven.apache.org/maven2/org/codehaus/plexus/plexus-utils/1.5.15/plexus-utils-1.5.15.pom
Progress (1): 4.1 kB
Progress (1): 6.8 kB
                    
Downloaded from central: https://repo.maven.apache.org/maven2/org/codehaus/plexus/plexus-utils/1.5.15/plexus-utils-1.5.15.pom (6.8 kB at 28 kB/s)
Downloading from central: https://repo.maven.apache.org/maven2/org/codehaus/plexus/plexus-interpolation/1.12/plexus-interpolation-1.12.pom
Progress (1): 889 B
                   
Downloaded from central: https://repo.maven.apache.org/maven2/org/codehaus/plexus/plexus-interpolation/1.12/plexus-interpolation-1.12.pom (889 B at 4.3 kB/s)
Downloading from central: https://repo.maven.apache.org/maven2/org/codehaus/plexus/plexus-components/1.1.14/plexus-components-1.1.14.pom
Progress (1): 4.1 kB
Progress (1): 5.8 kB
                    
Downloaded from central: https://repo.maven.apache.org/maven2/org/codehaus/plexus/plexus-components/1.1.14/plexus-components-1.1.14.pom (5.8 kB at 22 kB/s)
Downloading from central: https://repo.maven.apache.org/maven2/org/sonatype/plexus/plexus-build-api/0.0.4/plexus-build-api-0.0.4.pom
Progress (1): 2.9 kB
                    
Downloaded from central: https://repo.maven.apache.org/maven2/org/sonatype/plexus/plexus-build-api/0.0.4/plexus-build-api-0.0.4.pom (2.9 kB at 11 kB/s)
Downloading from central: https://repo.maven.apache.org/maven2/org/sonatype/spice/spice-parent/10/spice-parent-10.pom
Progress (1): 3.0 kB
                    
Downloaded from central: https://repo.maven.apache.org/maven2/org/sonatype/spice/spice-parent/10/spice-parent-10.pom (3.0 kB at 16 kB/s)
Downloading from central: https://repo.maven.apache.org/maven2/org/sonatype/forge/forge-parent/3/forge-parent-3.pom
Progress (1): 4.1 kB
Progress (1): 5.0 kB
                    
Downloaded from central: https://repo.maven.apache.org/maven2/org/sonatype/forge/forge-parent/3/forge-parent-3.pom (5.0 kB at 18 kB/s)
Downloading from central: https://repo.maven.apache.org/maven2/org/codehaus/plexus/plexus-interpolation/1.13/plexus-interpolation-1.13.pom
Progress (1): 890 B
                   
Downloaded from central: https://repo.maven.apache.org/maven2/org/codehaus/plexus/plexus-interpolation/1.13/plexus-interpolation-1.13.pom (890 B at 4.0 kB/s)
Downloading from central: https://repo.maven.apache.org/maven2/org/codehaus/plexus/plexus-components/1.1.15/plexus-components-1.1.15.pom
Progress (1): 2.8 kB
                    
Downloaded from central: https://repo.maven.apache.org/maven2/org/codehaus/plexus/plexus-components/1.1.15/plexus-components-1.1.15.pom (2.8 kB at 13 kB/s)
Downloading from central: https://repo.maven.apache.org/maven2/org/codehaus/plexus/plexus/2.0.3/plexus-2.0.3.pom
Progress (1): 4.1 kB
Progress (1): 8.2 kB
Progress (1): 12 kB 
Progress (1): 15 kB
                   
Downloaded from central: https://repo.maven.apache.org/maven2/org/codehaus/plexus/plexus/2.0.3/plexus-2.0.3.pom (15 kB at 64 kB/s)
Downloading from central: https://repo.maven.apache.org/maven2/org/apache/maven/maven-project/2.0.6/maven-project-2.0.6.jar
Downloading from central: https://repo.maven.apache.org/maven2/org/apache/maven/maven-profile/2.0.6/maven-profile-2.0.6.jar
Downloading from central: https://repo.maven.apache.org/maven2/org/apache/maven/maven-artifact-manager/2.0.6/maven-artifact-manager-2.0.6.jar
Downloading from central: https://repo.maven.apache.org/maven2/org/apache/maven/maven-plugin-registry/2.0.6/maven-plugin-registry-2.0.6.jar
Downloading from central: https://repo.maven.apache.org/maven2/org/apache/maven/maven-core/2.0.6/maven-core-2.0.6.jar
Progress (1): 4.1/57 kB
Progress (1): 7.4/57 kB
Progress (2): 7.4/57 kB | 4.1/116 kB
Progress (2): 7.4/57 kB | 7.7/116 kB
Progress (2): 7.4/57 kB | 12/116 kB 
Progress (2): 7.4/57 kB | 16/116 kB
Progress (3): 7.4/57 kB | 16/116 kB | 4.1/35 kB
Progress (3): 7.4/57 kB | 16/116 kB | 8.2/35 kB
Progress (3): 7.4/57 kB | 16/116 kB | 12/35 kB 
Progress (3): 7.4/57 kB | 16/116 kB | 16/35 kB
Progress (3): 7.4/57 kB | 16/116 kB | 20/35 kB
Progress (3): 7.4/57 kB | 16/116 kB | 25/35 kB
Progress (3): 7.4/57 kB | 16/116 kB | 29/35 kB
Progress (3): 7.4/57 kB | 16/116 kB | 33/35 kB
Progress (3): 7.4/57 kB | 16/116 kB | 35 kB   
Progress (3): 12/57 kB | 16/116 kB | 35 kB 
Progress (3): 16/57 kB | 16/116 kB | 35 kB
Progress (4): 16/57 kB | 16/116 kB | 35 kB | 4.1/29 kB
Progress (4): 20/57 kB | 16/116 kB | 35 kB | 4.1/29 kB
Progress (4): 20/57 kB | 16/116 kB | 35 kB | 7.7/29 kB
Progress (4): 24/57 kB | 16/116 kB | 35 kB | 7.7/29 kB
Progress (4): 24/57 kB | 16/116 kB | 35 kB | 12/29 kB 
Progress (4): 24/57 kB | 16/116 kB | 35 kB | 16/29 kB
Progress (4): 24/57 kB | 16/116 kB | 35 kB | 20/29 kB
Progress (4): 24/57 kB | 16/116 kB | 35 kB | 24/29 kB
Progress (4): 24/57 kB | 16/116 kB | 35 kB | 28/29 kB
Progress (4): 24/57 kB | 16/116 kB | 35 kB | 29 kB   
Progress (5): 24/57 kB | 16/116 kB | 35 kB | 29 kB | 4.1/152 kB
Progress (5): 24/57 kB | 16/116 kB | 35 kB | 29 kB | 7.7/152 kB
Progress (5): 24/57 kB | 16/116 kB | 35 kB | 29 kB | 12/152 kB 
Progress (5): 24/57 kB | 16/116 kB | 35 kB | 29 kB | 16/152 kB
Progress (5): 24/57 kB | 16/116 kB | 35 kB | 29 kB | 20/152 kB
Progress (5): 24/57 kB | 16/116 kB | 35 kB | 29 kB | 24/152 kB
Progress (5): 24/57 kB | 16/116 kB | 35 kB | 29 kB | 28/152 kB
Progress (5): 24/57 kB | 16/116 kB | 35 kB | 29 kB | 32/152 kB
Progress (5): 24/57 kB | 20/116 kB | 35 kB | 29 kB | 32/152 kB
Progress (5): 24/57 kB | 24/116 kB | 35 kB | 29 kB | 32/152 kB
Progress (5): 24/57 kB | 28/116 kB | 35 kB | 29 kB | 32/152 kB
Progress (5): 24/57 kB | 32/116 kB | 35 kB | 29 kB | 32/152 kB
Progress (5): 24/57 kB | 36/116 kB | 35 kB | 29 kB | 32/152 kB
Progress (5): 24/57 kB | 40/116 kB | 35 kB | 29 kB | 32/152 kB
Progress (5): 24/57 kB | 45/116 kB | 35 kB | 29 kB | 32/152 kB
Progress (5): 24/57 kB | 49/116 kB | 35 kB | 29 kB | 32/152 kB
Progress (5): 24/57 kB | 53/116 kB | 35 kB | 29 kB | 32/152 kB
Progress (5): 24/57 kB | 57/116 kB | 35 kB | 29 kB | 32/152 kB
Progress (5): 24/57 kB | 61/116 kB | 35 kB | 29 kB | 32/152 kB
Progress (5): 24/57 kB | 65/116 kB | 35 kB | 29 kB | 32/152 kB
Progress (5): 24/57 kB | 69/116 kB | 35 kB | 29 kB | 32/152 kB
Progress (5): 24/57 kB | 73/116 kB | 35 kB | 29 kB | 32/152 kB
Progress (5): 24/57 kB | 77/116 kB | 35 kB | 29 kB | 32/152 kB
Progress (5): 24/57 kB | 81/116 kB | 35 kB | 29 kB | 32/152 kB
Progress (5): 24/57 kB | 86/116 kB | 35 kB | 29 kB | 32/152 kB
Progress (5): 24/57 kB | 90/116 kB | 35 kB | 29 kB | 32/152 kB
Progress (5): 28/57 kB | 90/116 kB | 35 kB | 29 kB | 32/152 kB
Progress (5): 32/57 kB | 90/116 kB | 35 kB | 29 kB | 32/152 kB
Progress (5): 36/57 kB | 90/116 kB | 35 kB | 29 kB | 32/152 kB
Progress (5): 40/57 kB | 90/116 kB | 35 kB | 29 kB | 32/152 kB
Progress (5): 44/57 kB | 90/116 kB | 35 kB | 29 kB | 32/152 kB
Progress (5): 48/57 kB | 90/116 kB | 35 kB | 29 kB | 32/152 kB
Progress (5): 52/57 kB | 90/116 kB | 35 kB | 29 kB | 32/152 kB
Progress (5): 57 kB | 90/116 kB | 35 kB | 29 kB | 32/152 kB   
                                                           
Downloaded from central: https://repo.maven.apache.org/maven2/org/apache/maven/maven-profile/2.0.6/maven-profile-2.0.6.jar (35 kB at 116 kB/s)
Downloading from central: https://repo.maven.apache.org/maven2/org/apache/maven/maven-plugin-parameter-documenter/2.0.6/maven-plugin-parameter-documenter-2.0.6.jar
Progress (4): 57 kB | 90/116 kB | 29 kB | 36/152 kB
Progress (4): 57 kB | 90/116 kB | 29 kB | 40/152 kB
Progress (4): 57 kB | 90/116 kB | 29 kB | 44/152 kB
Progress (4): 57 kB | 90/116 kB | 29 kB | 48/152 kB
Progress (4): 57 kB | 90/116 kB | 29 kB | 53/152 kB
Progress (4): 57 kB | 90/116 kB | 29 kB | 57/152 kB
Progress (4): 57 kB | 90/116 kB | 29 kB | 61/152 kB
Progress (4): 57 kB | 90/116 kB | 29 kB | 65/152 kB
Progress (4): 57 kB | 94/116 kB | 29 kB | 65/152 kB
Progress (4): 57 kB | 98/116 kB | 29 kB | 65/152 kB
Progress (4): 57 kB | 102/116 kB | 29 kB | 65/152 kB
Progress (4): 57 kB | 106/116 kB | 29 kB | 65/152 kB
                                                    
Downloaded from central: https://repo.maven.apache.org/maven2/org/apache/maven/maven-plugin-registry/2.0.6/maven-plugin-registry-2.0.6.jar (29 kB at 79 kB/s)
Downloading from central: https://repo.maven.apache.org/maven2/org/apache/maven/reporting/maven-reporting-api/2.0.6/maven-reporting-api-2.0.6.jar
Progress (3): 57 kB | 106/116 kB | 69/152 kB
Progress (3): 57 kB | 106/116 kB | 73/152 kB
Progress (3): 57 kB | 106/116 kB | 77/152 kB
Progress (3): 57 kB | 106/116 kB | 81/152 kB
Progress (3): 57 kB | 110/116 kB | 81/152 kB
Progress (3): 57 kB | 114/116 kB | 81/152 kB
Progress (3): 57 kB | 116 kB | 81/152 kB    
Progress (4): 57 kB | 116 kB | 81/152 kB | 4.1/21 kB
Progress (4): 57 kB | 116 kB | 81/152 kB | 7.7/21 kB
                                                    
Downloaded from central: https://repo.maven.apache.org/maven2/org/apache/maven/maven-artifact-manager/2.0.6/maven-artifact-manager-2.0.6.jar (57 kB at 133 kB/s)
Downloading from central: https://repo.maven.apache.org/maven2/org/apache/maven/doxia/doxia-sink-api/1.0-alpha-7/doxia-sink-api-1.0-alpha-7.jar
Progress (3): 116 kB | 81/152 kB | 12/21 kB
Progress (3): 116 kB | 81/152 kB | 16/21 kB
Progress (3): 116 kB | 81/152 kB | 20/21 kB
Progress (3): 116 kB | 81/152 kB | 21 kB   
Progress (3): 116 kB | 85/152 kB | 21 kB
Progress (3): 116 kB | 89/152 kB | 21 kB
Progress (3): 116 kB | 93/152 kB | 21 kB
Progress (3): 116 kB | 98/152 kB | 21 kB
Progress (3): 116 kB | 102/152 kB | 21 kB
Progress (3): 116 kB | 106/152 kB | 21 kB
Progress (3): 116 kB | 110/152 kB | 21 kB
Progress (3): 116 kB | 114/152 kB | 21 kB
                                         
Downloaded from central: https://repo.maven.apache.org/maven2/org/apache/maven/maven-project/2.0.6/maven-project-2.0.6.jar (116 kB at 232 kB/s)
Downloading from central: https://repo.maven.apache.org/maven2/org/apache/maven/maven-repository-metadata/2.0.6/maven-repository-metadata-2.0.6.jar
Downloaded from central: https://repo.maven.apache.org/maven2/org/apache/maven/maven-plugin-parameter-documenter/2.0.6/maven-plugin-parameter-documenter-2.0.6.jar (21 kB at 41 kB/s)
Downloading from central: https://repo.maven.apache.org/maven2/org/apache/maven/maven-error-diagnostics/2.0.6/maven-error-diagnostics-2.0.6.jar
Progress (1): 118/152 kB
Progress (1): 122/152 kB
Progress (1): 126/152 kB
Progress (1): 130/152 kB
Progress (2): 130/152 kB | 4.1/9.9 kB
Progress (2): 130/152 kB | 7.7/9.9 kB
Progress (2): 130/152 kB | 9.9 kB    
Progress (2): 134/152 kB | 9.9 kB
Progress (2): 139/152 kB | 9.9 kB
Progress (2): 143/152 kB | 9.9 kB
Progress (2): 147/152 kB | 9.9 kB
Progress (2): 151/152 kB | 9.9 kB
Progress (2): 152 kB | 9.9 kB    
Progress (3): 152 kB | 9.9 kB | 4.1/5.9 kB
Progress (3): 152 kB | 9.9 kB | 5.9 kB    
Progress (4): 152 kB | 9.9 kB | 5.9 kB | 4.1/24 kB
Progress (4): 152 kB | 9.9 kB | 5.9 kB | 7.7/24 kB
Progress (4): 152 kB | 9.9 kB | 5.9 kB | 12/24 kB 
Progress (4): 152 kB | 9.9 kB | 5.9 kB | 16/24 kB
Progress (5): 152 kB | 9.9 kB | 5.9 kB | 16/24 kB | 4.1/14 kB
Progress (5): 152 kB | 9.9 kB | 5.9 kB | 16/24 kB | 7.7/14 kB
Progress (5): 152 kB | 9.9 kB | 5.9 kB | 20/24 kB | 7.7/14 kB
Progress (5): 152 kB | 9.9 kB | 5.9 kB | 24/24 kB | 7.7/14 kB
Progress (5): 152 kB | 9.9 kB | 5.9 kB | 24 kB | 7.7/14 kB   
                                                          
Downloaded from central: https://repo.maven.apache.org/maven2/org/apache/maven/reporting/maven-reporting-api/2.0.6/maven-reporting-api-2.0.6.jar (9.9 kB at 16 kB/s)
Downloading from central: https://repo.maven.apache.org/maven2/commons-cli/commons-cli/1.0/commons-cli-1.0.jar
Progress (4): 152 kB | 5.9 kB | 24 kB | 12/14 kB
Progress (4): 152 kB | 5.9 kB | 24 kB | 14 kB   
                                             
Downloaded from central: https://repo.maven.apache.org/maven2/org/apache/maven/maven-core/2.0.6/maven-core-2.0.6.jar (152 kB at 222 kB/s)
Downloaded from central: https://repo.maven.apache.org/maven2/org/apache/maven/doxia/doxia-sink-api/1.0-alpha-7/doxia-sink-api-1.0-alpha-7.jar (5.9 kB at 8.7 kB/s)
Downloading from central: https://repo.maven.apache.org/maven2/org/apache/maven/maven-plugin-descriptor/2.0.6/maven-plugin-descriptor-2.0.6.jar
Downloading from central: https://repo.maven.apache.org/maven2/org/codehaus/plexus/plexus-interactivity-api/1.0-alpha-4/plexus-interactivity-api-1.0-alpha-4.jar
Downloaded from central: https://repo.maven.apache.org/maven2/org/apache/maven/maven-repository-metadata/2.0.6/maven-repository-metadata-2.0.6.jar (24 kB at 33 kB/s)
Downloading from central: https://repo.maven.apache.org/maven2/classworlds/classworlds/1.1/classworlds-1.1.jar
Progress (2): 14 kB | 4.1/30 kB
Progress (2): 14 kB | 7.7/30 kB
Progress (2): 14 kB | 12/30 kB 
Progress (2): 14 kB | 16/30 kB
                              
Downloaded from central: https://repo.maven.apache.org/maven2/org/apache/maven/maven-error-diagnostics/2.0.6/maven-error-diagnostics-2.0.6.jar (14 kB at 18 kB/s)
Downloading from central: https://repo.maven.apache.org/maven2/org/apache/maven/maven-artifact/2.0.6/maven-artifact-2.0.6.jar
Progress (2): 16/30 kB | 4.1/37 kB
Progress (2): 16/30 kB | 7.7/37 kB
Progress (2): 16/30 kB | 12/37 kB 
Progress (2): 16/30 kB | 16/37 kB
Progress (2): 16/30 kB | 20/37 kB
Progress (2): 16/30 kB | 24/37 kB
Progress (2): 16/30 kB | 28/37 kB
Progress (2): 16/30 kB | 32/37 kB
Progress (2): 16/30 kB | 36/37 kB
Progress (2): 16/30 kB | 37 kB   
Progress (2): 20/30 kB | 37 kB
Progress (2): 24/30 kB | 37 kB
Progress (2): 28/30 kB | 37 kB
Progress (2): 30 kB | 37 kB   
Progress (3): 30 kB | 37 kB | 4.1/13 kB
Progress (3): 30 kB | 37 kB | 7.5/13 kB
Progress (4): 30 kB | 37 kB | 7.5/13 kB | 4.1/38 kB
Progress (4): 30 kB | 37 kB | 7.5/13 kB | 7.7/38 kB
Progress (4): 30 kB | 37 kB | 7.5/13 kB | 12/38 kB 
Progress (4): 30 kB | 37 kB | 7.5/13 kB | 16/38 kB
Progress (4): 30 kB | 37 kB | 7.5/13 kB | 20/38 kB
Progress (4): 30 kB | 37 kB | 7.5/13 kB | 24/38 kB
Progress (4): 30 kB | 37 kB | 7.5/13 kB | 28/38 kB
Progress (4): 30 kB | 37 kB | 7.5/13 kB | 32/38 kB
Progress (4): 30 kB | 37 kB | 7.5/13 kB | 36/38 kB
Progress (4): 30 kB | 37 kB | 7.5/13 kB | 38 kB   
Progress (4): 30 kB | 37 kB | 12/13 kB | 38 kB 
Progress (4): 30 kB | 37 kB | 13 kB | 38 kB   
Progress (5): 30 kB | 37 kB | 13 kB | 38 kB | 4.1/87 kB
Progress (5): 30 kB | 37 kB | 13 kB | 38 kB | 7.7/87 kB
Progress (5): 30 kB | 37 kB | 13 kB | 38 kB | 12/87 kB 
Progress (5): 30 kB | 37 kB | 13 kB | 38 kB | 16/87 kB
Progress (5): 30 kB | 37 kB | 13 kB | 38 kB | 20/87 kB
Progress (5): 30 kB | 37 kB | 13 kB | 38 kB | 24/87 kB
Progress (5): 30 kB | 37 kB | 13 kB | 38 kB | 28/87 kB
Progress (5): 30 kB | 37 kB | 13 kB | 38 kB | 32/87 kB
                                                      
Downloaded from central: https://repo.maven.apache.org/maven2/org/apache/maven/maven-plugin-descriptor/2.0.6/maven-plugin-descriptor-2.0.6.jar (37 kB at 42 kB/s)
Downloading from central: https://repo.maven.apache.org/maven2/org/apache/maven/maven-settings/2.0.6/maven-settings-2.0.6.jar
Downloaded from central: https://repo.maven.apache.org/maven2/commons-cli/commons-cli/1.0/commons-cli-1.0.jar (30 kB at 34 kB/s)
Downloading from central: https://repo.maven.apache.org/maven2/org/apache/maven/maven-model/2.0.6/maven-model-2.0.6.jar
Progress (3): 13 kB | 38 kB | 36/87 kB
Progress (3): 13 kB | 38 kB | 40/87 kB
Progress (3): 13 kB | 38 kB | 44/87 kB
Progress (3): 13 kB | 38 kB | 48/87 kB
Progress (3): 13 kB | 38 kB | 53/87 kB
Progress (3): 13 kB | 38 kB | 57/87 kB
Progress (3): 13 kB | 38 kB | 61/87 kB
Progress (3): 13 kB | 38 kB | 65/87 kB
                                      
Downloaded from central: https://repo.maven.apache.org/maven2/classworlds/classworlds/1.1/classworlds-1.1.jar (38 kB at 40 kB/s)
Downloading from central: https://repo.maven.apache.org/maven2/org/apache/maven/maven-monitor/2.0.6/maven-monitor-2.0.6.jar
Progress (2): 13 kB | 69/87 kB
Progress (2): 13 kB | 73/87 kB
Progress (2): 13 kB | 77/87 kB
Progress (2): 13 kB | 81/87 kB
Progress (2): 13 kB | 85/87 kB
Progress (2): 13 kB | 87 kB   
                           
Downloaded from central: https://repo.maven.apache.org/maven2/org/codehaus/plexus/plexus-interactivity-api/1.0-alpha-4/plexus-interactivity-api-1.0-alpha-4.jar (13 kB at 14 kB/s)
Downloading from central: https://repo.maven.apache.org/maven2/org/codehaus/plexus/plexus-container-default/1.0-alpha-9-stable-1/plexus-container-default-1.0-alpha-9-stable-1.jar
Progress (2): 87 kB | 4.1/49 kB
Progress (2): 87 kB | 7.7/49 kB
Progress (2): 87 kB | 12/49 kB 
Progress (2): 87 kB | 16/49 kB
Progress (2): 87 kB | 20/49 kB
Progress (2): 87 kB | 24/49 kB
Progress (2): 87 kB | 28/49 kB
Progress (2): 87 kB | 32/49 kB
Progress (3): 87 kB | 32/49 kB | 4.1/86 kB
Progress (3): 87 kB | 32/49 kB | 7.7/86 kB
Progress (3): 87 kB | 32/49 kB | 12/86 kB 
                                         
Downloaded from central: https://repo.maven.apache.org/maven2/org/apache/maven/maven-artifact/2.0.6/maven-artifact-2.0.6.jar (87 kB at 82 kB/s)
Downloading from central: https://repo.maven.apache.org/maven2/junit/junit/3.8.1/junit-3.8.1.jar
Progress (3): 32/49 kB | 12/86 kB | 4.1/194 kB
Progress (3): 32/49 kB | 12/86 kB | 7.7/194 kB
Progress (3): 32/49 kB | 12/86 kB | 12/194 kB 
Progress (3): 32/49 kB | 12/86 kB | 16/194 kB
Progress (3): 32/49 kB | 12/86 kB | 20/194 kB
Progress (3): 32/49 kB | 12/86 kB | 24/194 kB
Progress (3): 32/49 kB | 16/86 kB | 24/194 kB
Progress (3): 32/49 kB | 20/86 kB | 24/194 kB
Progress (3): 32/49 kB | 24/86 kB | 24/194 kB
Progress (3): 32/49 kB | 28/86 kB | 24/194 kB
Progress (3): 32/49 kB | 32/86 kB | 24/194 kB
Progress (3): 32/49 kB | 36/86 kB | 24/194 kB
Progress (3): 32/49 kB | 40/86 kB | 24/194 kB
Progress (3): 32/49 kB | 44/86 kB | 24/194 kB
Progress (3): 32/49 kB | 48/86 kB | 24/194 kB
Progress (3): 32/49 kB | 52/86 kB | 24/194 kB
Progress (3): 32/49 kB | 57/86 kB | 24/194 kB
Progress (3): 32/49 kB | 61/86 kB | 24/194 kB
Progress (4): 32/49 kB | 61/86 kB | 24/194 kB | 4.1/10 kB
Progress (4): 32/49 kB | 61/86 kB | 24/194 kB | 7.7/10 kB
Progress (4): 32/49 kB | 61/86 kB | 24/194 kB | 10 kB    
Progress (4): 36/49 kB | 61/86 kB | 24/194 kB | 10 kB
Progress (4): 40/49 kB | 61/86 kB | 24/194 kB | 10 kB
Progress (4): 45/49 kB | 61/86 kB | 24/194 kB | 10 kB
Progress (4): 49/49 kB | 61/86 kB | 24/194 kB | 10 kB
Progress (4): 49 kB | 61/86 kB | 24/194 kB | 10 kB   
Progress (4): 49 kB | 61/86 kB | 28/194 kB | 10 kB
Progress (4): 49 kB | 61/86 kB | 32/194 kB | 10 kB
Progress (4): 49 kB | 61/86 kB | 36/194 kB | 10 kB
Progress (4): 49 kB | 61/86 kB | 40/194 kB | 10 kB
Progress (4): 49 kB | 61/86 kB | 45/194 kB | 10 kB
Progress (4): 49 kB | 61/86 kB | 49/194 kB | 10 kB
Progress (4): 49 kB | 61/86 kB | 53/194 kB | 10 kB
Progress (4): 49 kB | 61/86 kB | 57/194 kB | 10 kB
Progress (4): 49 kB | 65/86 kB | 57/194 kB | 10 kB
Progress (4): 49 kB | 69/86 kB | 57/194 kB | 10 kB
Progress (4): 49 kB | 73/86 kB | 57/194 kB | 10 kB
Progress (4): 49 kB | 77/86 kB | 57/194 kB | 10 kB
Progress (4): 49 kB | 81/86 kB | 57/194 kB | 10 kB
Progress (4): 49 kB | 85/86 kB | 57/194 kB | 10 kB
Progress (4): 49 kB | 86 kB | 57/194 kB | 10 kB   
Progress (5): 49 kB | 86 kB | 57/194 kB | 10 kB | 4.1/121 kB
Progress (5): 49 kB | 86 kB | 57/194 kB | 10 kB | 7.7/121 kB
Progress (5): 49 kB | 86 kB | 57/194 kB | 10 kB | 12/121 kB 
Progress (5): 49 kB | 86 kB | 57/194 kB | 10 kB | 16/121 kB
Progress (5): 49 kB | 86 kB | 57/194 kB | 10 kB | 20/121 kB
Progress (5): 49 kB | 86 kB | 57/194 kB | 10 kB | 24/121 kB
Progress (5): 49 kB | 86 kB | 57/194 kB | 10 kB | 28/121 kB
Progress (5): 49 kB | 86 kB | 57/194 kB | 10 kB | 32/121 kB
                                                           
Downloaded from central: https://repo.maven.apache.org/maven2/org/apache/maven/maven-monitor/2.0.6/maven-monitor-2.0.6.jar (10 kB at 8.5 kB/s)
Downloading from central: https://repo.maven.apache.org/maven2/org/codehaus/plexus/plexus-utils/2.0.5/plexus-utils-2.0.5.jar
Downloaded from central: https://repo.maven.apache.org/maven2/org/apache/maven/maven-settings/2.0.6/maven-settings-2.0.6.jar (49 kB at 40 kB/s)
Downloading from central: https://repo.maven.apache.org/maven2/org/apache/maven/shared/maven-filtering/1.1/maven-filtering-1.1.jar
Progress (3): 86 kB | 61/194 kB | 32/121 kB
Progress (3): 86 kB | 65/194 kB | 32/121 kB
Progress (3): 86 kB | 69/194 kB | 32/121 kB
Progress (3): 86 kB | 73/194 kB | 32/121 kB
Progress (3): 86 kB | 73/194 kB | 36/121 kB
Progress (3): 86 kB | 73/194 kB | 40/121 kB
Progress (3): 86 kB | 73/194 kB | 45/121 kB
Progress (3): 86 kB | 73/194 kB | 49/121 kB
Progress (3): 86 kB | 77/194 kB | 49/121 kB
Progress (3): 86 kB | 81/194 kB | 49/121 kB
Progress (3): 86 kB | 86/194 kB | 49/121 kB
Progress (3): 86 kB | 90/194 kB | 49/121 kB
Progress (3): 86 kB | 90/194 kB | 53/121 kB
Progress (3): 86 kB | 90/194 kB | 57/121 kB
Progress (3): 86 kB | 90/194 kB | 61/121 kB
Progress (3): 86 kB | 90/194 kB | 65/121 kB
Progress (3): 86 kB | 90/194 kB | 69/121 kB
Progress (3): 86 kB | 90/194 kB | 73/121 kB
Progress (3): 86 kB | 90/194 kB | 77/121 kB
Progress (3): 86 kB | 90/194 kB | 81/121 kB
Progress (3): 86 kB | 94/194 kB | 81/121 kB
Progress (3): 86 kB | 98/194 kB | 81/121 kB
Progress (3): 86 kB | 102/194 kB | 81/121 kB
Progress (3): 86 kB | 106/194 kB | 81/121 kB
Progress (4): 86 kB | 106/194 kB | 81/121 kB | 4.1/223 kB
Progress (4): 86 kB | 106/194 kB | 81/121 kB | 7.7/223 kB
Progress (4): 86 kB | 106/194 kB | 81/121 kB | 12/223 kB 
Progress (4): 86 kB | 106/194 kB | 81/121 kB | 16/223 kB
Progress (4): 86 kB | 106/194 kB | 81/121 kB | 20/223 kB
Progress (4): 86 kB | 106/194 kB | 81/121 kB | 24/223 kB
Progress (4): 86 kB | 106/194 kB | 81/121 kB | 28/223 kB
Progress (4): 86 kB | 106/194 kB | 81/121 kB | 32/223 kB
Progress (4): 86 kB | 106/194 kB | 81/121 kB | 36/223 kB
Progress (4): 86 kB | 106/194 kB | 81/121 kB | 40/223 kB
Progress (4): 86 kB | 106/194 kB | 81/121 kB | 45/223 kB
Progress (4): 86 kB | 106/194 kB | 81/121 kB | 49/223 kB
                                                        
Downloaded from central: https://repo.maven.apache.org/maven2/org/apache/maven/maven-model/2.0.6/maven-model-2.0.6.jar (86 kB at 65 kB/s)
Downloading from central: https://repo.maven.apache.org/maven2/org/sonatype/plexus/plexus-build-api/0.0.4/plexus-build-api-0.0.4.jar
Progress (4): 106/194 kB | 81/121 kB | 49/223 kB | 4.1/43 kB
Progress (4): 106/194 kB | 81/121 kB | 49/223 kB | 7.7/43 kB
Progress (4): 106/194 kB | 81/121 kB | 49/223 kB | 12/43 kB 
Progress (4): 106/194 kB | 81/121 kB | 49/223 kB | 16/43 kB
Progress (4): 106/194 kB | 81/121 kB | 49/223 kB | 20/43 kB
Progress (4): 106/194 kB | 81/121 kB | 49/223 kB | 24/43 kB
Progress (4): 106/194 kB | 81/121 kB | 49/223 kB | 28/43 kB
Progress (4): 106/194 kB | 81/121 kB | 49/223 kB | 32/43 kB
Progress (4): 106/194 kB | 81/121 kB | 49/223 kB | 36/43 kB
Progress (4): 106/194 kB | 81/121 kB | 49/223 kB | 40/43 kB
Progress (4): 106/194 kB | 81/121 kB | 49/223 kB | 43 kB   
Progress (4): 106/194 kB | 86/121 kB | 49/223 kB | 43 kB
Progress (4): 106/194 kB | 90/121 kB | 49/223 kB | 43 kB
Progress (4): 106/194 kB | 94/121 kB | 49/223 kB | 43 kB
Progress (4): 106/194 kB | 98/121 kB | 49/223 kB | 43 kB
Progress (4): 106/194 kB | 102/121 kB | 49/223 kB | 43 kB
Progress (4): 106/194 kB | 106/121 kB | 49/223 kB | 43 kB
Progress (4): 106/194 kB | 110/121 kB | 49/223 kB | 43 kB
Progress (4): 106/194 kB | 114/121 kB | 49/223 kB | 43 kB
Progress (4): 106/194 kB | 118/121 kB | 49/223 kB | 43 kB
Progress (4): 106/194 kB | 121 kB | 49/223 kB | 43 kB    
Progress (4): 110/194 kB | 121 kB | 49/223 kB | 43 kB
Progress (4): 114/194 kB | 121 kB | 49/223 kB | 43 kB
Progress (4): 118/194 kB | 121 kB | 49/223 kB | 43 kB
Progress (4): 122/194 kB | 121 kB | 49/223 kB | 43 kB
Progress (4): 126/194 kB | 121 kB | 49/223 kB | 43 kB
Progress (4): 131/194 kB | 121 kB | 49/223 kB | 43 kB
Progress (4): 135/194 kB | 121 kB | 49/223 kB | 43 kB
Progress (4): 139/194 kB | 121 kB | 49/223 kB | 43 kB
Progress (4): 139/194 kB | 121 kB | 53/223 kB | 43 kB
Progress (4): 139/194 kB | 121 kB | 57/223 kB | 43 kB
Progress (4): 139/194 kB | 121 kB | 61/223 kB | 43 kB
Progress (4): 139/194 kB | 121 kB | 65/223 kB | 43 kB
Progress (4): 139/194 kB | 121 kB | 69/223 kB | 43 kB
Progress (4): 139/194 kB | 121 kB | 73/223 kB | 43 kB
Progress (4): 139/194 kB | 121 kB | 77/223 kB | 43 kB
Progress (4): 139/194 kB | 121 kB | 81/223 kB | 43 kB
Progress (4): 143/194 kB | 121 kB | 81/223 kB | 43 kB
Progress (4): 147/194 kB | 121 kB | 81/223 kB | 43 kB
Progress (4): 151/194 kB | 121 kB | 81/223 kB | 43 kB
Progress (4): 155/194 kB | 121 kB | 81/223 kB | 43 kB
Progress (4): 155/194 kB | 121 kB | 86/223 kB | 43 kB
Progress (4): 155/194 kB | 121 kB | 90/223 kB | 43 kB
Progress (4): 155/194 kB | 121 kB | 94/223 kB | 43 kB
Progress (4): 155/194 kB | 121 kB | 98/223 kB | 43 kB
Progress (4): 155/194 kB | 121 kB | 102/223 kB | 43 kB
Progress (4): 155/194 kB | 121 kB | 106/223 kB | 43 kB
Progress (4): 155/194 kB | 121 kB | 110/223 kB | 43 kB
Progress (4): 155/194 kB | 121 kB | 114/223 kB | 43 kB
Progress (4): 159/194 kB | 121 kB | 114/223 kB | 43 kB
Progress (4): 163/194 kB | 121 kB | 114/223 kB | 43 kB
Progress (4): 167/194 kB | 121 kB | 114/223 kB | 43 kB
Progress (4): 172/194 kB | 121 kB | 114/223 kB | 43 kB
Progress (4): 176/194 kB | 121 kB | 114/223 kB | 43 kB
Progress (4): 180/194 kB | 121 kB | 114/223 kB | 43 kB
Progress (4): 184/194 kB | 121 kB | 114/223 kB | 43 kB
Progress (4): 188/194 kB | 121 kB | 114/223 kB | 43 kB
                                                      
Downloaded from central: https://repo.maven.apache.org/maven2/junit/junit/3.8.1/junit-3.8.1.jar (121 kB at 82 kB/s)
Downloading from central: https://repo.maven.apache.org/maven2/org/codehaus/plexus/plexus-interpolation/1.13/plexus-interpolation-1.13.jar
Downloaded from central: https://repo.maven.apache.org/maven2/org/apache/maven/shared/maven-filtering/1.1/maven-filtering-1.1.jar (43 kB at 29 kB/s)
Progress (2): 192/194 kB | 114/223 kB
Progress (2): 194 kB | 114/223 kB    
Progress (2): 194 kB | 118/223 kB
Progress (2): 194 kB | 122/223 kB
Progress (2): 194 kB | 126/223 kB
Progress (2): 194 kB | 131/223 kB
Progress (2): 194 kB | 135/223 kB
Progress (2): 194 kB | 139/223 kB
Progress (2): 194 kB | 143/223 kB
Progress (2): 194 kB | 147/223 kB
Progress (3): 194 kB | 147/223 kB | 4.1/6.8 kB
Progress (3): 194 kB | 147/223 kB | 6.8 kB    
Progress (3): 194 kB | 151/223 kB | 6.8 kB
Progress (3): 194 kB | 155/223 kB | 6.8 kB
Progress (3): 194 kB | 159/223 kB | 6.8 kB
Progress (3): 194 kB | 163/223 kB | 6.8 kB
Progress (3): 194 kB | 167/223 kB | 6.8 kB
Progress (3): 194 kB | 172/223 kB | 6.8 kB
Progress (3): 194 kB | 176/223 kB | 6.8 kB
Progress (3): 194 kB | 180/223 kB | 6.8 kB
Progress (3): 194 kB | 184/223 kB | 6.8 kB
Progress (3): 194 kB | 188/223 kB | 6.8 kB
Progress (3): 194 kB | 192/223 kB | 6.8 kB
Progress (3): 194 kB | 196/223 kB | 6.8 kB
Progress (4): 194 kB | 196/223 kB | 6.8 kB | 4.1/61 kB
Progress (4): 194 kB | 196/223 kB | 6.8 kB | 7.7/61 kB
Progress (4): 194 kB | 196/223 kB | 6.8 kB | 12/61 kB 
Progress (4): 194 kB | 196/223 kB | 6.8 kB | 16/61 kB
Progress (4): 194 kB | 196/223 kB | 6.8 kB | 20/61 kB
Progress (4): 194 kB | 196/223 kB | 6.8 kB | 24/61 kB
Progress (4): 194 kB | 196/223 kB | 6.8 kB | 28/61 kB
Progress (4): 194 kB | 196/223 kB | 6.8 kB | 32/61 kB
Progress (4): 194 kB | 196/223 kB | 6.8 kB | 36/61 kB
Progress (4): 194 kB | 196/223 kB | 6.8 kB | 40/61 kB
Progress (4): 194 kB | 196/223 kB | 6.8 kB | 45/61 kB
Progress (4): 194 kB | 200/223 kB | 6.8 kB | 45/61 kB
Progress (4): 194 kB | 204/223 kB | 6.8 kB | 45/61 kB
Progress (4): 194 kB | 208/223 kB | 6.8 kB | 45/61 kB
Progress (4): 194 kB | 213/223 kB | 6.8 kB | 45/61 kB
Progress (4): 194 kB | 217/223 kB | 6.8 kB | 45/61 kB
Progress (4): 194 kB | 221/223 kB | 6.8 kB | 45/61 kB
Progress (4): 194 kB | 223 kB | 6.8 kB | 45/61 kB    
                                                 
Downloaded from central: https://repo.maven.apache.org/maven2/org/codehaus/plexus/plexus-container-default/1.0-alpha-9-stable-1/plexus-container-default-1.0-alpha-9-stable-1.jar (194 kB at 122 kB/s)
Downloaded from central: https://repo.maven.apache.org/maven2/org/sonatype/plexus/plexus-build-api/0.0.4/plexus-build-api-0.0.4.jar (6.8 kB at 4.2 kB/s)
Progress (2): 223 kB | 49/61 kB
Progress (2): 223 kB | 53/61 kB
Progress (2): 223 kB | 57/61 kB
Progress (2): 223 kB | 61/61 kB
Progress (2): 223 kB | 61 kB   
                            
Downloaded from central: https://repo.maven.apache.org/maven2/org/codehaus/plexus/plexus-utils/2.0.5/plexus-utils-2.0.5.jar (223 kB at 133 kB/s)
Downloaded from central: https://repo.maven.apache.org/maven2/org/codehaus/plexus/plexus-interpolation/1.13/plexus-interpolation-1.13.jar (61 kB at 34 kB/s)
[WARNING] Using platform encoding (UTF-8 actually) to copy filtered resources, i.e. build is platform dependent!
[INFO] Copying 1 resource
[INFO] 
[INFO] --- maven-compiler-plugin:3.11.0:compile (default-compile) @ patient-service ---
Downloading from central: https://repo.maven.apache.org/maven2/org/apache/maven/shared/maven-shared-utils/3.3.4/maven-shared-utils-3.3.4.pom
Progress (1): 4.1 kB
Progress (1): 5.8 kB
                    
Downloaded from central: https://repo.maven.apache.org/maven2/org/apache/maven/shared/maven-shared-utils/3.3.4/maven-shared-utils-3.3.4.pom (5.8 kB at 22 kB/s)
Downloading from central: https://repo.maven.apache.org/maven2/org/apache/maven/shared/maven-shared-components/34/maven-shared-components-34.pom
Progress (1): 4.1 kB
Progress (1): 5.1 kB
                    
Downloaded from central: https://repo.maven.apache.org/maven2/org/apache/maven/shared/maven-shared-components/34/maven-shared-components-34.pom (5.1 kB at 21 kB/s)
Downloading from central: https://repo.maven.apache.org/maven2/org/apache/maven/maven-parent/34/maven-parent-34.pom
Progress (1): 4.1 kB
Progress (1): 8.2 kB
Progress (1): 12 kB 
Progress (1): 16 kB
Progress (1): 20 kB
Progress (1): 25 kB
Progress (1): 29 kB
Progress (1): 33 kB
Progress (1): 37 kB
Progress (1): 41 kB
Progress (1): 43 kB
                   
Downloaded from central: https://repo.maven.apache.org/maven2/org/apache/maven/maven-parent/34/maven-parent-34.pom (43 kB at 168 kB/s)
Downloading from central: https://repo.maven.apache.org/maven2/commons-io/commons-io/2.6/commons-io-2.6.pom
Progress (1): 4.1 kB
Progress (1): 8.2 kB
Progress (1): 12 kB 
Progress (1): 14 kB
                   
Downloaded from central: https://repo.maven.apache.org/maven2/commons-io/commons-io/2.6/commons-io-2.6.pom (14 kB at 78 kB/s)
Downloading from central: https://repo.maven.apache.org/maven2/org/apache/commons/commons-parent/42/commons-parent-42.pom
Progress (1): 4.1 kB
Progress (1): 8.2 kB
Progress (1): 12 kB 
Progress (1): 16 kB
Progress (1): 20 kB
Progress (1): 25 kB
Progress (1): 29 kB
Progress (1): 33 kB
Progress (1): 37 kB
Progress (1): 41 kB
Progress (1): 45 kB
Progress (1): 49 kB
Progress (1): 53 kB
Progress (1): 57 kB
Progress (1): 61 kB
Progress (1): 66 kB
Progress (1): 68 kB
                   
Downloaded from central: https://repo.maven.apache.org/maven2/org/apache/commons/commons-parent/42/commons-parent-42.pom (68 kB at 287 kB/s)
Downloading from central: https://repo.maven.apache.org/maven2/org/apache/apache/18/apache-18.pom
Progress (1): 4.1 kB
Progress (1): 8.2 kB
Progress (1): 12 kB 
Progress (1): 16 kB
                   
Downloaded from central: https://repo.maven.apache.org/maven2/org/apache/apache/18/apache-18.pom (16 kB at 55 kB/s)
Downloading from central: https://repo.maven.apache.org/maven2/org/apache/maven/shared/maven-shared-incremental/1.1/maven-shared-incremental-1.1.pom
Progress (1): 4.1 kB
Progress (1): 4.7 kB
                    
Downloaded from central: https://repo.maven.apache.org/maven2/org/apache/maven/shared/maven-shared-incremental/1.1/maven-shared-incremental-1.1.pom (4.7 kB at 21 kB/s)
Downloading from central: https://repo.maven.apache.org/maven2/org/apache/maven/shared/maven-shared-components/19/maven-shared-components-19.pom
Progress (1): 4.1 kB
Progress (1): 6.4 kB
                    
Downloaded from central: https://repo.maven.apache.org/maven2/org/apache/maven/shared/maven-shared-components/19/maven-shared-components-19.pom (6.4 kB at 23 kB/s)
Downloading from central: https://repo.maven.apache.org/maven2/org/apache/maven/maven-parent/23/maven-parent-23.pom
Progress (1): 4.1 kB
Progress (1): 8.2 kB
Progress (1): 12 kB 
Progress (1): 16 kB
Progress (1): 20 kB
Progress (1): 25 kB
Progress (1): 29 kB
Progress (1): 33 kB
                   
Downloaded from central: https://repo.maven.apache.org/maven2/org/apache/maven/maven-parent/23/maven-parent-23.pom (33 kB at 139 kB/s)
Downloading from central: https://repo.maven.apache.org/maven2/org/apache/apache/13/apache-13.pom
Progress (1): 4.1 kB
Progress (1): 8.2 kB
Progress (1): 12 kB 
Progress (1): 14 kB
                   
Downloaded from central: https://repo.maven.apache.org/maven2/org/apache/apache/13/apache-13.pom (14 kB at 58 kB/s)
Downloading from central: https://repo.maven.apache.org/maven2/org/codehaus/plexus/plexus-component-annotations/1.5.5/plexus-component-annotations-1.5.5.pom
Progress (1): 815 B
                   
Downloaded from central: https://repo.maven.apache.org/maven2/org/codehaus/plexus/plexus-component-annotations/1.5.5/plexus-component-annotations-1.5.5.pom (815 B at 3.8 kB/s)
Downloading from central: https://repo.maven.apache.org/maven2/org/codehaus/plexus/plexus-containers/1.5.5/plexus-containers-1.5.5.pom
Progress (1): 4.1 kB
Progress (1): 4.2 kB
                    
Downloaded from central: https://repo.maven.apache.org/maven2/org/codehaus/plexus/plexus-containers/1.5.5/plexus-containers-1.5.5.pom (4.2 kB at 19 kB/s)
Downloading from central: https://repo.maven.apache.org/maven2/org/codehaus/plexus/plexus/2.0.7/plexus-2.0.7.pom
Progress (1): 4.1 kB
Progress (1): 8.2 kB
Progress (1): 12 kB 
Progress (1): 16 kB
Progress (1): 17 kB
                   
Downloaded from central: https://repo.maven.apache.org/maven2/org/codehaus/plexus/plexus/2.0.7/plexus-2.0.7.pom (17 kB at 59 kB/s)
Downloading from central: https://repo.maven.apache.org/maven2/org/codehaus/plexus/plexus-java/1.1.2/plexus-java-1.1.2.pom
Progress (1): 4.1 kB
Progress (1): 5.0 kB
                    
Downloaded from central: https://repo.maven.apache.org/maven2/org/codehaus/plexus/plexus-java/1.1.2/plexus-java-1.1.2.pom (5.0 kB at 21 kB/s)
Downloading from central: https://repo.maven.apache.org/maven2/org/codehaus/plexus/plexus-languages/1.1.2/plexus-languages-1.1.2.pom
Progress (1): 4.1 kB
Progress (1): 4.1 kB
                    
Downloaded from central: https://repo.maven.apache.org/maven2/org/codehaus/plexus/plexus-languages/1.1.2/plexus-languages-1.1.2.pom (4.1 kB at 14 kB/s)
Downloading from central: https://repo.maven.apache.org/maven2/org/ow2/asm/asm/9.4/asm-9.4.pom
Progress (1): 2.4 kB
                    
Downloaded from central: https://repo.maven.apache.org/maven2/org/ow2/asm/asm/9.4/asm-9.4.pom (2.4 kB at 11 kB/s)
Downloading from central: https://repo.maven.apache.org/maven2/com/thoughtworks/qdox/qdox/2.0.3/qdox-2.0.3.pom
Progress (1): 4.1 kB
Progress (1): 8.2 kB
Progress (1): 12 kB 
Progress (1): 16 kB
Progress (1): 17 kB
                   
Downloaded from central: https://repo.maven.apache.org/maven2/com/thoughtworks/qdox/qdox/2.0.3/qdox-2.0.3.pom (17 kB at 83 kB/s)
Downloading from central: https://repo.maven.apache.org/maven2/org/codehaus/plexus/plexus-compiler-api/2.13.0/plexus-compiler-api-2.13.0.pom
Progress (1): 1.1 kB
                    
Downloaded from central: https://repo.maven.apache.org/maven2/org/codehaus/plexus/plexus-compiler-api/2.13.0/plexus-compiler-api-2.13.0.pom (1.1 kB at 5.0 kB/s)
Downloading from central: https://repo.maven.apache.org/maven2/org/codehaus/plexus/plexus-compiler/2.13.0/plexus-compiler-2.13.0.pom
Progress (1): 4.1 kB
Progress (1): 8.2 kB
Progress (1): 8.4 kB
                    
Downloaded from central: https://repo.maven.apache.org/maven2/org/codehaus/plexus/plexus-compiler/2.13.0/plexus-compiler-2.13.0.pom (8.4 kB at 31 kB/s)
Downloading from central: https://repo.maven.apache.org/maven2/org/codehaus/plexus/plexus-components/10.0/plexus-components-10.0.pom
Progress (1): 2.7 kB
                    
Downloaded from central: https://repo.maven.apache.org/maven2/org/codehaus/plexus/plexus-components/10.0/plexus-components-10.0.pom (2.7 kB at 12 kB/s)
Downloading from central: https://repo.maven.apache.org/maven2/org/junit/junit-bom/5.9.1/junit-bom-5.9.1.pom
Progress (1): 4.1 kB
Progress (1): 5.6 kB
                    
Downloaded from central: https://repo.maven.apache.org/maven2/org/junit/junit-bom/5.9.1/junit-bom-5.9.1.pom (5.6 kB at 19 kB/s)
Downloading from central: https://repo.maven.apache.org/maven2/org/codehaus/plexus/plexus-utils/3.5.0/plexus-utils-3.5.0.pom
Progress (1): 4.1 kB
Progress (1): 8.0 kB
                    
Downloaded from central: https://repo.maven.apache.org/maven2/org/codehaus/plexus/plexus-utils/3.5.0/plexus-utils-3.5.0.pom (8.0 kB at 30 kB/s)
Downloading from central: https://repo.maven.apache.org/maven2/org/codehaus/plexus/plexus-compiler-manager/2.13.0/plexus-compiler-manager-2.13.0.pom
Progress (1): 1.1 kB
                    
Downloaded from central: https://repo.maven.apache.org/maven2/org/codehaus/plexus/plexus-compiler-manager/2.13.0/plexus-compiler-manager-2.13.0.pom (1.1 kB at 5.6 kB/s)
Downloading from central: https://repo.maven.apache.org/maven2/org/codehaus/plexus/plexus-component-annotations/2.1.1/plexus-component-annotations-2.1.1.pom
Progress (1): 770 B
                   
Downloaded from central: https://repo.maven.apache.org/maven2/org/codehaus/plexus/plexus-component-annotations/2.1.1/plexus-component-annotations-2.1.1.pom (770 B at 3.4 kB/s)
Downloading from central: https://repo.maven.apache.org/maven2/org/codehaus/plexus/plexus-containers/2.1.1/plexus-containers-2.1.1.pom
Progress (1): 4.1 kB
Progress (1): 6.0 kB
                    
Downloaded from central: https://repo.maven.apache.org/maven2/org/codehaus/plexus/plexus-containers/2.1.1/plexus-containers-2.1.1.pom (6.0 kB at 21 kB/s)
Downloading from central: https://repo.maven.apache.org/maven2/org/codehaus/plexus/plexus/6.5/plexus-6.5.pom
Progress (1): 4.1 kB
Progress (1): 8.2 kB
Progress (1): 12 kB 
Progress (1): 16 kB
Progress (1): 20 kB
Progress (1): 25 kB
Progress (1): 26 kB
                   
Downloaded from central: https://repo.maven.apache.org/maven2/org/codehaus/plexus/plexus/6.5/plexus-6.5.pom (26 kB at 104 kB/s)
Downloading from central: https://repo.maven.apache.org/maven2/org/codehaus/plexus/plexus-compiler-javac/2.13.0/plexus-compiler-javac-2.13.0.pom
Progress (1): 1.2 kB
                    
Downloaded from central: https://repo.maven.apache.org/maven2/org/codehaus/plexus/plexus-compiler-javac/2.13.0/plexus-compiler-javac-2.13.0.pom (1.2 kB at 4.5 kB/s)
Downloading from central: https://repo.maven.apache.org/maven2/org/codehaus/plexus/plexus-compilers/2.13.0/plexus-compilers-2.13.0.pom
Progress (1): 1.3 kB
                    
Downloaded from central: https://repo.maven.apache.org/maven2/org/codehaus/plexus/plexus-compilers/2.13.0/plexus-compilers-2.13.0.pom (1.3 kB at 5.9 kB/s)
Downloading from central: https://repo.maven.apache.org/maven2/org/apache/maven/shared/maven-shared-utils/3.3.4/maven-shared-utils-3.3.4.jar
Downloading from central: https://repo.maven.apache.org/maven2/commons-io/commons-io/2.6/commons-io-2.6.jar
Downloading from central: https://repo.maven.apache.org/maven2/org/apache/maven/shared/maven-shared-incremental/1.1/maven-shared-incremental-1.1.jar
Downloading from central: https://repo.maven.apache.org/maven2/org/codehaus/plexus/plexus-component-annotations/1.5.5/plexus-component-annotations-1.5.5.jar
Downloading from central: https://repo.maven.apache.org/maven2/org/codehaus/plexus/plexus-java/1.1.2/plexus-java-1.1.2.jar
Progress (1): 4.1/153 kB
Progress (1): 7.7/153 kB
Progress (1): 12/153 kB 
Progress (1): 16/153 kB
Progress (1): 20/153 kB
Progress (1): 24/153 kB
Progress (1): 28/153 kB
Progress (1): 32/153 kB
Progress (1): 36/153 kB
Progress (1): 40/153 kB
Progress (1): 45/153 kB
Progress (1): 49/153 kB
Progress (2): 49/153 kB | 4.1/4.2 kB
Progress (2): 49/153 kB | 4.2 kB    
Progress (3): 49/153 kB | 4.2 kB | 4.1/215 kB
Progress (3): 49/153 kB | 4.2 kB | 7.7/215 kB
Progress (3): 49/153 kB | 4.2 kB | 12/215 kB 
Progress (3): 49/153 kB | 4.2 kB | 16/215 kB
Progress (3): 49/153 kB | 4.2 kB | 20/215 kB
Progress (3): 49/153 kB | 4.2 kB | 24/215 kB
Progress (3): 49/153 kB | 4.2 kB | 28/215 kB
Progress (3): 53/153 kB | 4.2 kB | 28/215 kB
Progress (3): 57/153 kB | 4.2 kB | 28/215 kB
Progress (3): 61/153 kB | 4.2 kB | 28/215 kB
Progress (3): 65/153 kB | 4.2 kB | 28/215 kB
Progress (4): 65/153 kB | 4.2 kB | 28/215 kB | 4.1/55 kB
Progress (4): 65/153 kB | 4.2 kB | 28/215 kB | 7.7/55 kB
Progress (4): 65/153 kB | 4.2 kB | 28/215 kB | 12/55 kB 
Progress (4): 65/153 kB | 4.2 kB | 28/215 kB | 16/55 kB
Progress (4): 65/153 kB | 4.2 kB | 28/215 kB | 20/55 kB
Progress (4): 65/153 kB | 4.2 kB | 28/215 kB | 24/55 kB
Progress (4): 65/153 kB | 4.2 kB | 28/215 kB | 28/55 kB
Progress (4): 65/153 kB | 4.2 kB | 28/215 kB | 32/55 kB
Progress (4): 69/153 kB | 4.2 kB | 28/215 kB | 32/55 kB
Progress (4): 73/153 kB | 4.2 kB | 28/215 kB | 32/55 kB
Progress (4): 77/153 kB | 4.2 kB | 28/215 kB | 32/55 kB
Progress (4): 81/153 kB | 4.2 kB | 28/215 kB | 32/55 kB
Progress (4): 86/153 kB | 4.2 kB | 28/215 kB | 32/55 kB
Progress (4): 90/153 kB | 4.2 kB | 28/215 kB | 32/55 kB
Progress (4): 94/153 kB | 4.2 kB | 28/215 kB | 32/55 kB
Progress (4): 98/153 kB | 4.2 kB | 28/215 kB | 32/55 kB
Progress (5): 98/153 kB | 4.2 kB | 28/215 kB | 32/55 kB | 4.1/14 kB
Progress (5): 98/153 kB | 4.2 kB | 28/215 kB | 32/55 kB | 7.7/14 kB
Progress (5): 98/153 kB | 4.2 kB | 28/215 kB | 32/55 kB | 12/14 kB 
Progress (5): 98/153 kB | 4.2 kB | 28/215 kB | 32/55 kB | 14 kB   
Progress (5): 98/153 kB | 4.2 kB | 32/215 kB | 32/55 kB | 14 kB
Progress (5): 98/153 kB | 4.2 kB | 36/215 kB | 32/55 kB | 14 kB
Progress (5): 98/153 kB | 4.2 kB | 40/215 kB | 32/55 kB | 14 kB
Progress (5): 98/153 kB | 4.2 kB | 45/215 kB | 32/55 kB | 14 kB
Progress (5): 98/153 kB | 4.2 kB | 49/215 kB | 32/55 kB | 14 kB
Progress (5): 98/153 kB | 4.2 kB | 53/215 kB | 32/55 kB | 14 kB
Progress (5): 98/153 kB | 4.2 kB | 57/215 kB | 32/55 kB | 14 kB
Progress (5): 98/153 kB | 4.2 kB | 61/215 kB | 32/55 kB | 14 kB
Progress (5): 98/153 kB | 4.2 kB | 65/215 kB | 32/55 kB | 14 kB
Progress (5): 98/153 kB | 4.2 kB | 69/215 kB | 32/55 kB | 14 kB
Progress (5): 98/153 kB | 4.2 kB | 73/215 kB | 32/55 kB | 14 kB
Progress (5): 98/153 kB | 4.2 kB | 77/215 kB | 32/55 kB | 14 kB
Progress (5): 102/153 kB | 4.2 kB | 77/215 kB | 32/55 kB | 14 kB
Progress (5): 106/153 kB | 4.2 kB | 77/215 kB | 32/55 kB | 14 kB
Progress (5): 110/153 kB | 4.2 kB | 77/215 kB | 32/55 kB | 14 kB
Progress (5): 114/153 kB | 4.2 kB | 77/215 kB | 32/55 kB | 14 kB
Progress (5): 114/153 kB | 4.2 kB | 77/215 kB | 36/55 kB | 14 kB
Progress (5): 114/153 kB | 4.2 kB | 77/215 kB | 40/55 kB | 14 kB
Progress (5): 114/153 kB | 4.2 kB | 77/215 kB | 44/55 kB | 14 kB
Progress (5): 114/153 kB | 4.2 kB | 77/215 kB | 48/55 kB | 14 kB
                                                                
Downloaded from central: https://repo.maven.apache.org/maven2/org/codehaus/plexus/plexus-component-annotations/1.5.5/plexus-component-annotations-1.5.5.jar (4.2 kB at 13 kB/s)
Downloading from central: https://repo.maven.apache.org/maven2/org/ow2/asm/asm/9.4/asm-9.4.jar
Progress (4): 118/153 kB | 77/215 kB | 48/55 kB | 14 kB
Progress (4): 122/153 kB | 77/215 kB | 48/55 kB | 14 kB
Progress (4): 126/153 kB | 77/215 kB | 48/55 kB | 14 kB
Progress (4): 131/153 kB | 77/215 kB | 48/55 kB | 14 kB
Progress (4): 131/153 kB | 77/215 kB | 53/55 kB | 14 kB
Progress (4): 131/153 kB | 77/215 kB | 55 kB | 14 kB   
Progress (4): 135/153 kB | 77/215 kB | 55 kB | 14 kB
Progress (4): 139/153 kB | 77/215 kB | 55 kB | 14 kB
Progress (4): 143/153 kB | 77/215 kB | 55 kB | 14 kB
Progress (4): 147/153 kB | 77/215 kB | 55 kB | 14 kB
Progress (4): 151/153 kB | 77/215 kB | 55 kB | 14 kB
Progress (4): 153 kB | 77/215 kB | 55 kB | 14 kB    
Progress (4): 153 kB | 81/215 kB | 55 kB | 14 kB
Progress (4): 153 kB | 86/215 kB | 55 kB | 14 kB
Progress (4): 153 kB | 90/215 kB | 55 kB | 14 kB
Progress (4): 153 kB | 94/215 kB | 55 kB | 14 kB
Progress (4): 153 kB | 98/215 kB | 55 kB | 14 kB
Progress (4): 153 kB | 102/215 kB | 55 kB | 14 kB
Progress (4): 153 kB | 106/215 kB | 55 kB | 14 kB
Progress (4): 153 kB | 110/215 kB | 55 kB | 14 kB
Progress (4): 153 kB | 114/215 kB | 55 kB | 14 kB
Progress (4): 153 kB | 118/215 kB | 55 kB | 14 kB
Progress (4): 153 kB | 122/215 kB | 55 kB | 14 kB
Progress (4): 153 kB | 126/215 kB | 55 kB | 14 kB
Progress (4): 153 kB | 131/215 kB | 55 kB | 14 kB
Progress (4): 153 kB | 135/215 kB | 55 kB | 14 kB
Progress (4): 153 kB | 139/215 kB | 55 kB | 14 kB
Progress (4): 153 kB | 143/215 kB | 55 kB | 14 kB
Progress (4): 153 kB | 147/215 kB | 55 kB | 14 kB
Progress (4): 153 kB | 151/215 kB | 55 kB | 14 kB
Progress (4): 153 kB | 155/215 kB | 55 kB | 14 kB
Progress (4): 153 kB | 159/215 kB | 55 kB | 14 kB
                                                 
Downloaded from central: https://repo.maven.apache.org/maven2/org/apache/maven/shared/maven-shared-incremental/1.1/maven-shared-incremental-1.1.jar (14 kB at 35 kB/s)
Downloading from central: https://repo.maven.apache.org/maven2/com/thoughtworks/qdox/qdox/2.0.3/qdox-2.0.3.jar
Downloaded from central: https://repo.maven.apache.org/maven2/org/apache/maven/shared/maven-shared-utils/3.3.4/maven-shared-utils-3.3.4.jar (153 kB at 381 kB/s)
Downloading from central: https://repo.maven.apache.org/maven2/org/codehaus/plexus/plexus-compiler-api/2.13.0/plexus-compiler-api-2.13.0.jar
Downloaded from central: https://repo.maven.apache.org/maven2/org/codehaus/plexus/plexus-java/1.1.2/plexus-java-1.1.2.jar (55 kB at 134 kB/s)
Downloading from central: https://repo.maven.apache.org/maven2/org/codehaus/plexus/plexus-utils/3.5.0/plexus-utils-3.5.0.jar
Progress (1): 163/215 kB
Progress (1): 167/215 kB
Progress (1): 172/215 kB
Progress (1): 176/215 kB
Progress (1): 180/215 kB
Progress (1): 184/215 kB
Progress (1): 188/215 kB
Progress (1): 192/215 kB
Progress (2): 192/215 kB | 4.1/27 kB
Progress (2): 192/215 kB | 7.7/27 kB
Progress (2): 192/215 kB | 12/27 kB 
Progress (2): 192/215 kB | 16/27 kB
Progress (2): 192/215 kB | 20/27 kB
Progress (2): 192/215 kB | 24/27 kB
Progress (2): 192/215 kB | 27 kB   
Progress (2): 196/215 kB | 27 kB
Progress (2): 200/215 kB | 27 kB
Progress (2): 204/215 kB | 27 kB
Progress (2): 208/215 kB | 27 kB
Progress (2): 213/215 kB | 27 kB
Progress (2): 215 kB | 27 kB    
Progress (3): 215 kB | 27 kB | 4.1/334 kB
Progress (3): 215 kB | 27 kB | 7.7/334 kB
Progress (3): 215 kB | 27 kB | 12/334 kB 
Progress (3): 215 kB | 27 kB | 16/334 kB
Progress (4): 215 kB | 27 kB | 16/334 kB | 4.1/267 kB
Progress (4): 215 kB | 27 kB | 16/334 kB | 7.7/267 kB
Progress (4): 215 kB | 27 kB | 16/334 kB | 12/267 kB 
Progress (4): 215 kB | 27 kB | 16/334 kB | 16/267 kB
Progress (4): 215 kB | 27 kB | 16/334 kB | 20/267 kB
Progress (4): 215 kB | 27 kB | 16/334 kB | 24/267 kB
Progress (4): 215 kB | 27 kB | 16/334 kB | 28/267 kB
Progress (4): 215 kB | 27 kB | 16/334 kB | 32/267 kB
Progress (5): 215 kB | 27 kB | 16/334 kB | 32/267 kB | 4.1/122 kB
Progress (5): 215 kB | 27 kB | 16/334 kB | 32/267 kB | 7.7/122 kB
Progress (5): 215 kB | 27 kB | 16/334 kB | 32/267 kB | 12/122 kB 
Progress (5): 215 kB | 27 kB | 16/334 kB | 32/267 kB | 16/122 kB
Progress (5): 215 kB | 27 kB | 16/334 kB | 32/267 kB | 20/122 kB
Progress (5): 215 kB | 27 kB | 16/334 kB | 32/267 kB | 24/122 kB
Progress (5): 215 kB | 27 kB | 16/334 kB | 32/267 kB | 28/122 kB
Progress (5): 215 kB | 27 kB | 20/334 kB | 32/267 kB | 28/122 kB
Progress (5): 215 kB | 27 kB | 24/334 kB | 32/267 kB | 28/122 kB
Progress (5): 215 kB | 27 kB | 28/334 kB | 32/267 kB | 28/122 kB
Progress (5): 215 kB | 27 kB | 32/334 kB | 32/267 kB | 28/122 kB
Progress (5): 215 kB | 27 kB | 36/334 kB | 32/267 kB | 28/122 kB
Progress (5): 215 kB | 27 kB | 40/334 kB | 32/267 kB | 28/122 kB
Progress (5): 215 kB | 27 kB | 44/334 kB | 32/267 kB | 28/122 kB
                                                                
Downloaded from central: https://repo.maven.apache.org/maven2/org/codehaus/plexus/plexus-compiler-api/2.13.0/plexus-compiler-api-2.13.0.jar (27 kB at 43 kB/s)
Downloading from central: https://repo.maven.apache.org/maven2/org/codehaus/plexus/plexus-compiler-manager/2.13.0/plexus-compiler-manager-2.13.0.jar
Downloaded from central: https://repo.maven.apache.org/maven2/commons-io/commons-io/2.6/commons-io-2.6.jar (215 kB at 326 kB/s)
Downloading from central: https://repo.maven.apache.org/maven2/org/codehaus/plexus/plexus-compiler-javac/2.13.0/plexus-compiler-javac-2.13.0.jar
Progress (3): 44/334 kB | 36/267 kB | 28/122 kB
Progress (3): 44/334 kB | 40/267 kB | 28/122 kB
Progress (3): 44/334 kB | 45/267 kB | 28/122 kB
Progress (3): 44/334 kB | 49/267 kB | 28/122 kB
Progress (3): 44/334 kB | 53/267 kB | 28/122 kB
Progress (3): 44/334 kB | 57/267 kB | 28/122 kB
Progress (3): 44/334 kB | 61/267 kB | 28/122 kB
Progress (3): 44/334 kB | 65/267 kB | 28/122 kB
Progress (3): 44/334 kB | 69/267 kB | 28/122 kB
Progress (3): 44/334 kB | 73/267 kB | 28/122 kB
Progress (3): 48/334 kB | 73/267 kB | 28/122 kB
Progress (3): 53/334 kB | 73/267 kB | 28/122 kB
Progress (3): 57/334 kB | 73/267 kB | 28/122 kB
Progress (3): 61/334 kB | 73/267 kB | 28/122 kB
Progress (3): 61/334 kB | 73/267 kB | 32/122 kB
Progress (3): 61/334 kB | 73/267 kB | 36/122 kB
Progress (3): 61/334 kB | 73/267 kB | 40/122 kB
Progress (3): 61/334 kB | 73/267 kB | 45/122 kB
Progress (3): 61/334 kB | 73/267 kB | 49/122 kB
Progress (3): 61/334 kB | 73/267 kB | 53/122 kB
Progress (3): 65/334 kB | 73/267 kB | 53/122 kB
Progress (3): 65/334 kB | 73/267 kB | 57/122 kB
Progress (3): 65/334 kB | 73/267 kB | 61/122 kB
Progress (3): 69/334 kB | 73/267 kB | 61/122 kB
Progress (3): 73/334 kB | 73/267 kB | 61/122 kB
Progress (3): 77/334 kB | 73/267 kB | 61/122 kB
Progress (4): 77/334 kB | 73/267 kB | 61/122 kB | 4.1/23 kB
Progress (4): 77/334 kB | 73/267 kB | 61/122 kB | 7.7/23 kB
Progress (4): 77/334 kB | 73/267 kB | 61/122 kB | 12/23 kB 
Progress (4): 77/334 kB | 73/267 kB | 61/122 kB | 16/23 kB
Progress (4): 77/334 kB | 77/267 kB | 61/122 kB | 16/23 kB
Progress (4): 77/334 kB | 81/267 kB | 61/122 kB | 16/23 kB
Progress (4): 77/334 kB | 86/267 kB | 61/122 kB | 16/23 kB
Progress (4): 77/334 kB | 90/267 kB | 61/122 kB | 16/23 kB
Progress (5): 77/334 kB | 90/267 kB | 61/122 kB | 16/23 kB | 4.1/4.7 kB
Progress (5): 77/334 kB | 90/267 kB | 61/122 kB | 16/23 kB | 4.7 kB    
Progress (5): 77/334 kB | 94/267 kB | 61/122 kB | 16/23 kB | 4.7 kB
Progress (5): 77/334 kB | 98/267 kB | 61/122 kB | 16/23 kB | 4.7 kB
Progress (5): 77/334 kB | 102/267 kB | 61/122 kB | 16/23 kB | 4.7 kB
Progress (5): 77/334 kB | 106/267 kB | 61/122 kB | 16/23 kB | 4.7 kB
Progress (5): 77/334 kB | 110/267 kB | 61/122 kB | 16/23 kB | 4.7 kB
Progress (5): 77/334 kB | 114/267 kB | 61/122 kB | 16/23 kB | 4.7 kB
Progress (5): 77/334 kB | 118/267 kB | 61/122 kB | 16/23 kB | 4.7 kB
Progress (5): 77/334 kB | 122/267 kB | 61/122 kB | 16/23 kB | 4.7 kB
Progress (5): 81/334 kB | 122/267 kB | 61/122 kB | 16/23 kB | 4.7 kB
Progress (5): 85/334 kB | 122/267 kB | 61/122 kB | 16/23 kB | 4.7 kB
Progress (5): 89/334 kB | 122/267 kB | 61/122 kB | 16/23 kB | 4.7 kB
Progress (5): 93/334 kB | 122/267 kB | 61/122 kB | 16/23 kB | 4.7 kB
Progress (5): 93/334 kB | 122/267 kB | 65/122 kB | 16/23 kB | 4.7 kB
Progress (5): 93/334 kB | 122/267 kB | 69/122 kB | 16/23 kB | 4.7 kB
Progress (5): 93/334 kB | 122/267 kB | 73/122 kB | 16/23 kB | 4.7 kB
Progress (5): 93/334 kB | 122/267 kB | 77/122 kB | 16/23 kB | 4.7 kB
Progress (5): 98/334 kB | 122/267 kB | 77/122 kB | 16/23 kB | 4.7 kB
Progress (5): 102/334 kB | 122/267 kB | 77/122 kB | 16/23 kB | 4.7 kB
Progress (5): 102/334 kB | 122/267 kB | 81/122 kB | 16/23 kB | 4.7 kB
Progress (5): 102/334 kB | 122/267 kB | 81/122 kB | 20/23 kB | 4.7 kB
Progress (5): 106/334 kB | 122/267 kB | 81/122 kB | 20/23 kB | 4.7 kB
Progress (5): 106/334 kB | 122/267 kB | 81/122 kB | 23 kB | 4.7 kB   
Progress (5): 106/334 kB | 122/267 kB | 86/122 kB | 23 kB | 4.7 kB
Progress (5): 110/334 kB | 122/267 kB | 86/122 kB | 23 kB | 4.7 kB
Progress (5): 110/334 kB | 122/267 kB | 90/122 kB | 23 kB | 4.7 kB
Progress (5): 110/334 kB | 122/267 kB | 94/122 kB | 23 kB | 4.7 kB
Progress (5): 110/334 kB | 126/267 kB | 94/122 kB | 23 kB | 4.7 kB
Progress (5): 110/334 kB | 131/267 kB | 94/122 kB | 23 kB | 4.7 kB
Progress (5): 110/334 kB | 135/267 kB | 94/122 kB | 23 kB | 4.7 kB
Progress (5): 110/334 kB | 139/267 kB | 94/122 kB | 23 kB | 4.7 kB
Progress (5): 114/334 kB | 139/267 kB | 94/122 kB | 23 kB | 4.7 kB
Progress (5): 118/334 kB | 139/267 kB | 94/122 kB | 23 kB | 4.7 kB
Progress (5): 122/334 kB | 139/267 kB | 94/122 kB | 23 kB | 4.7 kB
Progress (5): 126/334 kB | 139/267 kB | 94/122 kB | 23 kB | 4.7 kB
Progress (5): 126/334 kB | 139/267 kB | 98/122 kB | 23 kB | 4.7 kB
Progress (5): 126/334 kB | 139/267 kB | 102/122 kB | 23 kB | 4.7 kB
Progress (5): 126/334 kB | 139/267 kB | 106/122 kB | 23 kB | 4.7 kB
Progress (5): 126/334 kB | 139/267 kB | 110/122 kB | 23 kB | 4.7 kB
                                                                   
Downloaded from central: https://repo.maven.apache.org/maven2/org/codehaus/plexus/plexus-compiler-manager/2.13.0/plexus-compiler-manager-2.13.0.jar (4.7 kB at 5.2 kB/s)
Progress (4): 130/334 kB | 139/267 kB | 110/122 kB | 23 kB
Progress (4): 134/334 kB | 139/267 kB | 110/122 kB | 23 kB
Progress (4): 139/334 kB | 139/267 kB | 110/122 kB | 23 kB
Progress (4): 143/334 kB | 139/267 kB | 110/122 kB | 23 kB
Progress (4): 147/334 kB | 139/267 kB | 110/122 kB | 23 kB
Progress (4): 151/334 kB | 139/267 kB | 110/122 kB | 23 kB
Progress (4): 155/334 kB | 139/267 kB | 110/122 kB | 23 kB
Progress (4): 159/334 kB | 139/267 kB | 110/122 kB | 23 kB
Progress (4): 159/334 kB | 143/267 kB | 110/122 kB | 23 kB
Progress (4): 159/334 kB | 147/267 kB | 110/122 kB | 23 kB
Progress (4): 159/334 kB | 151/267 kB | 110/122 kB | 23 kB
Progress (4): 159/334 kB | 155/267 kB | 110/122 kB | 23 kB
Progress (4): 159/334 kB | 159/267 kB | 110/122 kB | 23 kB
Progress (4): 159/334 kB | 163/267 kB | 110/122 kB | 23 kB
Progress (4): 159/334 kB | 167/267 kB | 110/122 kB | 23 kB
Progress (4): 159/334 kB | 172/267 kB | 110/122 kB | 23 kB
Progress (4): 159/334 kB | 172/267 kB | 114/122 kB | 23 kB
Progress (4): 159/334 kB | 172/267 kB | 118/122 kB | 23 kB
Progress (4): 159/334 kB | 172/267 kB | 122/122 kB | 23 kB
Progress (4): 159/334 kB | 172/267 kB | 122 kB | 23 kB    
Progress (4): 159/334 kB | 176/267 kB | 122 kB | 23 kB
Progress (4): 159/334 kB | 180/267 kB | 122 kB | 23 kB
Progress (4): 159/334 kB | 184/267 kB | 122 kB | 23 kB
Progress (4): 159/334 kB | 188/267 kB | 122 kB | 23 kB
Progress (4): 163/334 kB | 188/267 kB | 122 kB | 23 kB
Progress (4): 167/334 kB | 188/267 kB | 122 kB | 23 kB
Progress (4): 171/334 kB | 188/267 kB | 122 kB | 23 kB
Progress (4): 175/334 kB | 188/267 kB | 122 kB | 23 kB
                                                      
Downloaded from central: https://repo.maven.apache.org/maven2/org/codehaus/plexus/plexus-compiler-javac/2.13.0/plexus-compiler-javac-2.13.0.jar (23 kB at 24 kB/s)
Progress (3): 179/334 kB | 188/267 kB | 122 kB
Progress (3): 184/334 kB | 188/267 kB | 122 kB
Progress (3): 188/334 kB | 188/267 kB | 122 kB
Progress (3): 192/334 kB | 188/267 kB | 122 kB
Progress (3): 196/334 kB | 188/267 kB | 122 kB
Progress (3): 200/334 kB | 188/267 kB | 122 kB
Progress (3): 204/334 kB | 188/267 kB | 122 kB
Progress (3): 208/334 kB | 188/267 kB | 122 kB
Progress (3): 208/334 kB | 192/267 kB | 122 kB
Progress (3): 208/334 kB | 196/267 kB | 122 kB
Progress (3): 208/334 kB | 200/267 kB | 122 kB
Progress (3): 208/334 kB | 204/267 kB | 122 kB
Progress (3): 208/334 kB | 208/267 kB | 122 kB
Progress (3): 208/334 kB | 213/267 kB | 122 kB
Progress (3): 208/334 kB | 217/267 kB | 122 kB
Progress (3): 208/334 kB | 221/267 kB | 122 kB
Progress (3): 208/334 kB | 225/267 kB | 122 kB
Progress (3): 208/334 kB | 229/267 kB | 122 kB
Progress (3): 208/334 kB | 233/267 kB | 122 kB
Progress (3): 208/334 kB | 237/267 kB | 122 kB
Progress (3): 212/334 kB | 237/267 kB | 122 kB
Progress (3): 216/334 kB | 237/267 kB | 122 kB
Progress (3): 220/334 kB | 237/267 kB | 122 kB
Progress (3): 225/334 kB | 237/267 kB | 122 kB
Progress (3): 229/334 kB | 237/267 kB | 122 kB
Progress (3): 229/334 kB | 241/267 kB | 122 kB
Progress (3): 233/334 kB | 241/267 kB | 122 kB
Progress (3): 233/334 kB | 245/267 kB | 122 kB
Progress (3): 237/334 kB | 245/267 kB | 122 kB
Progress (3): 237/334 kB | 249/267 kB | 122 kB
Progress (3): 241/334 kB | 249/267 kB | 122 kB
Progress (3): 241/334 kB | 253/267 kB | 122 kB
                                              
Downloaded from central: https://repo.maven.apache.org/maven2/org/ow2/asm/asm/9.4/asm-9.4.jar (122 kB at 114 kB/s)
Progress (2): 241/334 kB | 258/267 kB
Progress (2): 241/334 kB | 262/267 kB
Progress (2): 241/334 kB | 266/267 kB
Progress (2): 241/334 kB | 267 kB    
Progress (2): 245/334 kB | 267 kB
Progress (2): 249/334 kB | 267 kB
Progress (2): 253/334 kB | 267 kB
Progress (2): 257/334 kB | 267 kB
Progress (2): 261/334 kB | 267 kB
Progress (2): 266/334 kB | 267 kB
Progress (2): 270/334 kB | 267 kB
Progress (2): 274/334 kB | 267 kB
Progress (2): 278/334 kB | 267 kB
Progress (2): 282/334 kB | 267 kB
Progress (2): 286/334 kB | 267 kB
Progress (2): 290/334 kB | 267 kB
                                 
Downloaded from central: https://repo.maven.apache.org/maven2/org/codehaus/plexus/plexus-utils/3.5.0/plexus-utils-3.5.0.jar (267 kB at 208 kB/s)
Progress (1): 294/334 kB
Progress (1): 298/334 kB
Progress (1): 302/334 kB
Progress (1): 306/334 kB
Progress (1): 311/334 kB
Progress (1): 315/334 kB
Progress (1): 319/334 kB
Progress (1): 323/334 kB
Progress (1): 327/334 kB
Progress (1): 331/334 kB
Progress (1): 334 kB    
                    
Downloaded from central: https://repo.maven.apache.org/maven2/com/thoughtworks/qdox/qdox/2.0.3/qdox-2.0.3.jar (334 kB at 235 kB/s)
[INFO] Changes detected - recompiling the module! :dependency
[WARNING] File encoding has not been set, using platform encoding UTF-8, i.e. build is platform dependent!
[INFO] Compiling 15 source files with javac [debug target 17] to target/classes
[INFO] 
[INFO] --- maven-resources-plugin:2.6:testResources (default-testResources) @ patient-service ---
[WARNING] Using platform encoding (UTF-8 actually) to copy filtered resources, i.e. build is platform dependent!
[INFO] skip non existing resourceDirectory /app/patient-service/src/test/resources
[INFO] 
[INFO] --- maven-compiler-plugin:3.11.0:testCompile (default-testCompile) @ patient-service ---
[INFO] No sources to compile
[INFO] 
[INFO] --- maven-surefire-plugin:2.12.4:test (default-test) @ patient-service ---
Downloading from central: https://repo.maven.apache.org/maven2/org/apache/maven/maven-plugin-api/2.0.9/maven-plugin-api-2.0.9.pom
Progress (1): 1.5 kB
                    
Downloaded from central: https://repo.maven.apache.org/maven2/org/apache/maven/maven-plugin-api/2.0.9/maven-plugin-api-2.0.9.pom (1.5 kB at 5.4 kB/s)
Downloading from central: https://repo.maven.apache.org/maven2/org/apache/maven/maven/2.0.9/maven-2.0.9.pom
Progress (1): 4.1 kB
Progress (1): 8.2 kB
Progress (1): 12 kB 
Progress (1): 16 kB
Progress (1): 19 kB
                   
Downloaded from central: https://repo.maven.apache.org/maven2/org/apache/maven/maven/2.0.9/maven-2.0.9.pom (19 kB at 67 kB/s)
Downloading from central: https://repo.maven.apache.org/maven2/org/apache/maven/maven-parent/8/maven-parent-8.pom
Progress (1): 4.1 kB
Progress (1): 8.2 kB
Progress (1): 12 kB 
Progress (1): 16 kB
Progress (1): 20 kB
Progress (1): 24 kB
                   
Downloaded from central: https://repo.maven.apache.org/maven2/org/apache/maven/maven-parent/8/maven-parent-8.pom (24 kB at 85 kB/s)
Downloading from central: https://repo.maven.apache.org/maven2/org/apache/apache/4/apache-4.pom
Progress (1): 4.1 kB
Progress (1): 4.5 kB
                    
Downloaded from central: https://repo.maven.apache.org/maven2/org/apache/apache/4/apache-4.pom (4.5 kB at 14 kB/s)
Downloading from central: https://repo.maven.apache.org/maven2/org/apache/maven/surefire/surefire-booter/2.12.4/surefire-booter-2.12.4.pom
Progress (1): 3.0 kB
                    
Downloaded from central: https://repo.maven.apache.org/maven2/org/apache/maven/surefire/surefire-booter/2.12.4/surefire-booter-2.12.4.pom (3.0 kB at 11 kB/s)
Downloading from central: https://repo.maven.apache.org/maven2/org/apache/maven/surefire/surefire-api/2.12.4/surefire-api-2.12.4.pom
Progress (1): 2.5 kB
                    
Downloaded from central: https://repo.maven.apache.org/maven2/org/apache/maven/surefire/surefire-api/2.12.4/surefire-api-2.12.4.pom (2.5 kB at 9.6 kB/s)
Downloading from central: https://repo.maven.apache.org/maven2/org/apache/maven/surefire/maven-surefire-common/2.12.4/maven-surefire-common-2.12.4.pom
Progress (1): 4.1 kB
Progress (1): 5.5 kB
                    
Downloaded from central: https://repo.maven.apache.org/maven2/org/apache/maven/surefire/maven-surefire-common/2.12.4/maven-surefire-common-2.12.4.pom (5.5 kB at 20 kB/s)
Downloading from central: https://repo.maven.apache.org/maven2/org/apache/maven/plugin-tools/maven-plugin-annotations/3.1/maven-plugin-annotations-3.1.pom
Progress (1): 1.6 kB
                    
Downloaded from central: https://repo.maven.apache.org/maven2/org/apache/maven/plugin-tools/maven-plugin-annotations/3.1/maven-plugin-annotations-3.1.pom (1.6 kB at 6.3 kB/s)
Downloading from central: https://repo.maven.apache.org/maven2/org/apache/maven/plugin-tools/maven-plugin-tools/3.1/maven-plugin-tools-3.1.pom
Progress (1): 4.1 kB
Progress (1): 8.2 kB
Progress (1): 12 kB 
Progress (1): 16 kB
                   
Downloaded from central: https://repo.maven.apache.org/maven2/org/apache/maven/plugin-tools/maven-plugin-tools/3.1/maven-plugin-tools-3.1.pom (16 kB at 74 kB/s)
Downloading from central: https://repo.maven.apache.org/maven2/org/apache/maven/maven-artifact/2.0.9/maven-artifact-2.0.9.pom
Progress (1): 1.6 kB
                    
Downloaded from central: https://repo.maven.apache.org/maven2/org/apache/maven/maven-artifact/2.0.9/maven-artifact-2.0.9.pom (1.6 kB at 7.2 kB/s)
Downloading from central: https://repo.maven.apache.org/maven2/org/codehaus/plexus/plexus-utils/3.0.8/plexus-utils-3.0.8.pom
Progress (1): 3.1 kB
                    
Downloaded from central: https://repo.maven.apache.org/maven2/org/codehaus/plexus/plexus-utils/3.0.8/plexus-utils-3.0.8.pom (3.1 kB at 11 kB/s)
Downloading from central: https://repo.maven.apache.org/maven2/org/codehaus/plexus/plexus/3.2/plexus-3.2.pom
Progress (1): 4.1 kB
Progress (1): 8.2 kB
Progress (1): 12 kB 
Progress (1): 16 kB
Progress (1): 19 kB
                   
Downloaded from central: https://repo.maven.apache.org/maven2/org/codehaus/plexus/plexus/3.2/plexus-3.2.pom (19 kB at 76 kB/s)
Downloading from central: https://repo.maven.apache.org/maven2/org/sonatype/spice/spice-parent/17/spice-parent-17.pom
Progress (1): 4.1 kB
Progress (1): 6.8 kB
                    
Downloaded from central: https://repo.maven.apache.org/maven2/org/sonatype/spice/spice-parent/17/spice-parent-17.pom (6.8 kB at 24 kB/s)
Downloading from central: https://repo.maven.apache.org/maven2/org/sonatype/forge/forge-parent/10/forge-parent-10.pom
Progress (1): 4.1 kB
Progress (1): 8.2 kB
Progress (1): 12 kB 
Progress (1): 14 kB
                   
Downloaded from central: https://repo.maven.apache.org/maven2/org/sonatype/forge/forge-parent/10/forge-parent-10.pom (14 kB at 45 kB/s)
Downloading from central: https://repo.maven.apache.org/maven2/org/apache/maven/maven-project/2.0.9/maven-project-2.0.9.pom
Progress (1): 2.7 kB
                    
Downloaded from central: https://repo.maven.apache.org/maven2/org/apache/maven/maven-project/2.0.9/maven-project-2.0.9.pom (2.7 kB at 8.9 kB/s)
Downloading from central: https://repo.maven.apache.org/maven2/org/apache/maven/maven-settings/2.0.9/maven-settings-2.0.9.pom
Progress (1): 2.1 kB
                    
Downloaded from central: https://repo.maven.apache.org/maven2/org/apache/maven/maven-settings/2.0.9/maven-settings-2.0.9.pom (2.1 kB at 9.1 kB/s)
Downloading from central: https://repo.maven.apache.org/maven2/org/apache/maven/maven-model/2.0.9/maven-model-2.0.9.pom
Progress (1): 3.1 kB
                    
Downloaded from central: https://repo.maven.apache.org/maven2/org/apache/maven/maven-model/2.0.9/maven-model-2.0.9.pom (3.1 kB at 12 kB/s)
Downloading from central: https://repo.maven.apache.org/maven2/org/apache/maven/maven-profile/2.0.9/maven-profile-2.0.9.pom
Progress (1): 2.0 kB
                    
Downloaded from central: https://repo.maven.apache.org/maven2/org/apache/maven/maven-profile/2.0.9/maven-profile-2.0.9.pom (2.0 kB at 7.2 kB/s)
Downloading from central: https://repo.maven.apache.org/maven2/org/apache/maven/maven-artifact-manager/2.0.9/maven-artifact-manager-2.0.9.pom
Progress (1): 2.7 kB
                    
Downloaded from central: https://repo.maven.apache.org/maven2/org/apache/maven/maven-artifact-manager/2.0.9/maven-artifact-manager-2.0.9.pom (2.7 kB at 9.8 kB/s)
Downloading from central: https://repo.maven.apache.org/maven2/org/apache/maven/maven-repository-metadata/2.0.9/maven-repository-metadata-2.0.9.pom
Progress (1): 1.9 kB
                    
Downloaded from central: https://repo.maven.apache.org/maven2/org/apache/maven/maven-repository-metadata/2.0.9/maven-repository-metadata-2.0.9.pom (1.9 kB at 7.1 kB/s)
Downloading from central: https://repo.maven.apache.org/maven2/org/apache/maven/maven-plugin-registry/2.0.9/maven-plugin-registry-2.0.9.pom
Progress (1): 2.0 kB
                    
Downloaded from central: https://repo.maven.apache.org/maven2/org/apache/maven/maven-plugin-registry/2.0.9/maven-plugin-registry-2.0.9.pom (2.0 kB at 8.0 kB/s)
Downloading from central: https://repo.maven.apache.org/maven2/org/apache/maven/maven-core/2.0.9/maven-core-2.0.9.pom
Progress (1): 4.1 kB
Progress (1): 7.8 kB
                    
Downloaded from central: https://repo.maven.apache.org/maven2/org/apache/maven/maven-core/2.0.9/maven-core-2.0.9.pom (7.8 kB at 26 kB/s)
Downloading from central: https://repo.maven.apache.org/maven2/org/apache/maven/maven-plugin-parameter-documenter/2.0.9/maven-plugin-parameter-documenter-2.0.9.pom
Progress (1): 2.0 kB
                    
Downloaded from central: https://repo.maven.apache.org/maven2/org/apache/maven/maven-plugin-parameter-documenter/2.0.9/maven-plugin-parameter-documenter-2.0.9.pom (2.0 kB at 8.0 kB/s)
Downloading from central: https://repo.maven.apache.org/maven2/org/apache/maven/reporting/maven-reporting-api/2.0.9/maven-reporting-api-2.0.9.pom
Progress (1): 1.8 kB
                    
Downloaded from central: https://repo.maven.apache.org/maven2/org/apache/maven/reporting/maven-reporting-api/2.0.9/maven-reporting-api-2.0.9.pom (1.8 kB at 7.0 kB/s)
Downloading from central: https://repo.maven.apache.org/maven2/org/apache/maven/reporting/maven-reporting/2.0.9/maven-reporting-2.0.9.pom
Progress (1): 1.5 kB
                    
Downloaded from central: https://repo.maven.apache.org/maven2/org/apache/maven/reporting/maven-reporting/2.0.9/maven-reporting-2.0.9.pom (1.5 kB at 6.2 kB/s)
Downloading from central: https://repo.maven.apache.org/maven2/org/apache/maven/maven-error-diagnostics/2.0.9/maven-error-diagnostics-2.0.9.pom
Progress (1): 1.7 kB
                    
Downloaded from central: https://repo.maven.apache.org/maven2/org/apache/maven/maven-error-diagnostics/2.0.9/maven-error-diagnostics-2.0.9.pom (1.7 kB at 6.3 kB/s)
Downloading from central: https://repo.maven.apache.org/maven2/org/apache/maven/maven-plugin-descriptor/2.0.9/maven-plugin-descriptor-2.0.9.pom
Progress (1): 2.1 kB
                    
Downloaded from central: https://repo.maven.apache.org/maven2/org/apache/maven/maven-plugin-descriptor/2.0.9/maven-plugin-descriptor-2.0.9.pom (2.1 kB at 6.4 kB/s)
Downloading from central: https://repo.maven.apache.org/maven2/org/apache/maven/maven-monitor/2.0.9/maven-monitor-2.0.9.pom
Progress (1): 1.3 kB
                    
Downloaded from central: https://repo.maven.apache.org/maven2/org/apache/maven/maven-monitor/2.0.9/maven-monitor-2.0.9.pom (1.3 kB at 4.9 kB/s)
Downloading from central: https://repo.maven.apache.org/maven2/org/apache/maven/maven-toolchain/2.0.9/maven-toolchain-2.0.9.pom
Progress (1): 3.5 kB
                    
Downloaded from central: https://repo.maven.apache.org/maven2/org/apache/maven/maven-toolchain/2.0.9/maven-toolchain-2.0.9.pom (3.5 kB at 12 kB/s)
Downloading from central: https://repo.maven.apache.org/maven2/org/apache/commons/commons-lang3/3.1/commons-lang3-3.1.pom
Progress (1): 4.1 kB
Progress (1): 8.2 kB
Progress (1): 12 kB 
Progress (1): 16 kB
Progress (1): 17 kB
                   
Downloaded from central: https://repo.maven.apache.org/maven2/org/apache/commons/commons-lang3/3.1/commons-lang3-3.1.pom (17 kB at 59 kB/s)
Downloading from central: https://repo.maven.apache.org/maven2/org/apache/commons/commons-parent/22/commons-parent-22.pom
Progress (1): 4.1 kB
Progress (1): 8.2 kB
Progress (1): 12 kB 
Progress (1): 16 kB
Progress (1): 20 kB
Progress (1): 25 kB
Progress (1): 29 kB
Progress (1): 33 kB
Progress (1): 37 kB
Progress (1): 41 kB
Progress (1): 42 kB
                   
Downloaded from central: https://repo.maven.apache.org/maven2/org/apache/commons/commons-parent/22/commons-parent-22.pom (42 kB at 137 kB/s)
Downloading from central: https://repo.maven.apache.org/maven2/org/apache/apache/9/apache-9.pom
Progress (1): 4.1 kB
Progress (1): 8.2 kB
Progress (1): 12 kB 
Progress (1): 15 kB
                   
Downloaded from central: https://repo.maven.apache.org/maven2/org/apache/apache/9/apache-9.pom (15 kB at 58 kB/s)
Downloading from central: https://repo.maven.apache.org/maven2/org/apache/maven/shared/maven-common-artifact-filters/1.3/maven-common-artifact-filters-1.3.pom
Progress (1): 3.7 kB
                    
Downloaded from central: https://repo.maven.apache.org/maven2/org/apache/maven/shared/maven-common-artifact-filters/1.3/maven-common-artifact-filters-1.3.pom (3.7 kB at 14 kB/s)
Downloading from central: https://repo.maven.apache.org/maven2/org/apache/maven/shared/maven-shared-components/12/maven-shared-components-12.pom
Progress (1): 4.1 kB
Progress (1): 8.2 kB
Progress (1): 9.3 kB
                    
Downloaded from central: https://repo.maven.apache.org/maven2/org/apache/maven/shared/maven-shared-components/12/maven-shared-components-12.pom (9.3 kB at 30 kB/s)
Downloading from central: https://repo.maven.apache.org/maven2/org/apache/maven/maven-parent/13/maven-parent-13.pom
Progress (1): 4.1 kB
Progress (1): 8.2 kB
Progress (1): 12 kB 
Progress (1): 16 kB
Progress (1): 20 kB
Progress (1): 23 kB
                   
Downloaded from central: https://repo.maven.apache.org/maven2/org/apache/maven/maven-parent/13/maven-parent-13.pom (23 kB at 66 kB/s)
Downloading from central: https://repo.maven.apache.org/maven2/org/apache/apache/6/apache-6.pom
Progress (1): 4.1 kB
Progress (1): 8.2 kB
Progress (1): 12 kB 
Progress (1): 13 kB
                   
Downloaded from central: https://repo.maven.apache.org/maven2/org/apache/apache/6/apache-6.pom (13 kB at 54 kB/s)
Downloading from central: https://repo.maven.apache.org/maven2/org/codehaus/plexus/plexus-container-default/1.0-alpha-9/plexus-container-default-1.0-alpha-9.pom
Progress (1): 1.2 kB
                    
Downloaded from central: https://repo.maven.apache.org/maven2/org/codehaus/plexus/plexus-container-default/1.0-alpha-9/plexus-container-default-1.0-alpha-9.pom (1.2 kB at 4.6 kB/s)
Downloading from central: https://repo.maven.apache.org/maven2/org/apache/maven/maven-plugin-api/2.0.9/maven-plugin-api-2.0.9.jar
Downloading from central: https://repo.maven.apache.org/maven2/org/apache/maven/surefire/surefire-booter/2.12.4/surefire-booter-2.12.4.jar
Downloading from central: https://repo.maven.apache.org/maven2/org/apache/maven/surefire/surefire-api/2.12.4/surefire-api-2.12.4.jar
Downloading from central: https://repo.maven.apache.org/maven2/org/apache/maven/surefire/maven-surefire-common/2.12.4/maven-surefire-common-2.12.4.jar
Downloading from central: https://repo.maven.apache.org/maven2/org/apache/commons/commons-lang3/3.1/commons-lang3-3.1.jar
Progress (1): 4.1/13 kB
Progress (1): 7.7/13 kB
Progress (1): 12/13 kB 
Progress (1): 13 kB   
Progress (2): 13 kB | 4.1/263 kB
Progress (2): 13 kB | 7.7/263 kB
Progress (2): 13 kB | 12/263 kB 
Progress (2): 13 kB | 16/263 kB
Progress (2): 13 kB | 20/263 kB
Progress (2): 13 kB | 24/263 kB
Progress (3): 13 kB | 24/263 kB | 4.1/316 kB
Progress (3): 13 kB | 24/263 kB | 7.7/316 kB
Progress (3): 13 kB | 24/263 kB | 12/316 kB 
Progress (3): 13 kB | 24/263 kB | 16/316 kB
Progress (3): 13 kB | 24/263 kB | 20/316 kB
Progress (3): 13 kB | 24/263 kB | 24/316 kB
Progress (4): 13 kB | 24/263 kB | 24/316 kB | 4.1/35 kB
Progress (4): 13 kB | 24/263 kB | 24/316 kB | 7.7/35 kB
Progress (4): 13 kB | 24/263 kB | 24/316 kB | 12/35 kB 
Progress (4): 13 kB | 24/263 kB | 24/316 kB | 16/35 kB
Progress (4): 13 kB | 24/263 kB | 24/316 kB | 20/35 kB
Progress (4): 13 kB | 24/263 kB | 24/316 kB | 24/35 kB
Progress (5): 13 kB | 24/263 kB | 24/316 kB | 24/35 kB | 4.1/118 kB
Progress (5): 13 kB | 24/263 kB | 24/316 kB | 24/35 kB | 7.7/118 kB
Progress (5): 13 kB | 24/263 kB | 24/316 kB | 24/35 kB | 12/118 kB 
Progress (5): 13 kB | 24/263 kB | 24/316 kB | 24/35 kB | 16/118 kB
Progress (5): 13 kB | 24/263 kB | 24/316 kB | 24/35 kB | 20/118 kB
Progress (5): 13 kB | 24/263 kB | 24/316 kB | 24/35 kB | 24/118 kB
Progress (5): 13 kB | 24/263 kB | 24/316 kB | 24/35 kB | 28/118 kB
Progress (5): 13 kB | 28/263 kB | 24/316 kB | 24/35 kB | 28/118 kB
Progress (5): 13 kB | 32/263 kB | 24/316 kB | 24/35 kB | 28/118 kB
Progress (5): 13 kB | 36/263 kB | 24/316 kB | 24/35 kB | 28/118 kB
Progress (5): 13 kB | 40/263 kB | 24/316 kB | 24/35 kB | 28/118 kB
Progress (5): 13 kB | 40/263 kB | 24/316 kB | 28/35 kB | 28/118 kB
Progress (5): 13 kB | 40/263 kB | 24/316 kB | 32/35 kB | 28/118 kB
Progress (5): 13 kB | 40/263 kB | 24/316 kB | 35 kB | 28/118 kB   
Progress (5): 13 kB | 45/263 kB | 24/316 kB | 35 kB | 28/118 kB
Progress (5): 13 kB | 49/263 kB | 24/316 kB | 35 kB | 28/118 kB
Progress (5): 13 kB | 53/263 kB | 24/316 kB | 35 kB | 28/118 kB
Progress (5): 13 kB | 57/263 kB | 24/316 kB | 35 kB | 28/118 kB
Progress (5): 13 kB | 61/263 kB | 24/316 kB | 35 kB | 28/118 kB
Progress (5): 13 kB | 65/263 kB | 24/316 kB | 35 kB | 28/118 kB
Progress (5): 13 kB | 69/263 kB | 24/316 kB | 35 kB | 28/118 kB
Progress (5): 13 kB | 73/263 kB | 24/316 kB | 35 kB | 28/118 kB
Progress (5): 13 kB | 73/263 kB | 28/316 kB | 35 kB | 28/118 kB
Progress (5): 13 kB | 73/263 kB | 32/316 kB | 35 kB | 28/118 kB
Progress (5): 13 kB | 73/263 kB | 36/316 kB | 35 kB | 28/118 kB
Progress (5): 13 kB | 73/263 kB | 40/316 kB | 35 kB | 28/118 kB
Progress (5): 13 kB | 73/263 kB | 45/316 kB | 35 kB | 28/118 kB
Progress (5): 13 kB | 73/263 kB | 49/316 kB | 35 kB | 28/118 kB
Progress (5): 13 kB | 73/263 kB | 53/316 kB | 35 kB | 28/118 kB
Progress (5): 13 kB | 73/263 kB | 57/316 kB | 35 kB | 28/118 kB
Progress (5): 13 kB | 73/263 kB | 61/316 kB | 35 kB | 28/118 kB
Progress (5): 13 kB | 73/263 kB | 65/316 kB | 35 kB | 28/118 kB
Progress (5): 13 kB | 73/263 kB | 69/316 kB | 35 kB | 28/118 kB
                                                               
Downloaded from central: https://repo.maven.apache.org/maven2/org/apache/maven/maven-plugin-api/2.0.9/maven-plugin-api-2.0.9.jar (13 kB at 39 kB/s)
Progress (4): 73/263 kB | 73/316 kB | 35 kB | 28/118 kB
                                                       
Downloading from central: https://repo.maven.apache.org/maven2/org/apache/maven/shared/maven-common-artifact-filters/1.3/maven-common-artifact-filters-1.3.jar
Progress (4): 73/263 kB | 77/316 kB | 35 kB | 28/118 kB
Progress (4): 73/263 kB | 81/316 kB | 35 kB | 28/118 kB
Progress (4): 73/263 kB | 86/316 kB | 35 kB | 28/118 kB
Progress (4): 73/263 kB | 90/316 kB | 35 kB | 28/118 kB
Progress (4): 73/263 kB | 90/316 kB | 35 kB | 32/118 kB
Progress (4): 73/263 kB | 90/316 kB | 35 kB | 36/118 kB
Progress (4): 73/263 kB | 90/316 kB | 35 kB | 40/118 kB
Progress (4): 73/263 kB | 90/316 kB | 35 kB | 44/118 kB
Progress (4): 73/263 kB | 90/316 kB | 35 kB | 48/118 kB
Progress (4): 73/263 kB | 90/316 kB | 35 kB | 53/118 kB
Progress (4): 73/263 kB | 90/316 kB | 35 kB | 57/118 kB
Progress (4): 73/263 kB | 90/316 kB | 35 kB | 61/118 kB
Progress (4): 77/263 kB | 90/316 kB | 35 kB | 61/118 kB
Progress (4): 81/263 kB | 90/316 kB | 35 kB | 61/118 kB
Progress (4): 86/263 kB | 90/316 kB | 35 kB | 61/118 kB
Progress (4): 90/263 kB | 90/316 kB | 35 kB | 61/118 kB
Progress (4): 94/263 kB | 90/316 kB | 35 kB | 61/118 kB
Progress (4): 98/263 kB | 90/316 kB | 35 kB | 61/118 kB
Progress (4): 102/263 kB | 90/316 kB | 35 kB | 61/118 kB
Progress (4): 106/263 kB | 90/316 kB | 35 kB | 61/118 kB
Progress (4): 106/263 kB | 94/316 kB | 35 kB | 61/118 kB
Progress (4): 106/263 kB | 98/316 kB | 35 kB | 61/118 kB
Progress (4): 106/263 kB | 102/316 kB | 35 kB | 61/118 kB
Progress (4): 106/263 kB | 106/316 kB | 35 kB | 61/118 kB
                                                         
Downloaded from central: https://repo.maven.apache.org/maven2/org/apache/maven/surefire/surefire-booter/2.12.4/surefire-booter-2.12.4.jar (35 kB at 84 kB/s)
Downloading from central: https://repo.maven.apache.org/maven2/org/codehaus/plexus/plexus-utils/3.0.8/plexus-utils-3.0.8.jar
Progress (3): 106/263 kB | 110/316 kB | 61/118 kB
Progress (3): 106/263 kB | 114/316 kB | 61/118 kB
Progress (3): 106/263 kB | 118/316 kB | 61/118 kB
Progress (3): 106/263 kB | 122/316 kB | 61/118 kB
Progress (3): 106/263 kB | 126/316 kB | 61/118 kB
Progress (3): 106/263 kB | 131/316 kB | 61/118 kB
Progress (3): 106/263 kB | 135/316 kB | 61/118 kB
Progress (3): 106/263 kB | 139/316 kB | 61/118 kB
Progress (3): 110/263 kB | 139/316 kB | 61/118 kB
Progress (3): 114/263 kB | 139/316 kB | 61/118 kB
Progress (3): 118/263 kB | 139/316 kB | 61/118 kB
Progress (3): 122/263 kB | 139/316 kB | 61/118 kB
Progress (3): 126/263 kB | 139/316 kB | 61/118 kB
Progress (3): 131/263 kB | 139/316 kB | 61/118 kB
Progress (3): 135/263 kB | 139/316 kB | 61/118 kB
Progress (3): 139/263 kB | 139/316 kB | 61/118 kB
Progress (3): 139/263 kB | 139/316 kB | 65/118 kB
Progress (3): 139/263 kB | 139/316 kB | 69/118 kB
Progress (3): 139/263 kB | 139/316 kB | 73/118 kB
Progress (3): 139/263 kB | 139/316 kB | 77/118 kB
Progress (3): 139/263 kB | 139/316 kB | 81/118 kB
Progress (3): 139/263 kB | 139/316 kB | 85/118 kB
Progress (3): 139/263 kB | 139/316 kB | 89/118 kB
Progress (3): 139/263 kB | 139/316 kB | 93/118 kB
Progress (3): 139/263 kB | 139/316 kB | 98/118 kB
Progress (3): 139/263 kB | 139/316 kB | 102/118 kB
Progress (3): 139/263 kB | 139/316 kB | 106/118 kB
Progress (3): 139/263 kB | 139/316 kB | 110/118 kB
Progress (3): 143/263 kB | 139/316 kB | 110/118 kB
Progress (3): 147/263 kB | 139/316 kB | 110/118 kB
Progress (3): 151/263 kB | 139/316 kB | 110/118 kB
Progress (3): 155/263 kB | 139/316 kB | 110/118 kB
Progress (3): 159/263 kB | 139/316 kB | 110/118 kB
Progress (3): 163/263 kB | 139/316 kB | 110/118 kB
Progress (3): 167/263 kB | 139/316 kB | 110/118 kB
Progress (3): 172/263 kB | 139/316 kB | 110/118 kB
Progress (4): 172/263 kB | 139/316 kB | 110/118 kB | 4.1/31 kB
Progress (4): 172/263 kB | 139/316 kB | 110/118 kB | 7.7/31 kB
Progress (4): 172/263 kB | 139/316 kB | 110/118 kB | 12/31 kB 
Progress (4): 172/263 kB | 139/316 kB | 114/118 kB | 12/31 kB
Progress (4): 172/263 kB | 139/316 kB | 118 kB | 12/31 kB    
Progress (4): 172/263 kB | 143/316 kB | 118 kB | 12/31 kB
Progress (4): 172/263 kB | 147/316 kB | 118 kB | 12/31 kB
Progress (4): 172/263 kB | 151/316 kB | 118 kB | 12/31 kB
Progress (4): 172/263 kB | 155/316 kB | 118 kB | 12/31 kB
Progress (4): 172/263 kB | 159/316 kB | 118 kB | 12/31 kB
Progress (4): 172/263 kB | 163/316 kB | 118 kB | 12/31 kB
Progress (4): 172/263 kB | 167/316 kB | 118 kB | 12/31 kB
Progress (4): 172/263 kB | 172/316 kB | 118 kB | 12/31 kB
Progress (4): 172/263 kB | 176/316 kB | 118 kB | 12/31 kB
Progress (4): 172/263 kB | 180/316 kB | 118 kB | 12/31 kB
Progress (4): 172/263 kB | 184/316 kB | 118 kB | 12/31 kB
Progress (4): 172/263 kB | 188/316 kB | 118 kB | 12/31 kB
Progress (4): 172/263 kB | 192/316 kB | 118 kB | 12/31 kB
Progress (4): 172/263 kB | 196/316 kB | 118 kB | 12/31 kB
Progress (4): 172/263 kB | 200/316 kB | 118 kB | 12/31 kB
Progress (4): 172/263 kB | 204/316 kB | 118 kB | 12/31 kB
Progress (4): 176/263 kB | 204/316 kB | 118 kB | 12/31 kB
Progress (4): 180/263 kB | 204/316 kB | 118 kB | 12/31 kB
Progress (4): 184/263 kB | 204/316 kB | 118 kB | 12/31 kB
Progress (4): 188/263 kB | 204/316 kB | 118 kB | 12/31 kB
Progress (5): 188/263 kB | 204/316 kB | 118 kB | 12/31 kB | 4.1/232 kB
Progress (5): 188/263 kB | 204/316 kB | 118 kB | 12/31 kB | 7.7/232 kB
Progress (5): 188/263 kB | 204/316 kB | 118 kB | 12/31 kB | 12/232 kB 
Progress (5): 188/263 kB | 204/316 kB | 118 kB | 12/31 kB | 16/232 kB
Progress (5): 188/263 kB | 204/316 kB | 118 kB | 12/31 kB | 20/232 kB
Progress (5): 188/263 kB | 204/316 kB | 118 kB | 12/31 kB | 24/232 kB
Progress (5): 188/263 kB | 204/316 kB | 118 kB | 12/31 kB | 28/232 kB
Progress (5): 192/263 kB | 204/316 kB | 118 kB | 12/31 kB | 28/232 kB
Progress (5): 196/263 kB | 204/316 kB | 118 kB | 12/31 kB | 28/232 kB
Progress (5): 200/263 kB | 204/316 kB | 118 kB | 12/31 kB | 28/232 kB
Progress (5): 204/263 kB | 204/316 kB | 118 kB | 12/31 kB | 28/232 kB
Progress (5): 204/263 kB | 208/316 kB | 118 kB | 12/31 kB | 28/232 kB
Progress (5): 204/263 kB | 213/316 kB | 118 kB | 12/31 kB | 28/232 kB
Progress (5): 204/263 kB | 217/316 kB | 118 kB | 12/31 kB | 28/232 kB
Progress (5): 204/263 kB | 221/316 kB | 118 kB | 12/31 kB | 28/232 kB
Progress (5): 208/263 kB | 221/316 kB | 118 kB | 12/31 kB | 28/232 kB
Progress (5): 213/263 kB | 221/316 kB | 118 kB | 12/31 kB | 28/232 kB
Progress (5): 217/263 kB | 221/316 kB | 118 kB | 12/31 kB | 28/232 kB
Progress (5): 221/263 kB | 221/316 kB | 118 kB | 12/31 kB | 28/232 kB
Progress (5): 221/263 kB | 221/316 kB | 118 kB | 16/31 kB | 28/232 kB
Progress (5): 221/263 kB | 221/316 kB | 118 kB | 20/31 kB | 28/232 kB
Progress (5): 221/263 kB | 221/316 kB | 118 kB | 24/31 kB | 28/232 kB
Progress (5): 221/263 kB | 221/316 kB | 118 kB | 28/31 kB | 28/232 kB
Progress (5): 221/263 kB | 221/316 kB | 118 kB | 31 kB | 28/232 kB   
Progress (5): 221/263 kB | 225/316 kB | 118 kB | 31 kB | 28/232 kB
Progress (5): 221/263 kB | 229/316 kB | 118 kB | 31 kB | 28/232 kB
Progress (5): 221/263 kB | 233/316 kB | 118 kB | 31 kB | 28/232 kB
Progress (5): 221/263 kB | 237/316 kB | 118 kB | 31 kB | 28/232 kB
Progress (5): 221/263 kB | 241/316 kB | 118 kB | 31 kB | 28/232 kB
Progress (5): 221/263 kB | 245/316 kB | 118 kB | 31 kB | 28/232 kB
Progress (5): 221/263 kB | 249/316 kB | 118 kB | 31 kB | 28/232 kB
Progress (5): 221/263 kB | 253/316 kB | 118 kB | 31 kB | 28/232 kB
Progress (5): 225/263 kB | 253/316 kB | 118 kB | 31 kB | 28/232 kB
Progress (5): 229/263 kB | 253/316 kB | 118 kB | 31 kB | 28/232 kB
Progress (5): 233/263 kB | 253/316 kB | 118 kB | 31 kB | 28/232 kB
Progress (5): 237/263 kB | 253/316 kB | 118 kB | 31 kB | 28/232 kB
Progress (5): 237/263 kB | 258/316 kB | 118 kB | 31 kB | 28/232 kB
Progress (5): 237/263 kB | 262/316 kB | 118 kB | 31 kB | 28/232 kB
                                                                  
Downloaded from central: https://repo.maven.apache.org/maven2/org/apache/maven/surefire/surefire-api/2.12.4/surefire-api-2.12.4.jar (118 kB at 198 kB/s)
Downloading from central: https://repo.maven.apache.org/maven2/org/apache/maven/maven-artifact/2.0.9/maven-artifact-2.0.9.jar
Progress (4): 237/263 kB | 266/316 kB | 31 kB | 28/232 kB
Progress (4): 237/263 kB | 270/316 kB | 31 kB | 28/232 kB
Progress (4): 237/263 kB | 274/316 kB | 31 kB | 28/232 kB
Progress (4): 237/263 kB | 278/316 kB | 31 kB | 28/232 kB
Progress (4): 241/263 kB | 278/316 kB | 31 kB | 28/232 kB
Progress (4): 245/263 kB | 278/316 kB | 31 kB | 28/232 kB
Progress (4): 249/263 kB | 278/316 kB | 31 kB | 28/232 kB
Progress (4): 253/263 kB | 278/316 kB | 31 kB | 28/232 kB
Progress (4): 253/263 kB | 278/316 kB | 31 kB | 32/232 kB
Progress (4): 253/263 kB | 278/316 kB | 31 kB | 36/232 kB
Progress (4): 253/263 kB | 278/316 kB | 31 kB | 40/232 kB
Progress (4): 253/263 kB | 278/316 kB | 31 kB | 45/232 kB
Progress (4): 253/263 kB | 278/316 kB | 31 kB | 49/232 kB
Progress (4): 253/263 kB | 278/316 kB | 31 kB | 53/232 kB
Progress (4): 253/263 kB | 278/316 kB | 31 kB | 57/232 kB
Progress (4): 253/263 kB | 278/316 kB | 31 kB | 61/232 kB
Progress (4): 258/263 kB | 278/316 kB | 31 kB | 61/232 kB
Progress (4): 262/263 kB | 278/316 kB | 31 kB | 61/232 kB
Progress (4): 263 kB | 278/316 kB | 31 kB | 61/232 kB    
Progress (4): 263 kB | 278/316 kB | 31 kB | 65/232 kB
Progress (4): 263 kB | 278/316 kB | 31 kB | 69/232 kB
Progress (4): 263 kB | 278/316 kB | 31 kB | 73/232 kB
Progress (4): 263 kB | 278/316 kB | 31 kB | 77/232 kB
Progress (4): 263 kB | 282/316 kB | 31 kB | 77/232 kB
Progress (4): 263 kB | 286/316 kB | 31 kB | 77/232 kB
Progress (4): 263 kB | 290/316 kB | 31 kB | 77/232 kB
Progress (4): 263 kB | 294/316 kB | 31 kB | 77/232 kB
Progress (4): 263 kB | 299/316 kB | 31 kB | 77/232 kB
Progress (4): 263 kB | 303/316 kB | 31 kB | 77/232 kB
Progress (4): 263 kB | 307/316 kB | 31 kB | 77/232 kB
Progress (4): 263 kB | 311/316 kB | 31 kB | 77/232 kB
                                                     
Downloaded from central: https://repo.maven.apache.org/maven2/org/apache/maven/shared/maven-common-artifact-filters/1.3/maven-common-artifact-filters-1.3.jar (31 kB at 46 kB/s)
Downloading from central: https://repo.maven.apache.org/maven2/org/apache/maven/maven-project/2.0.9/maven-project-2.0.9.jar
Progress (4): 263 kB | 311/316 kB | 77/232 kB | 4.1/89 kB
Progress (4): 263 kB | 311/316 kB | 77/232 kB | 7.7/89 kB
Progress (4): 263 kB | 311/316 kB | 77/232 kB | 12/89 kB 
Progress (4): 263 kB | 311/316 kB | 77/232 kB | 16/89 kB
Progress (4): 263 kB | 315/316 kB | 77/232 kB | 16/89 kB
Progress (4): 263 kB | 316 kB | 77/232 kB | 16/89 kB    
Progress (4): 263 kB | 316 kB | 77/232 kB | 20/89 kB
Progress (4): 263 kB | 316 kB | 77/232 kB | 24/89 kB
Progress (4): 263 kB | 316 kB | 77/232 kB | 28/89 kB
Progress (4): 263 kB | 316 kB | 77/232 kB | 32/89 kB
Progress (4): 263 kB | 316 kB | 81/232 kB | 32/89 kB
Progress (4): 263 kB | 316 kB | 86/232 kB | 32/89 kB
Progress (4): 263 kB | 316 kB | 90/232 kB | 32/89 kB
Progress (4): 263 kB | 316 kB | 94/232 kB | 32/89 kB
Progress (4): 263 kB | 316 kB | 98/232 kB | 32/89 kB
Progress (4): 263 kB | 316 kB | 102/232 kB | 32/89 kB
Progress (4): 263 kB | 316 kB | 106/232 kB | 32/89 kB
Progress (4): 263 kB | 316 kB | 110/232 kB | 32/89 kB
Progress (4): 263 kB | 316 kB | 114/232 kB | 32/89 kB
Progress (4): 263 kB | 316 kB | 118/232 kB | 32/89 kB
Progress (4): 263 kB | 316 kB | 122/232 kB | 32/89 kB
Progress (4): 263 kB | 316 kB | 126/232 kB | 32/89 kB
Progress (4): 263 kB | 316 kB | 131/232 kB | 32/89 kB
Progress (4): 263 kB | 316 kB | 135/232 kB | 32/89 kB
Progress (4): 263 kB | 316 kB | 139/232 kB | 32/89 kB
Progress (4): 263 kB | 316 kB | 143/232 kB | 32/89 kB
                                                     
Downloaded from central: https://repo.maven.apache.org/maven2/org/apache/maven/surefire/maven-surefire-common/2.12.4/maven-surefire-common-2.12.4.jar (263 kB at 344 kB/s)
Downloading from central: https://repo.maven.apache.org/maven2/org/apache/maven/maven-settings/2.0.9/maven-settings-2.0.9.jar
Progress (3): 316 kB | 143/232 kB | 36/89 kB
Progress (3): 316 kB | 143/232 kB | 40/89 kB
Progress (3): 316 kB | 143/232 kB | 44/89 kB
Progress (3): 316 kB | 143/232 kB | 48/89 kB
Progress (4): 316 kB | 143/232 kB | 48/89 kB | 4.1/122 kB
Progress (4): 316 kB | 143/232 kB | 48/89 kB | 7.7/122 kB
Progress (4): 316 kB | 143/232 kB | 48/89 kB | 12/122 kB 
Progress (4): 316 kB | 143/232 kB | 48/89 kB | 16/122 kB
Progress (4): 316 kB | 143/232 kB | 48/89 kB | 20/122 kB
Progress (4): 316 kB | 143/232 kB | 48/89 kB | 24/122 kB
Progress (4): 316 kB | 143/232 kB | 48/89 kB | 28/122 kB
Progress (4): 316 kB | 143/232 kB | 53/89 kB | 28/122 kB
Progress (4): 316 kB | 143/232 kB | 57/89 kB | 28/122 kB
Progress (4): 316 kB | 143/232 kB | 61/89 kB | 28/122 kB
Progress (4): 316 kB | 143/232 kB | 65/89 kB | 28/122 kB
Progress (4): 316 kB | 143/232 kB | 69/89 kB | 28/122 kB
Progress (4): 316 kB | 143/232 kB | 73/89 kB | 28/122 kB
Progress (4): 316 kB | 143/232 kB | 77/89 kB | 28/122 kB
Progress (4): 316 kB | 143/232 kB | 81/89 kB | 28/122 kB
Progress (4): 316 kB | 143/232 kB | 85/89 kB | 28/122 kB
Progress (4): 316 kB | 143/232 kB | 89 kB | 28/122 kB   
                                                     
Downloaded from central: https://repo.maven.apache.org/maven2/org/apache/commons/commons-lang3/3.1/commons-lang3-3.1.jar (316 kB at 363 kB/s)
Downloading from central: https://repo.maven.apache.org/maven2/org/apache/maven/maven-profile/2.0.9/maven-profile-2.0.9.jar
Progress (3): 147/232 kB | 89 kB | 28/122 kB
Progress (3): 151/232 kB | 89 kB | 28/122 kB
Progress (3): 155/232 kB | 89 kB | 28/122 kB
Progress (3): 159/232 kB | 89 kB | 28/122 kB
Progress (3): 163/232 kB | 89 kB | 28/122 kB
Progress (3): 167/232 kB | 89 kB | 28/122 kB
Progress (3): 172/232 kB | 89 kB | 28/122 kB
Progress (3): 176/232 kB | 89 kB | 28/122 kB
Progress (3): 180/232 kB | 89 kB | 28/122 kB
Progress (3): 184/232 kB | 89 kB | 28/122 kB
Progress (3): 188/232 kB | 89 kB | 28/122 kB
Progress (3): 192/232 kB | 89 kB | 28/122 kB
Progress (4): 192/232 kB | 89 kB | 28/122 kB | 4.1/49 kB
Progress (4): 192/232 kB | 89 kB | 28/122 kB | 7.7/49 kB
Progress (4): 192/232 kB | 89 kB | 28/122 kB | 12/49 kB 
Progress (4): 192/232 kB | 89 kB | 28/122 kB | 16/49 kB
Progress (4): 192/232 kB | 89 kB | 28/122 kB | 20/49 kB
Progress (4): 192/232 kB | 89 kB | 28/122 kB | 24/49 kB
Progress (4): 192/232 kB | 89 kB | 28/122 kB | 28/49 kB
Progress (4): 192/232 kB | 89 kB | 28/122 kB | 32/49 kB
Progress (4): 192/232 kB | 89 kB | 28/122 kB | 36/49 kB
Progress (4): 192/232 kB | 89 kB | 28/122 kB | 40/49 kB
Progress (4): 192/232 kB | 89 kB | 28/122 kB | 45/49 kB
Progress (4): 192/232 kB | 89 kB | 28/122 kB | 49/49 kB
Progress (4): 192/232 kB | 89 kB | 28/122 kB | 49 kB   
Progress (4): 192/232 kB | 89 kB | 32/122 kB | 49 kB
Progress (4): 192/232 kB | 89 kB | 36/122 kB | 49 kB
Progress (4): 192/232 kB | 89 kB | 40/122 kB | 49 kB
Progress (4): 192/232 kB | 89 kB | 44/122 kB | 49 kB
Progress (4): 192/232 kB | 89 kB | 48/122 kB | 49 kB
Progress (4): 192/232 kB | 89 kB | 53/122 kB | 49 kB
Progress (4): 192/232 kB | 89 kB | 57/122 kB | 49 kB
Progress (4): 192/232 kB | 89 kB | 61/122 kB | 49 kB
Progress (4): 196/232 kB | 89 kB | 61/122 kB | 49 kB
Progress (4): 200/232 kB | 89 kB | 61/122 kB | 49 kB
Progress (4): 204/232 kB | 89 kB | 61/122 kB | 49 kB
Progress (4): 208/232 kB | 89 kB | 61/122 kB | 49 kB
Progress (4): 208/232 kB | 89 kB | 65/122 kB | 49 kB
Progress (4): 208/232 kB | 89 kB | 69/122 kB | 49 kB
Progress (4): 208/232 kB | 89 kB | 73/122 kB | 49 kB
Progress (4): 208/232 kB | 89 kB | 77/122 kB | 49 kB
Progress (4): 213/232 kB | 89 kB | 77/122 kB | 49 kB
Progress (4): 217/232 kB | 89 kB | 77/122 kB | 49 kB
Progress (4): 221/232 kB | 89 kB | 77/122 kB | 49 kB
Progress (4): 225/232 kB | 89 kB | 77/122 kB | 49 kB
                                                    
Downloaded from central: https://repo.maven.apache.org/maven2/org/apache/maven/maven-artifact/2.0.9/maven-artifact-2.0.9.jar (89 kB at 93 kB/s)
Downloading from central: https://repo.maven.apache.org/maven2/org/apache/maven/maven-model/2.0.9/maven-model-2.0.9.jar
Progress (4): 225/232 kB | 77/122 kB | 49 kB | 4.1/35 kB
Progress (4): 225/232 kB | 77/122 kB | 49 kB | 7.7/35 kB
Progress (4): 225/232 kB | 77/122 kB | 49 kB | 12/35 kB 
Progress (4): 225/232 kB | 77/122 kB | 49 kB | 16/35 kB
                                                       
Downloaded from central: https://repo.maven.apache.org/maven2/org/apache/maven/maven-settings/2.0.9/maven-settings-2.0.9.jar (49 kB at 50 kB/s)
Downloading from central: https://repo.maven.apache.org/maven2/org/apache/maven/maven-artifact-manager/2.0.9/maven-artifact-manager-2.0.9.jar
Progress (3): 225/232 kB | 77/122 kB | 20/35 kB
Progress (3): 225/232 kB | 77/122 kB | 24/35 kB
Progress (3): 225/232 kB | 77/122 kB | 28/35 kB
Progress (3): 225/232 kB | 77/122 kB | 32/35 kB
Progress (3): 225/232 kB | 77/122 kB | 35 kB   
Progress (3): 229/232 kB | 77/122 kB | 35 kB
Progress (3): 232 kB | 77/122 kB | 35 kB    
Progress (3): 232 kB | 81/122 kB | 35 kB
Progress (3): 232 kB | 85/122 kB | 35 kB
Progress (3): 232 kB | 89/122 kB | 35 kB
Progress (3): 232 kB | 93/122 kB | 35 kB
Progress (3): 232 kB | 98/122 kB | 35 kB
Progress (3): 232 kB | 102/122 kB | 35 kB
Progress (3): 232 kB | 106/122 kB | 35 kB
Progress (3): 232 kB | 110/122 kB | 35 kB
Progress (3): 232 kB | 114/122 kB | 35 kB
Progress (3): 232 kB | 118/122 kB | 35 kB
Progress (3): 232 kB | 122 kB | 35 kB    
Progress (4): 232 kB | 122 kB | 35 kB | 4.1/87 kB
Progress (4): 232 kB | 122 kB | 35 kB | 7.7/87 kB
Progress (4): 232 kB | 122 kB | 35 kB | 12/87 kB 
Progress (4): 232 kB | 122 kB | 35 kB | 16/87 kB
Progress (4): 232 kB | 122 kB | 35 kB | 20/87 kB
Progress (4): 232 kB | 122 kB | 35 kB | 24/87 kB
Progress (4): 232 kB | 122 kB | 35 kB | 28/87 kB
Progress (4): 232 kB | 122 kB | 35 kB | 32/87 kB
Progress (4): 232 kB | 122 kB | 35 kB | 36/87 kB
Progress (4): 232 kB | 122 kB | 35 kB | 40/87 kB
Progress (4): 232 kB | 122 kB | 35 kB | 45/87 kB
Progress (4): 232 kB | 122 kB | 35 kB | 49/87 kB
Progress (4): 232 kB | 122 kB | 35 kB | 53/87 kB
Progress (4): 232 kB | 122 kB | 35 kB | 57/87 kB
Progress (4): 232 kB | 122 kB | 35 kB | 61/87 kB
Progress (4): 232 kB | 122 kB | 35 kB | 65/87 kB
Progress (5): 232 kB | 122 kB | 35 kB | 65/87 kB | 4.1/58 kB
Progress (5): 232 kB | 122 kB | 35 kB | 65/87 kB | 7.7/58 kB
Progress (5): 232 kB | 122 kB | 35 kB | 65/87 kB | 12/58 kB 
                                                           
Downloaded from central: https://repo.maven.apache.org/maven2/org/apache/maven/maven-profile/2.0.9/maven-profile-2.0.9.jar (35 kB at 31 kB/s)
Downloaded from central: https://repo.maven.apache.org/maven2/org/codehaus/plexus/plexus-utils/3.0.8/plexus-utils-3.0.8.jar (232 kB at 205 kB/s)
Downloading from central: https://repo.maven.apache.org/maven2/org/apache/maven/maven-plugin-registry/2.0.9/maven-plugin-registry-2.0.9.jar
Downloading from central: https://repo.maven.apache.org/maven2/org/apache/maven/maven-core/2.0.9/maven-core-2.0.9.jar
Progress (3): 122 kB | 65/87 kB | 16/58 kB
Progress (3): 122 kB | 65/87 kB | 20/58 kB
Progress (3): 122 kB | 65/87 kB | 24/58 kB
Progress (3): 122 kB | 65/87 kB | 28/58 kB
Progress (3): 122 kB | 65/87 kB | 32/58 kB
Progress (3): 122 kB | 65/87 kB | 36/58 kB
Progress (3): 122 kB | 65/87 kB | 40/58 kB
Progress (3): 122 kB | 65/87 kB | 45/58 kB
Progress (3): 122 kB | 69/87 kB | 45/58 kB
Progress (3): 122 kB | 73/87 kB | 45/58 kB
Progress (3): 122 kB | 77/87 kB | 45/58 kB
Progress (3): 122 kB | 81/87 kB | 45/58 kB
Progress (3): 122 kB | 86/87 kB | 45/58 kB
Progress (3): 122 kB | 87 kB | 45/58 kB   
                                       
Downloaded from central: https://repo.maven.apache.org/maven2/org/apache/maven/maven-project/2.0.9/maven-project-2.0.9.jar (122 kB at 106 kB/s)
Downloading from central: https://repo.maven.apache.org/maven2/org/apache/maven/maven-plugin-parameter-documenter/2.0.9/maven-plugin-parameter-documenter-2.0.9.jar
Progress (2): 87 kB | 49/58 kB
Progress (2): 87 kB | 53/58 kB
Progress (2): 87 kB | 57/58 kB
Progress (2): 87 kB | 58 kB   
                           
Downloaded from central: https://repo.maven.apache.org/maven2/org/apache/maven/maven-model/2.0.9/maven-model-2.0.9.jar (87 kB at 70 kB/s)
Downloading from central: https://repo.maven.apache.org/maven2/org/apache/maven/reporting/maven-reporting-api/2.0.9/maven-reporting-api-2.0.9.jar
Progress (2): 58 kB | 4.1/29 kB
Progress (2): 58 kB | 7.7/29 kB
Progress (2): 58 kB | 12/29 kB 
Progress (2): 58 kB | 16/29 kB
Progress (2): 58 kB | 20/29 kB
Progress (2): 58 kB | 24/29 kB
Progress (2): 58 kB | 28/29 kB
Progress (2): 58 kB | 29 kB   
Progress (3): 58 kB | 29 kB | 4.1/160 kB
Progress (3): 58 kB | 29 kB | 7.7/160 kB
Progress (3): 58 kB | 29 kB | 12/160 kB 
Progress (3): 58 kB | 29 kB | 16/160 kB
Progress (3): 58 kB | 29 kB | 20/160 kB
Progress (3): 58 kB | 29 kB | 24/160 kB
Progress (3): 58 kB | 29 kB | 28/160 kB
Progress (4): 58 kB | 29 kB | 28/160 kB | 4.1/21 kB
Progress (4): 58 kB | 29 kB | 28/160 kB | 7.7/21 kB
Progress (4): 58 kB | 29 kB | 28/160 kB | 12/21 kB 
Progress (4): 58 kB | 29 kB | 28/160 kB | 16/21 kB
Progress (4): 58 kB | 29 kB | 28/160 kB | 20/21 kB
Progress (4): 58 kB | 29 kB | 28/160 kB | 21 kB   
                                               
Downloaded from central: https://repo.maven.apache.org/maven2/org/apache/maven/maven-artifact-manager/2.0.9/maven-artifact-manager-2.0.9.jar (58 kB at 44 kB/s)
Downloading from central: https://repo.maven.apache.org/maven2/org/apache/maven/maven-repository-metadata/2.0.9/maven-repository-metadata-2.0.9.jar
Progress (3): 29 kB | 32/160 kB | 21 kB
Progress (3): 29 kB | 36/160 kB | 21 kB
Progress (3): 29 kB | 40/160 kB | 21 kB
Progress (3): 29 kB | 44/160 kB | 21 kB
Progress (3): 29 kB | 48/160 kB | 21 kB
Progress (3): 29 kB | 53/160 kB | 21 kB
Progress (3): 29 kB | 57/160 kB | 21 kB
Progress (3): 29 kB | 61/160 kB | 21 kB
Progress (3): 29 kB | 65/160 kB | 21 kB
Progress (3): 29 kB | 69/160 kB | 21 kB
Progress (3): 29 kB | 73/160 kB | 21 kB
Progress (3): 29 kB | 77/160 kB | 21 kB
Progress (4): 29 kB | 77/160 kB | 21 kB | 4.1/10 kB
Progress (4): 29 kB | 77/160 kB | 21 kB | 7.7/10 kB
                                                   
Downloaded from central: https://repo.maven.apache.org/maven2/org/apache/maven/maven-plugin-registry/2.0.9/maven-plugin-registry-2.0.9.jar (29 kB at 22 kB/s)
Downloading from central: https://repo.maven.apache.org/maven2/org/apache/maven/maven-error-diagnostics/2.0.9/maven-error-diagnostics-2.0.9.jar
Progress (3): 77/160 kB | 21 kB | 10 kB
Progress (3): 81/160 kB | 21 kB | 10 kB
Progress (3): 85/160 kB | 21 kB | 10 kB
Progress (3): 89/160 kB | 21 kB | 10 kB
Progress (3): 93/160 kB | 21 kB | 10 kB
Progress (4): 93/160 kB | 21 kB | 10 kB | 3.4/25 kB
Progress (4): 93/160 kB | 21 kB | 10 kB | 7.5/25 kB
Progress (4): 93/160 kB | 21 kB | 10 kB | 12/25 kB 
                                                  
Downloaded from central: https://repo.maven.apache.org/maven2/org/apache/maven/maven-plugin-parameter-documenter/2.0.9/maven-plugin-parameter-documenter-2.0.9.jar (21 kB at 15 kB/s)
Downloading from central: https://repo.maven.apache.org/maven2/org/apache/maven/maven-plugin-descriptor/2.0.9/maven-plugin-descriptor-2.0.9.jar
Progress (3): 98/160 kB | 10 kB | 12/25 kB
Progress (3): 102/160 kB | 10 kB | 12/25 kB
Progress (3): 106/160 kB | 10 kB | 12/25 kB
Progress (3): 110/160 kB | 10 kB | 12/25 kB
Progress (3): 114/160 kB | 10 kB | 12/25 kB
Progress (3): 118/160 kB | 10 kB | 12/25 kB
Progress (3): 122/160 kB | 10 kB | 12/25 kB
Progress (3): 126/160 kB | 10 kB | 12/25 kB
Progress (3): 130/160 kB | 10 kB | 12/25 kB
Progress (3): 134/160 kB | 10 kB | 12/25 kB
Progress (3): 139/160 kB | 10 kB | 12/25 kB
Progress (3): 143/160 kB | 10 kB | 12/25 kB
Progress (3): 143/160 kB | 10 kB | 16/25 kB
Progress (3): 143/160 kB | 10 kB | 20/25 kB
Progress (3): 143/160 kB | 10 kB | 24/25 kB
Progress (3): 143/160 kB | 10 kB | 25 kB   
                                        
Downloaded from central: https://repo.maven.apache.org/maven2/org/apache/maven/reporting/maven-reporting-api/2.0.9/maven-reporting-api-2.0.9.jar (10 kB at 6.8 kB/s)
Downloading from central: https://repo.maven.apache.org/maven2/org/apache/maven/maven-monitor/2.0.9/maven-monitor-2.0.9.jar
Progress (3): 143/160 kB | 25 kB | 4.1/14 kB
Progress (3): 143/160 kB | 25 kB | 7.7/14 kB
Progress (3): 143/160 kB | 25 kB | 12/14 kB 
Progress (3): 143/160 kB | 25 kB | 14 kB   
Progress (3): 147/160 kB | 25 kB | 14 kB
Progress (3): 151/160 kB | 25 kB | 14 kB
Progress (3): 155/160 kB | 25 kB | 14 kB
Progress (3): 159/160 kB | 25 kB | 14 kB
Progress (3): 160 kB | 25 kB | 14 kB    
Progress (4): 160 kB | 25 kB | 14 kB | 4.1/37 kB
Progress (4): 160 kB | 25 kB | 14 kB | 7.7/37 kB
Progress (4): 160 kB | 25 kB | 14 kB | 12/37 kB 
Progress (4): 160 kB | 25 kB | 14 kB | 16/37 kB
Progress (4): 160 kB | 25 kB | 14 kB | 20/37 kB
Progress (4): 160 kB | 25 kB | 14 kB | 24/37 kB
Progress (4): 160 kB | 25 kB | 14 kB | 28/37 kB
Progress (4): 160 kB | 25 kB | 14 kB | 32/37 kB
Progress (4): 160 kB | 25 kB | 14 kB | 36/37 kB
Progress (4): 160 kB | 25 kB | 14 kB | 37 kB   
                                            
Downloaded from central: https://repo.maven.apache.org/maven2/org/apache/maven/maven-repository-metadata/2.0.9/maven-repository-metadata-2.0.9.jar (25 kB at 16 kB/s)
Downloading from central: https://repo.maven.apache.org/maven2/org/apache/maven/maven-toolchain/2.0.9/maven-toolchain-2.0.9.jar
Progress (4): 160 kB | 14 kB | 37 kB | 4.1/10 kB
Progress (4): 160 kB | 14 kB | 37 kB | 7.7/10 kB
                                                
Downloaded from central: https://repo.maven.apache.org/maven2/org/apache/maven/maven-error-diagnostics/2.0.9/maven-error-diagnostics-2.0.9.jar (14 kB at 8.7 kB/s)
Downloading from central: https://repo.maven.apache.org/maven2/org/apache/maven/plugin-tools/maven-plugin-annotations/3.1/maven-plugin-annotations-3.1.jar
Downloaded from central: https://repo.maven.apache.org/maven2/org/apache/maven/maven-core/2.0.9/maven-core-2.0.9.jar (160 kB at 100 kB/s)
Progress (2): 37 kB | 10 kB
                           
Downloaded from central: https://repo.maven.apache.org/maven2/org/apache/maven/maven-plugin-descriptor/2.0.9/maven-plugin-descriptor-2.0.9.jar (37 kB at 23 kB/s)
Progress (2): 10 kB | 4.1/38 kB
Progress (2): 10 kB | 7.7/38 kB
Progress (2): 10 kB | 12/38 kB 
Progress (2): 10 kB | 16/38 kB
Progress (2): 10 kB | 20/38 kB
Progress (2): 10 kB | 24/38 kB
Progress (2): 10 kB | 28/38 kB
Progress (2): 10 kB | 32/38 kB
Progress (2): 10 kB | 36/38 kB
Progress (2): 10 kB | 38 kB   
Progress (3): 10 kB | 38 kB | 4.1/14 kB
Progress (3): 10 kB | 38 kB | 7.7/14 kB
Progress (3): 10 kB | 38 kB | 12/14 kB 
Progress (3): 10 kB | 38 kB | 14 kB   
                                   
Downloaded from central: https://repo.maven.apache.org/maven2/org/apache/maven/maven-monitor/2.0.9/maven-monitor-2.0.9.jar (10 kB at 5.9 kB/s)
Downloaded from central: https://repo.maven.apache.org/maven2/org/apache/maven/maven-toolchain/2.0.9/maven-toolchain-2.0.9.jar (38 kB at 21 kB/s)
Downloaded from central: https://repo.maven.apache.org/maven2/org/apache/maven/plugin-tools/maven-plugin-annotations/3.1/maven-plugin-annotations-3.1.jar (14 kB at 7.6 kB/s)
[INFO] Tests are skipped.
[INFO] 
[INFO] --- maven-jar-plugin:2.4:jar (default-jar) @ patient-service ---
Downloading from central: https://repo.maven.apache.org/maven2/org/apache/maven/maven-archiver/2.5/maven-archiver-2.5.pom
Progress (1): 4.1 kB
Progress (1): 4.5 kB
                    
Downloaded from central: https://repo.maven.apache.org/maven2/org/apache/maven/maven-archiver/2.5/maven-archiver-2.5.pom (4.5 kB at 16 kB/s)
Downloading from central: https://repo.maven.apache.org/maven2/org/codehaus/plexus/plexus-archiver/2.1/plexus-archiver-2.1.pom
Progress (1): 2.8 kB
                    
Downloaded from central: https://repo.maven.apache.org/maven2/org/codehaus/plexus/plexus-archiver/2.1/plexus-archiver-2.1.pom (2.8 kB at 14 kB/s)
Downloading from central: https://repo.maven.apache.org/maven2/org/codehaus/plexus/plexus-io/2.0.2/plexus-io-2.0.2.pom
Progress (1): 1.7 kB
                    
Downloaded from central: https://repo.maven.apache.org/maven2/org/codehaus/plexus/plexus-io/2.0.2/plexus-io-2.0.2.pom (1.7 kB at 8.3 kB/s)
Downloading from central: https://repo.maven.apache.org/maven2/org/codehaus/plexus/plexus-components/1.1.19/plexus-components-1.1.19.pom
Progress (1): 2.7 kB
                    
Downloaded from central: https://repo.maven.apache.org/maven2/org/codehaus/plexus/plexus-components/1.1.19/plexus-components-1.1.19.pom (2.7 kB at 14 kB/s)
Downloading from central: https://repo.maven.apache.org/maven2/org/codehaus/plexus/plexus/3.0.1/plexus-3.0.1.pom
Progress (1): 4.1 kB
Progress (1): 8.2 kB
Progress (1): 12 kB 
Progress (1): 16 kB
Progress (1): 19 kB
                   
Downloaded from central: https://repo.maven.apache.org/maven2/org/codehaus/plexus/plexus/3.0.1/plexus-3.0.1.pom (19 kB at 63 kB/s)
Downloading from central: https://repo.maven.apache.org/maven2/org/codehaus/plexus/plexus-interpolation/1.15/plexus-interpolation-1.15.pom
Progress (1): 1.0 kB
                    
Downloaded from central: https://repo.maven.apache.org/maven2/org/codehaus/plexus/plexus-interpolation/1.15/plexus-interpolation-1.15.pom (1.0 kB at 5.2 kB/s)
Downloading from central: https://repo.maven.apache.org/maven2/commons-lang/commons-lang/2.1/commons-lang-2.1.pom
Progress (1): 4.1 kB
Progress (1): 8.2 kB
Progress (1): 9.9 kB
                    
Downloaded from central: https://repo.maven.apache.org/maven2/commons-lang/commons-lang/2.1/commons-lang-2.1.pom (9.9 kB at 33 kB/s)
Downloading from central: https://repo.maven.apache.org/maven2/classworlds/classworlds/1.1-alpha-2/classworlds-1.1-alpha-2.jar
Downloading from central: https://repo.maven.apache.org/maven2/org/apache/maven/maven-archiver/2.5/maven-archiver-2.5.jar
Downloading from central: https://repo.maven.apache.org/maven2/org/codehaus/plexus/plexus-interpolation/1.15/plexus-interpolation-1.15.jar
Downloading from central: https://repo.maven.apache.org/maven2/org/codehaus/plexus/plexus-archiver/2.1/plexus-archiver-2.1.jar
Downloading from central: https://repo.maven.apache.org/maven2/org/codehaus/plexus/plexus-io/2.0.2/plexus-io-2.0.2.jar
Progress (1): 4.1/38 kB
Progress (1): 7.7/38 kB
Progress (1): 12/38 kB 
Progress (1): 16/38 kB
Progress (1): 20/38 kB
Progress (1): 24/38 kB
Progress (1): 28/38 kB
Progress (1): 32/38 kB
Progress (1): 36/38 kB
Progress (1): 38 kB   
Progress (2): 38 kB | 4.1/184 kB
Progress (2): 38 kB | 7.7/184 kB
Progress (2): 38 kB | 12/184 kB 
Progress (2): 38 kB | 16/184 kB
Progress (3): 38 kB | 16/184 kB | 4.1/60 kB
Progress (3): 38 kB | 16/184 kB | 7.7/60 kB
Progress (3): 38 kB | 16/184 kB | 12/60 kB 
Progress (3): 38 kB | 16/184 kB | 16/60 kB
Progress (3): 38 kB | 16/184 kB | 20/60 kB
Progress (3): 38 kB | 16/184 kB | 24/60 kB
Progress (3): 38 kB | 20/184 kB | 24/60 kB
Progress (3): 38 kB | 24/184 kB | 24/60 kB
Progress (4): 38 kB | 24/184 kB | 24/60 kB | 4.1/22 kB
Progress (4): 38 kB | 24/184 kB | 24/60 kB | 7.7/22 kB
Progress (4): 38 kB | 24/184 kB | 24/60 kB | 12/22 kB 
Progress (4): 38 kB | 24/184 kB | 24/60 kB | 16/22 kB
Progress (5): 38 kB | 24/184 kB | 24/60 kB | 16/22 kB | 4.1/58 kB
Progress (5): 38 kB | 24/184 kB | 24/60 kB | 16/22 kB | 7.7/58 kB
Progress (5): 38 kB | 24/184 kB | 24/60 kB | 16/22 kB | 12/58 kB 
Progress (5): 38 kB | 24/184 kB | 24/60 kB | 16/22 kB | 16/58 kB
                                                                
Downloaded from central: https://repo.maven.apache.org/maven2/classworlds/classworlds/1.1-alpha-2/classworlds-1.1-alpha-2.jar (38 kB at 134 kB/s)
Downloading from central: https://repo.maven.apache.org/maven2/commons-lang/commons-lang/2.1/commons-lang-2.1.jar
Progress (4): 24/184 kB | 24/60 kB | 20/22 kB | 16/58 kB
Progress (4): 24/184 kB | 24/60 kB | 22 kB | 16/58 kB   
Progress (4): 28/184 kB | 24/60 kB | 22 kB | 16/58 kB
Progress (4): 32/184 kB | 24/60 kB | 22 kB | 16/58 kB
Progress (4): 36/184 kB | 24/60 kB | 22 kB | 16/58 kB
Progress (4): 40/184 kB | 24/60 kB | 22 kB | 16/58 kB
Progress (4): 45/184 kB | 24/60 kB | 22 kB | 16/58 kB
Progress (4): 49/184 kB | 24/60 kB | 22 kB | 16/58 kB
Progress (4): 53/184 kB | 24/60 kB | 22 kB | 16/58 kB
Progress (4): 57/184 kB | 24/60 kB | 22 kB | 16/58 kB
Progress (4): 57/184 kB | 28/60 kB | 22 kB | 16/58 kB
Progress (4): 57/184 kB | 32/60 kB | 22 kB | 16/58 kB
Progress (4): 57/184 kB | 36/60 kB | 22 kB | 16/58 kB
Progress (4): 57/184 kB | 40/60 kB | 22 kB | 16/58 kB
Progress (4): 61/184 kB | 40/60 kB | 22 kB | 16/58 kB
Progress (4): 65/184 kB | 40/60 kB | 22 kB | 16/58 kB
Progress (4): 69/184 kB | 40/60 kB | 22 kB | 16/58 kB
Progress (4): 73/184 kB | 40/60 kB | 22 kB | 16/58 kB
Progress (4): 73/184 kB | 40/60 kB | 22 kB | 20/58 kB
Progress (4): 73/184 kB | 40/60 kB | 22 kB | 24/58 kB
Progress (4): 73/184 kB | 40/60 kB | 22 kB | 28/58 kB
Progress (4): 73/184 kB | 40/60 kB | 22 kB | 32/58 kB
Progress (4): 73/184 kB | 40/60 kB | 22 kB | 36/58 kB
Progress (4): 73/184 kB | 40/60 kB | 22 kB | 40/58 kB
Progress (4): 73/184 kB | 40/60 kB | 22 kB | 45/58 kB
Progress (4): 73/184 kB | 40/60 kB | 22 kB | 49/58 kB
Progress (4): 73/184 kB | 45/60 kB | 22 kB | 49/58 kB
Progress (4): 73/184 kB | 49/60 kB | 22 kB | 49/58 kB
Progress (4): 73/184 kB | 53/60 kB | 22 kB | 49/58 kB
Progress (4): 73/184 kB | 57/60 kB | 22 kB | 49/58 kB
Progress (4): 73/184 kB | 60 kB | 22 kB | 49/58 kB   
Progress (5): 73/184 kB | 60 kB | 22 kB | 49/58 kB | 4.1/208 kB
Progress (5): 73/184 kB | 60 kB | 22 kB | 49/58 kB | 7.7/208 kB
Progress (5): 73/184 kB | 60 kB | 22 kB | 49/58 kB | 12/208 kB 
Progress (5): 73/184 kB | 60 kB | 22 kB | 49/58 kB | 16/208 kB
Progress (5): 73/184 kB | 60 kB | 22 kB | 49/58 kB | 20/208 kB
Progress (5): 73/184 kB | 60 kB | 22 kB | 49/58 kB | 24/208 kB
Progress (5): 73/184 kB | 60 kB | 22 kB | 49/58 kB | 28/208 kB
Progress (5): 73/184 kB | 60 kB | 22 kB | 49/58 kB | 32/208 kB
Progress (5): 73/184 kB | 60 kB | 22 kB | 49/58 kB | 36/208 kB
Progress (5): 73/184 kB | 60 kB | 22 kB | 49/58 kB | 40/208 kB
Progress (5): 77/184 kB | 60 kB | 22 kB | 49/58 kB | 40/208 kB
Progress (5): 81/184 kB | 60 kB | 22 kB | 49/58 kB | 40/208 kB
Progress (5): 86/184 kB | 60 kB | 22 kB | 49/58 kB | 40/208 kB
Progress (5): 90/184 kB | 60 kB | 22 kB | 49/58 kB | 40/208 kB
Progress (5): 94/184 kB | 60 kB | 22 kB | 49/58 kB | 40/208 kB
Progress (5): 98/184 kB | 60 kB | 22 kB | 49/58 kB | 40/208 kB
Progress (5): 102/184 kB | 60 kB | 22 kB | 49/58 kB | 40/208 kB
Progress (5): 106/184 kB | 60 kB | 22 kB | 49/58 kB | 40/208 kB
Progress (5): 110/184 kB | 60 kB | 22 kB | 49/58 kB | 40/208 kB
Progress (5): 114/184 kB | 60 kB | 22 kB | 49/58 kB | 40/208 kB
Progress (5): 118/184 kB | 60 kB | 22 kB | 49/58 kB | 40/208 kB
Progress (5): 122/184 kB | 60 kB | 22 kB | 49/58 kB | 40/208 kB
Progress (5): 122/184 kB | 60 kB | 22 kB | 53/58 kB | 40/208 kB
Progress (5): 122/184 kB | 60 kB | 22 kB | 57/58 kB | 40/208 kB
Progress (5): 122/184 kB | 60 kB | 22 kB | 58 kB | 40/208 kB   
                                                            
Downloaded from central: https://repo.maven.apache.org/maven2/org/apache/maven/maven-archiver/2.5/maven-archiver-2.5.jar (22 kB at 50 kB/s)
Progress (4): 122/184 kB | 60 kB | 58 kB | 45/208 kB
Progress (4): 122/184 kB | 60 kB | 58 kB | 49/208 kB
Progress (4): 122/184 kB | 60 kB | 58 kB | 53/208 kB
Progress (4): 122/184 kB | 60 kB | 58 kB | 57/208 kB
Progress (4): 122/184 kB | 60 kB | 58 kB | 61/208 kB
Progress (4): 122/184 kB | 60 kB | 58 kB | 65/208 kB
Progress (4): 122/184 kB | 60 kB | 58 kB | 69/208 kB
Progress (4): 122/184 kB | 60 kB | 58 kB | 73/208 kB
Progress (4): 122/184 kB | 60 kB | 58 kB | 77/208 kB
Progress (4): 122/184 kB | 60 kB | 58 kB | 81/208 kB
Progress (4): 122/184 kB | 60 kB | 58 kB | 86/208 kB
Progress (4): 122/184 kB | 60 kB | 58 kB | 90/208 kB
Progress (4): 122/184 kB | 60 kB | 58 kB | 94/208 kB
Progress (4): 122/184 kB | 60 kB | 58 kB | 98/208 kB
Progress (4): 126/184 kB | 60 kB | 58 kB | 98/208 kB
Progress (4): 131/184 kB | 60 kB | 58 kB | 98/208 kB
Progress (4): 135/184 kB | 60 kB | 58 kB | 98/208 kB
Progress (4): 139/184 kB | 60 kB | 58 kB | 98/208 kB
Progress (4): 143/184 kB | 60 kB | 58 kB | 98/208 kB
Progress (4): 147/184 kB | 60 kB | 58 kB | 98/208 kB
Progress (4): 151/184 kB | 60 kB | 58 kB | 98/208 kB
Progress (4): 155/184 kB | 60 kB | 58 kB | 98/208 kB
                                                    
Downloaded from central: https://repo.maven.apache.org/maven2/org/codehaus/plexus/plexus-interpolation/1.15/plexus-interpolation-1.15.jar (60 kB at 121 kB/s)
Progress (3): 155/184 kB | 58 kB | 102/208 kB
Progress (3): 155/184 kB | 58 kB | 106/208 kB
Progress (3): 155/184 kB | 58 kB | 110/208 kB
Progress (3): 155/184 kB | 58 kB | 114/208 kB
Progress (3): 159/184 kB | 58 kB | 114/208 kB
Progress (3): 163/184 kB | 58 kB | 114/208 kB
Progress (3): 167/184 kB | 58 kB | 114/208 kB
Progress (3): 172/184 kB | 58 kB | 114/208 kB
Progress (3): 176/184 kB | 58 kB | 114/208 kB
Progress (3): 180/184 kB | 58 kB | 114/208 kB
Progress (3): 184/184 kB | 58 kB | 114/208 kB
Progress (3): 184 kB | 58 kB | 114/208 kB    
                                         
Downloaded from central: https://repo.maven.apache.org/maven2/org/codehaus/plexus/plexus-io/2.0.2/plexus-io-2.0.2.jar (58 kB at 113 kB/s)
Progress (2): 184 kB | 118/208 kB
Progress (2): 184 kB | 122/208 kB
Progress (2): 184 kB | 126/208 kB
Progress (2): 184 kB | 131/208 kB
Progress (2): 184 kB | 135/208 kB
Progress (2): 184 kB | 139/208 kB
Progress (2): 184 kB | 143/208 kB
Progress (2): 184 kB | 147/208 kB
Progress (2): 184 kB | 151/208 kB
Progress (2): 184 kB | 155/208 kB
Progress (2): 184 kB | 159/208 kB
Progress (2): 184 kB | 163/208 kB
                                 
Downloaded from central: https://repo.maven.apache.org/maven2/org/codehaus/plexus/plexus-archiver/2.1/plexus-archiver-2.1.jar (184 kB at 303 kB/s)
Progress (1): 167/208 kB
Progress (1): 172/208 kB
Progress (1): 176/208 kB
Progress (1): 180/208 kB
Progress (1): 184/208 kB
Progress (1): 188/208 kB
Progress (1): 192/208 kB
Progress (1): 196/208 kB
Progress (1): 200/208 kB
Progress (1): 204/208 kB
Progress (1): 208 kB    
                    
Downloaded from central: https://repo.maven.apache.org/maven2/commons-lang/commons-lang/2.1/commons-lang-2.1.jar (208 kB at 269 kB/s)
[INFO] Building jar: /app/patient-service/target/patient-service-1.0.0-SNAPSHOT.jar
[INFO] 
[INFO] --- spring-boot-maven-plugin:3.2.3:repackage (default) @ patient-service ---
[INFO] Replacing main artifact /app/patient-service/target/patient-service-1.0.0-SNAPSHOT.jar with repackaged archive, adding nested dependencies in BOOT-INF/.
[INFO] The original artifact has been renamed to /app/patient-service/target/patient-service-1.0.0-SNAPSHOT.jar.original
[INFO] 
[INFO] -------------------< com.healthcare:doctor-service >--------------------
[INFO] Building doctor-service 1.0.0-SNAPSHOT                             [3/6]
[INFO] --------------------------------[ jar ]---------------------------------
[INFO] 
[INFO] --- maven-clean-plugin:2.5:clean (default-clean) @ doctor-service ---
[INFO] Deleting /app/doctor-service/target
[INFO] 
[INFO] --- maven-resources-plugin:2.6:resources (default-resources) @ doctor-service ---
[WARNING] Using platform encoding (UTF-8 actually) to copy filtered resources, i.e. build is platform dependent!
[INFO] Copying 1 resource
[INFO] 
[INFO] --- maven-compiler-plugin:3.11.0:compile (default-compile) @ doctor-service ---
[INFO] Changes detected - recompiling the module! :dependency
[WARNING] File encoding has not been set, using platform encoding UTF-8, i.e. build is platform dependent!
[INFO] Compiling 12 source files with javac [debug target 17] to target/classes
[INFO] 
[INFO] --- maven-resources-plugin:2.6:testResources (default-testResources) @ doctor-service ---
[WARNING] Using platform encoding (UTF-8 actually) to copy filtered resources, i.e. build is platform dependent!
[INFO] skip non existing resourceDirectory /app/doctor-service/src/test/resources
[INFO] 
[INFO] --- maven-compiler-plugin:3.11.0:testCompile (default-testCompile) @ doctor-service ---
[INFO] No sources to compile
[INFO] 
[INFO] --- maven-surefire-plugin:2.12.4:test (default-test) @ doctor-service ---
[INFO] Tests are skipped.
[INFO] 
[INFO] --- maven-jar-plugin:2.4:jar (default-jar) @ doctor-service ---
[INFO] Building jar: /app/doctor-service/target/doctor-service-1.0.0-SNAPSHOT.jar
[INFO] 
[INFO] --- spring-boot-maven-plugin:3.2.3:repackage (default) @ doctor-service ---
[INFO] Replacing main artifact /app/doctor-service/target/doctor-service-1.0.0-SNAPSHOT.jar with repackaged archive, adding nested dependencies in BOOT-INF/.
[INFO] The original artifact has been renamed to /app/doctor-service/target/doctor-service-1.0.0-SNAPSHOT.jar.original
[INFO] 
[INFO] -----------------< com.healthcare:appointment-service >-----------------
[INFO] Building appointment-service 1.0.0-SNAPSHOT                        [4/6]
[INFO] --------------------------------[ jar ]---------------------------------
[INFO] 
[INFO] --- maven-clean-plugin:2.5:clean (default-clean) @ appointment-service ---
[INFO] Deleting /app/appointment-service/target
[INFO] 
[INFO] --- maven-resources-plugin:2.6:resources (default-resources) @ appointment-service ---
[WARNING] Using platform encoding (UTF-8 actually) to copy filtered resources, i.e. build is platform dependent!
[INFO] Copying 1 resource
[INFO] 
[INFO] --- maven-compiler-plugin:3.11.0:compile (default-compile) @ appointment-service ---
[INFO] Changes detected - recompiling the module! :dependency
[WARNING] File encoding has not been set, using platform encoding UTF-8, i.e. build is platform dependent!
[INFO] Compiling 9 source files with javac [debug target 17] to target/classes
[INFO] 
[INFO] --- maven-resources-plugin:2.6:testResources (default-testResources) @ appointment-service ---
[WARNING] Using platform encoding (UTF-8 actually) to copy filtered resources, i.e. build is platform dependent!
[INFO] skip non existing resourceDirectory /app/appointment-service/src/test/resources
[INFO] 
[INFO] --- maven-compiler-plugin:3.11.0:testCompile (default-testCompile) @ appointment-service ---
[INFO] No sources to compile
[INFO] 
[INFO] --- maven-surefire-plugin:2.12.4:test (default-test) @ appointment-service ---
[INFO] Tests are skipped.
[INFO] 
[INFO] --- maven-jar-plugin:2.4:jar (default-jar) @ appointment-service ---
[INFO] Building jar: /app/appointment-service/target/appointment-service-1.0.0-SNAPSHOT.jar
[INFO] 
[INFO] --- spring-boot-maven-plugin:3.2.3:repackage (default) @ appointment-service ---
[INFO] Replacing main artifact /app/appointment-service/target/appointment-service-1.0.0-SNAPSHOT.jar with repackaged archive, adding nested dependencies in BOOT-INF/.
[INFO] The original artifact has been renamed to /app/appointment-service/target/appointment-service-1.0.0-SNAPSHOT.jar.original
[INFO] 
[INFO] -----------------< com.healthcare:integration-service >-----------------
[INFO] Building integration-service 1.0.0-SNAPSHOT                        [5/6]
[INFO] --------------------------------[ jar ]---------------------------------
[INFO] 
[INFO] --- maven-clean-plugin:2.5:clean (default-clean) @ integration-service ---
[INFO] Deleting /app/integration-service/target
[INFO] 
[INFO] --- maven-resources-plugin:2.6:resources (default-resources) @ integration-service ---
[WARNING] Using platform encoding (UTF-8 actually) to copy filtered resources, i.e. build is platform dependent!
[INFO] Copying 1 resource
[INFO] 
[INFO] --- maven-compiler-plugin:3.11.0:compile (default-compile) @ integration-service ---
[INFO] Changes detected - recompiling the module! :dependency
[WARNING] File encoding has not been set, using platform encoding UTF-8, i.e. build is platform dependent!
[INFO] Compiling 9 source files with javac [debug target 17] to target/classes
[INFO] 
[INFO] --- maven-resources-plugin:2.6:testResources (default-testResources) @ integration-service ---
[WARNING] Using platform encoding (UTF-8 actually) to copy filtered resources, i.e. build is platform dependent!
[INFO] skip non existing resourceDirectory /app/integration-service/src/test/resources
[INFO] 
[INFO] --- maven-compiler-plugin:3.11.0:testCompile (default-testCompile) @ integration-service ---
[INFO] No sources to compile
[INFO] 
[INFO] --- maven-surefire-plugin:2.12.4:test (default-test) @ integration-service ---
[INFO] Tests are skipped.
[INFO] 
[INFO] --- maven-jar-plugin:2.4:jar (default-jar) @ integration-service ---
[INFO] Building jar: /app/integration-service/target/integration-service-1.0.0-SNAPSHOT.jar
[INFO] 
[INFO] --- spring-boot-maven-plugin:3.2.3:repackage (default) @ integration-service ---
[INFO] Replacing main artifact /app/integration-service/target/integration-service-1.0.0-SNAPSHOT.jar with repackaged archive, adding nested dependencies in BOOT-INF/.
[INFO] The original artifact has been renamed to /app/integration-service/target/integration-service-1.0.0-SNAPSHOT.jar.original
[INFO] 
[INFO] --------------------< com.healthcare:admin-service >--------------------
[INFO] Building admin-service 1.0.0-SNAPSHOT                              [6/6]
[INFO] --------------------------------[ jar ]---------------------------------
[INFO] 
[INFO] --- maven-clean-plugin:2.5:clean (default-clean) @ admin-service ---
[INFO] Deleting /app/admin-service/target
[INFO] 
[INFO] --- maven-resources-plugin:2.6:resources (default-resources) @ admin-service ---
[WARNING] Using platform encoding (UTF-8 actually) to copy filtered resources, i.e. build is platform dependent!
[INFO] Copying 1 resource
[INFO] 
[INFO] --- maven-compiler-plugin:3.11.0:compile (default-compile) @ admin-service ---
[INFO] Changes detected - recompiling the module! :dependency
[WARNING] File encoding has not been set, using platform encoding UTF-8, i.e. build is platform dependent!
[INFO] Compiling 2 source files with javac [debug target 17] to target/classes
[INFO] 
[INFO] --- maven-resources-plugin:2.6:testResources (default-testResources) @ admin-service ---
[WARNING] Using platform encoding (UTF-8 actually) to copy filtered resources, i.e. build is platform dependent!
[INFO] skip non existing resourceDirectory /app/admin-service/src/test/resources
[INFO] 
[INFO] --- maven-compiler-plugin:3.11.0:testCompile (default-testCompile) @ admin-service ---
[INFO] No sources to compile
[INFO] 
[INFO] --- maven-surefire-plugin:2.12.4:test (default-test) @ admin-service ---
[INFO] Tests are skipped.
[INFO] 
[INFO] --- maven-jar-plugin:2.4:jar (default-jar) @ admin-service ---
[INFO] Building jar: /app/admin-service/target/admin-service-1.0.0-SNAPSHOT.jar
[INFO] 
[INFO] --- spring-boot-maven-plugin:3.2.3:repackage (default) @ admin-service ---
[INFO] Replacing main artifact /app/admin-service/target/admin-service-1.0.0-SNAPSHOT.jar with repackaged archive, adding nested dependencies in BOOT-INF/.
[INFO] The original artifact has been renamed to /app/admin-service/target/admin-service-1.0.0-SNAPSHOT.jar.original
[INFO] ------------------------------------------------------------------------
[INFO] Reactor Summary for healthcare-platform 1.0.0-SNAPSHOT:
[INFO] 
[INFO] healthcare-platform ................................ SUCCESS [ 38.498 s]
[INFO] patient-service .................................... SUCCESS [01:46 min]
[INFO] doctor-service ..................................... SUCCESS [ 13.107 s]
[INFO] appointment-service ................................ SUCCESS [ 10.591 s]
[INFO] integration-service ................................ SUCCESS [  9.946 s]
[INFO] admin-service ...................................... SUCCESS [  3.430 s]
[INFO] ------------------------------------------------------------------------
[INFO] BUILD SUCCESS
[INFO] ------------------------------------------------------------------------
[INFO] Total time:  03:20 min
[INFO] Finished at: 2026-03-22T18:10:12Z
[INFO] ------------------------------------------------------------------------
