[INFO] Scanning for projects...
[INFO] ------------------------------------------------------------------------
[INFO] Reactor Build Order:
[INFO] 
[INFO] healthcare-platform                                                [pom]
[INFO] appointment-service                                                [jar]
[INFO] 
[INFO] -----------------< com.healthcare:healthcare-platform >-----------------
[INFO] Building healthcare-platform 1.0.0-SNAPSHOT                        [1/2]
[INFO]   from pom.xml
[INFO] --------------------------------[ pom ]---------------------------------
[INFO] 
[INFO] -----------------< com.healthcare:appointment-service >-----------------
[INFO] Building appointment-service 1.0.0-SNAPSHOT                        [2/2]
[INFO]   from appointment-service\pom.xml
[INFO] --------------------------------[ jar ]---------------------------------
[INFO] 
[INFO] --- resources:3.3.1:resources (default-resources) @ appointment-service ---
[INFO] Copying 1 resource from src\main\resources to target\classes
[INFO] Copying 0 resource from src\main\resources to target\classes
[INFO] 
[INFO] --- compiler:3.11.0:compile (default-compile) @ appointment-service ---
[INFO] Changes detected - recompiling the module! :source
[INFO] Compiling 36 source files with javac [debug release 21] to target\classes
[INFO] ------------------------------------------------------------------------
[INFO] Reactor Summary for healthcare-platform 1.0.0-SNAPSHOT:
[INFO] 
[INFO] healthcare-platform ................................ SUCCESS [  0.037 s]
[INFO] appointment-service ................................ FAILURE [  1.247 s]
[INFO] ------------------------------------------------------------------------
[INFO] BUILD FAILURE
[INFO] ------------------------------------------------------------------------
[INFO] Total time:  1.829 s
[INFO] Finished at: 2026-04-01T10:27:01+05:30
[INFO] ------------------------------------------------------------------------
[ERROR] Failed to execute goal org.apache.maven.plugins:maven-compiler-plugin:3.11.0:compile (default-compile) on project appointment-service: Fatal error compiling: error: release version 21 not supported -> [Help 1]
[ERROR] 
[ERROR] To see the full stack trace of the errors, re-run Maven with the -e switch.
[ERROR] Re-run Maven using the -X switch to enable full debug logging.
[ERROR] 
[ERROR] For more information about the errors and possible solutions, please read the following articles:
[ERROR] [Help 1] http://cwiki.apache.org/confluence/display/MAVEN/MojoExecutionException
[ERROR] 
[ERROR] After correcting the problems, you can resume the build with the command
[ERROR]   mvn <args> -rf :appointment-service
